
[1m[46m RUN [49m[22m [36mv3.2.4 [39m[90mC:/xampp/htdocs/Studiotreiax_1[39m

stderr | src/lib/pptx/__tests__/parallel-processing.test.ts > ParallelProcessor > Configura├º├úo do Processador > deve inicializar com configura├º├úo padr├úo
ÔØî Failed to initialize worker worker-1758312290815-933bxreuf: ReferenceError: Worker is not defined
    at PPTXWorker.initializeWorker (C:\xampp\htdocs\Studiotreiax_1\src\lib\pptx\parallel-processor.ts:201:25)
    at new PPTXWorker (C:\xampp\htdocs\Studiotreiax_1\src\lib\pptx\parallel-processor.ts:79:10)
    at ParallelProcessor.createWorker (C:\xampp\htdocs\Studiotreiax_1\src\lib\pptx\parallel-processor.ts:369:20)
    at ParallelProcessor.initializeMinWorkers (C:\xampp\htdocs\Studiotreiax_1\src\lib\pptx\parallel-processor.ts:363:12)
    at new ParallelProcessor (C:\xampp\htdocs\Studiotreiax_1\src\lib\pptx\parallel-processor.ts:346:10)
    at Function.getInstance (C:\xampp\htdocs\Studiotreiax_1\src\lib\pptx\parallel-processor.ts:352:36)
    at C:\xampp\htdocs\Studiotreiax_1\src\lib\pptx\__tests__\parallel-processing.test.ts:17:35
    at file:///C:/xampp/htdocs/Studiotreiax_1/node_modules/@vitest/runner/dist/chunk-hooks.js:155:11
    at file:///C:/xampp/htdocs/Studiotreiax_1/node_modules/@vitest/runner/dist/chunk-hooks.js:1897:20
    at new Promise (<anonymous>)

 [31m├ù[39m src/lib/pptx/__tests__/parallel-processing.test.ts[2m > [22mParallelProcessor[2m > [22mConfigura├º├úo do Processador[2m > [22mdeve inicializar com configura├º├úo padr├úo[32m 16[2mms[22m[39m
[31m   ÔåÆ processor.getConfiguration is not a function[39m
 [31m├ù[39m src/lib/pptx/__tests__/parallel-processing.test.ts[2m > [22mParallelProcessor[2m > [22mConfigura├º├úo do Processador[2m > [22mdeve aplicar configura├º├úo personalizada[32m 2[2mms[22m[39m
[31m   ÔåÆ processor.getConfiguration is not a function[39m
 [31m├ù[39m src/lib/pptx/__tests__/parallel-processing.test.ts[2m > [22mParallelProcessor[2m > [22mConfigura├º├úo do Processador[2m > [22mdeve validar configura├º├úo inv├ílida[32m 17[2mms[22m[39m
[31m   ÔåÆ expected [Function] to throw an error[39m
 [31m├ù[39m src/__tests__/components/WebWorkerManager.test.tsx[2m > [22mWebWorkerManager Component[2m > [22mRenderiza├º├úo[2m > [22mdeve renderizar o componente corretamente[33m 652[2mms[22m[39m
[31m   ÔåÆ Unable to find an element with the text: Gerenciamento de workers e processamento em background. This could be because the text is broken up by multiple elements. In this case, you can provide a function for your text matcher to make your matcher more flexible.

Ignored nodes: comments, script, style
[36m<body>[31m
  [36m<div>[31m
    [36m<div[31m
      [33mclass[31m=[32m"bg-white rounded-lg shadow-lg "[31m
    [36m>[31m
      [36m<div[31m
        [33mclass[31m=[32m"p-6 border-b border-gray-200"[31m
      [36m>[31m
        [36m<div[31m
          [33mclass[31m=[32m"flex items-center justify-between"[31m
        [36m>[31m
          [36m<div[31m
            [33mclass[31m=[32m"flex items-center space-x-3"[31m
          [36m>[31m
            [36m<div[31m
              [33mclass[31m=[32m"p-2 bg-purple-100 rounded-lg"[31m
            [36m>[31m
              [36m<svg[31m
                [33mclass[31m=[32m"lucide lucide-cpu h-6 w-6 text-purple-600"[31m
                [33mfill[31m=[32m"none"[31m
                [33mheight[31m=[32m"24"[31m
                [33mstroke[31m=[32m"currentColor"[31m
                [33mstroke-linecap[31m=[32m"round"[31m
                [33mstroke-linejoin[31m=[32m"round"[31m
                [33mstroke-width[31m=[32m"2"[31m
                [33mviewBox[31m=[32m"0 0 24 24"[31m
                [33mwidth[31m=[32m"24"[31m
                [33mxmlns[31m=[32m"http://www.w3.org/2000/svg"[31m
              [36m>[31m
                [36m<rect[31m
                  [33mheight[31m=[32m"16"[31m
                  [33mrx[31m=[32m"2"[31m
                  [33mwidth[31m=[32m"16"[31m
                  [33mx[31m=[32m"4"[31m
                  [33my[31m=[32m"4"[31m
                [36m/>[31m
                [36m<rect[31m
                  [33mheight[31m=[32m"6"[31m
                  [33mwidth[31m=[32m"6"[31m
                  [33mx[31m=[32m"9"[31m
                  [33my[31m=[32m"9"[31m
                [36m/>[31m
                [36m<path[31m
                  [33md[31m=[32m"M15 2v2"[31m
                [36m/>[31m
                [36m<path[31m
                  [33md[31m=[32m"M15 20v2"[31m
                [36m/>[31m
                [36m<path[31m
                  [33md[31m=[32m"M2 15h2"[31m
                [36m/>[31m
                [36m<path[31m
                  [33md[31m=[32m"M2 9h2"[31m
                [36m/>[31m
                [36m<path[31m
                  [33md[31m=[32m"M20 15h2"[31m
                [36m/>[31m
                [36m<path[31m
                  [33md[31m=[32m"M20 9h2"[31m
                [36m/>[31m
                [36m<path[31m
                  [33md[31m=[32m"M9 2v2"[31m
                [36m/>[31m
                [36m<path[31m
                  [33md[31m=[32m"M9 20v2"[31m
                [36m/>[31m
              [36m</svg>[31m
            [36m</div>[31m
            [36m<div>[31m
              [36m<h2[31m
                [33mclass[31m=[32m"text-xl font-semibold text-gray-900"[31m
              [36m>[31m
                [0mWeb Worker Manager[0m
              [36m</h2>[31m
              [36m<p[31m
                [33mclass[31m=[32m"text-sm text-gray-600"[31m
              [36m>[31m
                [0mGerenciamento avan├ºado de Web Workers[0m
              [36m</p>[31m
            [36m</div>[31m
          [36m</div>[31m
          [36m<div[31m
            [33mclass[31m=[32m"flex items-center space-x-2"[31m
          [36m>[31m
            [36m<button[31m
              [33mclass[31m=[32m"px-3 py-1 rounded-md text-sm font-medium bg-green-100 text-green-700 hover:bg-green-200"[31m
            [36m>[31m
              [0mAuto-refresh ON[0m
            [36m</button>[31m
            [36m<button[31m
              [33mclass[31m=[32m"px-4 py-2 bg-purple-600 text-white rounded-md hover:bg-purple-700 flex items-center space-x-2"[31m
            [36m>[31m
              [36m<svg[31m
                [33mclass[31m=[32m"lucide lucide-plus h-4 w-4"[31m
                [33mfill[31m=[32m"none"[31m
                [33mheight[31m=[32m"24"[31m
                [33mstroke[31m=[32m"currentColor"[31m
                [33mstroke-linecap[31m=[32m"round"[31m
                [33mstroke-linejoin[31m=[32m"round"[31m
                [33mstroke-width[31m=[32m"2"[31m
                [33mviewBox[31m=[32m"0 0 24 24"[31m
                [33mwidth[31m=[32m"24"[31m
                [33mxmlns[31m=[32m"http://www.w3.org/2000/svg"[31m
              [36m>[31m
                [36m<path[31m
                  [33md[31m=[32m"M5 12h14"[31m
                [36m/>[31m
                [36m<path[31m
                  [33md[31m=[32m"M12 5v14"[31m
                [36m/>[31m
              [36m</svg>[31m
              [36m<span>[31m
                [0mNovo Worker[0m
              [36m</span>[31m
            [36m</button>[31m
          [36m</div>[31m
        [36m</div>[31m
      [36m</div>[31m
      [36m<div[31m
        [33mclass[31m=[32m"p-6 grid grid-cols-1 md:grid-cols-2 lg:grid-cols-4 gap-4"[31m
      [36m>[31m
        [36m<div[31m
          [33mclass[31m=[32m"bg-blue-50 rounded-lg p-4 cursor-pointer transition-all duration-200 hover:shadow-md"[31m
        [36m>[31m
          [36m<div[31m
            [33mclass[31m=[32m"flex items-center justify-between"[31m
          [36m>[31m
            [36m<div[31m
              [33mclass[31m=[32m"flex items-center space-x-3"[31m
            [36m>[31m
              [36m<svg[31m
                [33mclass[31m=[32m"lucide lucide-users h-8 w-8 text-blue-600"[31m
                [33mfill[31m=[32m"none"[31m
                [33mheight[31m=[32m"24"[31m
                [33mstroke[31m=[32m"currentColor"[31m
                [33mstroke-linecap[31m=[32m"round"[31m
                [33mstroke-linejoin[31m=[32m"round"[31m
                [33mstroke-width[31m=[32m"2"[31m
                [33mviewBox[31m=[32m"0 0 24 24"[31m
                [33mwidth[31m=[32m"24"[31m
                [33mxmlns[31m=[32m"http://www.w3.org/2000/svg"[31m
              [36m>[31m
                [36m<path[31m
                  [33md[31m=[32m"M16 21v-2a4 4 0 0 0-4-4H6a4 4 0 0 0-4 4v2"[31m
                [36m/>[31m
                [36m<circle[31m
                  [33mcx[31m=[32m"9"[31m
                  [33mcy[31m=[32m"7"[31m
                  [33mr[31m=[32m"4"[31m
                [36m/>[31m
                [36m<path[31m
                  [33md[31m=[32m"M22 21v-2a4 4 0 0 0-3-3.87"[31m
                [36m/>[31m
                [36m<path[31m
                  [33md[31m=[32m"M16 3.13a4 4 0 0 1 0 7.75"[31m
                [36m/>[31m
              [36m</svg>[31m
              [36m<div>[31m
                [36m<p[31m
                  [33mclass[31m=[32m"text-sm font-medium text-gray-600"[31m
                [36m>[31m
                  [0mWorkers Ativos[0m
                [36m</p>[31m
                [36m<p[31m
                  [33mclass[31m=[32m"text-2xl font...[39m
 [31m├ù[39m src/__tests__/components/WebWorkerManager.test.tsx[2m > [22mWebWorkerManager Component[2m > [22mRenderiza├º├úo[2m > [22mdeve renderizar todas as abas[33m 410[2mms[22m[39m
[31m   ÔåÆ Unable to find an element with the text: Tasks. This could be because the text is broken up by multiple elements. In this case, you can provide a function for your text matcher to make your matcher more flexible.

Ignored nodes: comments, script, style
[36m<body>[31m
  [36m<div>[31m
    [36m<div[31m
      [33mclass[31m=[32m"bg-white rounded-lg shadow-lg "[31m
    [36m>[31m
      [36m<div[31m
        [33mclass[31m=[32m"p-6 border-b border-gray-200"[31m
      [36m>[31m
        [36m<div[31m
          [33mclass[31m=[32m"flex items-center justify-between"[31m
        [36m>[31m
          [36m<div[31m
            [33mclass[31m=[32m"flex items-center space-x-3"[31m
          [36m>[31m
            [36m<div[31m
              [33mclass[31m=[32m"p-2 bg-purple-100 rounded-lg"[31m
            [36m>[31m
              [36m<svg[31m
                [33mclass[31m=[32m"lucide lucide-cpu h-6 w-6 text-purple-600"[31m
                [33mfill[31m=[32m"none"[31m
                [33mheight[31m=[32m"24"[31m
                [33mstroke[31m=[32m"currentColor"[31m
                [33mstroke-linecap[31m=[32m"round"[31m
                [33mstroke-linejoin[31m=[32m"round"[31m
                [33mstroke-width[31m=[32m"2"[31m
                [33mviewBox[31m=[32m"0 0 24 24"[31m
                [33mwidth[31m=[32m"24"[31m
                [33mxmlns[31m=[32m"http://www.w3.org/2000/svg"[31m
              [36m>[31m
                [36m<rect[31m
                  [33mheight[31m=[32m"16"[31m
                  [33mrx[31m=[32m"2"[31m
                  [33mwidth[31m=[32m"16"[31m
                  [33mx[31m=[32m"4"[31m
                  [33my[31m=[32m"4"[31m
                [36m/>[31m
                [36m<rect[31m
                  [33mheight[31m=[32m"6"[31m
                  [33mwidth[31m=[32m"6"[31m
                  [33mx[31m=[32m"9"[31m
                  [33my[31m=[32m"9"[31m
                [36m/>[31m
                [36m<path[31m
                  [33md[31m=[32m"M15 2v2"[31m
                [36m/>[31m
                [36m<path[31m
                  [33md[31m=[32m"M15 20v2"[31m
                [36m/>[31m
                [36m<path[31m
                  [33md[31m=[32m"M2 15h2"[31m
                [36m/>[31m
                [36m<path[31m
                  [33md[31m=[32m"M2 9h2"[31m
                [36m/>[31m
                [36m<path[31m
                  [33md[31m=[32m"M20 15h2"[31m
                [36m/>[31m
                [36m<path[31m
                  [33md[31m=[32m"M20 9h2"[31m
                [36m/>[31m
                [36m<path[31m
                  [33md[31m=[32m"M9 2v2"[31m
                [36m/>[31m
                [36m<path[31m
                  [33md[31m=[32m"M9 20v2"[31m
                [36m/>[31m
              [36m</svg>[31m
            [36m</div>[31m
            [36m<div>[31m
              [36m<h2[31m
                [33mclass[31m=[32m"text-xl font-semibold text-gray-900"[31m
              [36m>[31m
                [0mWeb Worker Manager[0m
              [36m</h2>[31m
              [36m<p[31m
                [33mclass[31m=[32m"text-sm text-gray-600"[31m
              [36m>[31m
                [0mGerenciamento avan├ºado de Web Workers[0m
              [36m</p>[31m
            [36m</div>[31m
          [36m</div>[31m
          [36m<div[31m
            [33mclass[31m=[32m"flex items-center space-x-2"[31m
          [36m>[31m
            [36m<button[31m
              [33mclass[31m=[32m"px-3 py-1 rounded-md text-sm font-medium bg-green-100 text-green-700 hover:bg-green-200"[31m
            [36m>[31m
              [0mAuto-refresh ON[0m
            [36m</button>[31m
            [36m<button[31m
              [33mclass[31m=[32m"px-4 py-2 bg-purple-600 text-white rounded-md hover:bg-purple-700 flex items-center space-x-2"[31m
            [36m>[31m
              [36m<svg[31m
                [33mclass[31m=[32m"lucide lucide-plus h-4 w-4"[31m
                [33mfill[31m=[32m"none"[31m
                [33mheight[31m=[32m"24"[31m
                [33mstroke[31m=[32m"currentColor"[31m
                [33mstroke-linecap[31m=[32m"round"[31m
                [33mstroke-linejoin[31m=[32m"round"[31m
                [33mstroke-width[31m=[32m"2"[31m
                [33mviewBox[31m=[32m"0 0 24 24"[31m
                [33mwidth[31m=[32m"24"[31m
                [33mxmlns[31m=[32m"http://www.w3.org/2000/svg"[31m
              [36m>[31m
                [36m<path[31m
                  [33md[31m=[32m"M5 12h14"[31m
                [36m/>[31m
                [36m<path[31m
                  [33md[31m=[32m"M12 5v14"[31m
                [36m/>[31m
              [36m</svg>[31m
              [36m<span>[31m
                [0mNovo Worker[0m
              [36m</span>[31m
            [36m</button>[31m
          [36m</div>[31m
        [36m</div>[31m
      [36m</div>[31m
      [36m<div[31m
        [33mclass[31m=[32m"p-6 grid grid-cols-1 md:grid-cols-2 lg:grid-cols-4 gap-4"[31m
      [36m>[31m
        [36m<div[31m
          [33mclass[31m=[32m"bg-blue-50 rounded-lg p-4 cursor-pointer transition-all duration-200 hover:shadow-md"[31m
        [36m>[31m
          [36m<div[31m
            [33mclass[31m=[32m"flex items-center justify-between"[31m
          [36m>[31m
            [36m<div[31m
              [33mclass[31m=[32m"flex items-center space-x-3"[31m
            [36m>[31m
              [36m<svg[31m
                [33mclass[31m=[32m"lucide lucide-users h-8 w-8 text-blue-600"[31m
                [33mfill[31m=[32m"none"[31m
                [33mheight[31m=[32m"24"[31m
                [33mstroke[31m=[32m"currentColor"[31m
                [33mstroke-linecap[31m=[32m"round"[31m
                [33mstroke-linejoin[31m=[32m"round"[31m
                [33mstroke-width[31m=[32m"2"[31m
                [33mviewBox[31m=[32m"0 0 24 24"[31m
                [33mwidth[31m=[32m"24"[31m
                [33mxmlns[31m=[32m"http://www.w3.org/2000/svg"[31m
              [36m>[31m
                [36m<path[31m
                  [33md[31m=[32m"M16 21v-2a4 4 0 0 0-4-4H6a4 4 0 0 0-4 4v2"[31m
                [36m/>[31m
                [36m<circle[31m
                  [33mcx[31m=[32m"9"[31m
                  [33mcy[31m=[32m"7"[31m
                  [33mr[31m=[32m"4"[31m
                [36m/>[31m
                [36m<path[31m
                  [33md[31m=[32m"M22 21v-2a4 4 0 0 0-3-3.87"[31m
                [36m/>[31m
                [36m<path[31m
                  [33md[31m=[32m"M16 3.13a4 4 0 0 1 0 7.75"[31m
                [36m/>[31m
              [36m</svg>[31m
              [36m<div>[31m
                [36m<p[31m
                  [33mclass[31m=[32m"text-sm font-medium text-gray-600"[31m
                [36m>[31m
                  [0mWorkers Ativos[0m
                [36m</p>[31m
                [36m<p[31m
                  [33mclass[31m=[32m"text-2xl font...[39m
 [31m├ù[39m src/__tests__/components/WebWorkerManager.test.tsx[2m > [22mWebWorkerManager Component[2m > [22mRenderiza├º├úo[2m > [22mdeve renderizar cards de status[32m 187[2mms[22m[39m
[31m   ÔåÆ Unable to find an element with the text: Total de Workers. This could be because the text is broken up by multiple elements. In this case, you can provide a function for your text matcher to make your matcher more flexible.

Ignored nodes: comments, script, style
[36m<body>[31m
  [36m<div>[31m
    [36m<div[31m
      [33mclass[31m=[32m"bg-white rounded-lg shadow-lg "[31m
    [36m>[31m
      [36m<div[31m
        [33mclass[31m=[32m"p-6 border-b border-gray-200"[31m
      [36m>[31m
        [36m<div[31m
          [33mclass[31m=[32m"flex items-center justify-between"[31m
        [36m>[31m
          [36m<div[31m
            [33mclass[31m=[32m"flex items-center space-x-3"[31m
          [36m>[31m
            [36m<div[31m
              [33mclass[31m=[32m"p-2 bg-purple-100 rounded-lg"[31m
            [36m>[31m
              [36m<svg[31m
                [33mclass[31m=[32m"lucide lucide-cpu h-6 w-6 text-purple-600"[31m
                [33mfill[31m=[32m"none"[31m
                [33mheight[31m=[32m"24"[31m
                [33mstroke[31m=[32m"currentColor"[31m
                [33mstroke-linecap[31m=[32m"round"[31m
                [33mstroke-linejoin[31m=[32m"round"[31m
                [33mstroke-width[31m=[32m"2"[31m
                [33mviewBox[31m=[32m"0 0 24 24"[31m
                [33mwidth[31m=[32m"24"[31m
                [33mxmlns[31m=[32m"http://www.w3.org/2000/svg"[31m
              [36m>[31m
                [36m<rect[31m
                  [33mheight[31m=[32m"16"[31m
                  [33mrx[31m=[32m"2"[31m
                  [33mwidth[31m=[32m"16"[31m
                  [33mx[31m=[32m"4"[31m
                  [33my[31m=[32m"4"[31m
                [36m/>[31m
                [36m<rect[31m
                  [33mheight[31m=[32m"6"[31m
                  [33mwidth[31m=[32m"6"[31m
                  [33mx[31m=[32m"9"[31m
                  [33my[31m=[32m"9"[31m
                [36m/>[31m
                [36m<path[31m
                  [33md[31m=[32m"M15 2v2"[31m
                [36m/>[31m
                [36m<path[31m
                  [33md[31m=[32m"M15 20v2"[31m
                [36m/>[31m
                [36m<path[31m
                  [33md[31m=[32m"M2 15h2"[31m
                [36m/>[31m
                [36m<path[31m
                  [33md[31m=[32m"M2 9h2"[31m
                [36m/>[31m
                [36m<path[31m
                  [33md[31m=[32m"M20 15h2"[31m
                [36m/>[31m
                [36m<path[31m
                  [33md[31m=[32m"M20 9h2"[31m
                [36m/>[31m
                [36m<path[31m
                  [33md[31m=[32m"M9 2v2"[31m
                [36m/>[31m
                [36m<path[31m
                  [33md[31m=[32m"M9 20v2"[31m
                [36m/>[31m
              [36m</svg>[31m
            [36m</div>[31m
            [36m<div>[31m
              [36m<h2[31m
                [33mclass[31m=[32m"text-xl font-semibold text-gray-900"[31m
              [36m>[31m
                [0mWeb Worker Manager[0m
              [36m</h2>[31m
              [36m<p[31m
                [33mclass[31m=[32m"text-sm text-gray-600"[31m
              [36m>[31m
                [0mGerenciamento avan├ºado de Web Workers[0m
              [36m</p>[31m
            [36m</div>[31m
          [36m</div>[31m
          [36m<div[31m
            [33mclass[31m=[32m"flex items-center space-x-2"[31m
          [36m>[31m
            [36m<button[31m
              [33mclass[31m=[32m"px-3 py-1 rounded-md text-sm font-medium bg-green-100 text-green-700 hover:bg-green-200"[31m
            [36m>[31m
              [0mAuto-refresh ON[0m
            [36m</button>[31m
            [36m<button[31m
              [33mclass[31m=[32m"px-4 py-2 bg-purple-600 text-white rounded-md hover:bg-purple-700 flex items-center space-x-2"[31m
            [36m>[31m
              [36m<svg[31m
                [33mclass[31m=[32m"lucide lucide-plus h-4 w-4"[31m
                [33mfill[31m=[32m"none"[31m
                [33mheight[31m=[32m"24"[31m
                [33mstroke[31m=[32m"currentColor"[31m
                [33mstroke-linecap[31m=[32m"round"[31m
                [33mstroke-linejoin[31m=[32m"round"[31m
                [33mstroke-width[31m=[32m"2"[31m
                [33mviewBox[31m=[32m"0 0 24 24"[31m
                [33mwidth[31m=[32m"24"[31m
                [33mxmlns[31m=[32m"http://www.w3.org/2000/svg"[31m
              [36m>[31m
                [36m<path[31m
                  [33md[31m=[32m"M5 12h14"[31m
                [36m/>[31m
                [36m<path[31m
                  [33md[31m=[32m"M12 5v14"[31m
                [36m/>[31m
              [36m</svg>[31m
              [36m<span>[31m
                [0mNovo Worker[0m
              [36m</span>[31m
            [36m</button>[31m
          [36m</div>[31m
        [36m</div>[31m
      [36m</div>[31m
      [36m<div[31m
        [33mclass[31m=[32m"p-6 grid grid-cols-1 md:grid-cols-2 lg:grid-cols-4 gap-4"[31m
      [36m>[31m
        [36m<div[31m
          [33mclass[31m=[32m"bg-blue-50 rounded-lg p-4 cursor-pointer transition-all duration-200 hover:shadow-md"[31m
        [36m>[31m
          [36m<div[31m
            [33mclass[31m=[32m"flex items-center justify-between"[31m
          [36m>[31m
            [36m<div[31m
              [33mclass[31m=[32m"flex items-center space-x-3"[31m
            [36m>[31m
              [36m<svg[31m
                [33mclass[31m=[32m"lucide lucide-users h-8 w-8 text-blue-600"[31m
                [33mfill[31m=[32m"none"[31m
                [33mheight[31m=[32m"24"[31m
                [33mstroke[31m=[32m"currentColor"[31m
                [33mstroke-linecap[31m=[32m"round"[31m
                [33mstroke-linejoin[31m=[32m"round"[31m
                [33mstroke-width[31m=[32m"2"[31m
                [33mviewBox[31m=[32m"0 0 24 24"[31m
                [33mwidth[31m=[32m"24"[31m
                [33mxmlns[31m=[32m"http://www.w3.org/2000/svg"[31m
              [36m>[31m
                [36m<path[31m
                  [33md[31m=[32m"M16 21v-2a4 4 0 0 0-4-4H6a4 4 0 0 0-4 4v2"[31m
                [36m/>[31m
                [36m<circle[31m
                  [33mcx[31m=[32m"9"[31m
                  [33mcy[31m=[32m"7"[31m
                  [33mr[31m=[32m"4"[31m
                [36m/>[31m
                [36m<path[31m
                  [33md[31m=[32m"M22 21v-2a4 4 0 0 0-3-3.87"[31m
                [36m/>[31m
                [36m<path[31m
                  [33md[31m=[32m"M16 3.13a4 4 0 0 1 0 7.75"[31m
                [36m/>[31m
              [36m</svg>[31m
              [36m<div>[31m
                [36m<p[31m
                  [33mclass[31m=[32m"text-sm font-medium text-gray-600"[31m
                [36m>[31m
                  [0mWorkers Ativos[0m
                [36m</p>[31m
                [36m<p[31m
                  [33mclass[31m=[32m"text-2xl font...[39m
 [31m├ù[39m src/__tests__/components/AdvancedUIManager.test.tsx[2m > [22mAdvancedUIManager Component[2m > [22mRenderiza├º├úo[2m > [22mdeve renderizar o componente corretamente[33m 671[2mms[22m[39m
[31m   ÔåÆ Unable to find an element with the text: Gerenciamento avan├ºado de interface. This could be because the text is broken up by multiple elements. In this case, you can provide a function for your text matcher to make your matcher more flexible.

Ignored nodes: comments, script, style
[36m<body>[31m
  [36m<div>[31m
    [36m<div[31m
      [33mclass[31m=[32m"bg-white rounded-lg shadow-lg "[31m
    [36m>[31m
      [36m<div[31m
        [33mclass[31m=[32m"p-6 border-b border-gray-200"[31m
      [36m>[31m
        [36m<div[31m
          [33mclass[31m=[32m"flex items-center justify-between"[31m
        [36m>[31m
          [36m<div[31m
            [33mclass[31m=[32m"flex items-center space-x-3"[31m
          [36m>[31m
            [36m<div[31m
              [33mclass[31m=[32m"p-2 bg-blue-100 rounded-lg"[31m
            [36m>[31m
              [36m<svg[31m
                [33mclass[31m=[32m"lucide lucide-layers h-6 w-6 text-blue-600"[31m
                [33mfill[31m=[32m"none"[31m
                [33mheight[31m=[32m"24"[31m
                [33mstroke[31m=[32m"currentColor"[31m
                [33mstroke-linecap[31m=[32m"round"[31m
                [33mstroke-linejoin[31m=[32m"round"[31m
                [33mstroke-width[31m=[32m"2"[31m
                [33mviewBox[31m=[32m"0 0 24 24"[31m
                [33mwidth[31m=[32m"24"[31m
                [33mxmlns[31m=[32m"http://www.w3.org/2000/svg"[31m
              [36m>[31m
                [36m<path[31m
                  [33md[31m=[32m"m12.83 2.18a2 2 0 0 0-1.66 0L2.6 6.08a1 1 0 0 0 0 1.83l8.58 3.91a2 2 0 0 0 1.66 0l8.58-3.9a1 1 0 0 0 0-1.83Z"[31m
                [36m/>[31m
                [36m<path[31m
                  [33md[31m=[32m"m22 17.65-9.17 4.16a2 2 0 0 1-1.66 0L2 17.65"[31m
                [36m/>[31m
                [36m<path[31m
                  [33md[31m=[32m"m22 12.65-9.17 4.16a2 2 0 0 1-1.66 0L2 12.65"[31m
                [36m/>[31m
              [36m</svg>[31m
            [36m</div>[31m
            [36m<div>[31m
              [36m<h2[31m
                [33mclass[31m=[32m"text-xl font-semibold text-gray-900"[31m
              [36m>[31m
                [0mAdvanced UI Manager[0m
              [36m</h2>[31m
              [36m<p[31m
                [33mclass[31m=[32m"text-sm text-gray-600"[31m
              [36m>[31m
                [0mGerencie componentes, tours e temas da interface[0m
              [36m</p>[31m
            [36m</div>[31m
          [36m</div>[31m
          [36m<div[31m
            [33mclass[31m=[32m"flex items-center space-x-2"[31m
          [36m>[31m
            [36m<div[31m
              [33mclass[31m=[32m"flex items-center space-x-1 px-2 py-1 rounded-full text-xs bg-green-100 text-green-800"[31m
            [36m>[31m
              [36m<svg[31m
                [33mclass[31m=[32m"lucide lucide-check-circle h-3 w-3"[31m
                [33mfill[31m=[32m"none"[31m
                [33mheight[31m=[32m"24"[31m
                [33mstroke[31m=[32m"currentColor"[31m
                [33mstroke-linecap[31m=[32m"round"[31m
                [33mstroke-linejoin[31m=[32m"round"[31m
                [33mstroke-width[31m=[32m"2"[31m
                [33mviewBox[31m=[32m"0 0 24 24"[31m
                [33mwidth[31m=[32m"24"[31m
                [33mxmlns[31m=[32m"http://www.w3.org/2000/svg"[31m
              [36m>[31m
                [36m<path[31m
                  [33md[31m=[32m"M22 11.08V12a10 10 0 1 1-5.93-9.14"[31m
                [36m/>[31m
                [36m<path[31m
                  [33md[31m=[32m"m9 11 3 3L22 4"[31m
                [36m/>[31m
              [36m</svg>[31m
              [36m<span>[31m
                [0mSaud├ível[0m
              [36m</span>[31m
            [36m</div>[31m
            [36m<button[31m
              [33mclass[31m=[32m"p-2 text-gray-400 hover:text-gray-600"[31m
            [36m>[31m
              [36m<svg[31m
                [33mclass[31m=[32m"lucide lucide-maximize2 h-4 w-4"[31m
                [33mfill[31m=[32m"none"[31m
                [33mheight[31m=[32m"24"[31m
                [33mstroke[31m=[32m"currentColor"[31m
                [33mstroke-linecap[31m=[32m"round"[31m
                [33mstroke-linejoin[31m=[32m"round"[31m
                [33mstroke-width[31m=[32m"2"[31m
                [33mviewBox[31m=[32m"0 0 24 24"[31m
                [33mwidth[31m=[32m"24"[31m
                [33mxmlns[31m=[32m"http://www.w3.org/2000/svg"[31m
              [36m>[31m
                [36m<polyline[31m
                  [33mpoints[31m=[32m"15 3 21 3 21 9"[31m
                [36m/>[31m
                [36m<polyline[31m
                  [33mpoints[31m=[32m"9 21 3 21 3 15"[31m
                [36m/>[31m
                [36m<line[31m
                  [33mx1[31m=[32m"21"[31m
                  [33mx2[31m=[32m"14"[31m
                  [33my1[31m=[32m"3"[31m
                  [33my2[31m=[32m"10"[31m
                [36m/>[31m
                [36m<line[31m
                  [33mx1[31m=[32m"3"[31m
                  [33mx2[31m=[32m"10"[31m
                  [33my1[31m=[32m"21"[31m
                  [33my2[31m=[32m"14"[31m
                [36m/>[31m
              [36m</svg>[31m
            [36m</button>[31m
          [36m</div>[31m
        [36m</div>[31m
      [36m</div>[31m
      [36m<div[31m
        [33mclass[31m=[32m"p-6"[31m
      [36m>[31m
        [36m<div[31m
          [33mclass[31m=[32m"grid grid-cols-1 md:grid-cols-2 lg:grid-cols-4 gap-4"[31m
        [36m>[31m
          [36m<div[31m
            [33mclass[31m=[32m"bg-white border border-gray-200 rounded-lg p-4 hover:shadow-md transition-shadow cursor-pointer"[31m
          [36m>[31m
            [36m<div[31m
              [33mclass[31m=[32m"flex items-center justify-between"[31m
            [36m>[31m
              [36m<div[31m
                [33mclass[31m=[32m"p-2 bg-blue-50 rounded-lg"[31m
              [36m>[31m
                [36m<svg[31m
                  [33mclass[31m=[32m"lucide lucide-layers h-5 w-5 text-blue-600"[31m
                  [33mfill[31m=[32m"none"[31m
                  [33mheight[31m=[32m"24"[31m
                  [33mstroke[31m=[32m"currentColor"[31m
                  [33mstroke-linecap[31m=[32m"round"[31m
                  [33mstroke-linejoin[31m=[32m"round"[31m
                  [33mstroke-width[31m=[32m"2"[31m
                  [33mviewBox[31m=[32m"0 0 24 24"[31m
                  [33mwidth[31m=[32m"24"[31m
                  [33mxmlns[31m=[32m"http://www.w3.org/2000/svg"[31m
                [36m>[31m
                  [36m<path[31m
                    [33md[31m=[32m"m12.83 2.18a2 2 0 0 0-1.66 0L2.6 6.08a1 1 0 0 0 0 1.83l8.58 3.91a2 2 0 0 0 1.66 0l8.58-3.9a1 1 0 0 0 0-1.83Z"[31m
                  [36m/>[31m
                  [36m<path[31m
                    [33md[31m=[32m"m22 17.65-9.17 4.16a2 2 0 0 1-1.66 0L2 17.65"[31m
                  [36m/>[31m
                ...[39m
 [31m├ù[39m src/__tests__/components/WebWorkerManager.test.tsx[2m > [22mWebWorkerManager Component[2m > [22mRenderiza├º├úo[2m > [22mdeve renderizar barra de busca e filtros[32m 158[2mms[22m[39m
[31m   ÔåÆ Unable to find an element with the placeholder text of: Buscar...

Ignored nodes: comments, script, style
[36m<body>[31m
  [36m<div>[31m
    [36m<div[31m
      [33mclass[31m=[32m"bg-white rounded-lg shadow-lg "[31m
    [36m>[31m
      [36m<div[31m
        [33mclass[31m=[32m"p-6 border-b border-gray-200"[31m
      [36m>[31m
        [36m<div[31m
          [33mclass[31m=[32m"flex items-center justify-between"[31m
        [36m>[31m
          [36m<div[31m
            [33mclass[31m=[32m"flex items-center space-x-3"[31m
          [36m>[31m
            [36m<div[31m
              [33mclass[31m=[32m"p-2 bg-purple-100 rounded-lg"[31m
            [36m>[31m
              [36m<svg[31m
                [33mclass[31m=[32m"lucide lucide-cpu h-6 w-6 text-purple-600"[31m
                [33mfill[31m=[32m"none"[31m
                [33mheight[31m=[32m"24"[31m
                [33mstroke[31m=[32m"currentColor"[31m
                [33mstroke-linecap[31m=[32m"round"[31m
                [33mstroke-linejoin[31m=[32m"round"[31m
                [33mstroke-width[31m=[32m"2"[31m
                [33mviewBox[31m=[32m"0 0 24 24"[31m
                [33mwidth[31m=[32m"24"[31m
                [33mxmlns[31m=[32m"http://www.w3.org/2000/svg"[31m
              [36m>[31m
                [36m<rect[31m
                  [33mheight[31m=[32m"16"[31m
                  [33mrx[31m=[32m"2"[31m
                  [33mwidth[31m=[32m"16"[31m
                  [33mx[31m=[32m"4"[31m
                  [33my[31m=[32m"4"[31m
                [36m/>[31m
                [36m<rect[31m
                  [33mheight[31m=[32m"6"[31m
                  [33mwidth[31m=[32m"6"[31m
                  [33mx[31m=[32m"9"[31m
                  [33my[31m=[32m"9"[31m
                [36m/>[31m
                [36m<path[31m
                  [33md[31m=[32m"M15 2v2"[31m
                [36m/>[31m
                [36m<path[31m
                  [33md[31m=[32m"M15 20v2"[31m
                [36m/>[31m
                [36m<path[31m
                  [33md[31m=[32m"M2 15h2"[31m
                [36m/>[31m
                [36m<path[31m
                  [33md[31m=[32m"M2 9h2"[31m
                [36m/>[31m
                [36m<path[31m
                  [33md[31m=[32m"M20 15h2"[31m
                [36m/>[31m
                [36m<path[31m
                  [33md[31m=[32m"M20 9h2"[31m
                [36m/>[31m
                [36m<path[31m
                  [33md[31m=[32m"M9 2v2"[31m
                [36m/>[31m
                [36m<path[31m
                  [33md[31m=[32m"M9 20v2"[31m
                [36m/>[31m
              [36m</svg>[31m
            [36m</div>[31m
            [36m<div>[31m
              [36m<h2[31m
                [33mclass[31m=[32m"text-xl font-semibold text-gray-900"[31m
              [36m>[31m
                [0mWeb Worker Manager[0m
              [36m</h2>[31m
              [36m<p[31m
                [33mclass[31m=[32m"text-sm text-gray-600"[31m
              [36m>[31m
                [0mGerenciamento avan├ºado de Web Workers[0m
              [36m</p>[31m
            [36m</div>[31m
          [36m</div>[31m
          [36m<div[31m
            [33mclass[31m=[32m"flex items-center space-x-2"[31m
          [36m>[31m
            [36m<button[31m
              [33mclass[31m=[32m"px-3 py-1 rounded-md text-sm font-medium bg-green-100 text-green-700 hover:bg-green-200"[31m
            [36m>[31m
              [0mAuto-refresh ON[0m
            [36m</button>[31m
            [36m<button[31m
              [33mclass[31m=[32m"px-4 py-2 bg-purple-600 text-white rounded-md hover:bg-purple-700 flex items-center space-x-2"[31m
            [36m>[31m
              [36m<svg[31m
                [33mclass[31m=[32m"lucide lucide-plus h-4 w-4"[31m
                [33mfill[31m=[32m"none"[31m
                [33mheight[31m=[32m"24"[31m
                [33mstroke[31m=[32m"currentColor"[31m
                [33mstroke-linecap[31m=[32m"round"[31m
                [33mstroke-linejoin[31m=[32m"round"[31m
                [33mstroke-width[31m=[32m"2"[31m
                [33mviewBox[31m=[32m"0 0 24 24"[31m
                [33mwidth[31m=[32m"24"[31m
                [33mxmlns[31m=[32m"http://www.w3.org/2000/svg"[31m
              [36m>[31m
                [36m<path[31m
                  [33md[31m=[32m"M5 12h14"[31m
                [36m/>[31m
                [36m<path[31m
                  [33md[31m=[32m"M12 5v14"[31m
                [36m/>[31m
              [36m</svg>[31m
              [36m<span>[31m
                [0mNovo Worker[0m
              [36m</span>[31m
            [36m</button>[31m
          [36m</div>[31m
        [36m</div>[31m
      [36m</div>[31m
      [36m<div[31m
        [33mclass[31m=[32m"p-6 grid grid-cols-1 md:grid-cols-2 lg:grid-cols-4 gap-4"[31m
      [36m>[31m
        [36m<div[31m
          [33mclass[31m=[32m"bg-blue-50 rounded-lg p-4 cursor-pointer transition-all duration-200 hover:shadow-md"[31m
        [36m>[31m
          [36m<div[31m
            [33mclass[31m=[32m"flex items-center justify-between"[31m
          [36m>[31m
            [36m<div[31m
              [33mclass[31m=[32m"flex items-center space-x-3"[31m
            [36m>[31m
              [36m<svg[31m
                [33mclass[31m=[32m"lucide lucide-users h-8 w-8 text-blue-600"[31m
                [33mfill[31m=[32m"none"[31m
                [33mheight[31m=[32m"24"[31m
                [33mstroke[31m=[32m"currentColor"[31m
                [33mstroke-linecap[31m=[32m"round"[31m
                [33mstroke-linejoin[31m=[32m"round"[31m
                [33mstroke-width[31m=[32m"2"[31m
                [33mviewBox[31m=[32m"0 0 24 24"[31m
                [33mwidth[31m=[32m"24"[31m
                [33mxmlns[31m=[32m"http://www.w3.org/2000/svg"[31m
              [36m>[31m
                [36m<path[31m
                  [33md[31m=[32m"M16 21v-2a4 4 0 0 0-4-4H6a4 4 0 0 0-4 4v2"[31m
                [36m/>[31m
                [36m<circle[31m
                  [33mcx[31m=[32m"9"[31m
                  [33mcy[31m=[32m"7"[31m
                  [33mr[31m=[32m"4"[31m
                [36m/>[31m
                [36m<path[31m
                  [33md[31m=[32m"M22 21v-2a4 4 0 0 0-3-3.87"[31m
                [36m/>[31m
                [36m<path[31m
                  [33md[31m=[32m"M16 3.13a4 4 0 0 1 0 7.75"[31m
                [36m/>[31m
              [36m</svg>[31m
              [36m<div>[31m
                [36m<p[31m
                  [33mclass[31m=[32m"text-sm font-medium text-gray-600"[31m
                [36m>[31m
                  [0mWorkers Ativos[0m
                [36m</p>[31m
                [36m<p[31m
                  [33mclass[31m=[32m"text-2xl font...[39m
 [32mÔ£ô[39m src/__tests__/components/AdvancedUIManager.test.tsx[2m > [22mAdvancedUIManager Component[2m > [22mRenderiza├º├úo[2m > [22mdeve renderizar todas as abas[33m 515[2mms[22m[39m
 [31m├ù[39m src/__tests__/components/AdvancedUIManager.test.tsx[2m > [22mAdvancedUIManager Component[2m > [22mRenderiza├º├úo[2m > [22mdeve renderizar cards de status[32m 274[2mms[22m[39m
[31m   ÔåÆ Unable to find an element with the text: Total de Componentes. This could be because the text is broken up by multiple elements. In this case, you can provide a function for your text matcher to make your matcher more flexible.

Ignored nodes: comments, script, style
[36m<body>[31m
  [36m<div>[31m
    [36m<div[31m
      [33mclass[31m=[32m"bg-white rounded-lg shadow-lg "[31m
    [36m>[31m
      [36m<div[31m
        [33mclass[31m=[32m"p-6 border-b border-gray-200"[31m
      [36m>[31m
        [36m<div[31m
          [33mclass[31m=[32m"flex items-center justify-between"[31m
        [36m>[31m
          [36m<div[31m
            [33mclass[31m=[32m"flex items-center space-x-3"[31m
          [36m>[31m
            [36m<div[31m
              [33mclass[31m=[32m"p-2 bg-blue-100 rounded-lg"[31m
            [36m>[31m
              [36m<svg[31m
                [33mclass[31m=[32m"lucide lucide-layers h-6 w-6 text-blue-600"[31m
                [33mfill[31m=[32m"none"[31m
                [33mheight[31m=[32m"24"[31m
                [33mstroke[31m=[32m"currentColor"[31m
                [33mstroke-linecap[31m=[32m"round"[31m
                [33mstroke-linejoin[31m=[32m"round"[31m
                [33mstroke-width[31m=[32m"2"[31m
                [33mviewBox[31m=[32m"0 0 24 24"[31m
                [33mwidth[31m=[32m"24"[31m
                [33mxmlns[31m=[32m"http://www.w3.org/2000/svg"[31m
              [36m>[31m
                [36m<path[31m
                  [33md[31m=[32m"m12.83 2.18a2 2 0 0 0-1.66 0L2.6 6.08a1 1 0 0 0 0 1.83l8.58 3.91a2 2 0 0 0 1.66 0l8.58-3.9a1 1 0 0 0 0-1.83Z"[31m
                [36m/>[31m
                [36m<path[31m
                  [33md[31m=[32m"m22 17.65-9.17 4.16a2 2 0 0 1-1.66 0L2 17.65"[31m
                [36m/>[31m
                [36m<path[31m
                  [33md[31m=[32m"m22 12.65-9.17 4.16a2 2 0 0 1-1.66 0L2 12.65"[31m
                [36m/>[31m
              [36m</svg>[31m
            [36m</div>[31m
            [36m<div>[31m
              [36m<h2[31m
                [33mclass[31m=[32m"text-xl font-semibold text-gray-900"[31m
              [36m>[31m
                [0mAdvanced UI Manager[0m
              [36m</h2>[31m
              [36m<p[31m
                [33mclass[31m=[32m"text-sm text-gray-600"[31m
              [36m>[31m
                [0mGerencie componentes, tours e temas da interface[0m
              [36m</p>[31m
            [36m</div>[31m
          [36m</div>[31m
          [36m<div[31m
            [33mclass[31m=[32m"flex items-center space-x-2"[31m
          [36m>[31m
            [36m<div[31m
              [33mclass[31m=[32m"flex items-center space-x-1 px-2 py-1 rounded-full text-xs bg-green-100 text-green-800"[31m
            [36m>[31m
              [36m<svg[31m
                [33mclass[31m=[32m"lucide lucide-check-circle h-3 w-3"[31m
                [33mfill[31m=[32m"none"[31m
                [33mheight[31m=[32m"24"[31m
                [33mstroke[31m=[32m"currentColor"[31m
                [33mstroke-linecap[31m=[32m"round"[31m
                [33mstroke-linejoin[31m=[32m"round"[31m
                [33mstroke-width[31m=[32m"2"[31m
                [33mviewBox[31m=[32m"0 0 24 24"[31m
                [33mwidth[31m=[32m"24"[31m
                [33mxmlns[31m=[32m"http://www.w3.org/2000/svg"[31m
              [36m>[31m
                [36m<path[31m
                  [33md[31m=[32m"M22 11.08V12a10 10 0 1 1-5.93-9.14"[31m
                [36m/>[31m
                [36m<path[31m
                  [33md[31m=[32m"m9 11 3 3L22 4"[31m
                [36m/>[31m
              [36m</svg>[31m
              [36m<span>[31m
                [0mSaud├ível[0m
              [36m</span>[31m
            [36m</div>[31m
            [36m<button[31m
              [33mclass[31m=[32m"p-2 text-gray-400 hover:text-gray-600"[31m
            [36m>[31m
              [36m<svg[31m
                [33mclass[31m=[32m"lucide lucide-maximize2 h-4 w-4"[31m
                [33mfill[31m=[32m"none"[31m
                [33mheight[31m=[32m"24"[31m
                [33mstroke[31m=[32m"currentColor"[31m
                [33mstroke-linecap[31m=[32m"round"[31m
                [33mstroke-linejoin[31m=[32m"round"[31m
                [33mstroke-width[31m=[32m"2"[31m
                [33mviewBox[31m=[32m"0 0 24 24"[31m
                [33mwidth[31m=[32m"24"[31m
                [33mxmlns[31m=[32m"http://www.w3.org/2000/svg"[31m
              [36m>[31m
                [36m<polyline[31m
                  [33mpoints[31m=[32m"15 3 21 3 21 9"[31m
                [36m/>[31m
                [36m<polyline[31m
                  [33mpoints[31m=[32m"9 21 3 21 3 15"[31m
                [36m/>[31m
                [36m<line[31m
                  [33mx1[31m=[32m"21"[31m
                  [33mx2[31m=[32m"14"[31m
                  [33my1[31m=[32m"3"[31m
                  [33my2[31m=[32m"10"[31m
                [36m/>[31m
                [36m<line[31m
                  [33mx1[31m=[32m"3"[31m
                  [33mx2[31m=[32m"10"[31m
                  [33my1[31m=[32m"21"[31m
                  [33my2[31m=[32m"14"[31m
                [36m/>[31m
              [36m</svg>[31m
            [36m</button>[31m
          [36m</div>[31m
        [36m</div>[31m
      [36m</div>[31m
      [36m<div[31m
        [33mclass[31m=[32m"p-6"[31m
      [36m>[31m
        [36m<div[31m
          [33mclass[31m=[32m"grid grid-cols-1 md:grid-cols-2 lg:grid-cols-4 gap-4"[31m
        [36m>[31m
          [36m<div[31m
            [33mclass[31m=[32m"bg-white border border-gray-200 rounded-lg p-4 hover:shadow-md transition-shadow cursor-pointer"[31m
          [36m>[31m
            [36m<div[31m
              [33mclass[31m=[32m"flex items-center justify-between"[31m
            [36m>[31m
              [36m<div[31m
                [33mclass[31m=[32m"p-2 bg-blue-50 rounded-lg"[31m
              [36m>[31m
                [36m<svg[31m
                  [33mclass[31m=[32m"lucide lucide-layers h-5 w-5 text-blue-600"[31m
                  [33mfill[31m=[32m"none"[31m
                  [33mheight[31m=[32m"24"[31m
                  [33mstroke[31m=[32m"currentColor"[31m
                  [33mstroke-linecap[31m=[32m"round"[31m
                  [33mstroke-linejoin[31m=[32m"round"[31m
                  [33mstroke-width[31m=[32m"2"[31m
                  [33mviewBox[31m=[32m"0 0 24 24"[31m
                  [33mwidth[31m=[32m"24"[31m
                  [33mxmlns[31m=[32m"http://www.w3.org/2000/svg"[31m
                [36m>[31m
                  [36m<path[31m
                    [33md[31m=[32m"m12.83 2.18a2 2 0 0 0-1.66 0L2.6 6.08a1 1 0 0 0 0 1.83l8.58 3.91a2 2 0 0 0 1.66 0l8.58-3.9a1 1 0 0 0 0-1.83Z"[31m
                  [36m/>[31m
                  [36m<path[31m
                    [33md[31m=[32m"m22 17.65-9.17 4.16a2 2 0 0 1-1.66 0L2 17.65"[31m
                  [36m/>[31m
                ...[39m
 [31m├ù[39m src/__tests__/components/AdvancedUIManager.test.tsx[2m > [22mAdvancedUIManager Component[2m > [22mRenderiza├º├úo[2m > [22mdeve renderizar barra de busca e filtros[32m 192[2mms[22m[39m
[31m   ÔåÆ Unable to find an element with the placeholder text of: Buscar...

Ignored nodes: comments, script, style
[36m<body>[31m
  [36m<div>[31m
    [36m<div[31m
      [33mclass[31m=[32m"bg-white rounded-lg shadow-lg "[31m
    [36m>[31m
      [36m<div[31m
        [33mclass[31m=[32m"p-6 border-b border-gray-200"[31m
      [36m>[31m
        [36m<div[31m
          [33mclass[31m=[32m"flex items-center justify-between"[31m
        [36m>[31m
          [36m<div[31m
            [33mclass[31m=[32m"flex items-center space-x-3"[31m
          [36m>[31m
            [36m<div[31m
              [33mclass[31m=[32m"p-2 bg-blue-100 rounded-lg"[31m
            [36m>[31m
              [36m<svg[31m
                [33mclass[31m=[32m"lucide lucide-layers h-6 w-6 text-blue-600"[31m
                [33mfill[31m=[32m"none"[31m
                [33mheight[31m=[32m"24"[31m
                [33mstroke[31m=[32m"currentColor"[31m
                [33mstroke-linecap[31m=[32m"round"[31m
                [33mstroke-linejoin[31m=[32m"round"[31m
                [33mstroke-width[31m=[32m"2"[31m
                [33mviewBox[31m=[32m"0 0 24 24"[31m
                [33mwidth[31m=[32m"24"[31m
                [33mxmlns[31m=[32m"http://www.w3.org/2000/svg"[31m
              [36m>[31m
                [36m<path[31m
                  [33md[31m=[32m"m12.83 2.18a2 2 0 0 0-1.66 0L2.6 6.08a1 1 0 0 0 0 1.83l8.58 3.91a2 2 0 0 0 1.66 0l8.58-3.9a1 1 0 0 0 0-1.83Z"[31m
                [36m/>[31m
                [36m<path[31m
                  [33md[31m=[32m"m22 17.65-9.17 4.16a2 2 0 0 1-1.66 0L2 17.65"[31m
                [36m/>[31m
                [36m<path[31m
                  [33md[31m=[32m"m22 12.65-9.17 4.16a2 2 0 0 1-1.66 0L2 12.65"[31m
                [36m/>[31m
              [36m</svg>[31m
            [36m</div>[31m
            [36m<div>[31m
              [36m<h2[31m
                [33mclass[31m=[32m"text-xl font-semibold text-gray-900"[31m
              [36m>[31m
                [0mAdvanced UI Manager[0m
              [36m</h2>[31m
              [36m<p[31m
                [33mclass[31m=[32m"text-sm text-gray-600"[31m
              [36m>[31m
                [0mGerencie componentes, tours e temas da interface[0m
              [36m</p>[31m
            [36m</div>[31m
          [36m</div>[31m
          [36m<div[31m
            [33mclass[31m=[32m"flex items-center space-x-2"[31m
          [36m>[31m
            [36m<div[31m
              [33mclass[31m=[32m"flex items-center space-x-1 px-2 py-1 rounded-full text-xs bg-green-100 text-green-800"[31m
            [36m>[31m
              [36m<svg[31m
                [33mclass[31m=[32m"lucide lucide-check-circle h-3 w-3"[31m
                [33mfill[31m=[32m"none"[31m
                [33mheight[31m=[32m"24"[31m
                [33mstroke[31m=[32m"currentColor"[31m
                [33mstroke-linecap[31m=[32m"round"[31m
                [33mstroke-linejoin[31m=[32m"round"[31m
                [33mstroke-width[31m=[32m"2"[31m
                [33mviewBox[31m=[32m"0 0 24 24"[31m
                [33mwidth[31m=[32m"24"[31m
                [33mxmlns[31m=[32m"http://www.w3.org/2000/svg"[31m
              [36m>[31m
                [36m<path[31m
                  [33md[31m=[32m"M22 11.08V12a10 10 0 1 1-5.93-9.14"[31m
                [36m/>[31m
                [36m<path[31m
                  [33md[31m=[32m"m9 11 3 3L22 4"[31m
                [36m/>[31m
              [36m</svg>[31m
              [36m<span>[31m
                [0mSaud├ível[0m
              [36m</span>[31m
            [36m</div>[31m
            [36m<button[31m
              [33mclass[31m=[32m"p-2 text-gray-400 hover:text-gray-600"[31m
            [36m>[31m
              [36m<svg[31m
                [33mclass[31m=[32m"lucide lucide-maximize2 h-4 w-4"[31m
                [33mfill[31m=[32m"none"[31m
                [33mheight[31m=[32m"24"[31m
                [33mstroke[31m=[32m"currentColor"[31m
                [33mstroke-linecap[31m=[32m"round"[31m
                [33mstroke-linejoin[31m=[32m"round"[31m
                [33mstroke-width[31m=[32m"2"[31m
                [33mviewBox[31m=[32m"0 0 24 24"[31m
                [33mwidth[31m=[32m"24"[31m
                [33mxmlns[31m=[32m"http://www.w3.org/2000/svg"[31m
              [36m>[31m
                [36m<polyline[31m
                  [33mpoints[31m=[32m"15 3 21 3 21 9"[31m
                [36m/>[31m
                [36m<polyline[31m
                  [33mpoints[31m=[32m"9 21 3 21 3 15"[31m
                [36m/>[31m
                [36m<line[31m
                  [33mx1[31m=[32m"21"[31m
                  [33mx2[31m=[32m"14"[31m
                  [33my1[31m=[32m"3"[31m
                  [33my2[31m=[32m"10"[31m
                [36m/>[31m
                [36m<line[31m
                  [33mx1[31m=[32m"3"[31m
                  [33mx2[31m=[32m"10"[31m
                  [33my1[31m=[32m"21"[31m
                  [33my2[31m=[32m"14"[31m
                [36m/>[31m
              [36m</svg>[31m
            [36m</button>[31m
          [36m</div>[31m
        [36m</div>[31m
      [36m</div>[31m
      [36m<div[31m
        [33mclass[31m=[32m"p-6"[31m
      [36m>[31m
        [36m<div[31m
          [33mclass[31m=[32m"grid grid-cols-1 md:grid-cols-2 lg:grid-cols-4 gap-4"[31m
        [36m>[31m
          [36m<div[31m
            [33mclass[31m=[32m"bg-white border border-gray-200 rounded-lg p-4 hover:shadow-md transition-shadow cursor-pointer"[31m
          [36m>[31m
            [36m<div[31m
              [33mclass[31m=[32m"flex items-center justify-between"[31m
            [36m>[31m
              [36m<div[31m
                [33mclass[31m=[32m"p-2 bg-blue-50 rounded-lg"[31m
              [36m>[31m
                [36m<svg[31m
                  [33mclass[31m=[32m"lucide lucide-layers h-5 w-5 text-blue-600"[31m
                  [33mfill[31m=[32m"none"[31m
                  [33mheight[31m=[32m"24"[31m
                  [33mstroke[31m=[32m"currentColor"[31m
                  [33mstroke-linecap[31m=[32m"round"[31m
                  [33mstroke-linejoin[31m=[32m"round"[31m
                  [33mstroke-width[31m=[32m"2"[31m
                  [33mviewBox[31m=[32m"0 0 24 24"[31m
                  [33mwidth[31m=[32m"24"[31m
                  [33mxmlns[31m=[32m"http://www.w3.org/2000/svg"[31m
                [36m>[31m
                  [36m<path[31m
                    [33md[31m=[32m"m12.83 2.18a2 2 0 0 0-1.66 0L2.6 6.08a1 1 0 0 0 0 1.83l8.58 3.91a2 2 0 0 0 1.66 0l8.58-3.9a1 1 0 0 0 0-1.83Z"[31m
                  [36m/>[31m
                  [36m<path[31m
                    [33md[31m=[32m"m22 17.65-9.17 4.16a2 2 0 0 1-1.66 0L2 17.65"[31m
                  [36m/>[31m
                ...[39m
 [31m├ù[39m src/__tests__/components/WebWorkerManager.test.tsx[2m > [22mWebWorkerManager Component[2m > [22mNavega├º├úo entre Abas[2m > [22mdeve alternar entre abas[33m 1287[2mms[22m[39m
[31m   ÔåÆ Unable to find an element with the text: Nenhum worker encontrado. This could be because the text is broken up by multiple elements. In this case, you can provide a function for your text matcher to make your matcher more flexible.

Ignored nodes: comments, script, style
[36m<body>[31m
  [36m<div>[31m
    [36m<div[31m
      [33mclass[31m=[32m"bg-white rounded-lg shadow-lg "[31m
    [36m>[31m
      [36m<div[31m
        [33mclass[31m=[32m"p-6 border-b border-gray-200"[31m
      [36m>[31m
        [36m<div[31m
          [33mclass[31m=[32m"flex items-center justify-between"[31m
        [36m>[31m
          [36m<div[31m
            [33mclass[31m=[32m"flex items-center space-x-3"[31m
          [36m>[31m
            [36m<div[31m
              [33mclass[31m=[32m"p-2 bg-purple-100 rounded-lg"[31m
            [36m>[31m
              [36m<svg[31m
                [33mclass[31m=[32m"lucide lucide-cpu h-6 w-6 text-purple-600"[31m
                [33mfill[31m=[32m"none"[31m
                [33mheight[31m=[32m"24"[31m
                [33mstroke[31m=[32m"currentColor"[31m
                [33mstroke-linecap[31m=[32m"round"[31m
                [33mstroke-linejoin[31m=[32m"round"[31m
                [33mstroke-width[31m=[32m"2"[31m
                [33mviewBox[31m=[32m"0 0 24 24"[31m
                [33mwidth[31m=[32m"24"[31m
                [33mxmlns[31m=[32m"http://www.w3.org/2000/svg"[31m
              [36m>[31m
                [36m<rect[31m
                  [33mheight[31m=[32m"16"[31m
                  [33mrx[31m=[32m"2"[31m
                  [33mwidth[31m=[32m"16"[31m
                  [33mx[31m=[32m"4"[31m
                  [33my[31m=[32m"4"[31m
                [36m/>[31m
                [36m<rect[31m
                  [33mheight[31m=[32m"6"[31m
                  [33mwidth[31m=[32m"6"[31m
                  [33mx[31m=[32m"9"[31m
                  [33my[31m=[32m"9"[31m
                [36m/>[31m
                [36m<path[31m
                  [33md[31m=[32m"M15 2v2"[31m
                [36m/>[31m
                [36m<path[31m
                  [33md[31m=[32m"M15 20v2"[31m
                [36m/>[31m
                [36m<path[31m
                  [33md[31m=[32m"M2 15h2"[31m
                [36m/>[31m
                [36m<path[31m
                  [33md[31m=[32m"M2 9h2"[31m
                [36m/>[31m
                [36m<path[31m
                  [33md[31m=[32m"M20 15h2"[31m
                [36m/>[31m
                [36m<path[31m
                  [33md[31m=[32m"M20 9h2"[31m
                [36m/>[31m
                [36m<path[31m
                  [33md[31m=[32m"M9 2v2"[31m
                [36m/>[31m
                [36m<path[31m
                  [33md[31m=[32m"M9 20v2"[31m
                [36m/>[31m
              [36m</svg>[31m
            [36m</div>[31m
            [36m<div>[31m
              [36m<h2[31m
                [33mclass[31m=[32m"text-xl font-semibold text-gray-900"[31m
              [36m>[31m
                [0mWeb Worker Manager[0m
              [36m</h2>[31m
              [36m<p[31m
                [33mclass[31m=[32m"text-sm text-gray-600"[31m
              [36m>[31m
                [0mGerenciamento avan├ºado de Web Workers[0m
              [36m</p>[31m
            [36m</div>[31m
          [36m</div>[31m
          [36m<div[31m
            [33mclass[31m=[32m"flex items-center space-x-2"[31m
          [36m>[31m
            [36m<button[31m
              [33mclass[31m=[32m"px-3 py-1 rounded-md text-sm font-medium bg-green-100 text-green-700 hover:bg-green-200"[31m
            [36m>[31m
              [0mAuto-refresh ON[0m
            [36m</button>[31m
            [36m<button[31m
              [33mclass[31m=[32m"px-4 py-2 bg-purple-600 text-white rounded-md hover:bg-purple-700 flex items-center space-x-2"[31m
            [36m>[31m
              [36m<svg[31m
                [33mclass[31m=[32m"lucide lucide-plus h-4 w-4"[31m
                [33mfill[31m=[32m"none"[31m
                [33mheight[31m=[32m"24"[31m
                [33mstroke[31m=[32m"currentColor"[31m
                [33mstroke-linecap[31m=[32m"round"[31m
                [33mstroke-linejoin[31m=[32m"round"[31m
                [33mstroke-width[31m=[32m"2"[31m
                [33mviewBox[31m=[32m"0 0 24 24"[31m
                [33mwidth[31m=[32m"24"[31m
                [33mxmlns[31m=[32m"http://www.w3.org/2000/svg"[31m
              [36m>[31m
                [36m<path[31m
                  [33md[31m=[32m"M5 12h14"[31m
                [36m/>[31m
                [36m<path[31m
                  [33md[31m=[32m"M12 5v14"[31m
                [36m/>[31m
              [36m</svg>[31m
              [36m<span>[31m
                [0mNovo Worker[0m
              [36m</span>[31m
            [36m</button>[31m
          [36m</div>[31m
        [36m</div>[31m
      [36m</div>[31m
      [36m<div[31m
        [33mclass[31m=[32m"p-6 grid grid-cols-1 md:grid-cols-2 lg:grid-cols-4 gap-4"[31m
      [36m>[31m
        [36m<div[31m
          [33mclass[31m=[32m"bg-blue-50 rounded-lg p-4 cursor-pointer transition-all duration-200 hover:shadow-md"[31m
        [36m>[31m
          [36m<div[31m
            [33mclass[31m=[32m"flex items-center justify-between"[31m
          [36m>[31m
            [36m<div[31m
              [33mclass[31m=[32m"flex items-center space-x-3"[31m
            [36m>[31m
              [36m<svg[31m
                [33mclass[31m=[32m"lucide lucide-users h-8 w-8 text-blue-600"[31m
                [33mfill[31m=[32m"none"[31m
                [33mheight[31m=[32m"24"[31m
                [33mstroke[31m=[32m"currentColor"[31m
                [33mstroke-linecap[31m=[32m"round"[31m
                [33mstroke-linejoin[31m=[32m"round"[31m
                [33mstroke-width[31m=[32m"2"[31m
                [33mviewBox[31m=[32m"0 0 24 24"[31m
                [33mwidth[31m=[32m"24"[31m
                [33mxmlns[31m=[32m"http://www.w3.org/2000/svg"[31m
              [36m>[31m
                [36m<path[31m
                  [33md[31m=[32m"M16 21v-2a4 4 0 0 0-4-4H6a4 4 0 0 0-4 4v2"[31m
                [36m/>[31m
                [36m<circle[31m
                  [33mcx[31m=[32m"9"[31m
                  [33mcy[31m=[32m"7"[31m
                  [33mr[31m=[32m"4"[31m
                [36m/>[31m
                [36m<path[31m
                  [33md[31m=[32m"M22 21v-2a4 4 0 0 0-3-3.87"[31m
                [36m/>[31m
                [36m<path[31m
                  [33md[31m=[32m"M16 3.13a4 4 0 0 1 0 7.75"[31m
                [36m/>[31m
              [36m</svg>[31m
              [36m<div>[31m
                [36m<p[31m
                  [33mclass[31m=[32m"text-sm font-medium text-gray-600"[31m
                [36m>[31m
                  [0mWorkers Ativos[0m
                [36m</p>[31m
                [36m<p[31m
                  [33mclass[31m=[32m"text-2xl font...

Ignored nodes: comments, script, style
[36m<html>[31m
  [36m<head />[31m
  [36m<body>[31m
    [36m<div>[31m
      [36m<div[31m
        [33mclass[31m=[32m"bg-white rounded-lg shadow-lg "[31m
      [36m>[31m
        [36m<div[31m
          [33mclass[31m=[32m"p-6 border-b border-gray-200"[31m
        [36m>[31m
          [36m<div[31m
            [33mclass[31m=[32m"flex items-center justify-between"[31m
          [36m>[31m
            [36m<div[31m
              [33mclass[31m=[32m"flex items-center space-x-3"[31m
            [36m>[31m
              [36m<div[31m
                [33mclass[31m=[32m"p-2 bg-purple-100 rounded-lg"[31m
              [36m>[31m
                [36m<svg[31m
                  [33mclass[31m=[32m"lucide lucide-cpu h-6 w-6 text-purple-600"[31m
                  [33mfill[31m=[32m"none"[31m
                  [33mheight[31m=[32m"24"[31m
                  [33mstroke[31m=[32m"currentColor"[31m
                  [33mstroke-linecap[31m=[32m"round"[31m
                  [33mstroke-linejoin[31m=[32m"round"[31m
                  [33mstroke-width[31m=[32m"2"[31m
                  [33mviewBox[31m=[32m"0 0 24 24"[31m
                  [33mwidth[31m=[32m"24"[31m
                  [33mxmlns[31m=[32m"http://www.w3.org/2000/svg"[31m
                [36m>[31m
                  [36m<rect[31m
                    [33mheight[31m=[32m"16"[31m
                    [33mrx[31m=[32m"2"[31m
                    [33mwidth[31m=[32m"16"[31m
                    [33mx[31m=[32m"4"[31m
                    [33my[31m=[32m"4"[31m
                  [36m/>[31m
                  [36m<rect[31m
                    [33mheight[31m=[32m"6"[31m
                    [33mwidth[31m=[32m"6"[31m
                    [33mx[31m=[32m"9"[31m
                    [33my[31m=[32m"9"[31m
                  [36m/>[31m
                  [36m<path[31m
                    [33md[31m=[32m"M15 2v2"[31m
                  [36m/>[31m
                  [36m<path[31m
                    [33md[31m=[32m"M15 20v2"[31m
                  [36m/>[31m
                  [36m<path[31m
                    [33md[31m=[32m"M2 15h2"[31m
                  [36m/>[31m
                  [36m<path[31m
                    [33md[31m=[32m"M2 9h2"[31m
                  [36m/>[31m
                  [36m<path[31m
                    [33md[31m=[32m"M20 15h2"[31m
                  [36m/>[31m
                  [36m<path[31m
                    [33md[31m=[32m"M20 9h2"[31m
                  [36m/>[31m
                  [36m<path[31m
                    [33md[31m=[32m"M9 2v2"[31m
                  [36m/>[31m
                  [36m<path[31m
                    [33md[31m=[32m"M9 20v2"[31m
                  [36m/>[31m
                [36m</svg>[31m
              [36m</div>[31m
              [36m<div>[31m
                [36m<h2[31m
                  [33mclass[31m=[32m"text-xl font-semibold text-gray-900"[31m
                [36m>[31m
                  [0mWeb Worker Manager[0m
                [36m</h2>[31m
                [36m<p[31m
                  [33mclass[31m=[32m"text-sm text-gray-600"[31m
                [36m>[31m
                  [0mGerenciamento avan├ºado de Web Workers[0m
                [36m</p>[31m
              [36m</div>[31m
            [36m</div>[31m
            [36m<div[31m
              [33mclass[31m=[32m"flex items-center space-x-2"[31m
            [36m>[31m
              [36m<button[31m
                [33mclass[31m=[32m"px-3 py-1 rounded-md text-sm font-medium bg-green-100 text-green-700 hover:bg-green-200"[31m
              [36m>[31m
                [0mAuto-refresh ON[0m
              [36m</button>[31m
              [36m<button[31m
                [33mclass[31m=[32m"px-4 py-2 bg-purple-600 text-white rounded-md hover:bg-purple-700 flex items-center space-x-2"[31m
              [36m>[31m
                [36m<svg[31m
                  [33mclass[31m=[32m"lucide lucide-plus h-4 w-4"[31m
                  [33mfill[31m=[32m"none"[31m
                  [33mheight[31m=[32m"24"[31m
                  [33mstroke[31m=[32m"currentColor"[31m
                  [33mstroke-linecap[31m=[32m"round"[31m
                  [33mstroke-linejoin[31m=[32m"round"[31m
                  [33mstroke-width[31m=[32m"2"[31m
                  [33mviewBox[31m=[32m"0 0 24 24"[31m
                  [33mwidth[31m=[32m"24"[31m
                  [33mxmlns[31m=[32m"http://www.w3.org/2000/svg"[31m
                [36m>[31m
                  [36m<path[31m
                    [33md[31m=[32m"M5 12h14"[31m
                  [36m/>[31m
                  [36m<path[31m
                    [33md[31m=[32m"M12 5v14"[31m
                  [36m/>[31m
                [36m</svg>[31m
                [36m<span>[31m
                  [0mNovo Worker[0m
                [36m</span>[31m
              [36m</button>[31m
            [36m</div>[31m
          [36m</div>[31m
        [36m</div>[31m
        [36m<div[31m
          [33mclass[31m=[32m"p-6 grid grid-cols-1 md:grid-cols-2 lg:grid-cols-4 gap-4"[31m
        [36m>[31m
          [36m<div[31m
            [33mclass[31m=[32m"bg-blue-50 rounded-lg p-4 cursor-pointer transition-all duration-200 hover:shadow-md"[31m
          [36m>[31m
            [36m<div[31m
              [33mclass[31m=[32m"flex items-center justify-between"[31m
            [36m>[31m
              [36m<div[31m
                [33mclass[31m=[32m"flex items-center space-x-3"[31m
              [36m>[31m
                [36m<svg[31m
                  [33mclass[31m=[32m"lucide lucide-users h-8 w-8 text-blue-600"[31m
                  [33mfill[31m=[32m"none"[31m
                  [33mheight[31m=[32m"24"[31m
                  [33mstroke[31m=[32m"currentColor"[31m
                  [33mstroke-linecap[31m=[32m"round"[31m
                  [33mstroke-linejoin[31m=[32m"round"[31m
                  [33mstroke-width[31m=[32m"2"[31m
                  [33mviewBox[31m=[32m"0 0 24 24"[31m
                  [33mwidth[31m=[32m"24"[31m
                  [33mxmlns[31m=[32m"http://www.w3.org/2000/svg"[31m
                [36m>[31m
                  [36m<path[31m
                    [33md[31m=[32m"M16 21v-2a4 4 0 0 0-4-4H6a4 4 0 0 0-4 4v2"[31m
                  [36m/>[31m
                  [36m<circle[31m
                    [33mcx[31m=[32m"9"[31m
                    [33mcy[31m=[32m"7"[31m
                    [33mr[31m=[32m"4"[31m
                  [36m/>[31m
                  [36m<path[31m
                    [33md[31m=[32m"M22 21v-2a4 4 0 0 0-3-3.87"[31m
                  [36m/>[31m
                  [36m<path[31m
                    [33md[31m=[32m"M16 3.13a4 4 0 0 1 0 7.75"[31m
                  [36m/>[31m
  ...[39m
 [31m├ù[39m src/__tests__/components/WebWorkerManager.test.tsx[2m > [22mWebWorkerManager Component[2m > [22mNavega├º├úo entre Abas[2m > [22mdeve manter estado da aba ativa[32m 154[2mms[22m[39m
[31m   ÔåÆ [2mexpect([22m[31melement[31m[2m).toHaveClass([22m[32m[32m"border-blue-500"[32m[31m[2m)[22m

Expected the element to have class:
[32m  border-blue-500[31m
Received:
[31m  flex items-center space-x-2 py-4 px-1 border-b-2 font-medium text-sm border-purple-500 text-purple-600[31m[39m
 [31m├ù[39m src/__tests__/components/WebWorkerManager.test.tsx[2m > [22mWebWorkerManager Component[2m > [22mFuncionalidades de Busca e Filtro[2m > [22mdeve executar busca[32m 111[2mms[22m[39m
[31m   ÔåÆ Unable to find an element with the placeholder text of: Buscar...

Ignored nodes: comments, script, style
[36m<body>[31m
  [36m<div>[31m
    [36m<div[31m
      [33mclass[31m=[32m"bg-white rounded-lg shadow-lg "[31m
    [36m>[31m
      [36m<div[31m
        [33mclass[31m=[32m"p-6 border-b border-gray-200"[31m
      [36m>[31m
        [36m<div[31m
          [33mclass[31m=[32m"flex items-center justify-between"[31m
        [36m>[31m
          [36m<div[31m
            [33mclass[31m=[32m"flex items-center space-x-3"[31m
          [36m>[31m
            [36m<div[31m
              [33mclass[31m=[32m"p-2 bg-purple-100 rounded-lg"[31m
            [36m>[31m
              [36m<svg[31m
                [33mclass[31m=[32m"lucide lucide-cpu h-6 w-6 text-purple-600"[31m
                [33mfill[31m=[32m"none"[31m
                [33mheight[31m=[32m"24"[31m
                [33mstroke[31m=[32m"currentColor"[31m
                [33mstroke-linecap[31m=[32m"round"[31m
                [33mstroke-linejoin[31m=[32m"round"[31m
                [33mstroke-width[31m=[32m"2"[31m
                [33mviewBox[31m=[32m"0 0 24 24"[31m
                [33mwidth[31m=[32m"24"[31m
                [33mxmlns[31m=[32m"http://www.w3.org/2000/svg"[31m
              [36m>[31m
                [36m<rect[31m
                  [33mheight[31m=[32m"16"[31m
                  [33mrx[31m=[32m"2"[31m
                  [33mwidth[31m=[32m"16"[31m
                  [33mx[31m=[32m"4"[31m
                  [33my[31m=[32m"4"[31m
                [36m/>[31m
                [36m<rect[31m
                  [33mheight[31m=[32m"6"[31m
                  [33mwidth[31m=[32m"6"[31m
                  [33mx[31m=[32m"9"[31m
                  [33my[31m=[32m"9"[31m
                [36m/>[31m
                [36m<path[31m
                  [33md[31m=[32m"M15 2v2"[31m
                [36m/>[31m
                [36m<path[31m
                  [33md[31m=[32m"M15 20v2"[31m
                [36m/>[31m
                [36m<path[31m
                  [33md[31m=[32m"M2 15h2"[31m
                [36m/>[31m
                [36m<path[31m
                  [33md[31m=[32m"M2 9h2"[31m
                [36m/>[31m
                [36m<path[31m
                  [33md[31m=[32m"M20 15h2"[31m
                [36m/>[31m
                [36m<path[31m
                  [33md[31m=[32m"M20 9h2"[31m
                [36m/>[31m
                [36m<path[31m
                  [33md[31m=[32m"M9 2v2"[31m
                [36m/>[31m
                [36m<path[31m
                  [33md[31m=[32m"M9 20v2"[31m
                [36m/>[31m
              [36m</svg>[31m
            [36m</div>[31m
            [36m<div>[31m
              [36m<h2[31m
                [33mclass[31m=[32m"text-xl font-semibold text-gray-900"[31m
              [36m>[31m
                [0mWeb Worker Manager[0m
              [36m</h2>[31m
              [36m<p[31m
                [33mclass[31m=[32m"text-sm text-gray-600"[31m
              [36m>[31m
                [0mGerenciamento avan├ºado de Web Workers[0m
              [36m</p>[31m
            [36m</div>[31m
          [36m</div>[31m
          [36m<div[31m
            [33mclass[31m=[32m"flex items-center space-x-2"[31m
          [36m>[31m
            [36m<button[31m
              [33mclass[31m=[32m"px-3 py-1 rounded-md text-sm font-medium bg-green-100 text-green-700 hover:bg-green-200"[31m
            [36m>[31m
              [0mAuto-refresh ON[0m
            [36m</button>[31m
            [36m<button[31m
              [33mclass[31m=[32m"px-4 py-2 bg-purple-600 text-white rounded-md hover:bg-purple-700 flex items-center space-x-2"[31m
            [36m>[31m
              [36m<svg[31m
                [33mclass[31m=[32m"lucide lucide-plus h-4 w-4"[31m
                [33mfill[31m=[32m"none"[31m
                [33mheight[31m=[32m"24"[31m
                [33mstroke[31m=[32m"currentColor"[31m
                [33mstroke-linecap[31m=[32m"round"[31m
                [33mstroke-linejoin[31m=[32m"round"[31m
                [33mstroke-width[31m=[32m"2"[31m
                [33mviewBox[31m=[32m"0 0 24 24"[31m
                [33mwidth[31m=[32m"24"[31m
                [33mxmlns[31m=[32m"http://www.w3.org/2000/svg"[31m
              [36m>[31m
                [36m<path[31m
                  [33md[31m=[32m"M5 12h14"[31m
                [36m/>[31m
                [36m<path[31m
                  [33md[31m=[32m"M12 5v14"[31m
                [36m/>[31m
              [36m</svg>[31m
              [36m<span>[31m
                [0mNovo Worker[0m
              [36m</span>[31m
            [36m</button>[31m
          [36m</div>[31m
        [36m</div>[31m
      [36m</div>[31m
      [36m<div[31m
        [33mclass[31m=[32m"p-6 grid grid-cols-1 md:grid-cols-2 lg:grid-cols-4 gap-4"[31m
      [36m>[31m
        [36m<div[31m
          [33mclass[31m=[32m"bg-blue-50 rounded-lg p-4 cursor-pointer transition-all duration-200 hover:shadow-md"[31m
        [36m>[31m
          [36m<div[31m
            [33mclass[31m=[32m"flex items-center justify-between"[31m
          [36m>[31m
            [36m<div[31m
              [33mclass[31m=[32m"flex items-center space-x-3"[31m
            [36m>[31m
              [36m<svg[31m
                [33mclass[31m=[32m"lucide lucide-users h-8 w-8 text-blue-600"[31m
                [33mfill[31m=[32m"none"[31m
                [33mheight[31m=[32m"24"[31m
                [33mstroke[31m=[32m"currentColor"[31m
                [33mstroke-linecap[31m=[32m"round"[31m
                [33mstroke-linejoin[31m=[32m"round"[31m
                [33mstroke-width[31m=[32m"2"[31m
                [33mviewBox[31m=[32m"0 0 24 24"[31m
                [33mwidth[31m=[32m"24"[31m
                [33mxmlns[31m=[32m"http://www.w3.org/2000/svg"[31m
              [36m>[31m
                [36m<path[31m
                  [33md[31m=[32m"M16 21v-2a4 4 0 0 0-4-4H6a4 4 0 0 0-4 4v2"[31m
                [36m/>[31m
                [36m<circle[31m
                  [33mcx[31m=[32m"9"[31m
                  [33mcy[31m=[32m"7"[31m
                  [33mr[31m=[32m"4"[31m
                [36m/>[31m
                [36m<path[31m
                  [33md[31m=[32m"M22 21v-2a4 4 0 0 0-3-3.87"[31m
                [36m/>[31m
                [36m<path[31m
                  [33md[31m=[32m"M16 3.13a4 4 0 0 1 0 7.75"[31m
                [36m/>[31m
              [36m</svg>[31m
              [36m<div>[31m
                [36m<p[31m
                  [33mclass[31m=[32m"text-sm font-medium text-gray-600"[31m
                [36m>[31m
                  [0mWorkers Ativos[0m
                [36m</p>[31m
                [36m<p[31m
                  [33mclass[31m=[32m"text-2xl font...[39m
 [31m├ù[39m src/__tests__/components/WebWorkerManager.test.tsx[2m > [22mWebWorkerManager Component[2m > [22mFuncionalidades de Busca e Filtro[2m > [22mdeve limpar filtros[32m 155[2mms[22m[39m
[31m   ÔåÆ Unable to find an element with the text: Limpar. This could be because the text is broken up by multiple elements. In this case, you can provide a function for your text matcher to make your matcher more flexible.

Ignored nodes: comments, script, style
[36m<body>[31m
  [36m<div>[31m
    [36m<div[31m
      [33mclass[31m=[32m"bg-white rounded-lg shadow-lg "[31m
    [36m>[31m
      [36m<div[31m
        [33mclass[31m=[32m"p-6 border-b border-gray-200"[31m
      [36m>[31m
        [36m<div[31m
          [33mclass[31m=[32m"flex items-center justify-between"[31m
        [36m>[31m
          [36m<div[31m
            [33mclass[31m=[32m"flex items-center space-x-3"[31m
          [36m>[31m
            [36m<div[31m
              [33mclass[31m=[32m"p-2 bg-purple-100 rounded-lg"[31m
            [36m>[31m
              [36m<svg[31m
                [33mclass[31m=[32m"lucide lucide-cpu h-6 w-6 text-purple-600"[31m
                [33mfill[31m=[32m"none"[31m
                [33mheight[31m=[32m"24"[31m
                [33mstroke[31m=[32m"currentColor"[31m
                [33mstroke-linecap[31m=[32m"round"[31m
                [33mstroke-linejoin[31m=[32m"round"[31m
                [33mstroke-width[31m=[32m"2"[31m
                [33mviewBox[31m=[32m"0 0 24 24"[31m
                [33mwidth[31m=[32m"24"[31m
                [33mxmlns[31m=[32m"http://www.w3.org/2000/svg"[31m
              [36m>[31m
                [36m<rect[31m
                  [33mheight[31m=[32m"16"[31m
                  [33mrx[31m=[32m"2"[31m
                  [33mwidth[31m=[32m"16"[31m
                  [33mx[31m=[32m"4"[31m
                  [33my[31m=[32m"4"[31m
                [36m/>[31m
                [36m<rect[31m
                  [33mheight[31m=[32m"6"[31m
                  [33mwidth[31m=[32m"6"[31m
                  [33mx[31m=[32m"9"[31m
                  [33my[31m=[32m"9"[31m
                [36m/>[31m
                [36m<path[31m
                  [33md[31m=[32m"M15 2v2"[31m
                [36m/>[31m
                [36m<path[31m
                  [33md[31m=[32m"M15 20v2"[31m
                [36m/>[31m
                [36m<path[31m
                  [33md[31m=[32m"M2 15h2"[31m
                [36m/>[31m
                [36m<path[31m
                  [33md[31m=[32m"M2 9h2"[31m
                [36m/>[31m
                [36m<path[31m
                  [33md[31m=[32m"M20 15h2"[31m
                [36m/>[31m
                [36m<path[31m
                  [33md[31m=[32m"M20 9h2"[31m
                [36m/>[31m
                [36m<path[31m
                  [33md[31m=[32m"M9 2v2"[31m
                [36m/>[31m
                [36m<path[31m
                  [33md[31m=[32m"M9 20v2"[31m
                [36m/>[31m
              [36m</svg>[31m
            [36m</div>[31m
            [36m<div>[31m
              [36m<h2[31m
                [33mclass[31m=[32m"text-xl font-semibold text-gray-900"[31m
              [36m>[31m
                [0mWeb Worker Manager[0m
              [36m</h2>[31m
              [36m<p[31m
                [33mclass[31m=[32m"text-sm text-gray-600"[31m
              [36m>[31m
                [0mGerenciamento avan├ºado de Web Workers[0m
              [36m</p>[31m
            [36m</div>[31m
          [36m</div>[31m
          [36m<div[31m
            [33mclass[31m=[32m"flex items-center space-x-2"[31m
          [36m>[31m
            [36m<button[31m
              [33mclass[31m=[32m"px-3 py-1 rounded-md text-sm font-medium bg-green-100 text-green-700 hover:bg-green-200"[31m
            [36m>[31m
              [0mAuto-refresh ON[0m
            [36m</button>[31m
            [36m<button[31m
              [33mclass[31m=[32m"px-4 py-2 bg-purple-600 text-white rounded-md hover:bg-purple-700 flex items-center space-x-2"[31m
            [36m>[31m
              [36m<svg[31m
                [33mclass[31m=[32m"lucide lucide-plus h-4 w-4"[31m
                [33mfill[31m=[32m"none"[31m
                [33mheight[31m=[32m"24"[31m
                [33mstroke[31m=[32m"currentColor"[31m
                [33mstroke-linecap[31m=[32m"round"[31m
                [33mstroke-linejoin[31m=[32m"round"[31m
                [33mstroke-width[31m=[32m"2"[31m
                [33mviewBox[31m=[32m"0 0 24 24"[31m
                [33mwidth[31m=[32m"24"[31m
                [33mxmlns[31m=[32m"http://www.w3.org/2000/svg"[31m
              [36m>[31m
                [36m<path[31m
                  [33md[31m=[32m"M5 12h14"[31m
                [36m/>[31m
                [36m<path[31m
                  [33md[31m=[32m"M12 5v14"[31m
                [36m/>[31m
              [36m</svg>[31m
              [36m<span>[31m
                [0mNovo Worker[0m
              [36m</span>[31m
            [36m</button>[31m
          [36m</div>[31m
        [36m</div>[31m
      [36m</div>[31m
      [36m<div[31m
        [33mclass[31m=[32m"p-6 grid grid-cols-1 md:grid-cols-2 lg:grid-cols-4 gap-4"[31m
      [36m>[31m
        [36m<div[31m
          [33mclass[31m=[32m"bg-blue-50 rounded-lg p-4 cursor-pointer transition-all duration-200 hover:shadow-md"[31m
        [36m>[31m
          [36m<div[31m
            [33mclass[31m=[32m"flex items-center justify-between"[31m
          [36m>[31m
            [36m<div[31m
              [33mclass[31m=[32m"flex items-center space-x-3"[31m
            [36m>[31m
              [36m<svg[31m
                [33mclass[31m=[32m"lucide lucide-users h-8 w-8 text-blue-600"[31m
                [33mfill[31m=[32m"none"[31m
                [33mheight[31m=[32m"24"[31m
                [33mstroke[31m=[32m"currentColor"[31m
                [33mstroke-linecap[31m=[32m"round"[31m
                [33mstroke-linejoin[31m=[32m"round"[31m
                [33mstroke-width[31m=[32m"2"[31m
                [33mviewBox[31m=[32m"0 0 24 24"[31m
                [33mwidth[31m=[32m"24"[31m
                [33mxmlns[31m=[32m"http://www.w3.org/2000/svg"[31m
              [36m>[31m
                [36m<path[31m
                  [33md[31m=[32m"M16 21v-2a4 4 0 0 0-4-4H6a4 4 0 0 0-4 4v2"[31m
                [36m/>[31m
                [36m<circle[31m
                  [33mcx[31m=[32m"9"[31m
                  [33mcy[31m=[32m"7"[31m
                  [33mr[31m=[32m"4"[31m
                [36m/>[31m
                [36m<path[31m
                  [33md[31m=[32m"M22 21v-2a4 4 0 0 0-3-3.87"[31m
                [36m/>[31m
                [36m<path[31m
                  [33md[31m=[32m"M16 3.13a4 4 0 0 1 0 7.75"[31m
                [36m/>[31m
              [36m</svg>[31m
              [36m<div>[31m
                [36m<p[31m
                  [33mclass[31m=[32m"text-sm font-medium text-gray-600"[31m
                [36m>[31m
                  [0mWorkers Ativos[0m
                [36m</p>[31m
                [36m<p[31m
                  [33mclass[31m=[32m"text-2xl font...[39m
 [31m├ù[39m src/__tests__/components/WebWorkerManager.test.tsx[2m > [22mWebWorkerManager Component[2m > [22mCria├º├úo de Workers[2m > [22mdeve abrir dialog de cria├º├úo de worker[32m 226[2mms[22m[39m
[31m   ÔåÆ Unable to find an element with the text: Criar Worker. This could be because the text is broken up by multiple elements. In this case, you can provide a function for your text matcher to make your matcher more flexible.

Ignored nodes: comments, script, style
[36m<body>[31m
  [36m<div>[31m
    [36m<div[31m
      [33mclass[31m=[32m"bg-white rounded-lg shadow-lg "[31m
    [36m>[31m
      [36m<div[31m
        [33mclass[31m=[32m"p-6 border-b border-gray-200"[31m
      [36m>[31m
        [36m<div[31m
          [33mclass[31m=[32m"flex items-center justify-between"[31m
        [36m>[31m
          [36m<div[31m
            [33mclass[31m=[32m"flex items-center space-x-3"[31m
          [36m>[31m
            [36m<div[31m
              [33mclass[31m=[32m"p-2 bg-purple-100 rounded-lg"[31m
            [36m>[31m
              [36m<svg[31m
                [33mclass[31m=[32m"lucide lucide-cpu h-6 w-6 text-purple-600"[31m
                [33mfill[31m=[32m"none"[31m
                [33mheight[31m=[32m"24"[31m
                [33mstroke[31m=[32m"currentColor"[31m
                [33mstroke-linecap[31m=[32m"round"[31m
                [33mstroke-linejoin[31m=[32m"round"[31m
                [33mstroke-width[31m=[32m"2"[31m
                [33mviewBox[31m=[32m"0 0 24 24"[31m
                [33mwidth[31m=[32m"24"[31m
                [33mxmlns[31m=[32m"http://www.w3.org/2000/svg"[31m
              [36m>[31m
                [36m<rect[31m
                  [33mheight[31m=[32m"16"[31m
                  [33mrx[31m=[32m"2"[31m
                  [33mwidth[31m=[32m"16"[31m
                  [33mx[31m=[32m"4"[31m
                  [33my[31m=[32m"4"[31m
                [36m/>[31m
                [36m<rect[31m
                  [33mheight[31m=[32m"6"[31m
                  [33mwidth[31m=[32m"6"[31m
                  [33mx[31m=[32m"9"[31m
                  [33my[31m=[32m"9"[31m
                [36m/>[31m
                [36m<path[31m
                  [33md[31m=[32m"M15 2v2"[31m
                [36m/>[31m
                [36m<path[31m
                  [33md[31m=[32m"M15 20v2"[31m
                [36m/>[31m
                [36m<path[31m
                  [33md[31m=[32m"M2 15h2"[31m
                [36m/>[31m
                [36m<path[31m
                  [33md[31m=[32m"M2 9h2"[31m
                [36m/>[31m
                [36m<path[31m
                  [33md[31m=[32m"M20 15h2"[31m
                [36m/>[31m
                [36m<path[31m
                  [33md[31m=[32m"M20 9h2"[31m
                [36m/>[31m
                [36m<path[31m
                  [33md[31m=[32m"M9 2v2"[31m
                [36m/>[31m
                [36m<path[31m
                  [33md[31m=[32m"M9 20v2"[31m
                [36m/>[31m
              [36m</svg>[31m
            [36m</div>[31m
            [36m<div>[31m
              [36m<h2[31m
                [33mclass[31m=[32m"text-xl font-semibold text-gray-900"[31m
              [36m>[31m
                [0mWeb Worker Manager[0m
              [36m</h2>[31m
              [36m<p[31m
                [33mclass[31m=[32m"text-sm text-gray-600"[31m
              [36m>[31m
                [0mGerenciamento avan├ºado de Web Workers[0m
              [36m</p>[31m
            [36m</div>[31m
          [36m</div>[31m
          [36m<div[31m
            [33mclass[31m=[32m"flex items-center space-x-2"[31m
          [36m>[31m
            [36m<button[31m
              [33mclass[31m=[32m"px-3 py-1 rounded-md text-sm font-medium bg-green-100 text-green-700 hover:bg-green-200"[31m
            [36m>[31m
              [0mAuto-refresh ON[0m
            [36m</button>[31m
            [36m<button[31m
              [33mclass[31m=[32m"px-4 py-2 bg-purple-600 text-white rounded-md hover:bg-purple-700 flex items-center space-x-2"[31m
            [36m>[31m
              [36m<svg[31m
                [33mclass[31m=[32m"lucide lucide-plus h-4 w-4"[31m
                [33mfill[31m=[32m"none"[31m
                [33mheight[31m=[32m"24"[31m
                [33mstroke[31m=[32m"currentColor"[31m
                [33mstroke-linecap[31m=[32m"round"[31m
                [33mstroke-linejoin[31m=[32m"round"[31m
                [33mstroke-width[31m=[32m"2"[31m
                [33mviewBox[31m=[32m"0 0 24 24"[31m
                [33mwidth[31m=[32m"24"[31m
                [33mxmlns[31m=[32m"http://www.w3.org/2000/svg"[31m
              [36m>[31m
                [36m<path[31m
                  [33md[31m=[32m"M5 12h14"[31m
                [36m/>[31m
                [36m<path[31m
                  [33md[31m=[32m"M12 5v14"[31m
                [36m/>[31m
              [36m</svg>[31m
              [36m<span>[31m
                [0mNovo Worker[0m
              [36m</span>[31m
            [36m</button>[31m
          [36m</div>[31m
        [36m</div>[31m
      [36m</div>[31m
      [36m<div[31m
        [33mclass[31m=[32m"p-6 grid grid-cols-1 md:grid-cols-2 lg:grid-cols-4 gap-4"[31m
      [36m>[31m
        [36m<div[31m
          [33mclass[31m=[32m"bg-blue-50 rounded-lg p-4 cursor-pointer transition-all duration-200 hover:shadow-md"[31m
        [36m>[31m
          [36m<div[31m
            [33mclass[31m=[32m"flex items-center justify-between"[31m
          [36m>[31m
            [36m<div[31m
              [33mclass[31m=[32m"flex items-center space-x-3"[31m
            [36m>[31m
              [36m<svg[31m
                [33mclass[31m=[32m"lucide lucide-users h-8 w-8 text-blue-600"[31m
                [33mfill[31m=[32m"none"[31m
                [33mheight[31m=[32m"24"[31m
                [33mstroke[31m=[32m"currentColor"[31m
                [33mstroke-linecap[31m=[32m"round"[31m
                [33mstroke-linejoin[31m=[32m"round"[31m
                [33mstroke-width[31m=[32m"2"[31m
                [33mviewBox[31m=[32m"0 0 24 24"[31m
                [33mwidth[31m=[32m"24"[31m
                [33mxmlns[31m=[32m"http://www.w3.org/2000/svg"[31m
              [36m>[31m
                [36m<path[31m
                  [33md[31m=[32m"M16 21v-2a4 4 0 0 0-4-4H6a4 4 0 0 0-4 4v2"[31m
                [36m/>[31m
                [36m<circle[31m
                  [33mcx[31m=[32m"9"[31m
                  [33mcy[31m=[32m"7"[31m
                  [33mr[31m=[32m"4"[31m
                [36m/>[31m
                [36m<path[31m
                  [33md[31m=[32m"M22 21v-2a4 4 0 0 0-3-3.87"[31m
                [36m/>[31m
                [36m<path[31m
                  [33md[31m=[32m"M16 3.13a4 4 0 0 1 0 7.75"[31m
                [36m/>[31m
              [36m</svg>[31m
              [36m<div>[31m
                [36m<p[31m
                  [33mclass[31m=[32m"text-sm font-medium text-gray-600"[31m
                [36m>[31m
                  [0mWorkers Ativos[0m
                [36m</p>[31m
                [36m<p[31m
                  [33mclass[31m=[32m"text-2xl font...[39m
 [31m├ù[39m src/__tests__/components/AdvancedUIManager.test.tsx[2m > [22mAdvancedUIManager Component[2m > [22mNavega├º├úo entre Abas[2m > [22mdeve alternar entre abas[33m 1452[2mms[22m[39m
[31m   ÔåÆ Unable to find an element with the text: Nenhum tema encontrado. This could be because the text is broken up by multiple elements. In this case, you can provide a function for your text matcher to make your matcher more flexible.

Ignored nodes: comments, script, style
[36m<body>[31m
  [36m<div>[31m
    [36m<div[31m
      [33mclass[31m=[32m"bg-white rounded-lg shadow-lg "[31m
    [36m>[31m
      [36m<div[31m
        [33mclass[31m=[32m"p-6 border-b border-gray-200"[31m
      [36m>[31m
        [36m<div[31m
          [33mclass[31m=[32m"flex items-center justify-between"[31m
        [36m>[31m
          [36m<div[31m
            [33mclass[31m=[32m"flex items-center space-x-3"[31m
          [36m>[31m
            [36m<div[31m
              [33mclass[31m=[32m"p-2 bg-blue-100 rounded-lg"[31m
            [36m>[31m
              [36m<svg[31m
                [33mclass[31m=[32m"lucide lucide-layers h-6 w-6 text-blue-600"[31m
                [33mfill[31m=[32m"none"[31m
                [33mheight[31m=[32m"24"[31m
                [33mstroke[31m=[32m"currentColor"[31m
                [33mstroke-linecap[31m=[32m"round"[31m
                [33mstroke-linejoin[31m=[32m"round"[31m
                [33mstroke-width[31m=[32m"2"[31m
                [33mviewBox[31m=[32m"0 0 24 24"[31m
                [33mwidth[31m=[32m"24"[31m
                [33mxmlns[31m=[32m"http://www.w3.org/2000/svg"[31m
              [36m>[31m
                [36m<path[31m
                  [33md[31m=[32m"m12.83 2.18a2 2 0 0 0-1.66 0L2.6 6.08a1 1 0 0 0 0 1.83l8.58 3.91a2 2 0 0 0 1.66 0l8.58-3.9a1 1 0 0 0 0-1.83Z"[31m
                [36m/>[31m
                [36m<path[31m
                  [33md[31m=[32m"m22 17.65-9.17 4.16a2 2 0 0 1-1.66 0L2 17.65"[31m
                [36m/>[31m
                [36m<path[31m
                  [33md[31m=[32m"m22 12.65-9.17 4.16a2 2 0 0 1-1.66 0L2 12.65"[31m
                [36m/>[31m
              [36m</svg>[31m
            [36m</div>[31m
            [36m<div>[31m
              [36m<h2[31m
                [33mclass[31m=[32m"text-xl font-semibold text-gray-900"[31m
              [36m>[31m
                [0mAdvanced UI Manager[0m
              [36m</h2>[31m
              [36m<p[31m
                [33mclass[31m=[32m"text-sm text-gray-600"[31m
              [36m>[31m
                [0mGerencie componentes, tours e temas da interface[0m
              [36m</p>[31m
            [36m</div>[31m
          [36m</div>[31m
          [36m<div[31m
            [33mclass[31m=[32m"flex items-center space-x-2"[31m
          [36m>[31m
            [36m<div[31m
              [33mclass[31m=[32m"flex items-center space-x-1 px-2 py-1 rounded-full text-xs bg-green-100 text-green-800"[31m
            [36m>[31m
              [36m<svg[31m
                [33mclass[31m=[32m"lucide lucide-check-circle h-3 w-3"[31m
                [33mfill[31m=[32m"none"[31m
                [33mheight[31m=[32m"24"[31m
                [33mstroke[31m=[32m"currentColor"[31m
                [33mstroke-linecap[31m=[32m"round"[31m
                [33mstroke-linejoin[31m=[32m"round"[31m
                [33mstroke-width[31m=[32m"2"[31m
                [33mviewBox[31m=[32m"0 0 24 24"[31m
                [33mwidth[31m=[32m"24"[31m
                [33mxmlns[31m=[32m"http://www.w3.org/2000/svg"[31m
              [36m>[31m
                [36m<path[31m
                  [33md[31m=[32m"M22 11.08V12a10 10 0 1 1-5.93-9.14"[31m
                [36m/>[31m
                [36m<path[31m
                  [33md[31m=[32m"m9 11 3 3L22 4"[31m
                [36m/>[31m
              [36m</svg>[31m
              [36m<span>[31m
                [0mSaud├ível[0m
              [36m</span>[31m
            [36m</div>[31m
            [36m<button[31m
              [33mclass[31m=[32m"p-2 text-gray-400 hover:text-gray-600"[31m
            [36m>[31m
              [36m<svg[31m
                [33mclass[31m=[32m"lucide lucide-maximize2 h-4 w-4"[31m
                [33mfill[31m=[32m"none"[31m
                [33mheight[31m=[32m"24"[31m
                [33mstroke[31m=[32m"currentColor"[31m
                [33mstroke-linecap[31m=[32m"round"[31m
                [33mstroke-linejoin[31m=[32m"round"[31m
                [33mstroke-width[31m=[32m"2"[31m
                [33mviewBox[31m=[32m"0 0 24 24"[31m
                [33mwidth[31m=[32m"24"[31m
                [33mxmlns[31m=[32m"http://www.w3.org/2000/svg"[31m
              [36m>[31m
                [36m<polyline[31m
                  [33mpoints[31m=[32m"15 3 21 3 21 9"[31m
                [36m/>[31m
                [36m<polyline[31m
                  [33mpoints[31m=[32m"9 21 3 21 3 15"[31m
                [36m/>[31m
                [36m<line[31m
                  [33mx1[31m=[32m"21"[31m
                  [33mx2[31m=[32m"14"[31m
                  [33my1[31m=[32m"3"[31m
                  [33my2[31m=[32m"10"[31m
                [36m/>[31m
                [36m<line[31m
                  [33mx1[31m=[32m"3"[31m
                  [33mx2[31m=[32m"10"[31m
                  [33my1[31m=[32m"21"[31m
                  [33my2[31m=[32m"14"[31m
                [36m/>[31m
              [36m</svg>[31m
            [36m</button>[31m
          [36m</div>[31m
        [36m</div>[31m
      [36m</div>[31m
      [36m<div[31m
        [33mclass[31m=[32m"p-6"[31m
      [36m>[31m
        [36m<div[31m
          [33mclass[31m=[32m"grid grid-cols-1 md:grid-cols-2 lg:grid-cols-4 gap-4"[31m
        [36m>[31m
          [36m<div[31m
            [33mclass[31m=[32m"bg-white border border-gray-200 rounded-lg p-4 hover:shadow-md transition-shadow cursor-pointer"[31m
          [36m>[31m
            [36m<div[31m
              [33mclass[31m=[32m"flex items-center justify-between"[31m
            [36m>[31m
              [36m<div[31m
                [33mclass[31m=[32m"p-2 bg-blue-50 rounded-lg"[31m
              [36m>[31m
                [36m<svg[31m
                  [33mclass[31m=[32m"lucide lucide-layers h-5 w-5 text-blue-600"[31m
                  [33mfill[31m=[32m"none"[31m
                  [33mheight[31m=[32m"24"[31m
                  [33mstroke[31m=[32m"currentColor"[31m
                  [33mstroke-linecap[31m=[32m"round"[31m
                  [33mstroke-linejoin[31m=[32m"round"[31m
                  [33mstroke-width[31m=[32m"2"[31m
                  [33mviewBox[31m=[32m"0 0 24 24"[31m
                  [33mwidth[31m=[32m"24"[31m
                  [33mxmlns[31m=[32m"http://www.w3.org/2000/svg"[31m
                [36m>[31m
                  [36m<path[31m
                    [33md[31m=[32m"m12.83 2.18a2 2 0 0 0-1.66 0L2.6 6.08a1 1 0 0 0 0 1.83l8.58 3.91a2 2 0 0 0 1.66 0l8.58-3.9a1 1 0 0 0 0-1.83Z"[31m
                  [36m/>[31m
                  [36m<path[31m
                    [33md[31m=[32m"m22 17.65-9.17 4.16a2 2 0 0 1-1.66 0L2 17.65"[31m
                  [36m/>[31m
                ...

Ignored nodes: comments, script, style
[36m<html>[31m
  [36m<head />[31m
  [36m<body>[31m
    [36m<div>[31m
      [36m<div[31m
        [33mclass[31m=[32m"bg-white rounded-lg shadow-lg "[31m
      [36m>[31m
        [36m<div[31m
          [33mclass[31m=[32m"p-6 border-b border-gray-200"[31m
        [36m>[31m
          [36m<div[31m
            [33mclass[31m=[32m"flex items-center justify-between"[31m
          [36m>[31m
            [36m<div[31m
              [33mclass[31m=[32m"flex items-center space-x-3"[31m
            [36m>[31m
              [36m<div[31m
                [33mclass[31m=[32m"p-2 bg-blue-100 rounded-lg"[31m
              [36m>[31m
                [36m<svg[31m
                  [33mclass[31m=[32m"lucide lucide-layers h-6 w-6 text-blue-600"[31m
                  [33mfill[31m=[32m"none"[31m
                  [33mheight[31m=[32m"24"[31m
                  [33mstroke[31m=[32m"currentColor"[31m
                  [33mstroke-linecap[31m=[32m"round"[31m
                  [33mstroke-linejoin[31m=[32m"round"[31m
                  [33mstroke-width[31m=[32m"2"[31m
                  [33mviewBox[31m=[32m"0 0 24 24"[31m
                  [33mwidth[31m=[32m"24"[31m
                  [33mxmlns[31m=[32m"http://www.w3.org/2000/svg"[31m
                [36m>[31m
                  [36m<path[31m
                    [33md[31m=[32m"m12.83 2.18a2 2 0 0 0-1.66 0L2.6 6.08a1 1 0 0 0 0 1.83l8.58 3.91a2 2 0 0 0 1.66 0l8.58-3.9a1 1 0 0 0 0-1.83Z"[31m
                  [36m/>[31m
                  [36m<path[31m
                    [33md[31m=[32m"m22 17.65-9.17 4.16a2 2 0 0 1-1.66 0L2 17.65"[31m
                  [36m/>[31m
                  [36m<path[31m
                    [33md[31m=[32m"m22 12.65-9.17 4.16a2 2 0 0 1-1.66 0L2 12.65"[31m
                  [36m/>[31m
                [36m</svg>[31m
              [36m</div>[31m
              [36m<div>[31m
                [36m<h2[31m
                  [33mclass[31m=[32m"text-xl font-semibold text-gray-900"[31m
                [36m>[31m
                  [0mAdvanced UI Manager[0m
                [36m</h2>[31m
                [36m<p[31m
                  [33mclass[31m=[32m"text-sm text-gray-600"[31m
                [36m>[31m
                  [0mGerencie componentes, tours e temas da interface[0m
                [36m</p>[31m
              [36m</div>[31m
            [36m</div>[31m
            [36m<div[31m
              [33mclass[31m=[32m"flex items-center space-x-2"[31m
            [36m>[31m
              [36m<div[31m
                [33mclass[31m=[32m"flex items-center space-x-1 px-2 py-1 rounded-full text-xs bg-green-100 text-green-800"[31m
              [36m>[31m
                [36m<svg[31m
                  [33mclass[31m=[32m"lucide lucide-check-circle h-3 w-3"[31m
                  [33mfill[31m=[32m"none"[31m
                  [33mheight[31m=[32m"24"[31m
                  [33mstroke[31m=[32m"currentColor"[31m
                  [33mstroke-linecap[31m=[32m"round"[31m
                  [33mstroke-linejoin[31m=[32m"round"[31m
                  [33mstroke-width[31m=[32m"2"[31m
                  [33mviewBox[31m=[32m"0 0 24 24"[31m
                  [33mwidth[31m=[32m"24"[31m
                  [33mxmlns[31m=[32m"http://www.w3.org/2000/svg"[31m
                [36m>[31m
                  [36m<path[31m
                    [33md[31m=[32m"M22 11.08V12a10 10 0 1 1-5.93-9.14"[31m
                  [36m/>[31m
                  [36m<path[31m
                    [33md[31m=[32m"m9 11 3 3L22 4"[31m
                  [36m/>[31m
                [36m</svg>[31m
                [36m<span>[31m
                  [0mSaud├ível[0m
                [36m</span>[31m
              [36m</div>[31m
              [36m<button[31m
                [33mclass[31m=[32m"p-2 text-gray-400 hover:text-gray-600"[31m
              [36m>[31m
                [36m<svg[31m
                  [33mclass[31m=[32m"lucide lucide-maximize2 h-4 w-4"[31m
                  [33mfill[31m=[32m"none"[31m
                  [33mheight[31m=[32m"24"[31m
                  [33mstroke[31m=[32m"currentColor"[31m
                  [33mstroke-linecap[31m=[32m"round"[31m
                  [33mstroke-linejoin[31m=[32m"round"[31m
                  [33mstroke-width[31m=[32m"2"[31m
                  [33mviewBox[31m=[32m"0 0 24 24"[31m
                  [33mwidth[31m=[32m"24"[31m
                  [33mxmlns[31m=[32m"http://www.w3.org/2000/svg"[31m
                [36m>[31m
                  [36m<polyline[31m
                    [33mpoints[31m=[32m"15 3 21 3 21 9"[31m
                  [36m/>[31m
                  [36m<polyline[31m
                    [33mpoints[31m=[32m"9 21 3 21 3 15"[31m
                  [36m/>[31m
                  [36m<line[31m
                    [33mx1[31m=[32m"21"[31m
                    [33mx2[31m=[32m"14"[31m
                    [33my1[31m=[32m"3"[31m
                    [33my2[31m=[32m"10"[31m
                  [36m/>[31m
                  [36m<line[31m
                    [33mx1[31m=[32m"3"[31m
                    [33mx2[31m=[32m"10"[31m
                    [33my1[31m=[32m"21"[31m
                    [33my2[31m=[32m"14"[31m
                  [36m/>[31m
                [36m</svg>[31m
              [36m</button>[31m
            [36m</div>[31m
          [36m</div>[31m
        [36m</div>[31m
        [36m<div[31m
          [33mclass[31m=[32m"p-6"[31m
        [36m>[31m
          [36m<div[31m
            [33mclass[31m=[32m"grid grid-cols-1 md:grid-cols-2 lg:grid-cols-4 gap-4"[31m
          [36m>[31m
            [36m<div[31m
              [33mclass[31m=[32m"bg-white border border-gray-200 rounded-lg p-4 hover:shadow-md transition-shadow cursor-pointer"[31m
            [36m>[31m
              [36m<div[31m
                [33mclass[31m=[32m"flex items-center justify-between"[31m
              [36m>[31m
                [36m<div[31m
                  [33mclass[31m=[32m"p-2 bg-blue-50 rounded-lg"[31m
                [36m>[31m
                  [36m<svg[31m
                    [33mclass[31m=[32m"lucide lucide-layers h-5 w-5 text-blue-600"[31m
                    [33mfill[31m=[32m"none"[31m
                    [33mheight[31m=[32m"24"[31m
                    [33mstroke[31m=[32m"currentColor"[31m
                    [33mstroke-linecap[31m=[32m"round"[31m
                    [33mstroke-linejoin[31m=[32m"round"[31m
                    [33mstroke-width[31m=[32m"2"[31m
                    [33mviewBox[31m=[32m"0 0 24 24"[31m
                    [33mwidth[31m=[32m"24"[31m
                    [33mxmlns[31m=[32m"http://www.w3.org/2000/svg"[31m
                  [36m>[31m
                    [36m<path[31m
                    ...[39m
 [32mÔ£ô[39m src/__tests__/components/AdvancedUIManager.test.tsx[2m > [22mAdvancedUIManager Component[2m > [22mNavega├º├úo entre Abas[2m > [22mdeve manter estado da aba ativa[32m 132[2mms[22m[39m
 [31m├ù[39m src/__tests__/components/WebWorkerManager.test.tsx[2m > [22mWebWorkerManager Component[2m > [22mCria├º├úo de Workers[2m > [22mdeve criar worker com configura├º├Áes v├ílidas[32m 201[2mms[22m[39m
[31m   ÔåÆ Unable to find an element with the text: Criar Worker. This could be because the text is broken up by multiple elements. In this case, you can provide a function for your text matcher to make your matcher more flexible.

Ignored nodes: comments, script, style
[36m<body>[31m
  [36m<div>[31m
    [36m<div[31m
      [33mclass[31m=[32m"bg-white rounded-lg shadow-lg "[31m
    [36m>[31m
      [36m<div[31m
        [33mclass[31m=[32m"p-6 border-b border-gray-200"[31m
      [36m>[31m
        [36m<div[31m
          [33mclass[31m=[32m"flex items-center justify-between"[31m
        [36m>[31m
          [36m<div[31m
            [33mclass[31m=[32m"flex items-center space-x-3"[31m
          [36m>[31m
            [36m<div[31m
              [33mclass[31m=[32m"p-2 bg-purple-100 rounded-lg"[31m
            [36m>[31m
              [36m<svg[31m
                [33mclass[31m=[32m"lucide lucide-cpu h-6 w-6 text-purple-600"[31m
                [33mfill[31m=[32m"none"[31m
                [33mheight[31m=[32m"24"[31m
                [33mstroke[31m=[32m"currentColor"[31m
                [33mstroke-linecap[31m=[32m"round"[31m
                [33mstroke-linejoin[31m=[32m"round"[31m
                [33mstroke-width[31m=[32m"2"[31m
                [33mviewBox[31m=[32m"0 0 24 24"[31m
                [33mwidth[31m=[32m"24"[31m
                [33mxmlns[31m=[32m"http://www.w3.org/2000/svg"[31m
              [36m>[31m
                [36m<rect[31m
                  [33mheight[31m=[32m"16"[31m
                  [33mrx[31m=[32m"2"[31m
                  [33mwidth[31m=[32m"16"[31m
                  [33mx[31m=[32m"4"[31m
                  [33my[31m=[32m"4"[31m
                [36m/>[31m
                [36m<rect[31m
                  [33mheight[31m=[32m"6"[31m
                  [33mwidth[31m=[32m"6"[31m
                  [33mx[31m=[32m"9"[31m
                  [33my[31m=[32m"9"[31m
                [36m/>[31m
                [36m<path[31m
                  [33md[31m=[32m"M15 2v2"[31m
                [36m/>[31m
                [36m<path[31m
                  [33md[31m=[32m"M15 20v2"[31m
                [36m/>[31m
                [36m<path[31m
                  [33md[31m=[32m"M2 15h2"[31m
                [36m/>[31m
                [36m<path[31m
                  [33md[31m=[32m"M2 9h2"[31m
                [36m/>[31m
                [36m<path[31m
                  [33md[31m=[32m"M20 15h2"[31m
                [36m/>[31m
                [36m<path[31m
                  [33md[31m=[32m"M20 9h2"[31m
                [36m/>[31m
                [36m<path[31m
                  [33md[31m=[32m"M9 2v2"[31m
                [36m/>[31m
                [36m<path[31m
                  [33md[31m=[32m"M9 20v2"[31m
                [36m/>[31m
              [36m</svg>[31m
            [36m</div>[31m
            [36m<div>[31m
              [36m<h2[31m
                [33mclass[31m=[32m"text-xl font-semibold text-gray-900"[31m
              [36m>[31m
                [0mWeb Worker Manager[0m
              [36m</h2>[31m
              [36m<p[31m
                [33mclass[31m=[32m"text-sm text-gray-600"[31m
              [36m>[31m
                [0mGerenciamento avan├ºado de Web Workers[0m
              [36m</p>[31m
            [36m</div>[31m
          [36m</div>[31m
          [36m<div[31m
            [33mclass[31m=[32m"flex items-center space-x-2"[31m
          [36m>[31m
            [36m<button[31m
              [33mclass[31m=[32m"px-3 py-1 rounded-md text-sm font-medium bg-green-100 text-green-700 hover:bg-green-200"[31m
            [36m>[31m
              [0mAuto-refresh ON[0m
            [36m</button>[31m
            [36m<button[31m
              [33mclass[31m=[32m"px-4 py-2 bg-purple-600 text-white rounded-md hover:bg-purple-700 flex items-center space-x-2"[31m
            [36m>[31m
              [36m<svg[31m
                [33mclass[31m=[32m"lucide lucide-plus h-4 w-4"[31m
                [33mfill[31m=[32m"none"[31m
                [33mheight[31m=[32m"24"[31m
                [33mstroke[31m=[32m"currentColor"[31m
                [33mstroke-linecap[31m=[32m"round"[31m
                [33mstroke-linejoin[31m=[32m"round"[31m
                [33mstroke-width[31m=[32m"2"[31m
                [33mviewBox[31m=[32m"0 0 24 24"[31m
                [33mwidth[31m=[32m"24"[31m
                [33mxmlns[31m=[32m"http://www.w3.org/2000/svg"[31m
              [36m>[31m
                [36m<path[31m
                  [33md[31m=[32m"M5 12h14"[31m
                [36m/>[31m
                [36m<path[31m
                  [33md[31m=[32m"M12 5v14"[31m
                [36m/>[31m
              [36m</svg>[31m
              [36m<span>[31m
                [0mNovo Worker[0m
              [36m</span>[31m
            [36m</button>[31m
          [36m</div>[31m
        [36m</div>[31m
      [36m</div>[31m
      [36m<div[31m
        [33mclass[31m=[32m"p-6 grid grid-cols-1 md:grid-cols-2 lg:grid-cols-4 gap-4"[31m
      [36m>[31m
        [36m<div[31m
          [33mclass[31m=[32m"bg-blue-50 rounded-lg p-4 cursor-pointer transition-all duration-200 hover:shadow-md"[31m
        [36m>[31m
          [36m<div[31m
            [33mclass[31m=[32m"flex items-center justify-between"[31m
          [36m>[31m
            [36m<div[31m
              [33mclass[31m=[32m"flex items-center space-x-3"[31m
            [36m>[31m
              [36m<svg[31m
                [33mclass[31m=[32m"lucide lucide-users h-8 w-8 text-blue-600"[31m
                [33mfill[31m=[32m"none"[31m
                [33mheight[31m=[32m"24"[31m
                [33mstroke[31m=[32m"currentColor"[31m
                [33mstroke-linecap[31m=[32m"round"[31m
                [33mstroke-linejoin[31m=[32m"round"[31m
                [33mstroke-width[31m=[32m"2"[31m
                [33mviewBox[31m=[32m"0 0 24 24"[31m
                [33mwidth[31m=[32m"24"[31m
                [33mxmlns[31m=[32m"http://www.w3.org/2000/svg"[31m
              [36m>[31m
                [36m<path[31m
                  [33md[31m=[32m"M16 21v-2a4 4 0 0 0-4-4H6a4 4 0 0 0-4 4v2"[31m
                [36m/>[31m
                [36m<circle[31m
                  [33mcx[31m=[32m"9"[31m
                  [33mcy[31m=[32m"7"[31m
                  [33mr[31m=[32m"4"[31m
                [36m/>[31m
                [36m<path[31m
                  [33md[31m=[32m"M22 21v-2a4 4 0 0 0-3-3.87"[31m
                [36m/>[31m
                [36m<path[31m
                  [33md[31m=[32m"M16 3.13a4 4 0 0 1 0 7.75"[31m
                [36m/>[31m
              [36m</svg>[31m
              [36m<div>[31m
                [36m<p[31m
                  [33mclass[31m=[32m"text-sm font-medium text-gray-600"[31m
                [36m>[31m
                  [0mWorkers Ativos[0m
                [36m</p>[31m
                [36m<p[31m
                  [33mclass[31m=[32m"text-2xl font...[39m
 [31m├ù[39m src/__tests__/components/AdvancedUIManager.test.tsx[2m > [22mAdvancedUIManager Component[2m > [22mFuncionalidades de Busca e Filtro[2m > [22mdeve executar busca[32m 102[2mms[22m[39m
[31m   ÔåÆ Unable to find an element with the placeholder text of: Buscar...

Ignored nodes: comments, script, style
[36m<body>[31m
  [36m<div>[31m
    [36m<div[31m
      [33mclass[31m=[32m"bg-white rounded-lg shadow-lg "[31m
    [36m>[31m
      [36m<div[31m
        [33mclass[31m=[32m"p-6 border-b border-gray-200"[31m
      [36m>[31m
        [36m<div[31m
          [33mclass[31m=[32m"flex items-center justify-between"[31m
        [36m>[31m
          [36m<div[31m
            [33mclass[31m=[32m"flex items-center space-x-3"[31m
          [36m>[31m
            [36m<div[31m
              [33mclass[31m=[32m"p-2 bg-blue-100 rounded-lg"[31m
            [36m>[31m
              [36m<svg[31m
                [33mclass[31m=[32m"lucide lucide-layers h-6 w-6 text-blue-600"[31m
                [33mfill[31m=[32m"none"[31m
                [33mheight[31m=[32m"24"[31m
                [33mstroke[31m=[32m"currentColor"[31m
                [33mstroke-linecap[31m=[32m"round"[31m
                [33mstroke-linejoin[31m=[32m"round"[31m
                [33mstroke-width[31m=[32m"2"[31m
                [33mviewBox[31m=[32m"0 0 24 24"[31m
                [33mwidth[31m=[32m"24"[31m
                [33mxmlns[31m=[32m"http://www.w3.org/2000/svg"[31m
              [36m>[31m
                [36m<path[31m
                  [33md[31m=[32m"m12.83 2.18a2 2 0 0 0-1.66 0L2.6 6.08a1 1 0 0 0 0 1.83l8.58 3.91a2 2 0 0 0 1.66 0l8.58-3.9a1 1 0 0 0 0-1.83Z"[31m
                [36m/>[31m
                [36m<path[31m
                  [33md[31m=[32m"m22 17.65-9.17 4.16a2 2 0 0 1-1.66 0L2 17.65"[31m
                [36m/>[31m
                [36m<path[31m
                  [33md[31m=[32m"m22 12.65-9.17 4.16a2 2 0 0 1-1.66 0L2 12.65"[31m
                [36m/>[31m
              [36m</svg>[31m
            [36m</div>[31m
            [36m<div>[31m
              [36m<h2[31m
                [33mclass[31m=[32m"text-xl font-semibold text-gray-900"[31m
              [36m>[31m
                [0mAdvanced UI Manager[0m
              [36m</h2>[31m
              [36m<p[31m
                [33mclass[31m=[32m"text-sm text-gray-600"[31m
              [36m>[31m
                [0mGerencie componentes, tours e temas da interface[0m
              [36m</p>[31m
            [36m</div>[31m
          [36m</div>[31m
          [36m<div[31m
            [33mclass[31m=[32m"flex items-center space-x-2"[31m
          [36m>[31m
            [36m<div[31m
              [33mclass[31m=[32m"flex items-center space-x-1 px-2 py-1 rounded-full text-xs bg-green-100 text-green-800"[31m
            [36m>[31m
              [36m<svg[31m
                [33mclass[31m=[32m"lucide lucide-check-circle h-3 w-3"[31m
                [33mfill[31m=[32m"none"[31m
                [33mheight[31m=[32m"24"[31m
                [33mstroke[31m=[32m"currentColor"[31m
                [33mstroke-linecap[31m=[32m"round"[31m
                [33mstroke-linejoin[31m=[32m"round"[31m
                [33mstroke-width[31m=[32m"2"[31m
                [33mviewBox[31m=[32m"0 0 24 24"[31m
                [33mwidth[31m=[32m"24"[31m
                [33mxmlns[31m=[32m"http://www.w3.org/2000/svg"[31m
              [36m>[31m
                [36m<path[31m
                  [33md[31m=[32m"M22 11.08V12a10 10 0 1 1-5.93-9.14"[31m
                [36m/>[31m
                [36m<path[31m
                  [33md[31m=[32m"m9 11 3 3L22 4"[31m
                [36m/>[31m
              [36m</svg>[31m
              [36m<span>[31m
                [0mSaud├ível[0m
              [36m</span>[31m
            [36m</div>[31m
            [36m<button[31m
              [33mclass[31m=[32m"p-2 text-gray-400 hover:text-gray-600"[31m
            [36m>[31m
              [36m<svg[31m
                [33mclass[31m=[32m"lucide lucide-maximize2 h-4 w-4"[31m
                [33mfill[31m=[32m"none"[31m
                [33mheight[31m=[32m"24"[31m
                [33mstroke[31m=[32m"currentColor"[31m
                [33mstroke-linecap[31m=[32m"round"[31m
                [33mstroke-linejoin[31m=[32m"round"[31m
                [33mstroke-width[31m=[32m"2"[31m
                [33mviewBox[31m=[32m"0 0 24 24"[31m
                [33mwidth[31m=[32m"24"[31m
                [33mxmlns[31m=[32m"http://www.w3.org/2000/svg"[31m
              [36m>[31m
                [36m<polyline[31m
                  [33mpoints[31m=[32m"15 3 21 3 21 9"[31m
                [36m/>[31m
                [36m<polyline[31m
                  [33mpoints[31m=[32m"9 21 3 21 3 15"[31m
                [36m/>[31m
                [36m<line[31m
                  [33mx1[31m=[32m"21"[31m
                  [33mx2[31m=[32m"14"[31m
                  [33my1[31m=[32m"3"[31m
                  [33my2[31m=[32m"10"[31m
                [36m/>[31m
                [36m<line[31m
                  [33mx1[31m=[32m"3"[31m
                  [33mx2[31m=[32m"10"[31m
                  [33my1[31m=[32m"21"[31m
                  [33my2[31m=[32m"14"[31m
                [36m/>[31m
              [36m</svg>[31m
            [36m</button>[31m
          [36m</div>[31m
        [36m</div>[31m
      [36m</div>[31m
      [36m<div[31m
        [33mclass[31m=[32m"p-6"[31m
      [36m>[31m
        [36m<div[31m
          [33mclass[31m=[32m"grid grid-cols-1 md:grid-cols-2 lg:grid-cols-4 gap-4"[31m
        [36m>[31m
          [36m<div[31m
            [33mclass[31m=[32m"bg-white border border-gray-200 rounded-lg p-4 hover:shadow-md transition-shadow cursor-pointer"[31m
          [36m>[31m
            [36m<div[31m
              [33mclass[31m=[32m"flex items-center justify-between"[31m
            [36m>[31m
              [36m<div[31m
                [33mclass[31m=[32m"p-2 bg-blue-50 rounded-lg"[31m
              [36m>[31m
                [36m<svg[31m
                  [33mclass[31m=[32m"lucide lucide-layers h-5 w-5 text-blue-600"[31m
                  [33mfill[31m=[32m"none"[31m
                  [33mheight[31m=[32m"24"[31m
                  [33mstroke[31m=[32m"currentColor"[31m
                  [33mstroke-linecap[31m=[32m"round"[31m
                  [33mstroke-linejoin[31m=[32m"round"[31m
                  [33mstroke-width[31m=[32m"2"[31m
                  [33mviewBox[31m=[32m"0 0 24 24"[31m
                  [33mwidth[31m=[32m"24"[31m
                  [33mxmlns[31m=[32m"http://www.w3.org/2000/svg"[31m
                [36m>[31m
                  [36m<path[31m
                    [33md[31m=[32m"m12.83 2.18a2 2 0 0 0-1.66 0L2.6 6.08a1 1 0 0 0 0 1.83l8.58 3.91a2 2 0 0 0 1.66 0l8.58-3.9a1 1 0 0 0 0-1.83Z"[31m
                  [36m/>[31m
                  [36m<path[31m
                    [33md[31m=[32m"m22 17.65-9.17 4.16a2 2 0 0 1-1.66 0L2 17.65"[31m
                  [36m/>[31m
                ...[39m
 [31m├ù[39m src/__tests__/components/WebWorkerManager.test.tsx[2m > [22mWebWorkerManager Component[2m > [22mCria├º├úo de Workers[2m > [22mdeve validar campos obrigat├│rios[32m 186[2mms[22m[39m
[31m   ÔåÆ Unable to find an element with the text: Criar Worker. This could be because the text is broken up by multiple elements. In this case, you can provide a function for your text matcher to make your matcher more flexible.

Ignored nodes: comments, script, style
[36m<body>[31m
  [36m<div>[31m
    [36m<div[31m
      [33mclass[31m=[32m"bg-white rounded-lg shadow-lg "[31m
    [36m>[31m
      [36m<div[31m
        [33mclass[31m=[32m"p-6 border-b border-gray-200"[31m
      [36m>[31m
        [36m<div[31m
          [33mclass[31m=[32m"flex items-center justify-between"[31m
        [36m>[31m
          [36m<div[31m
            [33mclass[31m=[32m"flex items-center space-x-3"[31m
          [36m>[31m
            [36m<div[31m
              [33mclass[31m=[32m"p-2 bg-purple-100 rounded-lg"[31m
            [36m>[31m
              [36m<svg[31m
                [33mclass[31m=[32m"lucide lucide-cpu h-6 w-6 text-purple-600"[31m
                [33mfill[31m=[32m"none"[31m
                [33mheight[31m=[32m"24"[31m
                [33mstroke[31m=[32m"currentColor"[31m
                [33mstroke-linecap[31m=[32m"round"[31m
                [33mstroke-linejoin[31m=[32m"round"[31m
                [33mstroke-width[31m=[32m"2"[31m
                [33mviewBox[31m=[32m"0 0 24 24"[31m
                [33mwidth[31m=[32m"24"[31m
                [33mxmlns[31m=[32m"http://www.w3.org/2000/svg"[31m
              [36m>[31m
                [36m<rect[31m
                  [33mheight[31m=[32m"16"[31m
                  [33mrx[31m=[32m"2"[31m
                  [33mwidth[31m=[32m"16"[31m
                  [33mx[31m=[32m"4"[31m
                  [33my[31m=[32m"4"[31m
                [36m/>[31m
                [36m<rect[31m
                  [33mheight[31m=[32m"6"[31m
                  [33mwidth[31m=[32m"6"[31m
                  [33mx[31m=[32m"9"[31m
                  [33my[31m=[32m"9"[31m
                [36m/>[31m
                [36m<path[31m
                  [33md[31m=[32m"M15 2v2"[31m
                [36m/>[31m
                [36m<path[31m
                  [33md[31m=[32m"M15 20v2"[31m
                [36m/>[31m
                [36m<path[31m
                  [33md[31m=[32m"M2 15h2"[31m
                [36m/>[31m
                [36m<path[31m
                  [33md[31m=[32m"M2 9h2"[31m
                [36m/>[31m
                [36m<path[31m
                  [33md[31m=[32m"M20 15h2"[31m
                [36m/>[31m
                [36m<path[31m
                  [33md[31m=[32m"M20 9h2"[31m
                [36m/>[31m
                [36m<path[31m
                  [33md[31m=[32m"M9 2v2"[31m
                [36m/>[31m
                [36m<path[31m
                  [33md[31m=[32m"M9 20v2"[31m
                [36m/>[31m
              [36m</svg>[31m
            [36m</div>[31m
            [36m<div>[31m
              [36m<h2[31m
                [33mclass[31m=[32m"text-xl font-semibold text-gray-900"[31m
              [36m>[31m
                [0mWeb Worker Manager[0m
              [36m</h2>[31m
              [36m<p[31m
                [33mclass[31m=[32m"text-sm text-gray-600"[31m
              [36m>[31m
                [0mGerenciamento avan├ºado de Web Workers[0m
              [36m</p>[31m
            [36m</div>[31m
          [36m</div>[31m
          [36m<div[31m
            [33mclass[31m=[32m"flex items-center space-x-2"[31m
          [36m>[31m
            [36m<button[31m
              [33mclass[31m=[32m"px-3 py-1 rounded-md text-sm font-medium bg-green-100 text-green-700 hover:bg-green-200"[31m
            [36m>[31m
              [0mAuto-refresh ON[0m
            [36m</button>[31m
            [36m<button[31m
              [33mclass[31m=[32m"px-4 py-2 bg-purple-600 text-white rounded-md hover:bg-purple-700 flex items-center space-x-2"[31m
            [36m>[31m
              [36m<svg[31m
                [33mclass[31m=[32m"lucide lucide-plus h-4 w-4"[31m
                [33mfill[31m=[32m"none"[31m
                [33mheight[31m=[32m"24"[31m
                [33mstroke[31m=[32m"currentColor"[31m
                [33mstroke-linecap[31m=[32m"round"[31m
                [33mstroke-linejoin[31m=[32m"round"[31m
                [33mstroke-width[31m=[32m"2"[31m
                [33mviewBox[31m=[32m"0 0 24 24"[31m
                [33mwidth[31m=[32m"24"[31m
                [33mxmlns[31m=[32m"http://www.w3.org/2000/svg"[31m
              [36m>[31m
                [36m<path[31m
                  [33md[31m=[32m"M5 12h14"[31m
                [36m/>[31m
                [36m<path[31m
                  [33md[31m=[32m"M12 5v14"[31m
                [36m/>[31m
              [36m</svg>[31m
              [36m<span>[31m
                [0mNovo Worker[0m
              [36m</span>[31m
            [36m</button>[31m
          [36m</div>[31m
        [36m</div>[31m
      [36m</div>[31m
      [36m<div[31m
        [33mclass[31m=[32m"p-6 grid grid-cols-1 md:grid-cols-2 lg:grid-cols-4 gap-4"[31m
      [36m>[31m
        [36m<div[31m
          [33mclass[31m=[32m"bg-blue-50 rounded-lg p-4 cursor-pointer transition-all duration-200 hover:shadow-md"[31m
        [36m>[31m
          [36m<div[31m
            [33mclass[31m=[32m"flex items-center justify-between"[31m
          [36m>[31m
            [36m<div[31m
              [33mclass[31m=[32m"flex items-center space-x-3"[31m
            [36m>[31m
              [36m<svg[31m
                [33mclass[31m=[32m"lucide lucide-users h-8 w-8 text-blue-600"[31m
                [33mfill[31m=[32m"none"[31m
                [33mheight[31m=[32m"24"[31m
                [33mstroke[31m=[32m"currentColor"[31m
                [33mstroke-linecap[31m=[32m"round"[31m
                [33mstroke-linejoin[31m=[32m"round"[31m
                [33mstroke-width[31m=[32m"2"[31m
                [33mviewBox[31m=[32m"0 0 24 24"[31m
                [33mwidth[31m=[32m"24"[31m
                [33mxmlns[31m=[32m"http://www.w3.org/2000/svg"[31m
              [36m>[31m
                [36m<path[31m
                  [33md[31m=[32m"M16 21v-2a4 4 0 0 0-4-4H6a4 4 0 0 0-4 4v2"[31m
                [36m/>[31m
                [36m<circle[31m
                  [33mcx[31m=[32m"9"[31m
                  [33mcy[31m=[32m"7"[31m
                  [33mr[31m=[32m"4"[31m
                [36m/>[31m
                [36m<path[31m
                  [33md[31m=[32m"M22 21v-2a4 4 0 0 0-3-3.87"[31m
                [36m/>[31m
                [36m<path[31m
                  [33md[31m=[32m"M16 3.13a4 4 0 0 1 0 7.75"[31m
                [36m/>[31m
              [36m</svg>[31m
              [36m<div>[31m
                [36m<p[31m
                  [33mclass[31m=[32m"text-sm font-medium text-gray-600"[31m
                [36m>[31m
                  [0mWorkers Ativos[0m
                [36m</p>[31m
                [36m<p[31m
                  [33mclass[31m=[32m"text-2xl font...[39m
 [31m├ù[39m src/__tests__/components/WebWorkerManager.test.tsx[2m > [22mWebWorkerManager Component[2m > [22mCria├º├úo de Pools[2m > [22mdeve abrir dialog de cria├º├úo de pool[32m 171[2mms[22m[39m
[31m   ÔåÆ Unable to find an element with the text: Criar Pool. This could be because the text is broken up by multiple elements. In this case, you can provide a function for your text matcher to make your matcher more flexible.

Ignored nodes: comments, script, style
[36m<body>[31m
  [36m<div>[31m
    [36m<div[31m
      [33mclass[31m=[32m"bg-white rounded-lg shadow-lg "[31m
    [36m>[31m
      [36m<div[31m
        [33mclass[31m=[32m"p-6 border-b border-gray-200"[31m
      [36m>[31m
        [36m<div[31m
          [33mclass[31m=[32m"flex items-center justify-between"[31m
        [36m>[31m
          [36m<div[31m
            [33mclass[31m=[32m"flex items-center space-x-3"[31m
          [36m>[31m
            [36m<div[31m
              [33mclass[31m=[32m"p-2 bg-purple-100 rounded-lg"[31m
            [36m>[31m
              [36m<svg[31m
                [33mclass[31m=[32m"lucide lucide-cpu h-6 w-6 text-purple-600"[31m
                [33mfill[31m=[32m"none"[31m
                [33mheight[31m=[32m"24"[31m
                [33mstroke[31m=[32m"currentColor"[31m
                [33mstroke-linecap[31m=[32m"round"[31m
                [33mstroke-linejoin[31m=[32m"round"[31m
                [33mstroke-width[31m=[32m"2"[31m
                [33mviewBox[31m=[32m"0 0 24 24"[31m
                [33mwidth[31m=[32m"24"[31m
                [33mxmlns[31m=[32m"http://www.w3.org/2000/svg"[31m
              [36m>[31m
                [36m<rect[31m
                  [33mheight[31m=[32m"16"[31m
                  [33mrx[31m=[32m"2"[31m
                  [33mwidth[31m=[32m"16"[31m
                  [33mx[31m=[32m"4"[31m
                  [33my[31m=[32m"4"[31m
                [36m/>[31m
                [36m<rect[31m
                  [33mheight[31m=[32m"6"[31m
                  [33mwidth[31m=[32m"6"[31m
                  [33mx[31m=[32m"9"[31m
                  [33my[31m=[32m"9"[31m
                [36m/>[31m
                [36m<path[31m
                  [33md[31m=[32m"M15 2v2"[31m
                [36m/>[31m
                [36m<path[31m
                  [33md[31m=[32m"M15 20v2"[31m
                [36m/>[31m
                [36m<path[31m
                  [33md[31m=[32m"M2 15h2"[31m
                [36m/>[31m
                [36m<path[31m
                  [33md[31m=[32m"M2 9h2"[31m
                [36m/>[31m
                [36m<path[31m
                  [33md[31m=[32m"M20 15h2"[31m
                [36m/>[31m
                [36m<path[31m
                  [33md[31m=[32m"M20 9h2"[31m
                [36m/>[31m
                [36m<path[31m
                  [33md[31m=[32m"M9 2v2"[31m
                [36m/>[31m
                [36m<path[31m
                  [33md[31m=[32m"M9 20v2"[31m
                [36m/>[31m
              [36m</svg>[31m
            [36m</div>[31m
            [36m<div>[31m
              [36m<h2[31m
                [33mclass[31m=[32m"text-xl font-semibold text-gray-900"[31m
              [36m>[31m
                [0mWeb Worker Manager[0m
              [36m</h2>[31m
              [36m<p[31m
                [33mclass[31m=[32m"text-sm text-gray-600"[31m
              [36m>[31m
                [0mGerenciamento avan├ºado de Web Workers[0m
              [36m</p>[31m
            [36m</div>[31m
          [36m</div>[31m
          [36m<div[31m
            [33mclass[31m=[32m"flex items-center space-x-2"[31m
          [36m>[31m
            [36m<button[31m
              [33mclass[31m=[32m"px-3 py-1 rounded-md text-sm font-medium bg-green-100 text-green-700 hover:bg-green-200"[31m
            [36m>[31m
              [0mAuto-refresh ON[0m
            [36m</button>[31m
            [36m<button[31m
              [33mclass[31m=[32m"px-4 py-2 bg-purple-600 text-white rounded-md hover:bg-purple-700 flex items-center space-x-2"[31m
            [36m>[31m
              [36m<svg[31m
                [33mclass[31m=[32m"lucide lucide-plus h-4 w-4"[31m
                [33mfill[31m=[32m"none"[31m
                [33mheight[31m=[32m"24"[31m
                [33mstroke[31m=[32m"currentColor"[31m
                [33mstroke-linecap[31m=[32m"round"[31m
                [33mstroke-linejoin[31m=[32m"round"[31m
                [33mstroke-width[31m=[32m"2"[31m
                [33mviewBox[31m=[32m"0 0 24 24"[31m
                [33mwidth[31m=[32m"24"[31m
                [33mxmlns[31m=[32m"http://www.w3.org/2000/svg"[31m
              [36m>[31m
                [36m<path[31m
                  [33md[31m=[32m"M5 12h14"[31m
                [36m/>[31m
                [36m<path[31m
                  [33md[31m=[32m"M12 5v14"[31m
                [36m/>[31m
              [36m</svg>[31m
              [36m<span>[31m
                [0mNovo Worker[0m
              [36m</span>[31m
            [36m</button>[31m
          [36m</div>[31m
        [36m</div>[31m
      [36m</div>[31m
      [36m<div[31m
        [33mclass[31m=[32m"p-6 grid grid-cols-1 md:grid-cols-2 lg:grid-cols-4 gap-4"[31m
      [36m>[31m
        [36m<div[31m
          [33mclass[31m=[32m"bg-blue-50 rounded-lg p-4 cursor-pointer transition-all duration-200 hover:shadow-md"[31m
        [36m>[31m
          [36m<div[31m
            [33mclass[31m=[32m"flex items-center justify-between"[31m
          [36m>[31m
            [36m<div[31m
              [33mclass[31m=[32m"flex items-center space-x-3"[31m
            [36m>[31m
              [36m<svg[31m
                [33mclass[31m=[32m"lucide lucide-users h-8 w-8 text-blue-600"[31m
                [33mfill[31m=[32m"none"[31m
                [33mheight[31m=[32m"24"[31m
                [33mstroke[31m=[32m"currentColor"[31m
                [33mstroke-linecap[31m=[32m"round"[31m
                [33mstroke-linejoin[31m=[32m"round"[31m
                [33mstroke-width[31m=[32m"2"[31m
                [33mviewBox[31m=[32m"0 0 24 24"[31m
                [33mwidth[31m=[32m"24"[31m
                [33mxmlns[31m=[32m"http://www.w3.org/2000/svg"[31m
              [36m>[31m
                [36m<path[31m
                  [33md[31m=[32m"M16 21v-2a4 4 0 0 0-4-4H6a4 4 0 0 0-4 4v2"[31m
                [36m/>[31m
                [36m<circle[31m
                  [33mcx[31m=[32m"9"[31m
                  [33mcy[31m=[32m"7"[31m
                  [33mr[31m=[32m"4"[31m
                [36m/>[31m
                [36m<path[31m
                  [33md[31m=[32m"M22 21v-2a4 4 0 0 0-3-3.87"[31m
                [36m/>[31m
                [36m<path[31m
                  [33md[31m=[32m"M16 3.13a4 4 0 0 1 0 7.75"[31m
                [36m/>[31m
              [36m</svg>[31m
              [36m<div>[31m
                [36m<p[31m
                  [33mclass[31m=[32m"text-sm font-medium text-gray-600"[31m
                [36m>[31m
                  [0mWorkers Ativos[0m
                [36m</p>[31m
                [36m<p[31m
                  [33mclass[31m=[32m"text-2xl font...[39m
 [31m├ù[39m src/__tests__/components/AdvancedUIManager.test.tsx[2m > [22mAdvancedUIManager Component[2m > [22mFuncionalidades de Busca e Filtro[2m > [22mdeve limpar filtros[32m 139[2mms[22m[39m
[31m   ÔåÆ Unable to find an element with the text: Limpar. This could be because the text is broken up by multiple elements. In this case, you can provide a function for your text matcher to make your matcher more flexible.

Ignored nodes: comments, script, style
[36m<body>[31m
  [36m<div>[31m
    [36m<div[31m
      [33mclass[31m=[32m"bg-white rounded-lg shadow-lg "[31m
    [36m>[31m
      [36m<div[31m
        [33mclass[31m=[32m"p-6 border-b border-gray-200"[31m
      [36m>[31m
        [36m<div[31m
          [33mclass[31m=[32m"flex items-center justify-between"[31m
        [36m>[31m
          [36m<div[31m
            [33mclass[31m=[32m"flex items-center space-x-3"[31m
          [36m>[31m
            [36m<div[31m
              [33mclass[31m=[32m"p-2 bg-blue-100 rounded-lg"[31m
            [36m>[31m
              [36m<svg[31m
                [33mclass[31m=[32m"lucide lucide-layers h-6 w-6 text-blue-600"[31m
                [33mfill[31m=[32m"none"[31m
                [33mheight[31m=[32m"24"[31m
                [33mstroke[31m=[32m"currentColor"[31m
                [33mstroke-linecap[31m=[32m"round"[31m
                [33mstroke-linejoin[31m=[32m"round"[31m
                [33mstroke-width[31m=[32m"2"[31m
                [33mviewBox[31m=[32m"0 0 24 24"[31m
                [33mwidth[31m=[32m"24"[31m
                [33mxmlns[31m=[32m"http://www.w3.org/2000/svg"[31m
              [36m>[31m
                [36m<path[31m
                  [33md[31m=[32m"m12.83 2.18a2 2 0 0 0-1.66 0L2.6 6.08a1 1 0 0 0 0 1.83l8.58 3.91a2 2 0 0 0 1.66 0l8.58-3.9a1 1 0 0 0 0-1.83Z"[31m
                [36m/>[31m
                [36m<path[31m
                  [33md[31m=[32m"m22 17.65-9.17 4.16a2 2 0 0 1-1.66 0L2 17.65"[31m
                [36m/>[31m
                [36m<path[31m
                  [33md[31m=[32m"m22 12.65-9.17 4.16a2 2 0 0 1-1.66 0L2 12.65"[31m
                [36m/>[31m
              [36m</svg>[31m
            [36m</div>[31m
            [36m<div>[31m
              [36m<h2[31m
                [33mclass[31m=[32m"text-xl font-semibold text-gray-900"[31m
              [36m>[31m
                [0mAdvanced UI Manager[0m
              [36m</h2>[31m
              [36m<p[31m
                [33mclass[31m=[32m"text-sm text-gray-600"[31m
              [36m>[31m
                [0mGerencie componentes, tours e temas da interface[0m
              [36m</p>[31m
            [36m</div>[31m
          [36m</div>[31m
          [36m<div[31m
            [33mclass[31m=[32m"flex items-center space-x-2"[31m
          [36m>[31m
            [36m<div[31m
              [33mclass[31m=[32m"flex items-center space-x-1 px-2 py-1 rounded-full text-xs bg-green-100 text-green-800"[31m
            [36m>[31m
              [36m<svg[31m
                [33mclass[31m=[32m"lucide lucide-check-circle h-3 w-3"[31m
                [33mfill[31m=[32m"none"[31m
                [33mheight[31m=[32m"24"[31m
                [33mstroke[31m=[32m"currentColor"[31m
                [33mstroke-linecap[31m=[32m"round"[31m
                [33mstroke-linejoin[31m=[32m"round"[31m
                [33mstroke-width[31m=[32m"2"[31m
                [33mviewBox[31m=[32m"0 0 24 24"[31m
                [33mwidth[31m=[32m"24"[31m
                [33mxmlns[31m=[32m"http://www.w3.org/2000/svg"[31m
              [36m>[31m
                [36m<path[31m
                  [33md[31m=[32m"M22 11.08V12a10 10 0 1 1-5.93-9.14"[31m
                [36m/>[31m
                [36m<path[31m
                  [33md[31m=[32m"m9 11 3 3L22 4"[31m
                [36m/>[31m
              [36m</svg>[31m
              [36m<span>[31m
                [0mSaud├ível[0m
              [36m</span>[31m
            [36m</div>[31m
            [36m<button[31m
              [33mclass[31m=[32m"p-2 text-gray-400 hover:text-gray-600"[31m
            [36m>[31m
              [36m<svg[31m
                [33mclass[31m=[32m"lucide lucide-maximize2 h-4 w-4"[31m
                [33mfill[31m=[32m"none"[31m
                [33mheight[31m=[32m"24"[31m
                [33mstroke[31m=[32m"currentColor"[31m
                [33mstroke-linecap[31m=[32m"round"[31m
                [33mstroke-linejoin[31m=[32m"round"[31m
                [33mstroke-width[31m=[32m"2"[31m
                [33mviewBox[31m=[32m"0 0 24 24"[31m
                [33mwidth[31m=[32m"24"[31m
                [33mxmlns[31m=[32m"http://www.w3.org/2000/svg"[31m
              [36m>[31m
                [36m<polyline[31m
                  [33mpoints[31m=[32m"15 3 21 3 21 9"[31m
                [36m/>[31m
                [36m<polyline[31m
                  [33mpoints[31m=[32m"9 21 3 21 3 15"[31m
                [36m/>[31m
                [36m<line[31m
                  [33mx1[31m=[32m"21"[31m
                  [33mx2[31m=[32m"14"[31m
                  [33my1[31m=[32m"3"[31m
                  [33my2[31m=[32m"10"[31m
                [36m/>[31m
                [36m<line[31m
                  [33mx1[31m=[32m"3"[31m
                  [33mx2[31m=[32m"10"[31m
                  [33my1[31m=[32m"21"[31m
                  [33my2[31m=[32m"14"[31m
                [36m/>[31m
              [36m</svg>[31m
            [36m</button>[31m
          [36m</div>[31m
        [36m</div>[31m
      [36m</div>[31m
      [36m<div[31m
        [33mclass[31m=[32m"p-6"[31m
      [36m>[31m
        [36m<div[31m
          [33mclass[31m=[32m"grid grid-cols-1 md:grid-cols-2 lg:grid-cols-4 gap-4"[31m
        [36m>[31m
          [36m<div[31m
            [33mclass[31m=[32m"bg-white border border-gray-200 rounded-lg p-4 hover:shadow-md transition-shadow cursor-pointer"[31m
          [36m>[31m
            [36m<div[31m
              [33mclass[31m=[32m"flex items-center justify-between"[31m
            [36m>[31m
              [36m<div[31m
                [33mclass[31m=[32m"p-2 bg-blue-50 rounded-lg"[31m
              [36m>[31m
                [36m<svg[31m
                  [33mclass[31m=[32m"lucide lucide-layers h-5 w-5 text-blue-600"[31m
                  [33mfill[31m=[32m"none"[31m
                  [33mheight[31m=[32m"24"[31m
                  [33mstroke[31m=[32m"currentColor"[31m
                  [33mstroke-linecap[31m=[32m"round"[31m
                  [33mstroke-linejoin[31m=[32m"round"[31m
                  [33mstroke-width[31m=[32m"2"[31m
                  [33mviewBox[31m=[32m"0 0 24 24"[31m
                  [33mwidth[31m=[32m"24"[31m
                  [33mxmlns[31m=[32m"http://www.w3.org/2000/svg"[31m
                [36m>[31m
                  [36m<path[31m
                    [33md[31m=[32m"m12.83 2.18a2 2 0 0 0-1.66 0L2.6 6.08a1 1 0 0 0 0 1.83l8.58 3.91a2 2 0 0 0 1.66 0l8.58-3.9a1 1 0 0 0 0-1.83Z"[31m
                  [36m/>[31m
                  [36m<path[31m
                    [33md[31m=[32m"m22 17.65-9.17 4.16a2 2 0 0 1-1.66 0L2 17.65"[31m
                  [36m/>[31m
                ...[39m
 [31m├ù[39m src/__tests__/components/WebWorkerManager.test.tsx[2m > [22mWebWorkerManager Component[2m > [22mCria├º├úo de Pools[2m > [22mdeve criar pool com configura├º├Áes v├ílidas[32m 161[2mms[22m[39m
[31m   ÔåÆ Unable to find an element with the text: Criar Pool. This could be because the text is broken up by multiple elements. In this case, you can provide a function for your text matcher to make your matcher more flexible.

Ignored nodes: comments, script, style
[36m<body>[31m
  [36m<div>[31m
    [36m<div[31m
      [33mclass[31m=[32m"bg-white rounded-lg shadow-lg "[31m
    [36m>[31m
      [36m<div[31m
        [33mclass[31m=[32m"p-6 border-b border-gray-200"[31m
      [36m>[31m
        [36m<div[31m
          [33mclass[31m=[32m"flex items-center justify-between"[31m
        [36m>[31m
          [36m<div[31m
            [33mclass[31m=[32m"flex items-center space-x-3"[31m
          [36m>[31m
            [36m<div[31m
              [33mclass[31m=[32m"p-2 bg-purple-100 rounded-lg"[31m
            [36m>[31m
              [36m<svg[31m
                [33mclass[31m=[32m"lucide lucide-cpu h-6 w-6 text-purple-600"[31m
                [33mfill[31m=[32m"none"[31m
                [33mheight[31m=[32m"24"[31m
                [33mstroke[31m=[32m"currentColor"[31m
                [33mstroke-linecap[31m=[32m"round"[31m
                [33mstroke-linejoin[31m=[32m"round"[31m
                [33mstroke-width[31m=[32m"2"[31m
                [33mviewBox[31m=[32m"0 0 24 24"[31m
                [33mwidth[31m=[32m"24"[31m
                [33mxmlns[31m=[32m"http://www.w3.org/2000/svg"[31m
              [36m>[31m
                [36m<rect[31m
                  [33mheight[31m=[32m"16"[31m
                  [33mrx[31m=[32m"2"[31m
                  [33mwidth[31m=[32m"16"[31m
                  [33mx[31m=[32m"4"[31m
                  [33my[31m=[32m"4"[31m
                [36m/>[31m
                [36m<rect[31m
                  [33mheight[31m=[32m"6"[31m
                  [33mwidth[31m=[32m"6"[31m
                  [33mx[31m=[32m"9"[31m
                  [33my[31m=[32m"9"[31m
                [36m/>[31m
                [36m<path[31m
                  [33md[31m=[32m"M15 2v2"[31m
                [36m/>[31m
                [36m<path[31m
                  [33md[31m=[32m"M15 20v2"[31m
                [36m/>[31m
                [36m<path[31m
                  [33md[31m=[32m"M2 15h2"[31m
                [36m/>[31m
                [36m<path[31m
                  [33md[31m=[32m"M2 9h2"[31m
                [36m/>[31m
                [36m<path[31m
                  [33md[31m=[32m"M20 15h2"[31m
                [36m/>[31m
                [36m<path[31m
                  [33md[31m=[32m"M20 9h2"[31m
                [36m/>[31m
                [36m<path[31m
                  [33md[31m=[32m"M9 2v2"[31m
                [36m/>[31m
                [36m<path[31m
                  [33md[31m=[32m"M9 20v2"[31m
                [36m/>[31m
              [36m</svg>[31m
            [36m</div>[31m
            [36m<div>[31m
              [36m<h2[31m
                [33mclass[31m=[32m"text-xl font-semibold text-gray-900"[31m
              [36m>[31m
                [0mWeb Worker Manager[0m
              [36m</h2>[31m
              [36m<p[31m
                [33mclass[31m=[32m"text-sm text-gray-600"[31m
              [36m>[31m
                [0mGerenciamento avan├ºado de Web Workers[0m
              [36m</p>[31m
            [36m</div>[31m
          [36m</div>[31m
          [36m<div[31m
            [33mclass[31m=[32m"flex items-center space-x-2"[31m
          [36m>[31m
            [36m<button[31m
              [33mclass[31m=[32m"px-3 py-1 rounded-md text-sm font-medium bg-green-100 text-green-700 hover:bg-green-200"[31m
            [36m>[31m
              [0mAuto-refresh ON[0m
            [36m</button>[31m
            [36m<button[31m
              [33mclass[31m=[32m"px-4 py-2 bg-purple-600 text-white rounded-md hover:bg-purple-700 flex items-center space-x-2"[31m
            [36m>[31m
              [36m<svg[31m
                [33mclass[31m=[32m"lucide lucide-plus h-4 w-4"[31m
                [33mfill[31m=[32m"none"[31m
                [33mheight[31m=[32m"24"[31m
                [33mstroke[31m=[32m"currentColor"[31m
                [33mstroke-linecap[31m=[32m"round"[31m
                [33mstroke-linejoin[31m=[32m"round"[31m
                [33mstroke-width[31m=[32m"2"[31m
                [33mviewBox[31m=[32m"0 0 24 24"[31m
                [33mwidth[31m=[32m"24"[31m
                [33mxmlns[31m=[32m"http://www.w3.org/2000/svg"[31m
              [36m>[31m
                [36m<path[31m
                  [33md[31m=[32m"M5 12h14"[31m
                [36m/>[31m
                [36m<path[31m
                  [33md[31m=[32m"M12 5v14"[31m
                [36m/>[31m
              [36m</svg>[31m
              [36m<span>[31m
                [0mNovo Worker[0m
              [36m</span>[31m
            [36m</button>[31m
          [36m</div>[31m
        [36m</div>[31m
      [36m</div>[31m
      [36m<div[31m
        [33mclass[31m=[32m"p-6 grid grid-cols-1 md:grid-cols-2 lg:grid-cols-4 gap-4"[31m
      [36m>[31m
        [36m<div[31m
          [33mclass[31m=[32m"bg-blue-50 rounded-lg p-4 cursor-pointer transition-all duration-200 hover:shadow-md"[31m
        [36m>[31m
          [36m<div[31m
            [33mclass[31m=[32m"flex items-center justify-between"[31m
          [36m>[31m
            [36m<div[31m
              [33mclass[31m=[32m"flex items-center space-x-3"[31m
            [36m>[31m
              [36m<svg[31m
                [33mclass[31m=[32m"lucide lucide-users h-8 w-8 text-blue-600"[31m
                [33mfill[31m=[32m"none"[31m
                [33mheight[31m=[32m"24"[31m
                [33mstroke[31m=[32m"currentColor"[31m
                [33mstroke-linecap[31m=[32m"round"[31m
                [33mstroke-linejoin[31m=[32m"round"[31m
                [33mstroke-width[31m=[32m"2"[31m
                [33mviewBox[31m=[32m"0 0 24 24"[31m
                [33mwidth[31m=[32m"24"[31m
                [33mxmlns[31m=[32m"http://www.w3.org/2000/svg"[31m
              [36m>[31m
                [36m<path[31m
                  [33md[31m=[32m"M16 21v-2a4 4 0 0 0-4-4H6a4 4 0 0 0-4 4v2"[31m
                [36m/>[31m
                [36m<circle[31m
                  [33mcx[31m=[32m"9"[31m
                  [33mcy[31m=[32m"7"[31m
                  [33mr[31m=[32m"4"[31m
                [36m/>[31m
                [36m<path[31m
                  [33md[31m=[32m"M22 21v-2a4 4 0 0 0-3-3.87"[31m
                [36m/>[31m
                [36m<path[31m
                  [33md[31m=[32m"M16 3.13a4 4 0 0 1 0 7.75"[31m
                [36m/>[31m
              [36m</svg>[31m
              [36m<div>[31m
                [36m<p[31m
                  [33mclass[31m=[32m"text-sm font-medium text-gray-600"[31m
                [36m>[31m
                  [0mWorkers Ativos[0m
                [36m</p>[31m
                [36m<p[31m
                  [33mclass[31m=[32m"text-2xl font...[39m
 [31m├ù[39m src/__tests__/components/WebWorkerManager.test.tsx[2m > [22mWebWorkerManager Component[2m > [22mCria├º├úo de Pools[2m > [22mdeve validar n├║mero m├íximo de workers[32m 160[2mms[22m[39m
[31m   ÔåÆ Unable to find an element with the text: Criar Pool. This could be because the text is broken up by multiple elements. In this case, you can provide a function for your text matcher to make your matcher more flexible.

Ignored nodes: comments, script, style
[36m<body>[31m
  [36m<div>[31m
    [36m<div[31m
      [33mclass[31m=[32m"bg-white rounded-lg shadow-lg "[31m
    [36m>[31m
      [36m<div[31m
        [33mclass[31m=[32m"p-6 border-b border-gray-200"[31m
      [36m>[31m
        [36m<div[31m
          [33mclass[31m=[32m"flex items-center justify-between"[31m
        [36m>[31m
          [36m<div[31m
            [33mclass[31m=[32m"flex items-center space-x-3"[31m
          [36m>[31m
            [36m<div[31m
              [33mclass[31m=[32m"p-2 bg-purple-100 rounded-lg"[31m
            [36m>[31m
              [36m<svg[31m
                [33mclass[31m=[32m"lucide lucide-cpu h-6 w-6 text-purple-600"[31m
                [33mfill[31m=[32m"none"[31m
                [33mheight[31m=[32m"24"[31m
                [33mstroke[31m=[32m"currentColor"[31m
                [33mstroke-linecap[31m=[32m"round"[31m
                [33mstroke-linejoin[31m=[32m"round"[31m
                [33mstroke-width[31m=[32m"2"[31m
                [33mviewBox[31m=[32m"0 0 24 24"[31m
                [33mwidth[31m=[32m"24"[31m
                [33mxmlns[31m=[32m"http://www.w3.org/2000/svg"[31m
              [36m>[31m
                [36m<rect[31m
                  [33mheight[31m=[32m"16"[31m
                  [33mrx[31m=[32m"2"[31m
                  [33mwidth[31m=[32m"16"[31m
                  [33mx[31m=[32m"4"[31m
                  [33my[31m=[32m"4"[31m
                [36m/>[31m
                [36m<rect[31m
                  [33mheight[31m=[32m"6"[31m
                  [33mwidth[31m=[32m"6"[31m
                  [33mx[31m=[32m"9"[31m
                  [33my[31m=[32m"9"[31m
                [36m/>[31m
                [36m<path[31m
                  [33md[31m=[32m"M15 2v2"[31m
                [36m/>[31m
                [36m<path[31m
                  [33md[31m=[32m"M15 20v2"[31m
                [36m/>[31m
                [36m<path[31m
                  [33md[31m=[32m"M2 15h2"[31m
                [36m/>[31m
                [36m<path[31m
                  [33md[31m=[32m"M2 9h2"[31m
                [36m/>[31m
                [36m<path[31m
                  [33md[31m=[32m"M20 15h2"[31m
                [36m/>[31m
                [36m<path[31m
                  [33md[31m=[32m"M20 9h2"[31m
                [36m/>[31m
                [36m<path[31m
                  [33md[31m=[32m"M9 2v2"[31m
                [36m/>[31m
                [36m<path[31m
                  [33md[31m=[32m"M9 20v2"[31m
                [36m/>[31m
              [36m</svg>[31m
            [36m</div>[31m
            [36m<div>[31m
              [36m<h2[31m
                [33mclass[31m=[32m"text-xl font-semibold text-gray-900"[31m
              [36m>[31m
                [0mWeb Worker Manager[0m
              [36m</h2>[31m
              [36m<p[31m
                [33mclass[31m=[32m"text-sm text-gray-600"[31m
              [36m>[31m
                [0mGerenciamento avan├ºado de Web Workers[0m
              [36m</p>[31m
            [36m</div>[31m
          [36m</div>[31m
          [36m<div[31m
            [33mclass[31m=[32m"flex items-center space-x-2"[31m
          [36m>[31m
            [36m<button[31m
              [33mclass[31m=[32m"px-3 py-1 rounded-md text-sm font-medium bg-green-100 text-green-700 hover:bg-green-200"[31m
            [36m>[31m
              [0mAuto-refresh ON[0m
            [36m</button>[31m
            [36m<button[31m
              [33mclass[31m=[32m"px-4 py-2 bg-purple-600 text-white rounded-md hover:bg-purple-700 flex items-center space-x-2"[31m
            [36m>[31m
              [36m<svg[31m
                [33mclass[31m=[32m"lucide lucide-plus h-4 w-4"[31m
                [33mfill[31m=[32m"none"[31m
                [33mheight[31m=[32m"24"[31m
                [33mstroke[31m=[32m"currentColor"[31m
                [33mstroke-linecap[31m=[32m"round"[31m
                [33mstroke-linejoin[31m=[32m"round"[31m
                [33mstroke-width[31m=[32m"2"[31m
                [33mviewBox[31m=[32m"0 0 24 24"[31m
                [33mwidth[31m=[32m"24"[31m
                [33mxmlns[31m=[32m"http://www.w3.org/2000/svg"[31m
              [36m>[31m
                [36m<path[31m
                  [33md[31m=[32m"M5 12h14"[31m
                [36m/>[31m
                [36m<path[31m
                  [33md[31m=[32m"M12 5v14"[31m
                [36m/>[31m
              [36m</svg>[31m
              [36m<span>[31m
                [0mNovo Worker[0m
              [36m</span>[31m
            [36m</button>[31m
          [36m</div>[31m
        [36m</div>[31m
      [36m</div>[31m
      [36m<div[31m
        [33mclass[31m=[32m"p-6 grid grid-cols-1 md:grid-cols-2 lg:grid-cols-4 gap-4"[31m
      [36m>[31m
        [36m<div[31m
          [33mclass[31m=[32m"bg-blue-50 rounded-lg p-4 cursor-pointer transition-all duration-200 hover:shadow-md"[31m
        [36m>[31m
          [36m<div[31m
            [33mclass[31m=[32m"flex items-center justify-between"[31m
          [36m>[31m
            [36m<div[31m
              [33mclass[31m=[32m"flex items-center space-x-3"[31m
            [36m>[31m
              [36m<svg[31m
                [33mclass[31m=[32m"lucide lucide-users h-8 w-8 text-blue-600"[31m
                [33mfill[31m=[32m"none"[31m
                [33mheight[31m=[32m"24"[31m
                [33mstroke[31m=[32m"currentColor"[31m
                [33mstroke-linecap[31m=[32m"round"[31m
                [33mstroke-linejoin[31m=[32m"round"[31m
                [33mstroke-width[31m=[32m"2"[31m
                [33mviewBox[31m=[32m"0 0 24 24"[31m
                [33mwidth[31m=[32m"24"[31m
                [33mxmlns[31m=[32m"http://www.w3.org/2000/svg"[31m
              [36m>[31m
                [36m<path[31m
                  [33md[31m=[32m"M16 21v-2a4 4 0 0 0-4-4H6a4 4 0 0 0-4 4v2"[31m
                [36m/>[31m
                [36m<circle[31m
                  [33mcx[31m=[32m"9"[31m
                  [33mcy[31m=[32m"7"[31m
                  [33mr[31m=[32m"4"[31m
                [36m/>[31m
                [36m<path[31m
                  [33md[31m=[32m"M22 21v-2a4 4 0 0 0-3-3.87"[31m
                [36m/>[31m
                [36m<path[31m
                  [33md[31m=[32m"M16 3.13a4 4 0 0 1 0 7.75"[31m
                [36m/>[31m
              [36m</svg>[31m
              [36m<div>[31m
                [36m<p[31m
                  [33mclass[31m=[32m"text-sm font-medium text-gray-600"[31m
                [36m>[31m
                  [0mWorkers Ativos[0m
                [36m</p>[31m
                [36m<p[31m
                  [33mclass[31m=[32m"text-2xl font...[39m
 [31m├ù[39m src/__tests__/components/WebWorkerManager.test.tsx[2m > [22mWebWorkerManager Component[2m > [22mGerenciamento de Tasks[2m > [22mdeve abrir dialog de cria├º├úo de task[32m 103[2mms[22m[39m
[31m   ÔåÆ Unable to find an element with the text: Tasks. This could be because the text is broken up by multiple elements. In this case, you can provide a function for your text matcher to make your matcher more flexible.

Ignored nodes: comments, script, style
[36m<body>[31m
  [36m<div>[31m
    [36m<div[31m
      [33mclass[31m=[32m"bg-white rounded-lg shadow-lg "[31m
    [36m>[31m
      [36m<div[31m
        [33mclass[31m=[32m"p-6 border-b border-gray-200"[31m
      [36m>[31m
        [36m<div[31m
          [33mclass[31m=[32m"flex items-center justify-between"[31m
        [36m>[31m
          [36m<div[31m
            [33mclass[31m=[32m"flex items-center space-x-3"[31m
          [36m>[31m
            [36m<div[31m
              [33mclass[31m=[32m"p-2 bg-purple-100 rounded-lg"[31m
            [36m>[31m
              [36m<svg[31m
                [33mclass[31m=[32m"lucide lucide-cpu h-6 w-6 text-purple-600"[31m
                [33mfill[31m=[32m"none"[31m
                [33mheight[31m=[32m"24"[31m
                [33mstroke[31m=[32m"currentColor"[31m
                [33mstroke-linecap[31m=[32m"round"[31m
                [33mstroke-linejoin[31m=[32m"round"[31m
                [33mstroke-width[31m=[32m"2"[31m
                [33mviewBox[31m=[32m"0 0 24 24"[31m
                [33mwidth[31m=[32m"24"[31m
                [33mxmlns[31m=[32m"http://www.w3.org/2000/svg"[31m
              [36m>[31m
                [36m<rect[31m
                  [33mheight[31m=[32m"16"[31m
                  [33mrx[31m=[32m"2"[31m
                  [33mwidth[31m=[32m"16"[31m
                  [33mx[31m=[32m"4"[31m
                  [33my[31m=[32m"4"[31m
                [36m/>[31m
                [36m<rect[31m
                  [33mheight[31m=[32m"6"[31m
                  [33mwidth[31m=[32m"6"[31m
                  [33mx[31m=[32m"9"[31m
                  [33my[31m=[32m"9"[31m
                [36m/>[31m
                [36m<path[31m
                  [33md[31m=[32m"M15 2v2"[31m
                [36m/>[31m
                [36m<path[31m
                  [33md[31m=[32m"M15 20v2"[31m
                [36m/>[31m
                [36m<path[31m
                  [33md[31m=[32m"M2 15h2"[31m
                [36m/>[31m
                [36m<path[31m
                  [33md[31m=[32m"M2 9h2"[31m
                [36m/>[31m
                [36m<path[31m
                  [33md[31m=[32m"M20 15h2"[31m
                [36m/>[31m
                [36m<path[31m
                  [33md[31m=[32m"M20 9h2"[31m
                [36m/>[31m
                [36m<path[31m
                  [33md[31m=[32m"M9 2v2"[31m
                [36m/>[31m
                [36m<path[31m
                  [33md[31m=[32m"M9 20v2"[31m
                [36m/>[31m
              [36m</svg>[31m
            [36m</div>[31m
            [36m<div>[31m
              [36m<h2[31m
                [33mclass[31m=[32m"text-xl font-semibold text-gray-900"[31m
              [36m>[31m
                [0mWeb Worker Manager[0m
              [36m</h2>[31m
              [36m<p[31m
                [33mclass[31m=[32m"text-sm text-gray-600"[31m
              [36m>[31m
                [0mGerenciamento avan├ºado de Web Workers[0m
              [36m</p>[31m
            [36m</div>[31m
          [36m</div>[31m
          [36m<div[31m
            [33mclass[31m=[32m"flex items-center space-x-2"[31m
          [36m>[31m
            [36m<button[31m
              [33mclass[31m=[32m"px-3 py-1 rounded-md text-sm font-medium bg-green-100 text-green-700 hover:bg-green-200"[31m
            [36m>[31m
              [0mAuto-refresh ON[0m
            [36m</button>[31m
            [36m<button[31m
              [33mclass[31m=[32m"px-4 py-2 bg-purple-600 text-white rounded-md hover:bg-purple-700 flex items-center space-x-2"[31m
            [36m>[31m
              [36m<svg[31m
                [33mclass[31m=[32m"lucide lucide-plus h-4 w-4"[31m
                [33mfill[31m=[32m"none"[31m
                [33mheight[31m=[32m"24"[31m
                [33mstroke[31m=[32m"currentColor"[31m
                [33mstroke-linecap[31m=[32m"round"[31m
                [33mstroke-linejoin[31m=[32m"round"[31m
                [33mstroke-width[31m=[32m"2"[31m
                [33mviewBox[31m=[32m"0 0 24 24"[31m
                [33mwidth[31m=[32m"24"[31m
                [33mxmlns[31m=[32m"http://www.w3.org/2000/svg"[31m
              [36m>[31m
                [36m<path[31m
                  [33md[31m=[32m"M5 12h14"[31m
                [36m/>[31m
                [36m<path[31m
                  [33md[31m=[32m"M12 5v14"[31m
                [36m/>[31m
              [36m</svg>[31m
              [36m<span>[31m
                [0mNovo Worker[0m
              [36m</span>[31m
            [36m</button>[31m
          [36m</div>[31m
        [36m</div>[31m
      [36m</div>[31m
      [36m<div[31m
        [33mclass[31m=[32m"p-6 grid grid-cols-1 md:grid-cols-2 lg:grid-cols-4 gap-4"[31m
      [36m>[31m
        [36m<div[31m
          [33mclass[31m=[32m"bg-blue-50 rounded-lg p-4 cursor-pointer transition-all duration-200 hover:shadow-md"[31m
        [36m>[31m
          [36m<div[31m
            [33mclass[31m=[32m"flex items-center justify-between"[31m
          [36m>[31m
            [36m<div[31m
              [33mclass[31m=[32m"flex items-center space-x-3"[31m
            [36m>[31m
              [36m<svg[31m
                [33mclass[31m=[32m"lucide lucide-users h-8 w-8 text-blue-600"[31m
                [33mfill[31m=[32m"none"[31m
                [33mheight[31m=[32m"24"[31m
                [33mstroke[31m=[32m"currentColor"[31m
                [33mstroke-linecap[31m=[32m"round"[31m
                [33mstroke-linejoin[31m=[32m"round"[31m
                [33mstroke-width[31m=[32m"2"[31m
                [33mviewBox[31m=[32m"0 0 24 24"[31m
                [33mwidth[31m=[32m"24"[31m
                [33mxmlns[31m=[32m"http://www.w3.org/2000/svg"[31m
              [36m>[31m
                [36m<path[31m
                  [33md[31m=[32m"M16 21v-2a4 4 0 0 0-4-4H6a4 4 0 0 0-4 4v2"[31m
                [36m/>[31m
                [36m<circle[31m
                  [33mcx[31m=[32m"9"[31m
                  [33mcy[31m=[32m"7"[31m
                  [33mr[31m=[32m"4"[31m
                [36m/>[31m
                [36m<path[31m
                  [33md[31m=[32m"M22 21v-2a4 4 0 0 0-3-3.87"[31m
                [36m/>[31m
                [36m<path[31m
                  [33md[31m=[32m"M16 3.13a4 4 0 0 1 0 7.75"[31m
                [36m/>[31m
              [36m</svg>[31m
              [36m<div>[31m
                [36m<p[31m
                  [33mclass[31m=[32m"text-sm font-medium text-gray-600"[31m
                [36m>[31m
                  [0mWorkers Ativos[0m
                [36m</p>[31m
                [36m<p[31m
                  [33mclass[31m=[32m"text-2xl font...[39m
 [31m├ù[39m src/__tests__/components/WebWorkerManager.test.tsx[2m > [22mWebWorkerManager Component[2m > [22mGerenciamento de Tasks[2m > [22mdeve criar task com dados v├ílidos[32m 106[2mms[22m[39m
[31m   ÔåÆ Unable to find an element with the text: Tasks. This could be because the text is broken up by multiple elements. In this case, you can provide a function for your text matcher to make your matcher more flexible.

Ignored nodes: comments, script, style
[36m<body>[31m
  [36m<div>[31m
    [36m<div[31m
      [33mclass[31m=[32m"bg-white rounded-lg shadow-lg "[31m
    [36m>[31m
      [36m<div[31m
        [33mclass[31m=[32m"p-6 border-b border-gray-200"[31m
      [36m>[31m
        [36m<div[31m
          [33mclass[31m=[32m"flex items-center justify-between"[31m
        [36m>[31m
          [36m<div[31m
            [33mclass[31m=[32m"flex items-center space-x-3"[31m
          [36m>[31m
            [36m<div[31m
              [33mclass[31m=[32m"p-2 bg-purple-100 rounded-lg"[31m
            [36m>[31m
              [36m<svg[31m
                [33mclass[31m=[32m"lucide lucide-cpu h-6 w-6 text-purple-600"[31m
                [33mfill[31m=[32m"none"[31m
                [33mheight[31m=[32m"24"[31m
                [33mstroke[31m=[32m"currentColor"[31m
                [33mstroke-linecap[31m=[32m"round"[31m
                [33mstroke-linejoin[31m=[32m"round"[31m
                [33mstroke-width[31m=[32m"2"[31m
                [33mviewBox[31m=[32m"0 0 24 24"[31m
                [33mwidth[31m=[32m"24"[31m
                [33mxmlns[31m=[32m"http://www.w3.org/2000/svg"[31m
              [36m>[31m
                [36m<rect[31m
                  [33mheight[31m=[32m"16"[31m
                  [33mrx[31m=[32m"2"[31m
                  [33mwidth[31m=[32m"16"[31m
                  [33mx[31m=[32m"4"[31m
                  [33my[31m=[32m"4"[31m
                [36m/>[31m
                [36m<rect[31m
                  [33mheight[31m=[32m"6"[31m
                  [33mwidth[31m=[32m"6"[31m
                  [33mx[31m=[32m"9"[31m
                  [33my[31m=[32m"9"[31m
                [36m/>[31m
                [36m<path[31m
                  [33md[31m=[32m"M15 2v2"[31m
                [36m/>[31m
                [36m<path[31m
                  [33md[31m=[32m"M15 20v2"[31m
                [36m/>[31m
                [36m<path[31m
                  [33md[31m=[32m"M2 15h2"[31m
                [36m/>[31m
                [36m<path[31m
                  [33md[31m=[32m"M2 9h2"[31m
                [36m/>[31m
                [36m<path[31m
                  [33md[31m=[32m"M20 15h2"[31m
                [36m/>[31m
                [36m<path[31m
                  [33md[31m=[32m"M20 9h2"[31m
                [36m/>[31m
                [36m<path[31m
                  [33md[31m=[32m"M9 2v2"[31m
                [36m/>[31m
                [36m<path[31m
                  [33md[31m=[32m"M9 20v2"[31m
                [36m/>[31m
              [36m</svg>[31m
            [36m</div>[31m
            [36m<div>[31m
              [36m<h2[31m
                [33mclass[31m=[32m"text-xl font-semibold text-gray-900"[31m
              [36m>[31m
                [0mWeb Worker Manager[0m
              [36m</h2>[31m
              [36m<p[31m
                [33mclass[31m=[32m"text-sm text-gray-600"[31m
              [36m>[31m
                [0mGerenciamento avan├ºado de Web Workers[0m
              [36m</p>[31m
            [36m</div>[31m
          [36m</div>[31m
          [36m<div[31m
            [33mclass[31m=[32m"flex items-center space-x-2"[31m
          [36m>[31m
            [36m<button[31m
              [33mclass[31m=[32m"px-3 py-1 rounded-md text-sm font-medium bg-green-100 text-green-700 hover:bg-green-200"[31m
            [36m>[31m
              [0mAuto-refresh ON[0m
            [36m</button>[31m
            [36m<button[31m
              [33mclass[31m=[32m"px-4 py-2 bg-purple-600 text-white rounded-md hover:bg-purple-700 flex items-center space-x-2"[31m
            [36m>[31m
              [36m<svg[31m
                [33mclass[31m=[32m"lucide lucide-plus h-4 w-4"[31m
                [33mfill[31m=[32m"none"[31m
                [33mheight[31m=[32m"24"[31m
                [33mstroke[31m=[32m"currentColor"[31m
                [33mstroke-linecap[31m=[32m"round"[31m
                [33mstroke-linejoin[31m=[32m"round"[31m
                [33mstroke-width[31m=[32m"2"[31m
                [33mviewBox[31m=[32m"0 0 24 24"[31m
                [33mwidth[31m=[32m"24"[31m
                [33mxmlns[31m=[32m"http://www.w3.org/2000/svg"[31m
              [36m>[31m
                [36m<path[31m
                  [33md[31m=[32m"M5 12h14"[31m
                [36m/>[31m
                [36m<path[31m
                  [33md[31m=[32m"M12 5v14"[31m
                [36m/>[31m
              [36m</svg>[31m
              [36m<span>[31m
                [0mNovo Worker[0m
              [36m</span>[31m
            [36m</button>[31m
          [36m</div>[31m
        [36m</div>[31m
      [36m</div>[31m
      [36m<div[31m
        [33mclass[31m=[32m"p-6 grid grid-cols-1 md:grid-cols-2 lg:grid-cols-4 gap-4"[31m
      [36m>[31m
        [36m<div[31m
          [33mclass[31m=[32m"bg-blue-50 rounded-lg p-4 cursor-pointer transition-all duration-200 hover:shadow-md"[31m
        [36m>[31m
          [36m<div[31m
            [33mclass[31m=[32m"flex items-center justify-between"[31m
          [36m>[31m
            [36m<div[31m
              [33mclass[31m=[32m"flex items-center space-x-3"[31m
            [36m>[31m
              [36m<svg[31m
                [33mclass[31m=[32m"lucide lucide-users h-8 w-8 text-blue-600"[31m
                [33mfill[31m=[32m"none"[31m
                [33mheight[31m=[32m"24"[31m
                [33mstroke[31m=[32m"currentColor"[31m
                [33mstroke-linecap[31m=[32m"round"[31m
                [33mstroke-linejoin[31m=[32m"round"[31m
                [33mstroke-width[31m=[32m"2"[31m
                [33mviewBox[31m=[32m"0 0 24 24"[31m
                [33mwidth[31m=[32m"24"[31m
                [33mxmlns[31m=[32m"http://www.w3.org/2000/svg"[31m
              [36m>[31m
                [36m<path[31m
                  [33md[31m=[32m"M16 21v-2a4 4 0 0 0-4-4H6a4 4 0 0 0-4 4v2"[31m
                [36m/>[31m
                [36m<circle[31m
                  [33mcx[31m=[32m"9"[31m
                  [33mcy[31m=[32m"7"[31m
                  [33mr[31m=[32m"4"[31m
                [36m/>[31m
                [36m<path[31m
                  [33md[31m=[32m"M22 21v-2a4 4 0 0 0-3-3.87"[31m
                [36m/>[31m
                [36m<path[31m
                  [33md[31m=[32m"M16 3.13a4 4 0 0 1 0 7.75"[31m
                [36m/>[31m
              [36m</svg>[31m
              [36m<div>[31m
                [36m<p[31m
                  [33mclass[31m=[32m"text-sm font-medium text-gray-600"[31m
                [36m>[31m
                  [0mWorkers Ativos[0m
                [36m</p>[31m
                [36m<p[31m
                  [33mclass[31m=[32m"text-2xl font...[39m
 [31m├ù[39m src/__tests__/components/WebWorkerManager.test.tsx[2m > [22mWebWorkerManager Component[2m > [22mGerenciamento de Tasks[2m > [22mdeve cancelar task[32m 111[2mms[22m[39m
[31m   ÔåÆ Unable to find an element with the text: Tasks. This could be because the text is broken up by multiple elements. In this case, you can provide a function for your text matcher to make your matcher more flexible.

Ignored nodes: comments, script, style
[36m<body>[31m
  [36m<div>[31m
    [36m<div[31m
      [33mclass[31m=[32m"bg-white rounded-lg shadow-lg "[31m
    [36m>[31m
      [36m<div[31m
        [33mclass[31m=[32m"p-6 border-b border-gray-200"[31m
      [36m>[31m
        [36m<div[31m
          [33mclass[31m=[32m"flex items-center justify-between"[31m
        [36m>[31m
          [36m<div[31m
            [33mclass[31m=[32m"flex items-center space-x-3"[31m
          [36m>[31m
            [36m<div[31m
              [33mclass[31m=[32m"p-2 bg-purple-100 rounded-lg"[31m
            [36m>[31m
              [36m<svg[31m
                [33mclass[31m=[32m"lucide lucide-cpu h-6 w-6 text-purple-600"[31m
                [33mfill[31m=[32m"none"[31m
                [33mheight[31m=[32m"24"[31m
                [33mstroke[31m=[32m"currentColor"[31m
                [33mstroke-linecap[31m=[32m"round"[31m
                [33mstroke-linejoin[31m=[32m"round"[31m
                [33mstroke-width[31m=[32m"2"[31m
                [33mviewBox[31m=[32m"0 0 24 24"[31m
                [33mwidth[31m=[32m"24"[31m
                [33mxmlns[31m=[32m"http://www.w3.org/2000/svg"[31m
              [36m>[31m
                [36m<rect[31m
                  [33mheight[31m=[32m"16"[31m
                  [33mrx[31m=[32m"2"[31m
                  [33mwidth[31m=[32m"16"[31m
                  [33mx[31m=[32m"4"[31m
                  [33my[31m=[32m"4"[31m
                [36m/>[31m
                [36m<rect[31m
                  [33mheight[31m=[32m"6"[31m
                  [33mwidth[31m=[32m"6"[31m
                  [33mx[31m=[32m"9"[31m
                  [33my[31m=[32m"9"[31m
                [36m/>[31m
                [36m<path[31m
                  [33md[31m=[32m"M15 2v2"[31m
                [36m/>[31m
                [36m<path[31m
                  [33md[31m=[32m"M15 20v2"[31m
                [36m/>[31m
                [36m<path[31m
                  [33md[31m=[32m"M2 15h2"[31m
                [36m/>[31m
                [36m<path[31m
                  [33md[31m=[32m"M2 9h2"[31m
                [36m/>[31m
                [36m<path[31m
                  [33md[31m=[32m"M20 15h2"[31m
                [36m/>[31m
                [36m<path[31m
                  [33md[31m=[32m"M20 9h2"[31m
                [36m/>[31m
                [36m<path[31m
                  [33md[31m=[32m"M9 2v2"[31m
                [36m/>[31m
                [36m<path[31m
                  [33md[31m=[32m"M9 20v2"[31m
                [36m/>[31m
              [36m</svg>[31m
            [36m</div>[31m
            [36m<div>[31m
              [36m<h2[31m
                [33mclass[31m=[32m"text-xl font-semibold text-gray-900"[31m
              [36m>[31m
                [0mWeb Worker Manager[0m
              [36m</h2>[31m
              [36m<p[31m
                [33mclass[31m=[32m"text-sm text-gray-600"[31m
              [36m>[31m
                [0mGerenciamento avan├ºado de Web Workers[0m
              [36m</p>[31m
            [36m</div>[31m
          [36m</div>[31m
          [36m<div[31m
            [33mclass[31m=[32m"flex items-center space-x-2"[31m
          [36m>[31m
            [36m<button[31m
              [33mclass[31m=[32m"px-3 py-1 rounded-md text-sm font-medium bg-green-100 text-green-700 hover:bg-green-200"[31m
            [36m>[31m
              [0mAuto-refresh ON[0m
            [36m</button>[31m
            [36m<button[31m
              [33mclass[31m=[32m"px-4 py-2 bg-purple-600 text-white rounded-md hover:bg-purple-700 flex items-center space-x-2"[31m
            [36m>[31m
              [36m<svg[31m
                [33mclass[31m=[32m"lucide lucide-plus h-4 w-4"[31m
                [33mfill[31m=[32m"none"[31m
                [33mheight[31m=[32m"24"[31m
                [33mstroke[31m=[32m"currentColor"[31m
                [33mstroke-linecap[31m=[32m"round"[31m
                [33mstroke-linejoin[31m=[32m"round"[31m
                [33mstroke-width[31m=[32m"2"[31m
                [33mviewBox[31m=[32m"0 0 24 24"[31m
                [33mwidth[31m=[32m"24"[31m
                [33mxmlns[31m=[32m"http://www.w3.org/2000/svg"[31m
              [36m>[31m
                [36m<path[31m
                  [33md[31m=[32m"M5 12h14"[31m
                [36m/>[31m
                [36m<path[31m
                  [33md[31m=[32m"M12 5v14"[31m
                [36m/>[31m
              [36m</svg>[31m
              [36m<span>[31m
                [0mNovo Worker[0m
              [36m</span>[31m
            [36m</button>[31m
          [36m</div>[31m
        [36m</div>[31m
      [36m</div>[31m
      [36m<div[31m
        [33mclass[31m=[32m"p-6 grid grid-cols-1 md:grid-cols-2 lg:grid-cols-4 gap-4"[31m
      [36m>[31m
        [36m<div[31m
          [33mclass[31m=[32m"bg-blue-50 rounded-lg p-4 cursor-pointer transition-all duration-200 hover:shadow-md"[31m
        [36m>[31m
          [36m<div[31m
            [33mclass[31m=[32m"flex items-center justify-between"[31m
          [36m>[31m
            [36m<div[31m
              [33mclass[31m=[32m"flex items-center space-x-3"[31m
            [36m>[31m
              [36m<svg[31m
                [33mclass[31m=[32m"lucide lucide-users h-8 w-8 text-blue-600"[31m
                [33mfill[31m=[32m"none"[31m
                [33mheight[31m=[32m"24"[31m
                [33mstroke[31m=[32m"currentColor"[31m
                [33mstroke-linecap[31m=[32m"round"[31m
                [33mstroke-linejoin[31m=[32m"round"[31m
                [33mstroke-width[31m=[32m"2"[31m
                [33mviewBox[31m=[32m"0 0 24 24"[31m
                [33mwidth[31m=[32m"24"[31m
                [33mxmlns[31m=[32m"http://www.w3.org/2000/svg"[31m
              [36m>[31m
                [36m<path[31m
                  [33md[31m=[32m"M16 21v-2a4 4 0 0 0-4-4H6a4 4 0 0 0-4 4v2"[31m
                [36m/>[31m
                [36m<circle[31m
                  [33mcx[31m=[32m"9"[31m
                  [33mcy[31m=[32m"7"[31m
                  [33mr[31m=[32m"4"[31m
                [36m/>[31m
                [36m<path[31m
                  [33md[31m=[32m"M22 21v-2a4 4 0 0 0-3-3.87"[31m
                [36m/>[31m
                [36m<path[31m
                  [33md[31m=[32m"M16 3.13a4 4 0 0 1 0 7.75"[31m
                [36m/>[31m
              [36m</svg>[31m
              [36m<div>[31m
                [36m<p[31m
                  [33mclass[31m=[32m"text-sm font-medium text-gray-600"[31m
                [36m>[31m
                  [0mWorkers Ativos[0m
                [36m</p>[31m
                [36m<p[31m
                  [33mclass[31m=[32m"text-2xl font...[39m
 [32mÔ£ô[39m src/test/unit/TestAutomationPanel.test.tsx[2m > [22mTestAutomationPanel[2m > [22mshould render the component successfully[33m 1164[2mms[22m[39m
 [31m├ù[39m src/__tests__/components/AdvancedUIManager.test.tsx[2m > [22mAdvancedUIManager Component[2m > [22mCria├º├úo de Componentes[2m > [22mdeve abrir dialog de cria├º├úo de componente[33m 1214[2mms[22m[39m
[31m   ÔåÆ Unable to find an element with the text: Criar Novo Componente. This could be because the text is broken up by multiple elements. In this case, you can provide a function for your text matcher to make your matcher more flexible.

Ignored nodes: comments, script, style
[36m<body>[31m
  [36m<div>[31m
    [36m<div[31m
      [33mclass[31m=[32m"bg-white rounded-lg shadow-lg "[31m
    [36m>[31m
      [36m<div[31m
        [33mclass[31m=[32m"p-6 border-b border-gray-200"[31m
      [36m>[31m
        [36m<div[31m
          [33mclass[31m=[32m"flex items-center justify-between"[31m
        [36m>[31m
          [36m<div[31m
            [33mclass[31m=[32m"flex items-center space-x-3"[31m
          [36m>[31m
            [36m<div[31m
              [33mclass[31m=[32m"p-2 bg-blue-100 rounded-lg"[31m
            [36m>[31m
              [36m<svg[31m
                [33mclass[31m=[32m"lucide lucide-layers h-6 w-6 text-blue-600"[31m
                [33mfill[31m=[32m"none"[31m
                [33mheight[31m=[32m"24"[31m
                [33mstroke[31m=[32m"currentColor"[31m
                [33mstroke-linecap[31m=[32m"round"[31m
                [33mstroke-linejoin[31m=[32m"round"[31m
                [33mstroke-width[31m=[32m"2"[31m
                [33mviewBox[31m=[32m"0 0 24 24"[31m
                [33mwidth[31m=[32m"24"[31m
                [33mxmlns[31m=[32m"http://www.w3.org/2000/svg"[31m
              [36m>[31m
                [36m<path[31m
                  [33md[31m=[32m"m12.83 2.18a2 2 0 0 0-1.66 0L2.6 6.08a1 1 0 0 0 0 1.83l8.58 3.91a2 2 0 0 0 1.66 0l8.58-3.9a1 1 0 0 0 0-1.83Z"[31m
                [36m/>[31m
                [36m<path[31m
                  [33md[31m=[32m"m22 17.65-9.17 4.16a2 2 0 0 1-1.66 0L2 17.65"[31m
                [36m/>[31m
                [36m<path[31m
                  [33md[31m=[32m"m22 12.65-9.17 4.16a2 2 0 0 1-1.66 0L2 12.65"[31m
                [36m/>[31m
              [36m</svg>[31m
            [36m</div>[31m
            [36m<div>[31m
              [36m<h2[31m
                [33mclass[31m=[32m"text-xl font-semibold text-gray-900"[31m
              [36m>[31m
                [0mAdvanced UI Manager[0m
              [36m</h2>[31m
              [36m<p[31m
                [33mclass[31m=[32m"text-sm text-gray-600"[31m
              [36m>[31m
                [0mGerencie componentes, tours e temas da interface[0m
              [36m</p>[31m
            [36m</div>[31m
          [36m</div>[31m
          [36m<div[31m
            [33mclass[31m=[32m"flex items-center space-x-2"[31m
          [36m>[31m
            [36m<div[31m
              [33mclass[31m=[32m"flex items-center space-x-1 px-2 py-1 rounded-full text-xs bg-green-100 text-green-800"[31m
            [36m>[31m
              [36m<svg[31m
                [33mclass[31m=[32m"lucide lucide-check-circle h-3 w-3"[31m
                [33mfill[31m=[32m"none"[31m
                [33mheight[31m=[32m"24"[31m
                [33mstroke[31m=[32m"currentColor"[31m
                [33mstroke-linecap[31m=[32m"round"[31m
                [33mstroke-linejoin[31m=[32m"round"[31m
                [33mstroke-width[31m=[32m"2"[31m
                [33mviewBox[31m=[32m"0 0 24 24"[31m
                [33mwidth[31m=[32m"24"[31m
                [33mxmlns[31m=[32m"http://www.w3.org/2000/svg"[31m
              [36m>[31m
                [36m<path[31m
                  [33md[31m=[32m"M22 11.08V12a10 10 0 1 1-5.93-9.14"[31m
                [36m/>[31m
                [36m<path[31m
                  [33md[31m=[32m"m9 11 3 3L22 4"[31m
                [36m/>[31m
              [36m</svg>[31m
              [36m<span>[31m
                [0mSaud├ível[0m
              [36m</span>[31m
            [36m</div>[31m
            [36m<button[31m
              [33mclass[31m=[32m"p-2 text-gray-400 hover:text-gray-600"[31m
            [36m>[31m
              [36m<svg[31m
                [33mclass[31m=[32m"lucide lucide-maximize2 h-4 w-4"[31m
                [33mfill[31m=[32m"none"[31m
                [33mheight[31m=[32m"24"[31m
                [33mstroke[31m=[32m"currentColor"[31m
                [33mstroke-linecap[31m=[32m"round"[31m
                [33mstroke-linejoin[31m=[32m"round"[31m
                [33mstroke-width[31m=[32m"2"[31m
                [33mviewBox[31m=[32m"0 0 24 24"[31m
                [33mwidth[31m=[32m"24"[31m
                [33mxmlns[31m=[32m"http://www.w3.org/2000/svg"[31m
              [36m>[31m
                [36m<polyline[31m
                  [33mpoints[31m=[32m"15 3 21 3 21 9"[31m
                [36m/>[31m
                [36m<polyline[31m
                  [33mpoints[31m=[32m"9 21 3 21 3 15"[31m
                [36m/>[31m
                [36m<line[31m
                  [33mx1[31m=[32m"21"[31m
                  [33mx2[31m=[32m"14"[31m
                  [33my1[31m=[32m"3"[31m
                  [33my2[31m=[32m"10"[31m
                [36m/>[31m
                [36m<line[31m
                  [33mx1[31m=[32m"3"[31m
                  [33mx2[31m=[32m"10"[31m
                  [33my1[31m=[32m"21"[31m
                  [33my2[31m=[32m"14"[31m
                [36m/>[31m
              [36m</svg>[31m
            [36m</button>[31m
          [36m</div>[31m
        [36m</div>[31m
      [36m</div>[31m
      [36m<div[31m
        [33mclass[31m=[32m"p-6"[31m
      [36m>[31m
        [36m<div[31m
          [33mclass[31m=[32m"grid grid-cols-1 md:grid-cols-2 lg:grid-cols-4 gap-4"[31m
        [36m>[31m
          [36m<div[31m
            [33mclass[31m=[32m"bg-white border border-gray-200 rounded-lg p-4 hover:shadow-md transition-shadow cursor-pointer"[31m
          [36m>[31m
            [36m<div[31m
              [33mclass[31m=[32m"flex items-center justify-between"[31m
            [36m>[31m
              [36m<div[31m
                [33mclass[31m=[32m"p-2 bg-blue-50 rounded-lg"[31m
              [36m>[31m
                [36m<svg[31m
                  [33mclass[31m=[32m"lucide lucide-layers h-5 w-5 text-blue-600"[31m
                  [33mfill[31m=[32m"none"[31m
                  [33mheight[31m=[32m"24"[31m
                  [33mstroke[31m=[32m"currentColor"[31m
                  [33mstroke-linecap[31m=[32m"round"[31m
                  [33mstroke-linejoin[31m=[32m"round"[31m
                  [33mstroke-width[31m=[32m"2"[31m
                  [33mviewBox[31m=[32m"0 0 24 24"[31m
                  [33mwidth[31m=[32m"24"[31m
                  [33mxmlns[31m=[32m"http://www.w3.org/2000/svg"[31m
                [36m>[31m
                  [36m<path[31m
                    [33md[31m=[32m"m12.83 2.18a2 2 0 0 0-1.66 0L2.6 6.08a1 1 0 0 0 0 1.83l8.58 3.91a2 2 0 0 0 1.66 0l8.58-3.9a1 1 0 0 0 0-1.83Z"[31m
                  [36m/>[31m
                  [36m<path[31m
                    [33md[31m=[32m"m22 17.65-9.17 4.16a2 2 0 0 1-1.66 0L2 17.65"[31m
                  [36m/>[31m
                ...

Ignored nodes: comments, script, style
[36m<html>[31m
  [36m<head />[31m
  [36m<body>[31m
    [36m<div>[31m
      [36m<div[31m
        [33mclass[31m=[32m"bg-white rounded-lg shadow-lg "[31m
      [36m>[31m
        [36m<div[31m
          [33mclass[31m=[32m"p-6 border-b border-gray-200"[31m
        [36m>[31m
          [36m<div[31m
            [33mclass[31m=[32m"flex items-center justify-between"[31m
          [36m>[31m
            [36m<div[31m
              [33mclass[31m=[32m"flex items-center space-x-3"[31m
            [36m>[31m
              [36m<div[31m
                [33mclass[31m=[32m"p-2 bg-blue-100 rounded-lg"[31m
              [36m>[31m
                [36m<svg[31m
                  [33mclass[31m=[32m"lucide lucide-layers h-6 w-6 text-blue-600"[31m
                  [33mfill[31m=[32m"none"[31m
                  [33mheight[31m=[32m"24"[31m
                  [33mstroke[31m=[32m"currentColor"[31m
                  [33mstroke-linecap[31m=[32m"round"[31m
                  [33mstroke-linejoin[31m=[32m"round"[31m
                  [33mstroke-width[31m=[32m"2"[31m
                  [33mviewBox[31m=[32m"0 0 24 24"[31m
                  [33mwidth[31m=[32m"24"[31m
                  [33mxmlns[31m=[32m"http://www.w3.org/2000/svg"[31m
                [36m>[31m
                  [36m<path[31m
                    [33md[31m=[32m"m12.83 2.18a2 2 0 0 0-1.66 0L2.6 6.08a1 1 0 0 0 0 1.83l8.58 3.91a2 2 0 0 0 1.66 0l8.58-3.9a1 1 0 0 0 0-1.83Z"[31m
                  [36m/>[31m
                  [36m<path[31m
                    [33md[31m=[32m"m22 17.65-9.17 4.16a2 2 0 0 1-1.66 0L2 17.65"[31m
                  [36m/>[31m
                  [36m<path[31m
                    [33md[31m=[32m"m22 12.65-9.17 4.16a2 2 0 0 1-1.66 0L2 12.65"[31m
                  [36m/>[31m
                [36m</svg>[31m
              [36m</div>[31m
              [36m<div>[31m
                [36m<h2[31m
                  [33mclass[31m=[32m"text-xl font-semibold text-gray-900"[31m
                [36m>[31m
                  [0mAdvanced UI Manager[0m
                [36m</h2>[31m
                [36m<p[31m
                  [33mclass[31m=[32m"text-sm text-gray-600"[31m
                [36m>[31m
                  [0mGerencie componentes, tours e temas da interface[0m
                [36m</p>[31m
              [36m</div>[31m
            [36m</div>[31m
            [36m<div[31m
              [33mclass[31m=[32m"flex items-center space-x-2"[31m
            [36m>[31m
              [36m<div[31m
                [33mclass[31m=[32m"flex items-center space-x-1 px-2 py-1 rounded-full text-xs bg-green-100 text-green-800"[31m
              [36m>[31m
                [36m<svg[31m
                  [33mclass[31m=[32m"lucide lucide-check-circle h-3 w-3"[31m
                  [33mfill[31m=[32m"none"[31m
                  [33mheight[31m=[32m"24"[31m
                  [33mstroke[31m=[32m"currentColor"[31m
                  [33mstroke-linecap[31m=[32m"round"[31m
                  [33mstroke-linejoin[31m=[32m"round"[31m
                  [33mstroke-width[31m=[32m"2"[31m
                  [33mviewBox[31m=[32m"0 0 24 24"[31m
                  [33mwidth[31m=[32m"24"[31m
                  [33mxmlns[31m=[32m"http://www.w3.org/2000/svg"[31m
                [36m>[31m
                  [36m<path[31m
                    [33md[31m=[32m"M22 11.08V12a10 10 0 1 1-5.93-9.14"[31m
                  [36m/>[31m
                  [36m<path[31m
                    [33md[31m=[32m"m9 11 3 3L22 4"[31m
                  [36m/>[31m
                [36m</svg>[31m
                [36m<span>[31m
                  [0mSaud├ível[0m
                [36m</span>[31m
              [36m</div>[31m
              [36m<button[31m
                [33mclass[31m=[32m"p-2 text-gray-400 hover:text-gray-600"[31m
              [36m>[31m
                [36m<svg[31m
                  [33mclass[31m=[32m"lucide lucide-maximize2 h-4 w-4"[31m
                  [33mfill[31m=[32m"none"[31m
                  [33mheight[31m=[32m"24"[31m
                  [33mstroke[31m=[32m"currentColor"[31m
                  [33mstroke-linecap[31m=[32m"round"[31m
                  [33mstroke-linejoin[31m=[32m"round"[31m
                  [33mstroke-width[31m=[32m"2"[31m
                  [33mviewBox[31m=[32m"0 0 24 24"[31m
                  [33mwidth[31m=[32m"24"[31m
                  [33mxmlns[31m=[32m"http://www.w3.org/2000/svg"[31m
                [36m>[31m
                  [36m<polyline[31m
                    [33mpoints[31m=[32m"15 3 21 3 21 9"[31m
                  [36m/>[31m
                  [36m<polyline[31m
                    [33mpoints[31m=[32m"9 21 3 21 3 15"[31m
                  [36m/>[31m
                  [36m<line[31m
                    [33mx1[31m=[32m"21"[31m
                    [33mx2[31m=[32m"14"[31m
                    [33my1[31m=[32m"3"[31m
                    [33my2[31m=[32m"10"[31m
                  [36m/>[31m
                  [36m<line[31m
                    [33mx1[31m=[32m"3"[31m
                    [33mx2[31m=[32m"10"[31m
                    [33my1[31m=[32m"21"[31m
                    [33my2[31m=[32m"14"[31m
                  [36m/>[31m
                [36m</svg>[31m
              [36m</button>[31m
            [36m</div>[31m
          [36m</div>[31m
        [36m</div>[31m
        [36m<div[31m
          [33mclass[31m=[32m"p-6"[31m
        [36m>[31m
          [36m<div[31m
            [33mclass[31m=[32m"grid grid-cols-1 md:grid-cols-2 lg:grid-cols-4 gap-4"[31m
          [36m>[31m
            [36m<div[31m
              [33mclass[31m=[32m"bg-white border border-gray-200 rounded-lg p-4 hover:shadow-md transition-shadow cursor-pointer"[31m
            [36m>[31m
              [36m<div[31m
                [33mclass[31m=[32m"flex items-center justify-between"[31m
              [36m>[31m
                [36m<div[31m
                  [33mclass[31m=[32m"p-2 bg-blue-50 rounded-lg"[31m
                [36m>[31m
                  [36m<svg[31m
                    [33mclass[31m=[32m"lucide lucide-layers h-5 w-5 text-blue-600"[31m
                    [33mfill[31m=[32m"none"[31m
                    [33mheight[31m=[32m"24"[31m
                    [33mstroke[31m=[32m"currentColor"[31m
                    [33mstroke-linecap[31m=[32m"round"[31m
                    [33mstroke-linejoin[31m=[32m"round"[31m
                    [33mstroke-width[31m=[32m"2"[31m
                    [33mviewBox[31m=[32m"0 0 24 24"[31m
                    [33mwidth[31m=[32m"24"[31m
                    [33mxmlns[31m=[32m"http://www.w3.org/2000/svg"[31m
                  [36m>[31m
                    [36m<path[31m
                    ...[39m
 [32mÔ£ô[39m src/test/unit/TestAutomationPanel.test.tsx[2m > [22mTestAutomationPanel[2m > [22mshould display dashboard metrics correctly[32m 277[2mms[22m[39m
stderr | src/test/unit/TestAutomationPanel.test.tsx > TestAutomationPanel > should switch between tabs correctly
Error: Uncaught [TypeError: Cannot read properties of undefined (reading 'itemHeight')]
    at reportException (C:\xampp\htdocs\Studiotreiax_1\node_modules\jsdom\lib\jsdom\living\helpers\runtime-script-errors.js:66:24)
    at innerInvokeEventListeners (C:\xampp\htdocs\Studiotreiax_1\node_modules\jsdom\lib\jsdom\living\events\EventTarget-impl.js:353:9)
    at invokeEventListeners (C:\xampp\htdocs\Studiotreiax_1\node_modules\jsdom\lib\jsdom\living\events\EventTarget-impl.js:286:3)
    at HTMLUnknownElementImpl._dispatch (C:\xampp\htdocs\Studiotreiax_1\node_modules\jsdom\lib\jsdom\living\events\EventTarget-impl.js:233:9)
    at HTMLUnknownElementImpl.dispatchEvent (C:\xampp\htdocs\Studiotreiax_1\node_modules\jsdom\lib\jsdom\living\events\EventTarget-impl.js:104:17)
    at HTMLUnknownElement.dispatchEvent (C:\xampp\htdocs\Studiotreiax_1\node_modules\jsdom\lib\jsdom\living\generated\EventTarget.js:241:34)
    at Object.invokeGuardedCallbackDev (C:\xampp\htdocs\Studiotreiax_1\node_modules\react-dom\cjs\react-dom.development.js:4213:16)
    at invokeGuardedCallback (C:\xampp\htdocs\Studiotreiax_1\node_modules\react-dom\cjs\react-dom.development.js:4277:31)
    at beginWork$1 (C:\xampp\htdocs\Studiotreiax_1\node_modules\react-dom\cjs\react-dom.development.js:27451:7)
    at performUnitOfWork (C:\xampp\htdocs\Studiotreiax_1\node_modules\react-dom\cjs\react-dom.development.js:26560:12) TypeError: Cannot read properties of undefined (reading 'itemHeight')
    at Module.useVirtualization (C:\xampp\htdocs\Studiotreiax_1\src\hooks\useVirtualization.ts:56:5)
    at C:\xampp\htdocs\Studiotreiax_1\src\components\ui\VirtualizedList.tsx:91:7
    at renderWithHooks (C:\xampp\htdocs\Studiotreiax_1\node_modules\react-dom\cjs\react-dom.development.js:16305:18)
    at updateFunctionComponent (C:\xampp\htdocs\Studiotreiax_1\node_modules\react-dom\cjs\react-dom.development.js:19588:20)
    at updateSimpleMemoComponent (C:\xampp\htdocs\Studiotreiax_1\node_modules\react-dom\cjs\react-dom.development.js:19425:10)
    at updateMemoComponent (C:\xampp\htdocs\Studiotreiax_1\node_modules\react-dom\cjs\react-dom.development.js:19284:14)
    at beginWork (C:\xampp\htdocs\Studiotreiax_1\node_modules\react-dom\cjs\react-dom.development.js:21673:16)
    at HTMLUnknownElement.callCallback (C:\xampp\htdocs\Studiotreiax_1\node_modules\react-dom\cjs\react-dom.development.js:4164:14)
    at HTMLUnknownElement.callTheUserObjectsOperation (C:\xampp\htdocs\Studiotreiax_1\node_modules\jsdom\lib\jsdom\living\generated\EventListener.js:26:30)
    at innerInvokeEventListeners (C:\xampp\htdocs\Studiotreiax_1\node_modules\jsdom\lib\jsdom\living\events\EventTarget-impl.js:350:25)
Error: Uncaught [TypeError: Cannot read properties of undefined (reading 'itemHeight')]
    at reportException (C:\xampp\htdocs\Studiotreiax_1\node_modules\jsdom\lib\jsdom\living\helpers\runtime-script-errors.js:66:24)
    at innerInvokeEventListeners (C:\xampp\htdocs\Studiotreiax_1\node_modules\jsdom\lib\jsdom\living\events\EventTarget-impl.js:353:9)
    at invokeEventListeners (C:\xampp\htdocs\Studiotreiax_1\node_modules\jsdom\lib\jsdom\living\events\EventTarget-impl.js:286:3)
    at HTMLUnknownElementImpl._dispatch (C:\xampp\htdocs\Studiotreiax_1\node_modules\jsdom\lib\jsdom\living\events\EventTarget-impl.js:233:9)
    at HTMLUnknownElementImpl.dispatchEvent (C:\xampp\htdocs\Studiotreiax_1\node_modules\jsdom\lib\jsdom\living\events\EventTarget-impl.js:104:17)
    at HTMLUnknownElement.dispatchEvent (C:\xampp\htdocs\Studiotreiax_1\node_modules\jsdom\lib\jsdom\living\generated\EventTarget.js:241:34)
    at Object.invokeGuardedCallbackDev (C:\xampp\htdocs\Studiotreiax_1\node_modules\react-dom\cjs\react-dom.development.js:4213:16)
    at invokeGuardedCallback (C:\xampp\htdocs\Studiotreiax_1\node_modules\react-dom\cjs\react-dom.development.js:4277:31)
    at beginWork$1 (C:\xampp\htdocs\Studiotreiax_1\node_modules\react-dom\cjs\react-dom.development.js:27451:7)
    at performUnitOfWork (C:\xampp\htdocs\Studiotreiax_1\node_modules\react-dom\cjs\react-dom.development.js:26560:12) TypeError: Cannot read properties of undefined (reading 'itemHeight')
    at Module.useVirtualization (C:\xampp\htdocs\Studiotreiax_1\src\hooks\useVirtualization.ts:56:5)
    at C:\xampp\htdocs\Studiotreiax_1\src\components\ui\VirtualizedList.tsx:91:7
    at renderWithHooks (C:\xampp\htdocs\Studiotreiax_1\node_modules\react-dom\cjs\react-dom.development.js:16305:18)
    at updateFunctionComponent (C:\xampp\htdocs\Studiotreiax_1\node_modules\react-dom\cjs\react-dom.development.js:19588:20)
    at updateSimpleMemoComponent (C:\xampp\htdocs\Studiotreiax_1\node_modules\react-dom\cjs\react-dom.development.js:19425:10)
    at updateMemoComponent (C:\xampp\htdocs\Studiotreiax_1\node_modules\react-dom\cjs\react-dom.development.js:19284:14)
    at beginWork (C:\xampp\htdocs\Studiotreiax_1\node_modules\react-dom\cjs\react-dom.development.js:21673:16)
    at HTMLUnknownElement.callCallback (C:\xampp\htdocs\Studiotreiax_1\node_modules\react-dom\cjs\react-dom.development.js:4164:14)
    at HTMLUnknownElement.callTheUserObjectsOperation (C:\xampp\htdocs\Studiotreiax_1\node_modules\jsdom\lib\jsdom\living\generated\EventListener.js:26:30)
    at innerInvokeEventListeners (C:\xampp\htdocs\Studiotreiax_1\node_modules\jsdom\lib\jsdom\living\events\EventTarget-impl.js:350:25)
The above error occurred in the <VirtualizedList> component:

    at C:\xampp\htdocs\Studiotreiax_1\src\components\ui\VirtualizedList.tsx:50:3
    at div
    at C:\xampp\htdocs\Studiotreiax_1\src\components\ui\card.tsx:89:57
    at div
    at C:\xampp\htdocs\Studiotreiax_1\src\components\ui\card.tsx:7:50
    at div
    at file:///C:/xampp/htdocs/Studiotreiax_1/node_modules/@radix-ui/react-primitive/dist/index.mjs:28:13
    at Presence (file:///C:/xampp/htdocs/Studiotreiax_1/node_modules/@radix-ui/react-presence/dist/index.mjs:19:11)
    at file:///C:/xampp/htdocs/Studiotreiax_1/node_modules/@radix-ui/react-tabs/dist/index.mjs:147:13
    at C:\xampp\htdocs\Studiotreiax_1\src\components\ui\tabs.tsx:50:57
    at div
    at file:///C:/xampp/htdocs/Studiotreiax_1/node_modules/@radix-ui/react-primitive/dist/index.mjs:28:13
    at Provider (file:///C:/xampp/htdocs/Studiotreiax_1/node_modules/@radix-ui/react-context/dist/index.mjs:27:15)
    at file:///C:/xampp/htdocs/Studiotreiax_1/node_modules/@radix-ui/react-tabs/dist/index.mjs:24:7
    at div
    at TestAutomationPanel (C:\xampp\htdocs\Studiotreiax_1\src\components\testing\TestAutomationPanel.tsx:31:32)

Consider adding an error boundary to your tree to customize error handling behavior.
Visit https://reactjs.org/link/error-boundaries to learn more about error boundaries.

 [31m├ù[39m src/__tests__/components/WebWorkerManager.test.tsx[2m > [22mWebWorkerManager Component[2m > [22mConfigura├º├Áes[2m > [22mdeve renderizar configura├º├Áes na aba correspondente[33m 1270[2mms[22m[39m
[31m   ÔåÆ Unable to find an element with the text: Timeout (ms). This could be because the text is broken up by multiple elements. In this case, you can provide a function for your text matcher to make your matcher more flexible.

Ignored nodes: comments, script, style
[36m<body>[31m
  [36m<div>[31m
    [36m<div[31m
      [33mclass[31m=[32m"bg-white rounded-lg shadow-lg "[31m
    [36m>[31m
      [36m<div[31m
        [33mclass[31m=[32m"p-6 border-b border-gray-200"[31m
      [36m>[31m
        [36m<div[31m
          [33mclass[31m=[32m"flex items-center justify-between"[31m
        [36m>[31m
          [36m<div[31m
            [33mclass[31m=[32m"flex items-center space-x-3"[31m
          [36m>[31m
            [36m<div[31m
              [33mclass[31m=[32m"p-2 bg-purple-100 rounded-lg"[31m
            [36m>[31m
              [36m<svg[31m
                [33mclass[31m=[32m"lucide lucide-cpu h-6 w-6 text-purple-600"[31m
                [33mfill[31m=[32m"none"[31m
                [33mheight[31m=[32m"24"[31m
                [33mstroke[31m=[32m"currentColor"[31m
                [33mstroke-linecap[31m=[32m"round"[31m
                [33mstroke-linejoin[31m=[32m"round"[31m
                [33mstroke-width[31m=[32m"2"[31m
                [33mviewBox[31m=[32m"0 0 24 24"[31m
                [33mwidth[31m=[32m"24"[31m
                [33mxmlns[31m=[32m"http://www.w3.org/2000/svg"[31m
              [36m>[31m
                [36m<rect[31m
                  [33mheight[31m=[32m"16"[31m
                  [33mrx[31m=[32m"2"[31m
                  [33mwidth[31m=[32m"16"[31m
                  [33mx[31m=[32m"4"[31m
                  [33my[31m=[32m"4"[31m
                [36m/>[31m
                [36m<rect[31m
                  [33mheight[31m=[32m"6"[31m
                  [33mwidth[31m=[32m"6"[31m
                  [33mx[31m=[32m"9"[31m
                  [33my[31m=[32m"9"[31m
                [36m/>[31m
                [36m<path[31m
                  [33md[31m=[32m"M15 2v2"[31m
                [36m/>[31m
                [36m<path[31m
                  [33md[31m=[32m"M15 20v2"[31m
                [36m/>[31m
                [36m<path[31m
                  [33md[31m=[32m"M2 15h2"[31m
                [36m/>[31m
                [36m<path[31m
                  [33md[31m=[32m"M2 9h2"[31m
                [36m/>[31m
                [36m<path[31m
                  [33md[31m=[32m"M20 15h2"[31m
                [36m/>[31m
                [36m<path[31m
                  [33md[31m=[32m"M20 9h2"[31m
                [36m/>[31m
                [36m<path[31m
                  [33md[31m=[32m"M9 2v2"[31m
                [36m/>[31m
                [36m<path[31m
                  [33md[31m=[32m"M9 20v2"[31m
                [36m/>[31m
              [36m</svg>[31m
            [36m</div>[31m
            [36m<div>[31m
              [36m<h2[31m
                [33mclass[31m=[32m"text-xl font-semibold text-gray-900"[31m
              [36m>[31m
                [0mWeb Worker Manager[0m
              [36m</h2>[31m
              [36m<p[31m
                [33mclass[31m=[32m"text-sm text-gray-600"[31m
              [36m>[31m
                [0mGerenciamento avan├ºado de Web Workers[0m
              [36m</p>[31m
            [36m</div>[31m
          [36m</div>[31m
          [36m<div[31m
            [33mclass[31m=[32m"flex items-center space-x-2"[31m
          [36m>[31m
            [36m<button[31m
              [33mclass[31m=[32m"px-3 py-1 rounded-md text-sm font-medium bg-green-100 text-green-700 hover:bg-green-200"[31m
            [36m>[31m
              [0mAuto-refresh ON[0m
            [36m</button>[31m
            [36m<button[31m
              [33mclass[31m=[32m"px-4 py-2 bg-purple-600 text-white rounded-md hover:bg-purple-700 flex items-center space-x-2"[31m
            [36m>[31m
              [36m<svg[31m
                [33mclass[31m=[32m"lucide lucide-plus h-4 w-4"[31m
                [33mfill[31m=[32m"none"[31m
                [33mheight[31m=[32m"24"[31m
                [33mstroke[31m=[32m"currentColor"[31m
                [33mstroke-linecap[31m=[32m"round"[31m
                [33mstroke-linejoin[31m=[32m"round"[31m
                [33mstroke-width[31m=[32m"2"[31m
                [33mviewBox[31m=[32m"0 0 24 24"[31m
                [33mwidth[31m=[32m"24"[31m
                [33mxmlns[31m=[32m"http://www.w3.org/2000/svg"[31m
              [36m>[31m
                [36m<path[31m
                  [33md[31m=[32m"M5 12h14"[31m
                [36m/>[31m
                [36m<path[31m
                  [33md[31m=[32m"M12 5v14"[31m
                [36m/>[31m
              [36m</svg>[31m
              [36m<span>[31m
                [0mNovo Worker[0m
              [36m</span>[31m
            [36m</button>[31m
          [36m</div>[31m
        [36m</div>[31m
      [36m</div>[31m
      [36m<div[31m
        [33mclass[31m=[32m"p-6 grid grid-cols-1 md:grid-cols-2 lg:grid-cols-4 gap-4"[31m
      [36m>[31m
        [36m<div[31m
          [33mclass[31m=[32m"bg-blue-50 rounded-lg p-4 cursor-pointer transition-all duration-200 hover:shadow-md"[31m
        [36m>[31m
          [36m<div[31m
            [33mclass[31m=[32m"flex items-center justify-between"[31m
          [36m>[31m
            [36m<div[31m
              [33mclass[31m=[32m"flex items-center space-x-3"[31m
            [36m>[31m
              [36m<svg[31m
                [33mclass[31m=[32m"lucide lucide-users h-8 w-8 text-blue-600"[31m
                [33mfill[31m=[32m"none"[31m
                [33mheight[31m=[32m"24"[31m
                [33mstroke[31m=[32m"currentColor"[31m
                [33mstroke-linecap[31m=[32m"round"[31m
                [33mstroke-linejoin[31m=[32m"round"[31m
                [33mstroke-width[31m=[32m"2"[31m
                [33mviewBox[31m=[32m"0 0 24 24"[31m
                [33mwidth[31m=[32m"24"[31m
                [33mxmlns[31m=[32m"http://www.w3.org/2000/svg"[31m
              [36m>[31m
                [36m<path[31m
                  [33md[31m=[32m"M16 21v-2a4 4 0 0 0-4-4H6a4 4 0 0 0-4 4v2"[31m
                [36m/>[31m
                [36m<circle[31m
                  [33mcx[31m=[32m"9"[31m
                  [33mcy[31m=[32m"7"[31m
                  [33mr[31m=[32m"4"[31m
                [36m/>[31m
                [36m<path[31m
                  [33md[31m=[32m"M22 21v-2a4 4 0 0 0-3-3.87"[31m
                [36m/>[31m
                [36m<path[31m
                  [33md[31m=[32m"M16 3.13a4 4 0 0 1 0 7.75"[31m
                [36m/>[31m
              [36m</svg>[31m
              [36m<div>[31m
                [36m<p[31m
                  [33mclass[31m=[32m"text-sm font-medium text-gray-600"[31m
                [36m>[31m
                  [0mWorkers Ativos[0m
                [36m</p>[31m
                [36m<p[31m
                  [33mclass[31m=[32m"text-2xl font...

Ignored nodes: comments, script, style
[36m<html>[31m
  [36m<head />[31m
  [36m<body>[31m
    [36m<div>[31m
      [36m<div[31m
        [33mclass[31m=[32m"bg-white rounded-lg shadow-lg "[31m
      [36m>[31m
        [36m<div[31m
          [33mclass[31m=[32m"p-6 border-b border-gray-200"[31m
        [36m>[31m
          [36m<div[31m
            [33mclass[31m=[32m"flex items-center justify-between"[31m
          [36m>[31m
            [36m<div[31m
              [33mclass[31m=[32m"flex items-center space-x-3"[31m
            [36m>[31m
              [36m<div[31m
                [33mclass[31m=[32m"p-2 bg-purple-100 rounded-lg"[31m
              [36m>[31m
                [36m<svg[31m
                  [33mclass[31m=[32m"lucide lucide-cpu h-6 w-6 text-purple-600"[31m
                  [33mfill[31m=[32m"none"[31m
                  [33mheight[31m=[32m"24"[31m
                  [33mstroke[31m=[32m"currentColor"[31m
                  [33mstroke-linecap[31m=[32m"round"[31m
                  [33mstroke-linejoin[31m=[32m"round"[31m
                  [33mstroke-width[31m=[32m"2"[31m
                  [33mviewBox[31m=[32m"0 0 24 24"[31m
                  [33mwidth[31m=[32m"24"[31m
                  [33mxmlns[31m=[32m"http://www.w3.org/2000/svg"[31m
                [36m>[31m
                  [36m<rect[31m
                    [33mheight[31m=[32m"16"[31m
                    [33mrx[31m=[32m"2"[31m
                    [33mwidth[31m=[32m"16"[31m
                    [33mx[31m=[32m"4"[31m
                    [33my[31m=[32m"4"[31m
                  [36m/>[31m
                  [36m<rect[31m
                    [33mheight[31m=[32m"6"[31m
                    [33mwidth[31m=[32m"6"[31m
                    [33mx[31m=[32m"9"[31m
                    [33my[31m=[32m"9"[31m
                  [36m/>[31m
                  [36m<path[31m
                    [33md[31m=[32m"M15 2v2"[31m
                  [36m/>[31m
                  [36m<path[31m
                    [33md[31m=[32m"M15 20v2"[31m
                  [36m/>[31m
                  [36m<path[31m
                    [33md[31m=[32m"M2 15h2"[31m
                  [36m/>[31m
                  [36m<path[31m
                    [33md[31m=[32m"M2 9h2"[31m
                  [36m/>[31m
                  [36m<path[31m
                    [33md[31m=[32m"M20 15h2"[31m
                  [36m/>[31m
                  [36m<path[31m
                    [33md[31m=[32m"M20 9h2"[31m
                  [36m/>[31m
                  [36m<path[31m
                    [33md[31m=[32m"M9 2v2"[31m
                  [36m/>[31m
                  [36m<path[31m
                    [33md[31m=[32m"M9 20v2"[31m
                  [36m/>[31m
                [36m</svg>[31m
              [36m</div>[31m
              [36m<div>[31m
                [36m<h2[31m
                  [33mclass[31m=[32m"text-xl font-semibold text-gray-900"[31m
                [36m>[31m
                  [0mWeb Worker Manager[0m
                [36m</h2>[31m
                [36m<p[31m
                  [33mclass[31m=[32m"text-sm text-gray-600"[31m
                [36m>[31m
                  [0mGerenciamento avan├ºado de Web Workers[0m
                [36m</p>[31m
              [36m</div>[31m
            [36m</div>[31m
            [36m<div[31m
              [33mclass[31m=[32m"flex items-center space-x-2"[31m
            [36m>[31m
              [36m<button[31m
                [33mclass[31m=[32m"px-3 py-1 rounded-md text-sm font-medium bg-green-100 text-green-700 hover:bg-green-200"[31m
              [36m>[31m
                [0mAuto-refresh ON[0m
              [36m</button>[31m
              [36m<button[31m
                [33mclass[31m=[32m"px-4 py-2 bg-purple-600 text-white rounded-md hover:bg-purple-700 flex items-center space-x-2"[31m
              [36m>[31m
                [36m<svg[31m
                  [33mclass[31m=[32m"lucide lucide-plus h-4 w-4"[31m
                  [33mfill[31m=[32m"none"[31m
                  [33mheight[31m=[32m"24"[31m
                  [33mstroke[31m=[32m"currentColor"[31m
                  [33mstroke-linecap[31m=[32m"round"[31m
                  [33mstroke-linejoin[31m=[32m"round"[31m
                  [33mstroke-width[31m=[32m"2"[31m
                  [33mviewBox[31m=[32m"0 0 24 24"[31m
                  [33mwidth[31m=[32m"24"[31m
                  [33mxmlns[31m=[32m"http://www.w3.org/2000/svg"[31m
                [36m>[31m
                  [36m<path[31m
                    [33md[31m=[32m"M5 12h14"[31m
                  [36m/>[31m
                  [36m<path[31m
                    [33md[31m=[32m"M12 5v14"[31m
                  [36m/>[31m
                [36m</svg>[31m
                [36m<span>[31m
                  [0mNovo Worker[0m
                [36m</span>[31m
              [36m</button>[31m
            [36m</div>[31m
          [36m</div>[31m
        [36m</div>[31m
        [36m<div[31m
          [33mclass[31m=[32m"p-6 grid grid-cols-1 md:grid-cols-2 lg:grid-cols-4 gap-4"[31m
        [36m>[31m
          [36m<div[31m
            [33mclass[31m=[32m"bg-blue-50 rounded-lg p-4 cursor-pointer transition-all duration-200 hover:shadow-md"[31m
          [36m>[31m
            [36m<div[31m
              [33mclass[31m=[32m"flex items-center justify-between"[31m
            [36m>[31m
              [36m<div[31m
                [33mclass[31m=[32m"flex items-center space-x-3"[31m
              [36m>[31m
                [36m<svg[31m
                  [33mclass[31m=[32m"lucide lucide-users h-8 w-8 text-blue-600"[31m
                  [33mfill[31m=[32m"none"[31m
                  [33mheight[31m=[32m"24"[31m
                  [33mstroke[31m=[32m"currentColor"[31m
                  [33mstroke-linecap[31m=[32m"round"[31m
                  [33mstroke-linejoin[31m=[32m"round"[31m
                  [33mstroke-width[31m=[32m"2"[31m
                  [33mviewBox[31m=[32m"0 0 24 24"[31m
                  [33mwidth[31m=[32m"24"[31m
                  [33mxmlns[31m=[32m"http://www.w3.org/2000/svg"[31m
                [36m>[31m
                  [36m<path[31m
                    [33md[31m=[32m"M16 21v-2a4 4 0 0 0-4-4H6a4 4 0 0 0-4 4v2"[31m
                  [36m/>[31m
                  [36m<circle[31m
                    [33mcx[31m=[32m"9"[31m
                    [33mcy[31m=[32m"7"[31m
                    [33mr[31m=[32m"4"[31m
                  [36m/>[31m
                  [36m<path[31m
                    [33md[31m=[32m"M22 21v-2a4 4 0 0 0-3-3.87"[31m
                  [36m/>[31m
                  [36m<path[31m
                    [33md[31m=[32m"M16 3.13a4 4 0 0 1 0 7.75"[31m
                  [36m/>[31m
  ...[39m
 [31m├ù[39m src/test/unit/TestAutomationPanel.test.tsx[2m > [22mTestAutomationPanel[2m > [22mshould switch between tabs correctly[33m 610[2mms[22m[39m
[31m   ÔåÆ Cannot read properties of undefined (reading 'itemHeight')[39m
 [31m├ù[39m src/__tests__/components/WebWorkerManager.test.tsx[2m > [22mWebWorkerManager Component[2m > [22mConfigura├º├Áes[2m > [22mdeve atualizar configura├º├Áes[32m 134[2mms[22m[39m
[31m   ÔåÆ expected "spy" to be called with arguments: [ { maxWorkers: 8 } ][90m

Number of calls: [1m0[22m
[31m[39m
stderr | src/test/unit/TestAutomationPanel.test.tsx > TestAutomationPanel > should display test list in Testes tab
Error: Uncaught [TypeError: Cannot read properties of undefined (reading 'itemHeight')]
    at reportException (C:\xampp\htdocs\Studiotreiax_1\node_modules\jsdom\lib\jsdom\living\helpers\runtime-script-errors.js:66:24)
    at innerInvokeEventListeners (C:\xampp\htdocs\Studiotreiax_1\node_modules\jsdom\lib\jsdom\living\events\EventTarget-impl.js:353:9)
    at invokeEventListeners (C:\xampp\htdocs\Studiotreiax_1\node_modules\jsdom\lib\jsdom\living\events\EventTarget-impl.js:286:3)
    at HTMLUnknownElementImpl._dispatch (C:\xampp\htdocs\Studiotreiax_1\node_modules\jsdom\lib\jsdom\living\events\EventTarget-impl.js:233:9)
    at HTMLUnknownElementImpl.dispatchEvent (C:\xampp\htdocs\Studiotreiax_1\node_modules\jsdom\lib\jsdom\living\events\EventTarget-impl.js:104:17)
    at HTMLUnknownElement.dispatchEvent (C:\xampp\htdocs\Studiotreiax_1\node_modules\jsdom\lib\jsdom\living\generated\EventTarget.js:241:34)
    at Object.invokeGuardedCallbackDev (C:\xampp\htdocs\Studiotreiax_1\node_modules\react-dom\cjs\react-dom.development.js:4213:16)
    at invokeGuardedCallback (C:\xampp\htdocs\Studiotreiax_1\node_modules\react-dom\cjs\react-dom.development.js:4277:31)
    at beginWork$1 (C:\xampp\htdocs\Studiotreiax_1\node_modules\react-dom\cjs\react-dom.development.js:27451:7)
    at performUnitOfWork (C:\xampp\htdocs\Studiotreiax_1\node_modules\react-dom\cjs\react-dom.development.js:26560:12) TypeError: Cannot read properties of undefined (reading 'itemHeight')
    at Module.useVirtualization (C:\xampp\htdocs\Studiotreiax_1\src\hooks\useVirtualization.ts:56:5)
    at C:\xampp\htdocs\Studiotreiax_1\src\components\ui\VirtualizedList.tsx:91:7
    at renderWithHooks (C:\xampp\htdocs\Studiotreiax_1\node_modules\react-dom\cjs\react-dom.development.js:16305:18)
    at updateFunctionComponent (C:\xampp\htdocs\Studiotreiax_1\node_modules\react-dom\cjs\react-dom.development.js:19588:20)
    at updateSimpleMemoComponent (C:\xampp\htdocs\Studiotreiax_1\node_modules\react-dom\cjs\react-dom.development.js:19425:10)
    at updateMemoComponent (C:\xampp\htdocs\Studiotreiax_1\node_modules\react-dom\cjs\react-dom.development.js:19284:14)
    at beginWork (C:\xampp\htdocs\Studiotreiax_1\node_modules\react-dom\cjs\react-dom.development.js:21673:16)
    at HTMLUnknownElement.callCallback (C:\xampp\htdocs\Studiotreiax_1\node_modules\react-dom\cjs\react-dom.development.js:4164:14)
    at HTMLUnknownElement.callTheUserObjectsOperation (C:\xampp\htdocs\Studiotreiax_1\node_modules\jsdom\lib\jsdom\living\generated\EventListener.js:26:30)
    at innerInvokeEventListeners (C:\xampp\htdocs\Studiotreiax_1\node_modules\jsdom\lib\jsdom\living\events\EventTarget-impl.js:350:25)
Error: Uncaught [TypeError: Cannot read properties of undefined (reading 'itemHeight')]
    at reportException (C:\xampp\htdocs\Studiotreiax_1\node_modules\jsdom\lib\jsdom\living\helpers\runtime-script-errors.js:66:24)
    at innerInvokeEventListeners (C:\xampp\htdocs\Studiotreiax_1\node_modules\jsdom\lib\jsdom\living\events\EventTarget-impl.js:353:9)
    at invokeEventListeners (C:\xampp\htdocs\Studiotreiax_1\node_modules\jsdom\lib\jsdom\living\events\EventTarget-impl.js:286:3)
    at HTMLUnknownElementImpl._dispatch (C:\xampp\htdocs\Studiotreiax_1\node_modules\jsdom\lib\jsdom\living\events\EventTarget-impl.js:233:9)
    at HTMLUnknownElementImpl.dispatchEvent (C:\xampp\htdocs\Studiotreiax_1\node_modules\jsdom\lib\jsdom\living\events\EventTarget-impl.js:104:17)
    at HTMLUnknownElement.dispatchEvent (C:\xampp\htdocs\Studiotreiax_1\node_modules\jsdom\lib\jsdom\living\generated\EventTarget.js:241:34)
    at Object.invokeGuardedCallbackDev (C:\xampp\htdocs\Studiotreiax_1\node_modules\react-dom\cjs\react-dom.development.js:4213:16)
    at invokeGuardedCallback (C:\xampp\htdocs\Studiotreiax_1\node_modules\react-dom\cjs\react-dom.development.js:4277:31)
    at beginWork$1 (C:\xampp\htdocs\Studiotreiax_1\node_modules\react-dom\cjs\react-dom.development.js:27451:7)
    at performUnitOfWork (C:\xampp\htdocs\Studiotreiax_1\node_modules\react-dom\cjs\react-dom.development.js:26560:12) TypeError: Cannot read properties of undefined (reading 'itemHeight')
    at Module.useVirtualization (C:\xampp\htdocs\Studiotreiax_1\src\hooks\useVirtualization.ts:56:5)
    at C:\xampp\htdocs\Studiotreiax_1\src\components\ui\VirtualizedList.tsx:91:7
    at renderWithHooks (C:\xampp\htdocs\Studiotreiax_1\node_modules\react-dom\cjs\react-dom.development.js:16305:18)
    at updateFunctionComponent (C:\xampp\htdocs\Studiotreiax_1\node_modules\react-dom\cjs\react-dom.development.js:19588:20)
    at updateSimpleMemoComponent (C:\xampp\htdocs\Studiotreiax_1\node_modules\react-dom\cjs\react-dom.development.js:19425:10)
    at updateMemoComponent (C:\xampp\htdocs\Studiotreiax_1\node_modules\react-dom\cjs\react-dom.development.js:19284:14)
    at beginWork (C:\xampp\htdocs\Studiotreiax_1\node_modules\react-dom\cjs\react-dom.development.js:21673:16)
    at HTMLUnknownElement.callCallback (C:\xampp\htdocs\Studiotreiax_1\node_modules\react-dom\cjs\react-dom.development.js:4164:14)
    at HTMLUnknownElement.callTheUserObjectsOperation (C:\xampp\htdocs\Studiotreiax_1\node_modules\jsdom\lib\jsdom\living\generated\EventListener.js:26:30)
    at innerInvokeEventListeners (C:\xampp\htdocs\Studiotreiax_1\node_modules\jsdom\lib\jsdom\living\events\EventTarget-impl.js:350:25)
The above error occurred in the <VirtualizedList> component:

    at C:\xampp\htdocs\Studiotreiax_1\src\components\ui\VirtualizedList.tsx:50:3
    at div
    at C:\xampp\htdocs\Studiotreiax_1\src\components\ui\card.tsx:89:57
    at div
    at C:\xampp\htdocs\Studiotreiax_1\src\components\ui\card.tsx:7:50
    at div
    at file:///C:/xampp/htdocs/Studiotreiax_1/node_modules/@radix-ui/react-primitive/dist/index.mjs:28:13
    at Presence (file:///C:/xampp/htdocs/Studiotreiax_1/node_modules/@radix-ui/react-presence/dist/index.mjs:19:11)
    at file:///C:/xampp/htdocs/Studiotreiax_1/node_modules/@radix-ui/react-tabs/dist/index.mjs:147:13
    at C:\xampp\htdocs\Studiotreiax_1\src\components\ui\tabs.tsx:50:57
    at div
    at file:///C:/xampp/htdocs/Studiotreiax_1/node_modules/@radix-ui/react-primitive/dist/index.mjs:28:13
    at Provider (file:///C:/xampp/htdocs/Studiotreiax_1/node_modules/@radix-ui/react-context/dist/index.mjs:27:15)
    at file:///C:/xampp/htdocs/Studiotreiax_1/node_modules/@radix-ui/react-tabs/dist/index.mjs:24:7
    at div
    at TestAutomationPanel (C:\xampp\htdocs\Studiotreiax_1\src\components\testing\TestAutomationPanel.tsx:31:32)

Consider adding an error boundary to your tree to customize error handling behavior.
Visit https://reactjs.org/link/error-boundaries to learn more about error boundaries.

 [31m├ù[39m src/__tests__/components/AdvancedUIManager.test.tsx[2m > [22mAdvancedUIManager Component[2m > [22mCria├º├úo de Componentes[2m > [22mdeve criar componente com dados v├ílidos[33m 1217[2mms[22m[39m
[31m   ÔåÆ Unable to find an element with the text: Criar Novo Componente. This could be because the text is broken up by multiple elements. In this case, you can provide a function for your text matcher to make your matcher more flexible.

Ignored nodes: comments, script, style
[36m<body>[31m
  [36m<div>[31m
    [36m<div[31m
      [33mclass[31m=[32m"bg-white rounded-lg shadow-lg "[31m
    [36m>[31m
      [36m<div[31m
        [33mclass[31m=[32m"p-6 border-b border-gray-200"[31m
      [36m>[31m
        [36m<div[31m
          [33mclass[31m=[32m"flex items-center justify-between"[31m
        [36m>[31m
          [36m<div[31m
            [33mclass[31m=[32m"flex items-center space-x-3"[31m
          [36m>[31m
            [36m<div[31m
              [33mclass[31m=[32m"p-2 bg-blue-100 rounded-lg"[31m
            [36m>[31m
              [36m<svg[31m
                [33mclass[31m=[32m"lucide lucide-layers h-6 w-6 text-blue-600"[31m
                [33mfill[31m=[32m"none"[31m
                [33mheight[31m=[32m"24"[31m
                [33mstroke[31m=[32m"currentColor"[31m
                [33mstroke-linecap[31m=[32m"round"[31m
                [33mstroke-linejoin[31m=[32m"round"[31m
                [33mstroke-width[31m=[32m"2"[31m
                [33mviewBox[31m=[32m"0 0 24 24"[31m
                [33mwidth[31m=[32m"24"[31m
                [33mxmlns[31m=[32m"http://www.w3.org/2000/svg"[31m
              [36m>[31m
                [36m<path[31m
                  [33md[31m=[32m"m12.83 2.18a2 2 0 0 0-1.66 0L2.6 6.08a1 1 0 0 0 0 1.83l8.58 3.91a2 2 0 0 0 1.66 0l8.58-3.9a1 1 0 0 0 0-1.83Z"[31m
                [36m/>[31m
                [36m<path[31m
                  [33md[31m=[32m"m22 17.65-9.17 4.16a2 2 0 0 1-1.66 0L2 17.65"[31m
                [36m/>[31m
                [36m<path[31m
                  [33md[31m=[32m"m22 12.65-9.17 4.16a2 2 0 0 1-1.66 0L2 12.65"[31m
                [36m/>[31m
              [36m</svg>[31m
            [36m</div>[31m
            [36m<div>[31m
              [36m<h2[31m
                [33mclass[31m=[32m"text-xl font-semibold text-gray-900"[31m
              [36m>[31m
                [0mAdvanced UI Manager[0m
              [36m</h2>[31m
              [36m<p[31m
                [33mclass[31m=[32m"text-sm text-gray-600"[31m
              [36m>[31m
                [0mGerencie componentes, tours e temas da interface[0m
              [36m</p>[31m
            [36m</div>[31m
          [36m</div>[31m
          [36m<div[31m
            [33mclass[31m=[32m"flex items-center space-x-2"[31m
          [36m>[31m
            [36m<div[31m
              [33mclass[31m=[32m"flex items-center space-x-1 px-2 py-1 rounded-full text-xs bg-green-100 text-green-800"[31m
            [36m>[31m
              [36m<svg[31m
                [33mclass[31m=[32m"lucide lucide-check-circle h-3 w-3"[31m
                [33mfill[31m=[32m"none"[31m
                [33mheight[31m=[32m"24"[31m
                [33mstroke[31m=[32m"currentColor"[31m
                [33mstroke-linecap[31m=[32m"round"[31m
                [33mstroke-linejoin[31m=[32m"round"[31m
                [33mstroke-width[31m=[32m"2"[31m
                [33mviewBox[31m=[32m"0 0 24 24"[31m
                [33mwidth[31m=[32m"24"[31m
                [33mxmlns[31m=[32m"http://www.w3.org/2000/svg"[31m
              [36m>[31m
                [36m<path[31m
                  [33md[31m=[32m"M22 11.08V12a10 10 0 1 1-5.93-9.14"[31m
                [36m/>[31m
                [36m<path[31m
                  [33md[31m=[32m"m9 11 3 3L22 4"[31m
                [36m/>[31m
              [36m</svg>[31m
              [36m<span>[31m
                [0mSaud├ível[0m
              [36m</span>[31m
            [36m</div>[31m
            [36m<button[31m
              [33mclass[31m=[32m"p-2 text-gray-400 hover:text-gray-600"[31m
            [36m>[31m
              [36m<svg[31m
                [33mclass[31m=[32m"lucide lucide-maximize2 h-4 w-4"[31m
                [33mfill[31m=[32m"none"[31m
                [33mheight[31m=[32m"24"[31m
                [33mstroke[31m=[32m"currentColor"[31m
                [33mstroke-linecap[31m=[32m"round"[31m
                [33mstroke-linejoin[31m=[32m"round"[31m
                [33mstroke-width[31m=[32m"2"[31m
                [33mviewBox[31m=[32m"0 0 24 24"[31m
                [33mwidth[31m=[32m"24"[31m
                [33mxmlns[31m=[32m"http://www.w3.org/2000/svg"[31m
              [36m>[31m
                [36m<polyline[31m
                  [33mpoints[31m=[32m"15 3 21 3 21 9"[31m
                [36m/>[31m
                [36m<polyline[31m
                  [33mpoints[31m=[32m"9 21 3 21 3 15"[31m
                [36m/>[31m
                [36m<line[31m
                  [33mx1[31m=[32m"21"[31m
                  [33mx2[31m=[32m"14"[31m
                  [33my1[31m=[32m"3"[31m
                  [33my2[31m=[32m"10"[31m
                [36m/>[31m
                [36m<line[31m
                  [33mx1[31m=[32m"3"[31m
                  [33mx2[31m=[32m"10"[31m
                  [33my1[31m=[32m"21"[31m
                  [33my2[31m=[32m"14"[31m
                [36m/>[31m
              [36m</svg>[31m
            [36m</button>[31m
          [36m</div>[31m
        [36m</div>[31m
      [36m</div>[31m
      [36m<div[31m
        [33mclass[31m=[32m"p-6"[31m
      [36m>[31m
        [36m<div[31m
          [33mclass[31m=[32m"grid grid-cols-1 md:grid-cols-2 lg:grid-cols-4 gap-4"[31m
        [36m>[31m
          [36m<div[31m
            [33mclass[31m=[32m"bg-white border border-gray-200 rounded-lg p-4 hover:shadow-md transition-shadow cursor-pointer"[31m
          [36m>[31m
            [36m<div[31m
              [33mclass[31m=[32m"flex items-center justify-between"[31m
            [36m>[31m
              [36m<div[31m
                [33mclass[31m=[32m"p-2 bg-blue-50 rounded-lg"[31m
              [36m>[31m
                [36m<svg[31m
                  [33mclass[31m=[32m"lucide lucide-layers h-5 w-5 text-blue-600"[31m
                  [33mfill[31m=[32m"none"[31m
                  [33mheight[31m=[32m"24"[31m
                  [33mstroke[31m=[32m"currentColor"[31m
                  [33mstroke-linecap[31m=[32m"round"[31m
                  [33mstroke-linejoin[31m=[32m"round"[31m
                  [33mstroke-width[31m=[32m"2"[31m
                  [33mviewBox[31m=[32m"0 0 24 24"[31m
                  [33mwidth[31m=[32m"24"[31m
                  [33mxmlns[31m=[32m"http://www.w3.org/2000/svg"[31m
                [36m>[31m
                  [36m<path[31m
                    [33md[31m=[32m"m12.83 2.18a2 2 0 0 0-1.66 0L2.6 6.08a1 1 0 0 0 0 1.83l8.58 3.91a2 2 0 0 0 1.66 0l8.58-3.9a1 1 0 0 0 0-1.83Z"[31m
                  [36m/>[31m
                  [36m<path[31m
                    [33md[31m=[32m"m22 17.65-9.17 4.16a2 2 0 0 1-1.66 0L2 17.65"[31m
                  [36m/>[31m
                ...

Ignored nodes: comments, script, style
[36m<html>[31m
  [36m<head />[31m
  [36m<body>[31m
    [36m<div>[31m
      [36m<div[31m
        [33mclass[31m=[32m"bg-white rounded-lg shadow-lg "[31m
      [36m>[31m
        [36m<div[31m
          [33mclass[31m=[32m"p-6 border-b border-gray-200"[31m
        [36m>[31m
          [36m<div[31m
            [33mclass[31m=[32m"flex items-center justify-between"[31m
          [36m>[31m
            [36m<div[31m
              [33mclass[31m=[32m"flex items-center space-x-3"[31m
            [36m>[31m
              [36m<div[31m
                [33mclass[31m=[32m"p-2 bg-blue-100 rounded-lg"[31m
              [36m>[31m
                [36m<svg[31m
                  [33mclass[31m=[32m"lucide lucide-layers h-6 w-6 text-blue-600"[31m
                  [33mfill[31m=[32m"none"[31m
                  [33mheight[31m=[32m"24"[31m
                  [33mstroke[31m=[32m"currentColor"[31m
                  [33mstroke-linecap[31m=[32m"round"[31m
                  [33mstroke-linejoin[31m=[32m"round"[31m
                  [33mstroke-width[31m=[32m"2"[31m
                  [33mviewBox[31m=[32m"0 0 24 24"[31m
                  [33mwidth[31m=[32m"24"[31m
                  [33mxmlns[31m=[32m"http://www.w3.org/2000/svg"[31m
                [36m>[31m
                  [36m<path[31m
                    [33md[31m=[32m"m12.83 2.18a2 2 0 0 0-1.66 0L2.6 6.08a1 1 0 0 0 0 1.83l8.58 3.91a2 2 0 0 0 1.66 0l8.58-3.9a1 1 0 0 0 0-1.83Z"[31m
                  [36m/>[31m
                  [36m<path[31m
                    [33md[31m=[32m"m22 17.65-9.17 4.16a2 2 0 0 1-1.66 0L2 17.65"[31m
                  [36m/>[31m
                  [36m<path[31m
                    [33md[31m=[32m"m22 12.65-9.17 4.16a2 2 0 0 1-1.66 0L2 12.65"[31m
                  [36m/>[31m
                [36m</svg>[31m
              [36m</div>[31m
              [36m<div>[31m
                [36m<h2[31m
                  [33mclass[31m=[32m"text-xl font-semibold text-gray-900"[31m
                [36m>[31m
                  [0mAdvanced UI Manager[0m
                [36m</h2>[31m
                [36m<p[31m
                  [33mclass[31m=[32m"text-sm text-gray-600"[31m
                [36m>[31m
                  [0mGerencie componentes, tours e temas da interface[0m
                [36m</p>[31m
              [36m</div>[31m
            [36m</div>[31m
            [36m<div[31m
              [33mclass[31m=[32m"flex items-center space-x-2"[31m
            [36m>[31m
              [36m<div[31m
                [33mclass[31m=[32m"flex items-center space-x-1 px-2 py-1 rounded-full text-xs bg-green-100 text-green-800"[31m
              [36m>[31m
                [36m<svg[31m
                  [33mclass[31m=[32m"lucide lucide-check-circle h-3 w-3"[31m
                  [33mfill[31m=[32m"none"[31m
                  [33mheight[31m=[32m"24"[31m
                  [33mstroke[31m=[32m"currentColor"[31m
                  [33mstroke-linecap[31m=[32m"round"[31m
                  [33mstroke-linejoin[31m=[32m"round"[31m
                  [33mstroke-width[31m=[32m"2"[31m
                  [33mviewBox[31m=[32m"0 0 24 24"[31m
                  [33mwidth[31m=[32m"24"[31m
                  [33mxmlns[31m=[32m"http://www.w3.org/2000/svg"[31m
                [36m>[31m
                  [36m<path[31m
                    [33md[31m=[32m"M22 11.08V12a10 10 0 1 1-5.93-9.14"[31m
                  [36m/>[31m
                  [36m<path[31m
                    [33md[31m=[32m"m9 11 3 3L22 4"[31m
                  [36m/>[31m
                [36m</svg>[31m
                [36m<span>[31m
                  [0mSaud├ível[0m
                [36m</span>[31m
              [36m</div>[31m
              [36m<button[31m
                [33mclass[31m=[32m"p-2 text-gray-400 hover:text-gray-600"[31m
              [36m>[31m
                [36m<svg[31m
                  [33mclass[31m=[32m"lucide lucide-maximize2 h-4 w-4"[31m
                  [33mfill[31m=[32m"none"[31m
                  [33mheight[31m=[32m"24"[31m
                  [33mstroke[31m=[32m"currentColor"[31m
                  [33mstroke-linecap[31m=[32m"round"[31m
                  [33mstroke-linejoin[31m=[32m"round"[31m
                  [33mstroke-width[31m=[32m"2"[31m
                  [33mviewBox[31m=[32m"0 0 24 24"[31m
                  [33mwidth[31m=[32m"24"[31m
                  [33mxmlns[31m=[32m"http://www.w3.org/2000/svg"[31m
                [36m>[31m
                  [36m<polyline[31m
                    [33mpoints[31m=[32m"15 3 21 3 21 9"[31m
                  [36m/>[31m
                  [36m<polyline[31m
                    [33mpoints[31m=[32m"9 21 3 21 3 15"[31m
                  [36m/>[31m
                  [36m<line[31m
                    [33mx1[31m=[32m"21"[31m
                    [33mx2[31m=[32m"14"[31m
                    [33my1[31m=[32m"3"[31m
                    [33my2[31m=[32m"10"[31m
                  [36m/>[31m
                  [36m<line[31m
                    [33mx1[31m=[32m"3"[31m
                    [33mx2[31m=[32m"10"[31m
                    [33my1[31m=[32m"21"[31m
                    [33my2[31m=[32m"14"[31m
                  [36m/>[31m
                [36m</svg>[31m
              [36m</button>[31m
            [36m</div>[31m
          [36m</div>[31m
        [36m</div>[31m
        [36m<div[31m
          [33mclass[31m=[32m"p-6"[31m
        [36m>[31m
          [36m<div[31m
            [33mclass[31m=[32m"grid grid-cols-1 md:grid-cols-2 lg:grid-cols-4 gap-4"[31m
          [36m>[31m
            [36m<div[31m
              [33mclass[31m=[32m"bg-white border border-gray-200 rounded-lg p-4 hover:shadow-md transition-shadow cursor-pointer"[31m
            [36m>[31m
              [36m<div[31m
                [33mclass[31m=[32m"flex items-center justify-between"[31m
              [36m>[31m
                [36m<div[31m
                  [33mclass[31m=[32m"p-2 bg-blue-50 rounded-lg"[31m
                [36m>[31m
                  [36m<svg[31m
                    [33mclass[31m=[32m"lucide lucide-layers h-5 w-5 text-blue-600"[31m
                    [33mfill[31m=[32m"none"[31m
                    [33mheight[31m=[32m"24"[31m
                    [33mstroke[31m=[32m"currentColor"[31m
                    [33mstroke-linecap[31m=[32m"round"[31m
                    [33mstroke-linejoin[31m=[32m"round"[31m
                    [33mstroke-width[31m=[32m"2"[31m
                    [33mviewBox[31m=[32m"0 0 24 24"[31m
                    [33mwidth[31m=[32m"24"[31m
                    [33mxmlns[31m=[32m"http://www.w3.org/2000/svg"[31m
                  [36m>[31m
                    [36m<path[31m
                    ...[39m
 [31m├ù[39m src/test/unit/TestAutomationPanel.test.tsx[2m > [22mTestAutomationPanel[2m > [22mshould display test list in Testes tab[33m 538[2mms[22m[39m
[31m   ÔåÆ Cannot read properties of undefined (reading 'itemHeight')[39m
stderr | src/test/unit/TestAutomationPanel.test.tsx > TestAutomationPanel > should filter tests by type
Error: Uncaught [TypeError: Cannot read properties of undefined (reading 'itemHeight')]
    at reportException (C:\xampp\htdocs\Studiotreiax_1\node_modules\jsdom\lib\jsdom\living\helpers\runtime-script-errors.js:66:24)
    at innerInvokeEventListeners (C:\xampp\htdocs\Studiotreiax_1\node_modules\jsdom\lib\jsdom\living\events\EventTarget-impl.js:353:9)
    at invokeEventListeners (C:\xampp\htdocs\Studiotreiax_1\node_modules\jsdom\lib\jsdom\living\events\EventTarget-impl.js:286:3)
    at HTMLUnknownElementImpl._dispatch (C:\xampp\htdocs\Studiotreiax_1\node_modules\jsdom\lib\jsdom\living\events\EventTarget-impl.js:233:9)
    at HTMLUnknownElementImpl.dispatchEvent (C:\xampp\htdocs\Studiotreiax_1\node_modules\jsdom\lib\jsdom\living\events\EventTarget-impl.js:104:17)
    at HTMLUnknownElement.dispatchEvent (C:\xampp\htdocs\Studiotreiax_1\node_modules\jsdom\lib\jsdom\living\generated\EventTarget.js:241:34)
    at Object.invokeGuardedCallbackDev (C:\xampp\htdocs\Studiotreiax_1\node_modules\react-dom\cjs\react-dom.development.js:4213:16)
    at invokeGuardedCallback (C:\xampp\htdocs\Studiotreiax_1\node_modules\react-dom\cjs\react-dom.development.js:4277:31)
    at beginWork$1 (C:\xampp\htdocs\Studiotreiax_1\node_modules\react-dom\cjs\react-dom.development.js:27451:7)
    at performUnitOfWork (C:\xampp\htdocs\Studiotreiax_1\node_modules\react-dom\cjs\react-dom.development.js:26560:12) TypeError: Cannot read properties of undefined (reading 'itemHeight')
    at Module.useVirtualization (C:\xampp\htdocs\Studiotreiax_1\src\hooks\useVirtualization.ts:56:5)
    at C:\xampp\htdocs\Studiotreiax_1\src\components\ui\VirtualizedList.tsx:91:7
    at renderWithHooks (C:\xampp\htdocs\Studiotreiax_1\node_modules\react-dom\cjs\react-dom.development.js:16305:18)
    at updateFunctionComponent (C:\xampp\htdocs\Studiotreiax_1\node_modules\react-dom\cjs\react-dom.development.js:19588:20)
    at updateSimpleMemoComponent (C:\xampp\htdocs\Studiotreiax_1\node_modules\react-dom\cjs\react-dom.development.js:19425:10)
    at updateMemoComponent (C:\xampp\htdocs\Studiotreiax_1\node_modules\react-dom\cjs\react-dom.development.js:19284:14)
    at beginWork (C:\xampp\htdocs\Studiotreiax_1\node_modules\react-dom\cjs\react-dom.development.js:21673:16)
    at HTMLUnknownElement.callCallback (C:\xampp\htdocs\Studiotreiax_1\node_modules\react-dom\cjs\react-dom.development.js:4164:14)
    at HTMLUnknownElement.callTheUserObjectsOperation (C:\xampp\htdocs\Studiotreiax_1\node_modules\jsdom\lib\jsdom\living\generated\EventListener.js:26:30)
    at innerInvokeEventListeners (C:\xampp\htdocs\Studiotreiax_1\node_modules\jsdom\lib\jsdom\living\events\EventTarget-impl.js:350:25)
Error: Uncaught [TypeError: Cannot read properties of undefined (reading 'itemHeight')]
    at reportException (C:\xampp\htdocs\Studiotreiax_1\node_modules\jsdom\lib\jsdom\living\helpers\runtime-script-errors.js:66:24)
    at innerInvokeEventListeners (C:\xampp\htdocs\Studiotreiax_1\node_modules\jsdom\lib\jsdom\living\events\EventTarget-impl.js:353:9)
    at invokeEventListeners (C:\xampp\htdocs\Studiotreiax_1\node_modules\jsdom\lib\jsdom\living\events\EventTarget-impl.js:286:3)
    at HTMLUnknownElementImpl._dispatch (C:\xampp\htdocs\Studiotreiax_1\node_modules\jsdom\lib\jsdom\living\events\EventTarget-impl.js:233:9)
    at HTMLUnknownElementImpl.dispatchEvent (C:\xampp\htdocs\Studiotreiax_1\node_modules\jsdom\lib\jsdom\living\events\EventTarget-impl.js:104:17)
    at HTMLUnknownElement.dispatchEvent (C:\xampp\htdocs\Studiotreiax_1\node_modules\jsdom\lib\jsdom\living\generated\EventTarget.js:241:34)
    at Object.invokeGuardedCallbackDev (C:\xampp\htdocs\Studiotreiax_1\node_modules\react-dom\cjs\react-dom.development.js:4213:16)
    at invokeGuardedCallback (C:\xampp\htdocs\Studiotreiax_1\node_modules\react-dom\cjs\react-dom.development.js:4277:31)
    at beginWork$1 (C:\xampp\htdocs\Studiotreiax_1\node_modules\react-dom\cjs\react-dom.development.js:27451:7)
    at performUnitOfWork (C:\xampp\htdocs\Studiotreiax_1\node_modules\react-dom\cjs\react-dom.development.js:26560:12) TypeError: Cannot read properties of undefined (reading 'itemHeight')
    at Module.useVirtualization (C:\xampp\htdocs\Studiotreiax_1\src\hooks\useVirtualization.ts:56:5)
    at C:\xampp\htdocs\Studiotreiax_1\src\components\ui\VirtualizedList.tsx:91:7
    at renderWithHooks (C:\xampp\htdocs\Studiotreiax_1\node_modules\react-dom\cjs\react-dom.development.js:16305:18)
    at updateFunctionComponent (C:\xampp\htdocs\Studiotreiax_1\node_modules\react-dom\cjs\react-dom.development.js:19588:20)
    at updateSimpleMemoComponent (C:\xampp\htdocs\Studiotreiax_1\node_modules\react-dom\cjs\react-dom.development.js:19425:10)
    at updateMemoComponent (C:\xampp\htdocs\Studiotreiax_1\node_modules\react-dom\cjs\react-dom.development.js:19284:14)
    at beginWork (C:\xampp\htdocs\Studiotreiax_1\node_modules\react-dom\cjs\react-dom.development.js:21673:16)
    at HTMLUnknownElement.callCallback (C:\xampp\htdocs\Studiotreiax_1\node_modules\react-dom\cjs\react-dom.development.js:4164:14)
    at HTMLUnknownElement.callTheUserObjectsOperation (C:\xampp\htdocs\Studiotreiax_1\node_modules\jsdom\lib\jsdom\living\generated\EventListener.js:26:30)
    at innerInvokeEventListeners (C:\xampp\htdocs\Studiotreiax_1\node_modules\jsdom\lib\jsdom\living\events\EventTarget-impl.js:350:25)
The above error occurred in the <VirtualizedList> component:

    at C:\xampp\htdocs\Studiotreiax_1\src\components\ui\VirtualizedList.tsx:50:3
    at div
    at C:\xampp\htdocs\Studiotreiax_1\src\components\ui\card.tsx:89:57
    at div
    at C:\xampp\htdocs\Studiotreiax_1\src\components\ui\card.tsx:7:50
    at div
    at file:///C:/xampp/htdocs/Studiotreiax_1/node_modules/@radix-ui/react-primitive/dist/index.mjs:28:13
    at Presence (file:///C:/xampp/htdocs/Studiotreiax_1/node_modules/@radix-ui/react-presence/dist/index.mjs:19:11)
    at file:///C:/xampp/htdocs/Studiotreiax_1/node_modules/@radix-ui/react-tabs/dist/index.mjs:147:13
    at C:\xampp\htdocs\Studiotreiax_1\src\components\ui\tabs.tsx:50:57
    at div
    at file:///C:/xampp/htdocs/Studiotreiax_1/node_modules/@radix-ui/react-primitive/dist/index.mjs:28:13
    at Provider (file:///C:/xampp/htdocs/Studiotreiax_1/node_modules/@radix-ui/react-context/dist/index.mjs:27:15)
    at file:///C:/xampp/htdocs/Studiotreiax_1/node_modules/@radix-ui/react-tabs/dist/index.mjs:24:7
    at div
    at TestAutomationPanel (C:\xampp\htdocs\Studiotreiax_1\src\components\testing\TestAutomationPanel.tsx:31:32)

Consider adding an error boundary to your tree to customize error handling behavior.
Visit https://reactjs.org/link/error-boundaries to learn more about error boundaries.

 [31m├ù[39m src/test/unit/TestAutomationPanel.test.tsx[2m > [22mTestAutomationPanel[2m > [22mshould filter tests by type[33m 476[2mms[22m[39m
[31m   ÔåÆ Cannot read properties of undefined (reading 'itemHeight')[39m
stderr | src/__tests__/components/WebWorkerManager.test.tsx > WebWorkerManager Component > Analytics > deve renderizar analytics na aba correspondente
Error: Uncaught [TypeError: Cannot read properties of undefined (reading 'map')]
    at reportException (C:\xampp\htdocs\Studiotreiax_1\node_modules\jsdom\lib\jsdom\living\helpers\runtime-script-errors.js:66:24)
    at innerInvokeEventListeners (C:\xampp\htdocs\Studiotreiax_1\node_modules\jsdom\lib\jsdom\living\events\EventTarget-impl.js:353:9)
    at invokeEventListeners (C:\xampp\htdocs\Studiotreiax_1\node_modules\jsdom\lib\jsdom\living\events\EventTarget-impl.js:286:3)
    at HTMLUnknownElementImpl._dispatch (C:\xampp\htdocs\Studiotreiax_1\node_modules\jsdom\lib\jsdom\living\events\EventTarget-impl.js:233:9)
    at HTMLUnknownElementImpl.dispatchEvent (C:\xampp\htdocs\Studiotreiax_1\node_modules\jsdom\lib\jsdom\living\events\EventTarget-impl.js:104:17)
    at HTMLUnknownElement.dispatchEvent (C:\xampp\htdocs\Studiotreiax_1\node_modules\jsdom\lib\jsdom\living\generated\EventTarget.js:241:34)
    at Object.invokeGuardedCallbackDev (C:\xampp\htdocs\Studiotreiax_1\node_modules\react-dom\cjs\react-dom.development.js:4213:16)
    at invokeGuardedCallback (C:\xampp\htdocs\Studiotreiax_1\node_modules\react-dom\cjs\react-dom.development.js:4277:31)
    at beginWork$1 (C:\xampp\htdocs\Studiotreiax_1\node_modules\react-dom\cjs\react-dom.development.js:27451:7)
    at performUnitOfWork (C:\xampp\htdocs\Studiotreiax_1\node_modules\react-dom\cjs\react-dom.development.js:26560:12) TypeError: Cannot read properties of undefined (reading 'map')
    at WebWorkerManager (C:\xampp\htdocs\Studiotreiax_1\src\components\webWorker\WebWorkerManager.tsx:800:42)
    at renderWithHooks (C:\xampp\htdocs\Studiotreiax_1\node_modules\react-dom\cjs\react-dom.development.js:16305:18)
    at updateFunctionComponent (C:\xampp\htdocs\Studiotreiax_1\node_modules\react-dom\cjs\react-dom.development.js:19588:20)
    at beginWork (C:\xampp\htdocs\Studiotreiax_1\node_modules\react-dom\cjs\react-dom.development.js:21601:16)
    at HTMLUnknownElement.callCallback (C:\xampp\htdocs\Studiotreiax_1\node_modules\react-dom\cjs\react-dom.development.js:4164:14)
    at HTMLUnknownElement.callTheUserObjectsOperation (C:\xampp\htdocs\Studiotreiax_1\node_modules\jsdom\lib\jsdom\living\generated\EventListener.js:26:30)
    at innerInvokeEventListeners (C:\xampp\htdocs\Studiotreiax_1\node_modules\jsdom\lib\jsdom\living\events\EventTarget-impl.js:350:25)
    at invokeEventListeners (C:\xampp\htdocs\Studiotreiax_1\node_modules\jsdom\lib\jsdom\living\events\EventTarget-impl.js:286:3)
    at HTMLUnknownElementImpl._dispatch (C:\xampp\htdocs\Studiotreiax_1\node_modules\jsdom\lib\jsdom\living\events\EventTarget-impl.js:233:9)
    at HTMLUnknownElementImpl.dispatchEvent (C:\xampp\htdocs\Studiotreiax_1\node_modules\jsdom\lib\jsdom\living\events\EventTarget-impl.js:104:17)
Error: Uncaught [TypeError: Cannot read properties of undefined (reading 'map')]
    at reportException (C:\xampp\htdocs\Studiotreiax_1\node_modules\jsdom\lib\jsdom\living\helpers\runtime-script-errors.js:66:24)
    at innerInvokeEventListeners (C:\xampp\htdocs\Studiotreiax_1\node_modules\jsdom\lib\jsdom\living\events\EventTarget-impl.js:353:9)
    at invokeEventListeners (C:\xampp\htdocs\Studiotreiax_1\node_modules\jsdom\lib\jsdom\living\events\EventTarget-impl.js:286:3)
    at HTMLUnknownElementImpl._dispatch (C:\xampp\htdocs\Studiotreiax_1\node_modules\jsdom\lib\jsdom\living\events\EventTarget-impl.js:233:9)
    at HTMLUnknownElementImpl.dispatchEvent (C:\xampp\htdocs\Studiotreiax_1\node_modules\jsdom\lib\jsdom\living\events\EventTarget-impl.js:104:17)
    at HTMLUnknownElement.dispatchEvent (C:\xampp\htdocs\Studiotreiax_1\node_modules\jsdom\lib\jsdom\living\generated\EventTarget.js:241:34)
    at Object.invokeGuardedCallbackDev (C:\xampp\htdocs\Studiotreiax_1\node_modules\react-dom\cjs\react-dom.development.js:4213:16)
    at invokeGuardedCallback (C:\xampp\htdocs\Studiotreiax_1\node_modules\react-dom\cjs\react-dom.development.js:4277:31)
    at beginWork$1 (C:\xampp\htdocs\Studiotreiax_1\node_modules\react-dom\cjs\react-dom.development.js:27451:7)
    at performUnitOfWork (C:\xampp\htdocs\Studiotreiax_1\node_modules\react-dom\cjs\react-dom.development.js:26560:12) TypeError: Cannot read properties of undefined (reading 'map')
    at WebWorkerManager (C:\xampp\htdocs\Studiotreiax_1\src\components\webWorker\WebWorkerManager.tsx:800:42)
    at renderWithHooks (C:\xampp\htdocs\Studiotreiax_1\node_modules\react-dom\cjs\react-dom.development.js:16305:18)
    at updateFunctionComponent (C:\xampp\htdocs\Studiotreiax_1\node_modules\react-dom\cjs\react-dom.development.js:19588:20)
    at beginWork (C:\xampp\htdocs\Studiotreiax_1\node_modules\react-dom\cjs\react-dom.development.js:21601:16)
    at HTMLUnknownElement.callCallback (C:\xampp\htdocs\Studiotreiax_1\node_modules\react-dom\cjs\react-dom.development.js:4164:14)
    at HTMLUnknownElement.callTheUserObjectsOperation (C:\xampp\htdocs\Studiotreiax_1\node_modules\jsdom\lib\jsdom\living\generated\EventListener.js:26:30)
    at innerInvokeEventListeners (C:\xampp\htdocs\Studiotreiax_1\node_modules\jsdom\lib\jsdom\living\events\EventTarget-impl.js:350:25)
    at invokeEventListeners (C:\xampp\htdocs\Studiotreiax_1\node_modules\jsdom\lib\jsdom\living\events\EventTarget-impl.js:286:3)
    at HTMLUnknownElementImpl._dispatch (C:\xampp\htdocs\Studiotreiax_1\node_modules\jsdom\lib\jsdom\living\events\EventTarget-impl.js:233:9)
    at HTMLUnknownElementImpl.dispatchEvent (C:\xampp\htdocs\Studiotreiax_1\node_modules\jsdom\lib\jsdom\living\events\EventTarget-impl.js:104:17)
The above error occurred in the <WebWorkerManager> component:

    at WebWorkerManager (C:\xampp\htdocs\Studiotreiax_1\src\components\webWorker\WebWorkerManager.tsx:10:3)

Consider adding an error boundary to your tree to customize error handling behavior.
Visit https://reactjs.org/link/error-boundaries to learn more about error boundaries.

 [31m├ù[39m src/__tests__/components/WebWorkerManager.test.tsx[2m > [22mWebWorkerManager Component[2m > [22mConfigura├º├Áes[2m > [22mdeve resetar configura├º├Áes[33m 1217[2mms[22m[39m
[31m   ÔåÆ Unable to find an element with the text: Resetar Configura├º├Áes. This could be because the text is broken up by multiple elements. In this case, you can provide a function for your text matcher to make your matcher more flexible.

Ignored nodes: comments, script, style
[36m<body>[31m
  [36m<div>[31m
    [36m<div[31m
      [33mclass[31m=[32m"bg-white rounded-lg shadow-lg "[31m
    [36m>[31m
      [36m<div[31m
        [33mclass[31m=[32m"p-6 border-b border-gray-200"[31m
      [36m>[31m
        [36m<div[31m
          [33mclass[31m=[32m"flex items-center justify-between"[31m
        [36m>[31m
          [36m<div[31m
            [33mclass[31m=[32m"flex items-center space-x-3"[31m
          [36m>[31m
            [36m<div[31m
              [33mclass[31m=[32m"p-2 bg-purple-100 rounded-lg"[31m
            [36m>[31m
              [36m<svg[31m
                [33mclass[31m=[32m"lucide lucide-cpu h-6 w-6 text-purple-600"[31m
                [33mfill[31m=[32m"none"[31m
                [33mheight[31m=[32m"24"[31m
                [33mstroke[31m=[32m"currentColor"[31m
                [33mstroke-linecap[31m=[32m"round"[31m
                [33mstroke-linejoin[31m=[32m"round"[31m
                [33mstroke-width[31m=[32m"2"[31m
                [33mviewBox[31m=[32m"0 0 24 24"[31m
                [33mwidth[31m=[32m"24"[31m
                [33mxmlns[31m=[32m"http://www.w3.org/2000/svg"[31m
              [36m>[31m
                [36m<rect[31m
                  [33mheight[31m=[32m"16"[31m
                  [33mrx[31m=[32m"2"[31m
                  [33mwidth[31m=[32m"16"[31m
                  [33mx[31m=[32m"4"[31m
                  [33my[31m=[32m"4"[31m
                [36m/>[31m
                [36m<rect[31m
                  [33mheight[31m=[32m"6"[31m
                  [33mwidth[31m=[32m"6"[31m
                  [33mx[31m=[32m"9"[31m
                  [33my[31m=[32m"9"[31m
                [36m/>[31m
                [36m<path[31m
                  [33md[31m=[32m"M15 2v2"[31m
                [36m/>[31m
                [36m<path[31m
                  [33md[31m=[32m"M15 20v2"[31m
                [36m/>[31m
                [36m<path[31m
                  [33md[31m=[32m"M2 15h2"[31m
                [36m/>[31m
                [36m<path[31m
                  [33md[31m=[32m"M2 9h2"[31m
                [36m/>[31m
                [36m<path[31m
                  [33md[31m=[32m"M20 15h2"[31m
                [36m/>[31m
                [36m<path[31m
                  [33md[31m=[32m"M20 9h2"[31m
                [36m/>[31m
                [36m<path[31m
                  [33md[31m=[32m"M9 2v2"[31m
                [36m/>[31m
                [36m<path[31m
                  [33md[31m=[32m"M9 20v2"[31m
                [36m/>[31m
              [36m</svg>[31m
            [36m</div>[31m
            [36m<div>[31m
              [36m<h2[31m
                [33mclass[31m=[32m"text-xl font-semibold text-gray-900"[31m
              [36m>[31m
                [0mWeb Worker Manager[0m
              [36m</h2>[31m
              [36m<p[31m
                [33mclass[31m=[32m"text-sm text-gray-600"[31m
              [36m>[31m
                [0mGerenciamento avan├ºado de Web Workers[0m
              [36m</p>[31m
            [36m</div>[31m
          [36m</div>[31m
          [36m<div[31m
            [33mclass[31m=[32m"flex items-center space-x-2"[31m
          [36m>[31m
            [36m<button[31m
              [33mclass[31m=[32m"px-3 py-1 rounded-md text-sm font-medium bg-green-100 text-green-700 hover:bg-green-200"[31m
            [36m>[31m
              [0mAuto-refresh ON[0m
            [36m</button>[31m
            [36m<button[31m
              [33mclass[31m=[32m"px-4 py-2 bg-purple-600 text-white rounded-md hover:bg-purple-700 flex items-center space-x-2"[31m
            [36m>[31m
              [36m<svg[31m
                [33mclass[31m=[32m"lucide lucide-plus h-4 w-4"[31m
                [33mfill[31m=[32m"none"[31m
                [33mheight[31m=[32m"24"[31m
                [33mstroke[31m=[32m"currentColor"[31m
                [33mstroke-linecap[31m=[32m"round"[31m
                [33mstroke-linejoin[31m=[32m"round"[31m
                [33mstroke-width[31m=[32m"2"[31m
                [33mviewBox[31m=[32m"0 0 24 24"[31m
                [33mwidth[31m=[32m"24"[31m
                [33mxmlns[31m=[32m"http://www.w3.org/2000/svg"[31m
              [36m>[31m
                [36m<path[31m
                  [33md[31m=[32m"M5 12h14"[31m
                [36m/>[31m
                [36m<path[31m
                  [33md[31m=[32m"M12 5v14"[31m
                [36m/>[31m
              [36m</svg>[31m
              [36m<span>[31m
                [0mNovo Worker[0m
              [36m</span>[31m
            [36m</button>[31m
          [36m</div>[31m
        [36m</div>[31m
      [36m</div>[31m
      [36m<div[31m
        [33mclass[31m=[32m"p-6 grid grid-cols-1 md:grid-cols-2 lg:grid-cols-4 gap-4"[31m
      [36m>[31m
        [36m<div[31m
          [33mclass[31m=[32m"bg-blue-50 rounded-lg p-4 cursor-pointer transition-all duration-200 hover:shadow-md"[31m
        [36m>[31m
          [36m<div[31m
            [33mclass[31m=[32m"flex items-center justify-between"[31m
          [36m>[31m
            [36m<div[31m
              [33mclass[31m=[32m"flex items-center space-x-3"[31m
            [36m>[31m
              [36m<svg[31m
                [33mclass[31m=[32m"lucide lucide-users h-8 w-8 text-blue-600"[31m
                [33mfill[31m=[32m"none"[31m
                [33mheight[31m=[32m"24"[31m
                [33mstroke[31m=[32m"currentColor"[31m
                [33mstroke-linecap[31m=[32m"round"[31m
                [33mstroke-linejoin[31m=[32m"round"[31m
                [33mstroke-width[31m=[32m"2"[31m
                [33mviewBox[31m=[32m"0 0 24 24"[31m
                [33mwidth[31m=[32m"24"[31m
                [33mxmlns[31m=[32m"http://www.w3.org/2000/svg"[31m
              [36m>[31m
                [36m<path[31m
                  [33md[31m=[32m"M16 21v-2a4 4 0 0 0-4-4H6a4 4 0 0 0-4 4v2"[31m
                [36m/>[31m
                [36m<circle[31m
                  [33mcx[31m=[32m"9"[31m
                  [33mcy[31m=[32m"7"[31m
                  [33mr[31m=[32m"4"[31m
                [36m/>[31m
                [36m<path[31m
                  [33md[31m=[32m"M22 21v-2a4 4 0 0 0-3-3.87"[31m
                [36m/>[31m
                [36m<path[31m
                  [33md[31m=[32m"M16 3.13a4 4 0 0 1 0 7.75"[31m
                [36m/>[31m
              [36m</svg>[31m
              [36m<div>[31m
                [36m<p[31m
                  [33mclass[31m=[32m"text-sm font-medium text-gray-600"[31m
                [36m>[31m
                  [0mWorkers Ativos[0m
                [36m</p>[31m
                [36m<p[31m
                  [33mclass[31m=[32m"text-2xl font...

Ignored nodes: comments, script, style
[36m<html>[31m
  [36m<head />[31m
  [36m<body>[31m
    [36m<div>[31m
      [36m<div[31m
        [33mclass[31m=[32m"bg-white rounded-lg shadow-lg "[31m
      [36m>[31m
        [36m<div[31m
          [33mclass[31m=[32m"p-6 border-b border-gray-200"[31m
        [36m>[31m
          [36m<div[31m
            [33mclass[31m=[32m"flex items-center justify-between"[31m
          [36m>[31m
            [36m<div[31m
              [33mclass[31m=[32m"flex items-center space-x-3"[31m
            [36m>[31m
              [36m<div[31m
                [33mclass[31m=[32m"p-2 bg-purple-100 rounded-lg"[31m
              [36m>[31m
                [36m<svg[31m
                  [33mclass[31m=[32m"lucide lucide-cpu h-6 w-6 text-purple-600"[31m
                  [33mfill[31m=[32m"none"[31m
                  [33mheight[31m=[32m"24"[31m
                  [33mstroke[31m=[32m"currentColor"[31m
                  [33mstroke-linecap[31m=[32m"round"[31m
                  [33mstroke-linejoin[31m=[32m"round"[31m
                  [33mstroke-width[31m=[32m"2"[31m
                  [33mviewBox[31m=[32m"0 0 24 24"[31m
                  [33mwidth[31m=[32m"24"[31m
                  [33mxmlns[31m=[32m"http://www.w3.org/2000/svg"[31m
                [36m>[31m
                  [36m<rect[31m
                    [33mheight[31m=[32m"16"[31m
                    [33mrx[31m=[32m"2"[31m
                    [33mwidth[31m=[32m"16"[31m
                    [33mx[31m=[32m"4"[31m
                    [33my[31m=[32m"4"[31m
                  [36m/>[31m
                  [36m<rect[31m
                    [33mheight[31m=[32m"6"[31m
                    [33mwidth[31m=[32m"6"[31m
                    [33mx[31m=[32m"9"[31m
                    [33my[31m=[32m"9"[31m
                  [36m/>[31m
                  [36m<path[31m
                    [33md[31m=[32m"M15 2v2"[31m
                  [36m/>[31m
                  [36m<path[31m
                    [33md[31m=[32m"M15 20v2"[31m
                  [36m/>[31m
                  [36m<path[31m
                    [33md[31m=[32m"M2 15h2"[31m
                  [36m/>[31m
                  [36m<path[31m
                    [33md[31m=[32m"M2 9h2"[31m
                  [36m/>[31m
                  [36m<path[31m
                    [33md[31m=[32m"M20 15h2"[31m
                  [36m/>[31m
                  [36m<path[31m
                    [33md[31m=[32m"M20 9h2"[31m
                  [36m/>[31m
                  [36m<path[31m
                    [33md[31m=[32m"M9 2v2"[31m
                  [36m/>[31m
                  [36m<path[31m
                    [33md[31m=[32m"M9 20v2"[31m
                  [36m/>[31m
                [36m</svg>[31m
              [36m</div>[31m
              [36m<div>[31m
                [36m<h2[31m
                  [33mclass[31m=[32m"text-xl font-semibold text-gray-900"[31m
                [36m>[31m
                  [0mWeb Worker Manager[0m
                [36m</h2>[31m
                [36m<p[31m
                  [33mclass[31m=[32m"text-sm text-gray-600"[31m
                [36m>[31m
                  [0mGerenciamento avan├ºado de Web Workers[0m
                [36m</p>[31m
              [36m</div>[31m
            [36m</div>[31m
            [36m<div[31m
              [33mclass[31m=[32m"flex items-center space-x-2"[31m
            [36m>[31m
              [36m<button[31m
                [33mclass[31m=[32m"px-3 py-1 rounded-md text-sm font-medium bg-green-100 text-green-700 hover:bg-green-200"[31m
              [36m>[31m
                [0mAuto-refresh ON[0m
              [36m</button>[31m
              [36m<button[31m
                [33mclass[31m=[32m"px-4 py-2 bg-purple-600 text-white rounded-md hover:bg-purple-700 flex items-center space-x-2"[31m
              [36m>[31m
                [36m<svg[31m
                  [33mclass[31m=[32m"lucide lucide-plus h-4 w-4"[31m
                  [33mfill[31m=[32m"none"[31m
                  [33mheight[31m=[32m"24"[31m
                  [33mstroke[31m=[32m"currentColor"[31m
                  [33mstroke-linecap[31m=[32m"round"[31m
                  [33mstroke-linejoin[31m=[32m"round"[31m
                  [33mstroke-width[31m=[32m"2"[31m
                  [33mviewBox[31m=[32m"0 0 24 24"[31m
                  [33mwidth[31m=[32m"24"[31m
                  [33mxmlns[31m=[32m"http://www.w3.org/2000/svg"[31m
                [36m>[31m
                  [36m<path[31m
                    [33md[31m=[32m"M5 12h14"[31m
                  [36m/>[31m
                  [36m<path[31m
                    [33md[31m=[32m"M12 5v14"[31m
                  [36m/>[31m
                [36m</svg>[31m
                [36m<span>[31m
                  [0mNovo Worker[0m
                [36m</span>[31m
              [36m</button>[31m
            [36m</div>[31m
          [36m</div>[31m
        [36m</div>[31m
        [36m<div[31m
          [33mclass[31m=[32m"p-6 grid grid-cols-1 md:grid-cols-2 lg:grid-cols-4 gap-4"[31m
        [36m>[31m
          [36m<div[31m
            [33mclass[31m=[32m"bg-blue-50 rounded-lg p-4 cursor-pointer transition-all duration-200 hover:shadow-md"[31m
          [36m>[31m
            [36m<div[31m
              [33mclass[31m=[32m"flex items-center justify-between"[31m
            [36m>[31m
              [36m<div[31m
                [33mclass[31m=[32m"flex items-center space-x-3"[31m
              [36m>[31m
                [36m<svg[31m
                  [33mclass[31m=[32m"lucide lucide-users h-8 w-8 text-blue-600"[31m
                  [33mfill[31m=[32m"none"[31m
                  [33mheight[31m=[32m"24"[31m
                  [33mstroke[31m=[32m"currentColor"[31m
                  [33mstroke-linecap[31m=[32m"round"[31m
                  [33mstroke-linejoin[31m=[32m"round"[31m
                  [33mstroke-width[31m=[32m"2"[31m
                  [33mviewBox[31m=[32m"0 0 24 24"[31m
                  [33mwidth[31m=[32m"24"[31m
                  [33mxmlns[31m=[32m"http://www.w3.org/2000/svg"[31m
                [36m>[31m
                  [36m<path[31m
                    [33md[31m=[32m"M16 21v-2a4 4 0 0 0-4-4H6a4 4 0 0 0-4 4v2"[31m
                  [36m/>[31m
                  [36m<circle[31m
                    [33mcx[31m=[32m"9"[31m
                    [33mcy[31m=[32m"7"[31m
                    [33mr[31m=[32m"4"[31m
                  [36m/>[31m
                  [36m<path[31m
                    [33md[31m=[32m"M22 21v-2a4 4 0 0 0-3-3.87"[31m
                  [36m/>[31m
                  [36m<path[31m
                    [33md[31m=[32m"M16 3.13a4 4 0 0 1 0 7.75"[31m
                  [36m/>[31m
  ...[39m
stderr | src/__tests__/components/WebWorkerManager.test.tsx > WebWorkerManager Component > Analytics > deve exibir m├®tricas de performance
Error: Uncaught [TypeError: Cannot read properties of undefined (reading 'map')]
    at reportException (C:\xampp\htdocs\Studiotreiax_1\node_modules\jsdom\lib\jsdom\living\helpers\runtime-script-errors.js:66:24)
    at innerInvokeEventListeners (C:\xampp\htdocs\Studiotreiax_1\node_modules\jsdom\lib\jsdom\living\events\EventTarget-impl.js:353:9)
    at invokeEventListeners (C:\xampp\htdocs\Studiotreiax_1\node_modules\jsdom\lib\jsdom\living\events\EventTarget-impl.js:286:3)
    at HTMLUnknownElementImpl._dispatch (C:\xampp\htdocs\Studiotreiax_1\node_modules\jsdom\lib\jsdom\living\events\EventTarget-impl.js:233:9)
    at HTMLUnknownElementImpl.dispatchEvent (C:\xampp\htdocs\Studiotreiax_1\node_modules\jsdom\lib\jsdom\living\events\EventTarget-impl.js:104:17)
    at HTMLUnknownElement.dispatchEvent (C:\xampp\htdocs\Studiotreiax_1\node_modules\jsdom\lib\jsdom\living\generated\EventTarget.js:241:34)
    at Object.invokeGuardedCallbackDev (C:\xampp\htdocs\Studiotreiax_1\node_modules\react-dom\cjs\react-dom.development.js:4213:16)
    at invokeGuardedCallback (C:\xampp\htdocs\Studiotreiax_1\node_modules\react-dom\cjs\react-dom.development.js:4277:31)
    at beginWork$1 (C:\xampp\htdocs\Studiotreiax_1\node_modules\react-dom\cjs\react-dom.development.js:27451:7)
    at performUnitOfWork (C:\xampp\htdocs\Studiotreiax_1\node_modules\react-dom\cjs\react-dom.development.js:26560:12) TypeError: Cannot read properties of undefined (reading 'map')
    at WebWorkerManager (C:\xampp\htdocs\Studiotreiax_1\src\components\webWorker\WebWorkerManager.tsx:800:42)
    at renderWithHooks (C:\xampp\htdocs\Studiotreiax_1\node_modules\react-dom\cjs\react-dom.development.js:16305:18)
    at updateFunctionComponent (C:\xampp\htdocs\Studiotreiax_1\node_modules\react-dom\cjs\react-dom.development.js:19588:20)
    at beginWork (C:\xampp\htdocs\Studiotreiax_1\node_modules\react-dom\cjs\react-dom.development.js:21601:16)
    at HTMLUnknownElement.callCallback (C:\xampp\htdocs\Studiotreiax_1\node_modules\react-dom\cjs\react-dom.development.js:4164:14)
    at HTMLUnknownElement.callTheUserObjectsOperation (C:\xampp\htdocs\Studiotreiax_1\node_modules\jsdom\lib\jsdom\living\generated\EventListener.js:26:30)
    at innerInvokeEventListeners (C:\xampp\htdocs\Studiotreiax_1\node_modules\jsdom\lib\jsdom\living\events\EventTarget-impl.js:350:25)
    at invokeEventListeners (C:\xampp\htdocs\Studiotreiax_1\node_modules\jsdom\lib\jsdom\living\events\EventTarget-impl.js:286:3)
    at HTMLUnknownElementImpl._dispatch (C:\xampp\htdocs\Studiotreiax_1\node_modules\jsdom\lib\jsdom\living\events\EventTarget-impl.js:233:9)
    at HTMLUnknownElementImpl.dispatchEvent (C:\xampp\htdocs\Studiotreiax_1\node_modules\jsdom\lib\jsdom\living\events\EventTarget-impl.js:104:17)
Error: Uncaught [TypeError: Cannot read properties of undefined (reading 'map')]
    at reportException (C:\xampp\htdocs\Studiotreiax_1\node_modules\jsdom\lib\jsdom\living\helpers\runtime-script-errors.js:66:24)
    at innerInvokeEventListeners (C:\xampp\htdocs\Studiotreiax_1\node_modules\jsdom\lib\jsdom\living\events\EventTarget-impl.js:353:9)
    at invokeEventListeners (C:\xampp\htdocs\Studiotreiax_1\node_modules\jsdom\lib\jsdom\living\events\EventTarget-impl.js:286:3)
    at HTMLUnknownElementImpl._dispatch (C:\xampp\htdocs\Studiotreiax_1\node_modules\jsdom\lib\jsdom\living\events\EventTarget-impl.js:233:9)
    at HTMLUnknownElementImpl.dispatchEvent (C:\xampp\htdocs\Studiotreiax_1\node_modules\jsdom\lib\jsdom\living\events\EventTarget-impl.js:104:17)
    at HTMLUnknownElement.dispatchEvent (C:\xampp\htdocs\Studiotreiax_1\node_modules\jsdom\lib\jsdom\living\generated\EventTarget.js:241:34)
    at Object.invokeGuardedCallbackDev (C:\xampp\htdocs\Studiotreiax_1\node_modules\react-dom\cjs\react-dom.development.js:4213:16)
    at invokeGuardedCallback (C:\xampp\htdocs\Studiotreiax_1\node_modules\react-dom\cjs\react-dom.development.js:4277:31)
    at beginWork$1 (C:\xampp\htdocs\Studiotreiax_1\node_modules\react-dom\cjs\react-dom.development.js:27451:7)
    at performUnitOfWork (C:\xampp\htdocs\Studiotreiax_1\node_modules\react-dom\cjs\react-dom.development.js:26560:12) TypeError: Cannot read properties of undefined (reading 'map')
    at WebWorkerManager (C:\xampp\htdocs\Studiotreiax_1\src\components\webWorker\WebWorkerManager.tsx:800:42)
    at renderWithHooks (C:\xampp\htdocs\Studiotreiax_1\node_modules\react-dom\cjs\react-dom.development.js:16305:18)
    at updateFunctionComponent (C:\xampp\htdocs\Studiotreiax_1\node_modules\react-dom\cjs\react-dom.development.js:19588:20)
    at beginWork (C:\xampp\htdocs\Studiotreiax_1\node_modules\react-dom\cjs\react-dom.development.js:21601:16)
    at HTMLUnknownElement.callCallback (C:\xampp\htdocs\Studiotreiax_1\node_modules\react-dom\cjs\react-dom.development.js:4164:14)
    at HTMLUnknownElement.callTheUserObjectsOperation (C:\xampp\htdocs\Studiotreiax_1\node_modules\jsdom\lib\jsdom\living\generated\EventListener.js:26:30)
    at innerInvokeEventListeners (C:\xampp\htdocs\Studiotreiax_1\node_modules\jsdom\lib\jsdom\living\events\EventTarget-impl.js:350:25)
    at invokeEventListeners (C:\xampp\htdocs\Studiotreiax_1\node_modules\jsdom\lib\jsdom\living\events\EventTarget-impl.js:286:3)
    at HTMLUnknownElementImpl._dispatch (C:\xampp\htdocs\Studiotreiax_1\node_modules\jsdom\lib\jsdom\living\events\EventTarget-impl.js:233:9)
    at HTMLUnknownElementImpl.dispatchEvent (C:\xampp\htdocs\Studiotreiax_1\node_modules\jsdom\lib\jsdom\living\events\EventTarget-impl.js:104:17)
The above error occurred in the <WebWorkerManager> component:

    at WebWorkerManager (C:\xampp\htdocs\Studiotreiax_1\src\components\webWorker\WebWorkerManager.tsx:10:3)

Consider adding an error boundary to your tree to customize error handling behavior.
Visit https://reactjs.org/link/error-boundaries to learn more about error boundaries.

 [31m├ù[39m src/__tests__/components/WebWorkerManager.test.tsx[2m > [22mWebWorkerManager Component[2m > [22mAnalytics[2m > [22mdeve renderizar analytics na aba correspondente[32m 155[2mms[22m[39m
[31m   ÔåÆ Cannot read properties of undefined (reading 'map')[39m
 [32mÔ£ô[39m src/test/unit/TestAutomationPanel.test.tsx[2m > [22mTestAutomationPanel[2m > [22mshould display coverage information[33m 497[2mms[22m[39m
 [31m├ù[39m src/__tests__/components/WebWorkerManager.test.tsx[2m > [22mWebWorkerManager Component[2m > [22mAnalytics[2m > [22mdeve exibir m├®tricas de performance[32m 105[2mms[22m[39m
[31m   ÔåÆ Cannot read properties of undefined (reading 'map')[39m
 [32mÔ£ô[39m src/__tests__/components/WebWorkerManager.test.tsx[2m > [22mWebWorkerManager Component[2m > [22mEstados de Loading e Erro[2m > [22mdeve exibir estado de loading[32m 15[2mms[22m[39m
 [32mÔ£ô[39m src/__tests__/components/WebWorkerManager.test.tsx[2m > [22mWebWorkerManager Component[2m > [22mEstados de Loading e Erro[2m > [22mdeve exibir estado de erro[32m 78[2mms[22m[39m
 [31m├ù[39m src/__tests__/components/AdvancedUIManager.test.tsx[2m > [22mAdvancedUIManager Component[2m > [22mCria├º├úo de Componentes[2m > [22mdeve validar campos obrigat├│rios[33m 1232[2mms[22m[39m
[31m   ÔåÆ Unable to find an element with the text: Criar Novo Componente. This could be because the text is broken up by multiple elements. In this case, you can provide a function for your text matcher to make your matcher more flexible.

Ignored nodes: comments, script, style
[36m<body>[31m
  [36m<div>[31m
    [36m<div[31m
      [33mclass[31m=[32m"bg-white rounded-lg shadow-lg "[31m
    [36m>[31m
      [36m<div[31m
        [33mclass[31m=[32m"p-6 border-b border-gray-200"[31m
      [36m>[31m
        [36m<div[31m
          [33mclass[31m=[32m"flex items-center justify-between"[31m
        [36m>[31m
          [36m<div[31m
            [33mclass[31m=[32m"flex items-center space-x-3"[31m
          [36m>[31m
            [36m<div[31m
              [33mclass[31m=[32m"p-2 bg-blue-100 rounded-lg"[31m
            [36m>[31m
              [36m<svg[31m
                [33mclass[31m=[32m"lucide lucide-layers h-6 w-6 text-blue-600"[31m
                [33mfill[31m=[32m"none"[31m
                [33mheight[31m=[32m"24"[31m
                [33mstroke[31m=[32m"currentColor"[31m
                [33mstroke-linecap[31m=[32m"round"[31m
                [33mstroke-linejoin[31m=[32m"round"[31m
                [33mstroke-width[31m=[32m"2"[31m
                [33mviewBox[31m=[32m"0 0 24 24"[31m
                [33mwidth[31m=[32m"24"[31m
                [33mxmlns[31m=[32m"http://www.w3.org/2000/svg"[31m
              [36m>[31m
                [36m<path[31m
                  [33md[31m=[32m"m12.83 2.18a2 2 0 0 0-1.66 0L2.6 6.08a1 1 0 0 0 0 1.83l8.58 3.91a2 2 0 0 0 1.66 0l8.58-3.9a1 1 0 0 0 0-1.83Z"[31m
                [36m/>[31m
                [36m<path[31m
                  [33md[31m=[32m"m22 17.65-9.17 4.16a2 2 0 0 1-1.66 0L2 17.65"[31m
                [36m/>[31m
                [36m<path[31m
                  [33md[31m=[32m"m22 12.65-9.17 4.16a2 2 0 0 1-1.66 0L2 12.65"[31m
                [36m/>[31m
              [36m</svg>[31m
            [36m</div>[31m
            [36m<div>[31m
              [36m<h2[31m
                [33mclass[31m=[32m"text-xl font-semibold text-gray-900"[31m
              [36m>[31m
                [0mAdvanced UI Manager[0m
              [36m</h2>[31m
              [36m<p[31m
                [33mclass[31m=[32m"text-sm text-gray-600"[31m
              [36m>[31m
                [0mGerencie componentes, tours e temas da interface[0m
              [36m</p>[31m
            [36m</div>[31m
          [36m</div>[31m
          [36m<div[31m
            [33mclass[31m=[32m"flex items-center space-x-2"[31m
          [36m>[31m
            [36m<div[31m
              [33mclass[31m=[32m"flex items-center space-x-1 px-2 py-1 rounded-full text-xs bg-green-100 text-green-800"[31m
            [36m>[31m
              [36m<svg[31m
                [33mclass[31m=[32m"lucide lucide-check-circle h-3 w-3"[31m
                [33mfill[31m=[32m"none"[31m
                [33mheight[31m=[32m"24"[31m
                [33mstroke[31m=[32m"currentColor"[31m
                [33mstroke-linecap[31m=[32m"round"[31m
                [33mstroke-linejoin[31m=[32m"round"[31m
                [33mstroke-width[31m=[32m"2"[31m
                [33mviewBox[31m=[32m"0 0 24 24"[31m
                [33mwidth[31m=[32m"24"[31m
                [33mxmlns[31m=[32m"http://www.w3.org/2000/svg"[31m
              [36m>[31m
                [36m<path[31m
                  [33md[31m=[32m"M22 11.08V12a10 10 0 1 1-5.93-9.14"[31m
                [36m/>[31m
                [36m<path[31m
                  [33md[31m=[32m"m9 11 3 3L22 4"[31m
                [36m/>[31m
              [36m</svg>[31m
              [36m<span>[31m
                [0mSaud├ível[0m
              [36m</span>[31m
            [36m</div>[31m
            [36m<button[31m
              [33mclass[31m=[32m"p-2 text-gray-400 hover:text-gray-600"[31m
            [36m>[31m
              [36m<svg[31m
                [33mclass[31m=[32m"lucide lucide-maximize2 h-4 w-4"[31m
                [33mfill[31m=[32m"none"[31m
                [33mheight[31m=[32m"24"[31m
                [33mstroke[31m=[32m"currentColor"[31m
                [33mstroke-linecap[31m=[32m"round"[31m
                [33mstroke-linejoin[31m=[32m"round"[31m
                [33mstroke-width[31m=[32m"2"[31m
                [33mviewBox[31m=[32m"0 0 24 24"[31m
                [33mwidth[31m=[32m"24"[31m
                [33mxmlns[31m=[32m"http://www.w3.org/2000/svg"[31m
              [36m>[31m
                [36m<polyline[31m
                  [33mpoints[31m=[32m"15 3 21 3 21 9"[31m
                [36m/>[31m
                [36m<polyline[31m
                  [33mpoints[31m=[32m"9 21 3 21 3 15"[31m
                [36m/>[31m
                [36m<line[31m
                  [33mx1[31m=[32m"21"[31m
                  [33mx2[31m=[32m"14"[31m
                  [33my1[31m=[32m"3"[31m
                  [33my2[31m=[32m"10"[31m
                [36m/>[31m
                [36m<line[31m
                  [33mx1[31m=[32m"3"[31m
                  [33mx2[31m=[32m"10"[31m
                  [33my1[31m=[32m"21"[31m
                  [33my2[31m=[32m"14"[31m
                [36m/>[31m
              [36m</svg>[31m
            [36m</button>[31m
          [36m</div>[31m
        [36m</div>[31m
      [36m</div>[31m
      [36m<div[31m
        [33mclass[31m=[32m"p-6"[31m
      [36m>[31m
        [36m<div[31m
          [33mclass[31m=[32m"grid grid-cols-1 md:grid-cols-2 lg:grid-cols-4 gap-4"[31m
        [36m>[31m
          [36m<div[31m
            [33mclass[31m=[32m"bg-white border border-gray-200 rounded-lg p-4 hover:shadow-md transition-shadow cursor-pointer"[31m
          [36m>[31m
            [36m<div[31m
              [33mclass[31m=[32m"flex items-center justify-between"[31m
            [36m>[31m
              [36m<div[31m
                [33mclass[31m=[32m"p-2 bg-blue-50 rounded-lg"[31m
              [36m>[31m
                [36m<svg[31m
                  [33mclass[31m=[32m"lucide lucide-layers h-5 w-5 text-blue-600"[31m
                  [33mfill[31m=[32m"none"[31m
                  [33mheight[31m=[32m"24"[31m
                  [33mstroke[31m=[32m"currentColor"[31m
                  [33mstroke-linecap[31m=[32m"round"[31m
                  [33mstroke-linejoin[31m=[32m"round"[31m
                  [33mstroke-width[31m=[32m"2"[31m
                  [33mviewBox[31m=[32m"0 0 24 24"[31m
                  [33mwidth[31m=[32m"24"[31m
                  [33mxmlns[31m=[32m"http://www.w3.org/2000/svg"[31m
                [36m>[31m
                  [36m<path[31m
                    [33md[31m=[32m"m12.83 2.18a2 2 0 0 0-1.66 0L2.6 6.08a1 1 0 0 0 0 1.83l8.58 3.91a2 2 0 0 0 1.66 0l8.58-3.9a1 1 0 0 0 0-1.83Z"[31m
                  [36m/>[31m
                  [36m<path[31m
                    [33md[31m=[32m"m22 17.65-9.17 4.16a2 2 0 0 1-1.66 0L2 17.65"[31m
                  [36m/>[31m
                ...

Ignored nodes: comments, script, style
[36m<html>[31m
  [36m<head />[31m
  [36m<body>[31m
    [36m<div>[31m
      [36m<div[31m
        [33mclass[31m=[32m"bg-white rounded-lg shadow-lg "[31m
      [36m>[31m
        [36m<div[31m
          [33mclass[31m=[32m"p-6 border-b border-gray-200"[31m
        [36m>[31m
          [36m<div[31m
            [33mclass[31m=[32m"flex items-center justify-between"[31m
          [36m>[31m
            [36m<div[31m
              [33mclass[31m=[32m"flex items-center space-x-3"[31m
            [36m>[31m
              [36m<div[31m
                [33mclass[31m=[32m"p-2 bg-blue-100 rounded-lg"[31m
              [36m>[31m
                [36m<svg[31m
                  [33mclass[31m=[32m"lucide lucide-layers h-6 w-6 text-blue-600"[31m
                  [33mfill[31m=[32m"none"[31m
                  [33mheight[31m=[32m"24"[31m
                  [33mstroke[31m=[32m"currentColor"[31m
                  [33mstroke-linecap[31m=[32m"round"[31m
                  [33mstroke-linejoin[31m=[32m"round"[31m
                  [33mstroke-width[31m=[32m"2"[31m
                  [33mviewBox[31m=[32m"0 0 24 24"[31m
                  [33mwidth[31m=[32m"24"[31m
                  [33mxmlns[31m=[32m"http://www.w3.org/2000/svg"[31m
                [36m>[31m
                  [36m<path[31m
                    [33md[31m=[32m"m12.83 2.18a2 2 0 0 0-1.66 0L2.6 6.08a1 1 0 0 0 0 1.83l8.58 3.91a2 2 0 0 0 1.66 0l8.58-3.9a1 1 0 0 0 0-1.83Z"[31m
                  [36m/>[31m
                  [36m<path[31m
                    [33md[31m=[32m"m22 17.65-9.17 4.16a2 2 0 0 1-1.66 0L2 17.65"[31m
                  [36m/>[31m
                  [36m<path[31m
                    [33md[31m=[32m"m22 12.65-9.17 4.16a2 2 0 0 1-1.66 0L2 12.65"[31m
                  [36m/>[31m
                [36m</svg>[31m
              [36m</div>[31m
              [36m<div>[31m
                [36m<h2[31m
                  [33mclass[31m=[32m"text-xl font-semibold text-gray-900"[31m
                [36m>[31m
                  [0mAdvanced UI Manager[0m
                [36m</h2>[31m
                [36m<p[31m
                  [33mclass[31m=[32m"text-sm text-gray-600"[31m
                [36m>[31m
                  [0mGerencie componentes, tours e temas da interface[0m
                [36m</p>[31m
              [36m</div>[31m
            [36m</div>[31m
            [36m<div[31m
              [33mclass[31m=[32m"flex items-center space-x-2"[31m
            [36m>[31m
              [36m<div[31m
                [33mclass[31m=[32m"flex items-center space-x-1 px-2 py-1 rounded-full text-xs bg-green-100 text-green-800"[31m
              [36m>[31m
                [36m<svg[31m
                  [33mclass[31m=[32m"lucide lucide-check-circle h-3 w-3"[31m
                  [33mfill[31m=[32m"none"[31m
                  [33mheight[31m=[32m"24"[31m
                  [33mstroke[31m=[32m"currentColor"[31m
                  [33mstroke-linecap[31m=[32m"round"[31m
                  [33mstroke-linejoin[31m=[32m"round"[31m
                  [33mstroke-width[31m=[32m"2"[31m
                  [33mviewBox[31m=[32m"0 0 24 24"[31m
                  [33mwidth[31m=[32m"24"[31m
                  [33mxmlns[31m=[32m"http://www.w3.org/2000/svg"[31m
                [36m>[31m
                  [36m<path[31m
                    [33md[31m=[32m"M22 11.08V12a10 10 0 1 1-5.93-9.14"[31m
                  [36m/>[31m
                  [36m<path[31m
                    [33md[31m=[32m"m9 11 3 3L22 4"[31m
                  [36m/>[31m
                [36m</svg>[31m
                [36m<span>[31m
                  [0mSaud├ível[0m
                [36m</span>[31m
              [36m</div>[31m
              [36m<button[31m
                [33mclass[31m=[32m"p-2 text-gray-400 hover:text-gray-600"[31m
              [36m>[31m
                [36m<svg[31m
                  [33mclass[31m=[32m"lucide lucide-maximize2 h-4 w-4"[31m
                  [33mfill[31m=[32m"none"[31m
                  [33mheight[31m=[32m"24"[31m
                  [33mstroke[31m=[32m"currentColor"[31m
                  [33mstroke-linecap[31m=[32m"round"[31m
                  [33mstroke-linejoin[31m=[32m"round"[31m
                  [33mstroke-width[31m=[32m"2"[31m
                  [33mviewBox[31m=[32m"0 0 24 24"[31m
                  [33mwidth[31m=[32m"24"[31m
                  [33mxmlns[31m=[32m"http://www.w3.org/2000/svg"[31m
                [36m>[31m
                  [36m<polyline[31m
                    [33mpoints[31m=[32m"15 3 21 3 21 9"[31m
                  [36m/>[31m
                  [36m<polyline[31m
                    [33mpoints[31m=[32m"9 21 3 21 3 15"[31m
                  [36m/>[31m
                  [36m<line[31m
                    [33mx1[31m=[32m"21"[31m
                    [33mx2[31m=[32m"14"[31m
                    [33my1[31m=[32m"3"[31m
                    [33my2[31m=[32m"10"[31m
                  [36m/>[31m
                  [36m<line[31m
                    [33mx1[31m=[32m"3"[31m
                    [33mx2[31m=[32m"10"[31m
                    [33my1[31m=[32m"21"[31m
                    [33my2[31m=[32m"14"[31m
                  [36m/>[31m
                [36m</svg>[31m
              [36m</button>[31m
            [36m</div>[31m
          [36m</div>[31m
        [36m</div>[31m
        [36m<div[31m
          [33mclass[31m=[32m"p-6"[31m
        [36m>[31m
          [36m<div[31m
            [33mclass[31m=[32m"grid grid-cols-1 md:grid-cols-2 lg:grid-cols-4 gap-4"[31m
          [36m>[31m
            [36m<div[31m
              [33mclass[31m=[32m"bg-white border border-gray-200 rounded-lg p-4 hover:shadow-md transition-shadow cursor-pointer"[31m
            [36m>[31m
              [36m<div[31m
                [33mclass[31m=[32m"flex items-center justify-between"[31m
              [36m>[31m
                [36m<div[31m
                  [33mclass[31m=[32m"p-2 bg-blue-50 rounded-lg"[31m
                [36m>[31m
                  [36m<svg[31m
                    [33mclass[31m=[32m"lucide lucide-layers h-5 w-5 text-blue-600"[31m
                    [33mfill[31m=[32m"none"[31m
                    [33mheight[31m=[32m"24"[31m
                    [33mstroke[31m=[32m"currentColor"[31m
                    [33mstroke-linecap[31m=[32m"round"[31m
                    [33mstroke-linejoin[31m=[32m"round"[31m
                    [33mstroke-width[31m=[32m"2"[31m
                    [33mviewBox[31m=[32m"0 0 24 24"[31m
                    [33mwidth[31m=[32m"24"[31m
                    [33mxmlns[31m=[32m"http://www.w3.org/2000/svg"[31m
                  [36m>[31m
                    [36m<path[31m
                    ...[39m
 [32mÔ£ô[39m src/test/unit/TestAutomationPanel.test.tsx[2m > [22mTestAutomationPanel[2m > [22mshould display reports in Relat├│rios tab[33m 405[2mms[22m[39m
 [32mÔ£ô[39m src/test/unit/TestAutomationPanel.test.tsx[2m > [22mTestAutomationPanel[2m > [22mshould display alerts[32m 182[2mms[22m[39m
 [32mÔ£ô[39m src/test/unit/TestAutomationPanel.test.tsx[2m > [22mTestAutomationPanel[2m > [22mshould handle test execution controls[33m 301[2mms[22m[39m
 [32mÔ£ô[39m src/test/unit/TestAutomationPanel.test.tsx[2m > [22mTestAutomationPanel[2m > [22mshould handle automation settings[33m 437[2mms[22m[39m
 [31m├ù[39m src/__tests__/components/WebWorkerManager.test.tsx[2m > [22mWebWorkerManager Component[2m > [22mTermina├º├úo de Workers[2m > [22mdeve terminar worker[33m 1116[2mms[22m[39m
[31m   ÔåÆ Unable to find an element with the text: Terminar. This could be because the text is broken up by multiple elements. In this case, you can provide a function for your text matcher to make your matcher more flexible.

Ignored nodes: comments, script, style
[36m<body>[31m
  [36m<div>[31m
    [36m<div[31m
      [33mclass[31m=[32m"bg-white rounded-lg shadow-lg "[31m
    [36m>[31m
      [36m<div[31m
        [33mclass[31m=[32m"p-6 border-b border-gray-200"[31m
      [36m>[31m
        [36m<div[31m
          [33mclass[31m=[32m"flex items-center justify-between"[31m
        [36m>[31m
          [36m<div[31m
            [33mclass[31m=[32m"flex items-center space-x-3"[31m
          [36m>[31m
            [36m<div[31m
              [33mclass[31m=[32m"p-2 bg-purple-100 rounded-lg"[31m
            [36m>[31m
              [36m<svg[31m
                [33mclass[31m=[32m"lucide lucide-cpu h-6 w-6 text-purple-600"[31m
                [33mfill[31m=[32m"none"[31m
                [33mheight[31m=[32m"24"[31m
                [33mstroke[31m=[32m"currentColor"[31m
                [33mstroke-linecap[31m=[32m"round"[31m
                [33mstroke-linejoin[31m=[32m"round"[31m
                [33mstroke-width[31m=[32m"2"[31m
                [33mviewBox[31m=[32m"0 0 24 24"[31m
                [33mwidth[31m=[32m"24"[31m
                [33mxmlns[31m=[32m"http://www.w3.org/2000/svg"[31m
              [36m>[31m
                [36m<rect[31m
                  [33mheight[31m=[32m"16"[31m
                  [33mrx[31m=[32m"2"[31m
                  [33mwidth[31m=[32m"16"[31m
                  [33mx[31m=[32m"4"[31m
                  [33my[31m=[32m"4"[31m
                [36m/>[31m
                [36m<rect[31m
                  [33mheight[31m=[32m"6"[31m
                  [33mwidth[31m=[32m"6"[31m
                  [33mx[31m=[32m"9"[31m
                  [33my[31m=[32m"9"[31m
                [36m/>[31m
                [36m<path[31m
                  [33md[31m=[32m"M15 2v2"[31m
                [36m/>[31m
                [36m<path[31m
                  [33md[31m=[32m"M15 20v2"[31m
                [36m/>[31m
                [36m<path[31m
                  [33md[31m=[32m"M2 15h2"[31m
                [36m/>[31m
                [36m<path[31m
                  [33md[31m=[32m"M2 9h2"[31m
                [36m/>[31m
                [36m<path[31m
                  [33md[31m=[32m"M20 15h2"[31m
                [36m/>[31m
                [36m<path[31m
                  [33md[31m=[32m"M20 9h2"[31m
                [36m/>[31m
                [36m<path[31m
                  [33md[31m=[32m"M9 2v2"[31m
                [36m/>[31m
                [36m<path[31m
                  [33md[31m=[32m"M9 20v2"[31m
                [36m/>[31m
              [36m</svg>[31m
            [36m</div>[31m
            [36m<div>[31m
              [36m<h2[31m
                [33mclass[31m=[32m"text-xl font-semibold text-gray-900"[31m
              [36m>[31m
                [0mWeb Worker Manager[0m
              [36m</h2>[31m
              [36m<p[31m
                [33mclass[31m=[32m"text-sm text-gray-600"[31m
              [36m>[31m
                [0mGerenciamento avan├ºado de Web Workers[0m
              [36m</p>[31m
            [36m</div>[31m
          [36m</div>[31m
          [36m<div[31m
            [33mclass[31m=[32m"flex items-center space-x-2"[31m
          [36m>[31m
            [36m<button[31m
              [33mclass[31m=[32m"px-3 py-1 rounded-md text-sm font-medium bg-green-100 text-green-700 hover:bg-green-200"[31m
            [36m>[31m
              [0mAuto-refresh ON[0m
            [36m</button>[31m
            [36m<button[31m
              [33mclass[31m=[32m"px-4 py-2 bg-purple-600 text-white rounded-md hover:bg-purple-700 flex items-center space-x-2"[31m
            [36m>[31m
              [36m<svg[31m
                [33mclass[31m=[32m"lucide lucide-plus h-4 w-4"[31m
                [33mfill[31m=[32m"none"[31m
                [33mheight[31m=[32m"24"[31m
                [33mstroke[31m=[32m"currentColor"[31m
                [33mstroke-linecap[31m=[32m"round"[31m
                [33mstroke-linejoin[31m=[32m"round"[31m
                [33mstroke-width[31m=[32m"2"[31m
                [33mviewBox[31m=[32m"0 0 24 24"[31m
                [33mwidth[31m=[32m"24"[31m
                [33mxmlns[31m=[32m"http://www.w3.org/2000/svg"[31m
              [36m>[31m
                [36m<path[31m
                  [33md[31m=[32m"M5 12h14"[31m
                [36m/>[31m
                [36m<path[31m
                  [33md[31m=[32m"M12 5v14"[31m
                [36m/>[31m
              [36m</svg>[31m
              [36m<span>[31m
                [0mNovo Worker[0m
              [36m</span>[31m
            [36m</button>[31m
          [36m</div>[31m
        [36m</div>[31m
      [36m</div>[31m
      [36m<div[31m
        [33mclass[31m=[32m"p-6 grid grid-cols-1 md:grid-cols-2 lg:grid-cols-4 gap-4"[31m
      [36m>[31m
        [36m<div[31m
          [33mclass[31m=[32m"bg-blue-50 rounded-lg p-4 cursor-pointer transition-all duration-200 hover:shadow-md"[31m
        [36m>[31m
          [36m<div[31m
            [33mclass[31m=[32m"flex items-center justify-between"[31m
          [36m>[31m
            [36m<div[31m
              [33mclass[31m=[32m"flex items-center space-x-3"[31m
            [36m>[31m
              [36m<svg[31m
                [33mclass[31m=[32m"lucide lucide-users h-8 w-8 text-blue-600"[31m
                [33mfill[31m=[32m"none"[31m
                [33mheight[31m=[32m"24"[31m
                [33mstroke[31m=[32m"currentColor"[31m
                [33mstroke-linecap[31m=[32m"round"[31m
                [33mstroke-linejoin[31m=[32m"round"[31m
                [33mstroke-width[31m=[32m"2"[31m
                [33mviewBox[31m=[32m"0 0 24 24"[31m
                [33mwidth[31m=[32m"24"[31m
                [33mxmlns[31m=[32m"http://www.w3.org/2000/svg"[31m
              [36m>[31m
                [36m<path[31m
                  [33md[31m=[32m"M16 21v-2a4 4 0 0 0-4-4H6a4 4 0 0 0-4 4v2"[31m
                [36m/>[31m
                [36m<circle[31m
                  [33mcx[31m=[32m"9"[31m
                  [33mcy[31m=[32m"7"[31m
                  [33mr[31m=[32m"4"[31m
                [36m/>[31m
                [36m<path[31m
                  [33md[31m=[32m"M22 21v-2a4 4 0 0 0-3-3.87"[31m
                [36m/>[31m
                [36m<path[31m
                  [33md[31m=[32m"M16 3.13a4 4 0 0 1 0 7.75"[31m
                [36m/>[31m
              [36m</svg>[31m
              [36m<div>[31m
                [36m<p[31m
                  [33mclass[31m=[32m"text-sm font-medium text-gray-600"[31m
                [36m>[31m
                  [0mWorkers Ativos[0m
                [36m</p>[31m
                [36m<p[31m
                  [33mclass[31m=[32m"text-2xl font...

Ignored nodes: comments, script, style
[36m<html>[31m
  [36m<head />[31m
  [36m<body>[31m
    [36m<div>[31m
      [36m<div[31m
        [33mclass[31m=[32m"bg-white rounded-lg shadow-lg "[31m
      [36m>[31m
        [36m<div[31m
          [33mclass[31m=[32m"p-6 border-b border-gray-200"[31m
        [36m>[31m
          [36m<div[31m
            [33mclass[31m=[32m"flex items-center justify-between"[31m
          [36m>[31m
            [36m<div[31m
              [33mclass[31m=[32m"flex items-center space-x-3"[31m
            [36m>[31m
              [36m<div[31m
                [33mclass[31m=[32m"p-2 bg-purple-100 rounded-lg"[31m
              [36m>[31m
                [36m<svg[31m
                  [33mclass[31m=[32m"lucide lucide-cpu h-6 w-6 text-purple-600"[31m
                  [33mfill[31m=[32m"none"[31m
                  [33mheight[31m=[32m"24"[31m
                  [33mstroke[31m=[32m"currentColor"[31m
                  [33mstroke-linecap[31m=[32m"round"[31m
                  [33mstroke-linejoin[31m=[32m"round"[31m
                  [33mstroke-width[31m=[32m"2"[31m
                  [33mviewBox[31m=[32m"0 0 24 24"[31m
                  [33mwidth[31m=[32m"24"[31m
                  [33mxmlns[31m=[32m"http://www.w3.org/2000/svg"[31m
                [36m>[31m
                  [36m<rect[31m
                    [33mheight[31m=[32m"16"[31m
                    [33mrx[31m=[32m"2"[31m
                    [33mwidth[31m=[32m"16"[31m
                    [33mx[31m=[32m"4"[31m
                    [33my[31m=[32m"4"[31m
                  [36m/>[31m
                  [36m<rect[31m
                    [33mheight[31m=[32m"6"[31m
                    [33mwidth[31m=[32m"6"[31m
                    [33mx[31m=[32m"9"[31m
                    [33my[31m=[32m"9"[31m
                  [36m/>[31m
                  [36m<path[31m
                    [33md[31m=[32m"M15 2v2"[31m
                  [36m/>[31m
                  [36m<path[31m
                    [33md[31m=[32m"M15 20v2"[31m
                  [36m/>[31m
                  [36m<path[31m
                    [33md[31m=[32m"M2 15h2"[31m
                  [36m/>[31m
                  [36m<path[31m
                    [33md[31m=[32m"M2 9h2"[31m
                  [36m/>[31m
                  [36m<path[31m
                    [33md[31m=[32m"M20 15h2"[31m
                  [36m/>[31m
                  [36m<path[31m
                    [33md[31m=[32m"M20 9h2"[31m
                  [36m/>[31m
                  [36m<path[31m
                    [33md[31m=[32m"M9 2v2"[31m
                  [36m/>[31m
                  [36m<path[31m
                    [33md[31m=[32m"M9 20v2"[31m
                  [36m/>[31m
                [36m</svg>[31m
              [36m</div>[31m
              [36m<div>[31m
                [36m<h2[31m
                  [33mclass[31m=[32m"text-xl font-semibold text-gray-900"[31m
                [36m>[31m
                  [0mWeb Worker Manager[0m
                [36m</h2>[31m
                [36m<p[31m
                  [33mclass[31m=[32m"text-sm text-gray-600"[31m
                [36m>[31m
                  [0mGerenciamento avan├ºado de Web Workers[0m
                [36m</p>[31m
              [36m</div>[31m
            [36m</div>[31m
            [36m<div[31m
              [33mclass[31m=[32m"flex items-center space-x-2"[31m
            [36m>[31m
              [36m<button[31m
                [33mclass[31m=[32m"px-3 py-1 rounded-md text-sm font-medium bg-green-100 text-green-700 hover:bg-green-200"[31m
              [36m>[31m
                [0mAuto-refresh ON[0m
              [36m</button>[31m
              [36m<button[31m
                [33mclass[31m=[32m"px-4 py-2 bg-purple-600 text-white rounded-md hover:bg-purple-700 flex items-center space-x-2"[31m
              [36m>[31m
                [36m<svg[31m
                  [33mclass[31m=[32m"lucide lucide-plus h-4 w-4"[31m
                  [33mfill[31m=[32m"none"[31m
                  [33mheight[31m=[32m"24"[31m
                  [33mstroke[31m=[32m"currentColor"[31m
                  [33mstroke-linecap[31m=[32m"round"[31m
                  [33mstroke-linejoin[31m=[32m"round"[31m
                  [33mstroke-width[31m=[32m"2"[31m
                  [33mviewBox[31m=[32m"0 0 24 24"[31m
                  [33mwidth[31m=[32m"24"[31m
                  [33mxmlns[31m=[32m"http://www.w3.org/2000/svg"[31m
                [36m>[31m
                  [36m<path[31m
                    [33md[31m=[32m"M5 12h14"[31m
                  [36m/>[31m
                  [36m<path[31m
                    [33md[31m=[32m"M12 5v14"[31m
                  [36m/>[31m
                [36m</svg>[31m
                [36m<span>[31m
                  [0mNovo Worker[0m
                [36m</span>[31m
              [36m</button>[31m
            [36m</div>[31m
          [36m</div>[31m
        [36m</div>[31m
        [36m<div[31m
          [33mclass[31m=[32m"p-6 grid grid-cols-1 md:grid-cols-2 lg:grid-cols-4 gap-4"[31m
        [36m>[31m
          [36m<div[31m
            [33mclass[31m=[32m"bg-blue-50 rounded-lg p-4 cursor-pointer transition-all duration-200 hover:shadow-md"[31m
          [36m>[31m
            [36m<div[31m
              [33mclass[31m=[32m"flex items-center justify-between"[31m
            [36m>[31m
              [36m<div[31m
                [33mclass[31m=[32m"flex items-center space-x-3"[31m
              [36m>[31m
                [36m<svg[31m
                  [33mclass[31m=[32m"lucide lucide-users h-8 w-8 text-blue-600"[31m
                  [33mfill[31m=[32m"none"[31m
                  [33mheight[31m=[32m"24"[31m
                  [33mstroke[31m=[32m"currentColor"[31m
                  [33mstroke-linecap[31m=[32m"round"[31m
                  [33mstroke-linejoin[31m=[32m"round"[31m
                  [33mstroke-width[31m=[32m"2"[31m
                  [33mviewBox[31m=[32m"0 0 24 24"[31m
                  [33mwidth[31m=[32m"24"[31m
                  [33mxmlns[31m=[32m"http://www.w3.org/2000/svg"[31m
                [36m>[31m
                  [36m<path[31m
                    [33md[31m=[32m"M16 21v-2a4 4 0 0 0-4-4H6a4 4 0 0 0-4 4v2"[31m
                  [36m/>[31m
                  [36m<circle[31m
                    [33mcx[31m=[32m"9"[31m
                    [33mcy[31m=[32m"7"[31m
                    [33mr[31m=[32m"4"[31m
                  [36m/>[31m
                  [36m<path[31m
                    [33md[31m=[32m"M22 21v-2a4 4 0 0 0-3-3.87"[31m
                  [36m/>[31m
                  [36m<path[31m
                    [33md[31m=[32m"M16 3.13a4 4 0 0 1 0 7.75"[31m
                  [36m/>[31m
  ...[39m
 [31m├ù[39m src/__tests__/components/WebWorkerManager.test.tsx[2m > [22mWebWorkerManager Component[2m > [22mResponsividade[2m > [22mdeve adaptar layout para mobile[32m 79[2mms[22m[39m
[31m   ÔåÆ Unable to find an element by: [data-testid="web-worker-manager"]

Ignored nodes: comments, script, style
[36m<body>[31m
  [36m<div>[31m
    [36m<div[31m
      [33mclass[31m=[32m"bg-white rounded-lg shadow-lg "[31m
    [36m>[31m
      [36m<div[31m
        [33mclass[31m=[32m"p-6 border-b border-gray-200"[31m
      [36m>[31m
        [36m<div[31m
          [33mclass[31m=[32m"flex items-center justify-between"[31m
        [36m>[31m
          [36m<div[31m
            [33mclass[31m=[32m"flex items-center space-x-3"[31m
          [36m>[31m
            [36m<div[31m
              [33mclass[31m=[32m"p-2 bg-purple-100 rounded-lg"[31m
            [36m>[31m
              [36m<svg[31m
                [33mclass[31m=[32m"lucide lucide-cpu h-6 w-6 text-purple-600"[31m
                [33mfill[31m=[32m"none"[31m
                [33mheight[31m=[32m"24"[31m
                [33mstroke[31m=[32m"currentColor"[31m
                [33mstroke-linecap[31m=[32m"round"[31m
                [33mstroke-linejoin[31m=[32m"round"[31m
                [33mstroke-width[31m=[32m"2"[31m
                [33mviewBox[31m=[32m"0 0 24 24"[31m
                [33mwidth[31m=[32m"24"[31m
                [33mxmlns[31m=[32m"http://www.w3.org/2000/svg"[31m
              [36m>[31m
                [36m<rect[31m
                  [33mheight[31m=[32m"16"[31m
                  [33mrx[31m=[32m"2"[31m
                  [33mwidth[31m=[32m"16"[31m
                  [33mx[31m=[32m"4"[31m
                  [33my[31m=[32m"4"[31m
                [36m/>[31m
                [36m<rect[31m
                  [33mheight[31m=[32m"6"[31m
                  [33mwidth[31m=[32m"6"[31m
                  [33mx[31m=[32m"9"[31m
                  [33my[31m=[32m"9"[31m
                [36m/>[31m
                [36m<path[31m
                  [33md[31m=[32m"M15 2v2"[31m
                [36m/>[31m
                [36m<path[31m
                  [33md[31m=[32m"M15 20v2"[31m
                [36m/>[31m
                [36m<path[31m
                  [33md[31m=[32m"M2 15h2"[31m
                [36m/>[31m
                [36m<path[31m
                  [33md[31m=[32m"M2 9h2"[31m
                [36m/>[31m
                [36m<path[31m
                  [33md[31m=[32m"M20 15h2"[31m
                [36m/>[31m
                [36m<path[31m
                  [33md[31m=[32m"M20 9h2"[31m
                [36m/>[31m
                [36m<path[31m
                  [33md[31m=[32m"M9 2v2"[31m
                [36m/>[31m
                [36m<path[31m
                  [33md[31m=[32m"M9 20v2"[31m
                [36m/>[31m
              [36m</svg>[31m
            [36m</div>[31m
            [36m<div>[31m
              [36m<h2[31m
                [33mclass[31m=[32m"text-xl font-semibold text-gray-900"[31m
              [36m>[31m
                [0mWeb Worker Manager[0m
              [36m</h2>[31m
              [36m<p[31m
                [33mclass[31m=[32m"text-sm text-gray-600"[31m
              [36m>[31m
                [0mGerenciamento avan├ºado de Web Workers[0m
              [36m</p>[31m
            [36m</div>[31m
          [36m</div>[31m
          [36m<div[31m
            [33mclass[31m=[32m"flex items-center space-x-2"[31m
          [36m>[31m
            [36m<button[31m
              [33mclass[31m=[32m"px-3 py-1 rounded-md text-sm font-medium bg-green-100 text-green-700 hover:bg-green-200"[31m
            [36m>[31m
              [0mAuto-refresh ON[0m
            [36m</button>[31m
            [36m<button[31m
              [33mclass[31m=[32m"px-4 py-2 bg-purple-600 text-white rounded-md hover:bg-purple-700 flex items-center space-x-2"[31m
            [36m>[31m
              [36m<svg[31m
                [33mclass[31m=[32m"lucide lucide-plus h-4 w-4"[31m
                [33mfill[31m=[32m"none"[31m
                [33mheight[31m=[32m"24"[31m
                [33mstroke[31m=[32m"currentColor"[31m
                [33mstroke-linecap[31m=[32m"round"[31m
                [33mstroke-linejoin[31m=[32m"round"[31m
                [33mstroke-width[31m=[32m"2"[31m
                [33mviewBox[31m=[32m"0 0 24 24"[31m
                [33mwidth[31m=[32m"24"[31m
                [33mxmlns[31m=[32m"http://www.w3.org/2000/svg"[31m
              [36m>[31m
                [36m<path[31m
                  [33md[31m=[32m"M5 12h14"[31m
                [36m/>[31m
                [36m<path[31m
                  [33md[31m=[32m"M12 5v14"[31m
                [36m/>[31m
              [36m</svg>[31m
              [36m<span>[31m
                [0mNovo Worker[0m
              [36m</span>[31m
            [36m</button>[31m
          [36m</div>[31m
        [36m</div>[31m
      [36m</div>[31m
      [36m<div[31m
        [33mclass[31m=[32m"p-6 grid grid-cols-1 md:grid-cols-2 lg:grid-cols-4 gap-4"[31m
      [36m>[31m
        [36m<div[31m
          [33mclass[31m=[32m"bg-blue-50 rounded-lg p-4 cursor-pointer transition-all duration-200 hover:shadow-md"[31m
        [36m>[31m
          [36m<div[31m
            [33mclass[31m=[32m"flex items-center justify-between"[31m
          [36m>[31m
            [36m<div[31m
              [33mclass[31m=[32m"flex items-center space-x-3"[31m
            [36m>[31m
              [36m<svg[31m
                [33mclass[31m=[32m"lucide lucide-users h-8 w-8 text-blue-600"[31m
                [33mfill[31m=[32m"none"[31m
                [33mheight[31m=[32m"24"[31m
                [33mstroke[31m=[32m"currentColor"[31m
                [33mstroke-linecap[31m=[32m"round"[31m
                [33mstroke-linejoin[31m=[32m"round"[31m
                [33mstroke-width[31m=[32m"2"[31m
                [33mviewBox[31m=[32m"0 0 24 24"[31m
                [33mwidth[31m=[32m"24"[31m
                [33mxmlns[31m=[32m"http://www.w3.org/2000/svg"[31m
              [36m>[31m
                [36m<path[31m
                  [33md[31m=[32m"M16 21v-2a4 4 0 0 0-4-4H6a4 4 0 0 0-4 4v2"[31m
                [36m/>[31m
                [36m<circle[31m
                  [33mcx[31m=[32m"9"[31m
                  [33mcy[31m=[32m"7"[31m
                  [33mr[31m=[32m"4"[31m
                [36m/>[31m
                [36m<path[31m
                  [33md[31m=[32m"M22 21v-2a4 4 0 0 0-3-3.87"[31m
                [36m/>[31m
                [36m<path[31m
                  [33md[31m=[32m"M16 3.13a4 4 0 0 1 0 7.75"[31m
                [36m/>[31m
              [36m</svg>[31m
              [36m<div>[31m
                [36m<p[31m
                  [33mclass[31m=[32m"text-sm font-medium text-gray-600"[31m
                [36m>[31m
                  [0mWorkers Ativos[0m
                [36m</p>[31m
                [36m<p[31m
                  [33mclass[31m=[32m"text-2xl font...[39m
 [31m├ù[39m src/__tests__/components/AdvancedUIManager.test.tsx[2m > [22mAdvancedUIManager Component[2m > [22mCria├º├úo de Tours[2m > [22mdeve abrir dialog de cria├º├úo de tour[33m 1208[2mms[22m[39m
[31m   ÔåÆ Unable to find an element with the text: Criar Novo Tour. This could be because the text is broken up by multiple elements. In this case, you can provide a function for your text matcher to make your matcher more flexible.

Ignored nodes: comments, script, style
[36m<body>[31m
  [36m<div>[31m
    [36m<div[31m
      [33mclass[31m=[32m"bg-white rounded-lg shadow-lg "[31m
    [36m>[31m
      [36m<div[31m
        [33mclass[31m=[32m"p-6 border-b border-gray-200"[31m
      [36m>[31m
        [36m<div[31m
          [33mclass[31m=[32m"flex items-center justify-between"[31m
        [36m>[31m
          [36m<div[31m
            [33mclass[31m=[32m"flex items-center space-x-3"[31m
          [36m>[31m
            [36m<div[31m
              [33mclass[31m=[32m"p-2 bg-blue-100 rounded-lg"[31m
            [36m>[31m
              [36m<svg[31m
                [33mclass[31m=[32m"lucide lucide-layers h-6 w-6 text-blue-600"[31m
                [33mfill[31m=[32m"none"[31m
                [33mheight[31m=[32m"24"[31m
                [33mstroke[31m=[32m"currentColor"[31m
                [33mstroke-linecap[31m=[32m"round"[31m
                [33mstroke-linejoin[31m=[32m"round"[31m
                [33mstroke-width[31m=[32m"2"[31m
                [33mviewBox[31m=[32m"0 0 24 24"[31m
                [33mwidth[31m=[32m"24"[31m
                [33mxmlns[31m=[32m"http://www.w3.org/2000/svg"[31m
              [36m>[31m
                [36m<path[31m
                  [33md[31m=[32m"m12.83 2.18a2 2 0 0 0-1.66 0L2.6 6.08a1 1 0 0 0 0 1.83l8.58 3.91a2 2 0 0 0 1.66 0l8.58-3.9a1 1 0 0 0 0-1.83Z"[31m
                [36m/>[31m
                [36m<path[31m
                  [33md[31m=[32m"m22 17.65-9.17 4.16a2 2 0 0 1-1.66 0L2 17.65"[31m
                [36m/>[31m
                [36m<path[31m
                  [33md[31m=[32m"m22 12.65-9.17 4.16a2 2 0 0 1-1.66 0L2 12.65"[31m
                [36m/>[31m
              [36m</svg>[31m
            [36m</div>[31m
            [36m<div>[31m
              [36m<h2[31m
                [33mclass[31m=[32m"text-xl font-semibold text-gray-900"[31m
              [36m>[31m
                [0mAdvanced UI Manager[0m
              [36m</h2>[31m
              [36m<p[31m
                [33mclass[31m=[32m"text-sm text-gray-600"[31m
              [36m>[31m
                [0mGerencie componentes, tours e temas da interface[0m
              [36m</p>[31m
            [36m</div>[31m
          [36m</div>[31m
          [36m<div[31m
            [33mclass[31m=[32m"flex items-center space-x-2"[31m
          [36m>[31m
            [36m<div[31m
              [33mclass[31m=[32m"flex items-center space-x-1 px-2 py-1 rounded-full text-xs bg-green-100 text-green-800"[31m
            [36m>[31m
              [36m<svg[31m
                [33mclass[31m=[32m"lucide lucide-check-circle h-3 w-3"[31m
                [33mfill[31m=[32m"none"[31m
                [33mheight[31m=[32m"24"[31m
                [33mstroke[31m=[32m"currentColor"[31m
                [33mstroke-linecap[31m=[32m"round"[31m
                [33mstroke-linejoin[31m=[32m"round"[31m
                [33mstroke-width[31m=[32m"2"[31m
                [33mviewBox[31m=[32m"0 0 24 24"[31m
                [33mwidth[31m=[32m"24"[31m
                [33mxmlns[31m=[32m"http://www.w3.org/2000/svg"[31m
              [36m>[31m
                [36m<path[31m
                  [33md[31m=[32m"M22 11.08V12a10 10 0 1 1-5.93-9.14"[31m
                [36m/>[31m
                [36m<path[31m
                  [33md[31m=[32m"m9 11 3 3L22 4"[31m
                [36m/>[31m
              [36m</svg>[31m
              [36m<span>[31m
                [0mSaud├ível[0m
              [36m</span>[31m
            [36m</div>[31m
            [36m<button[31m
              [33mclass[31m=[32m"p-2 text-gray-400 hover:text-gray-600"[31m
            [36m>[31m
              [36m<svg[31m
                [33mclass[31m=[32m"lucide lucide-maximize2 h-4 w-4"[31m
                [33mfill[31m=[32m"none"[31m
                [33mheight[31m=[32m"24"[31m
                [33mstroke[31m=[32m"currentColor"[31m
                [33mstroke-linecap[31m=[32m"round"[31m
                [33mstroke-linejoin[31m=[32m"round"[31m
                [33mstroke-width[31m=[32m"2"[31m
                [33mviewBox[31m=[32m"0 0 24 24"[31m
                [33mwidth[31m=[32m"24"[31m
                [33mxmlns[31m=[32m"http://www.w3.org/2000/svg"[31m
              [36m>[31m
                [36m<polyline[31m
                  [33mpoints[31m=[32m"15 3 21 3 21 9"[31m
                [36m/>[31m
                [36m<polyline[31m
                  [33mpoints[31m=[32m"9 21 3 21 3 15"[31m
                [36m/>[31m
                [36m<line[31m
                  [33mx1[31m=[32m"21"[31m
                  [33mx2[31m=[32m"14"[31m
                  [33my1[31m=[32m"3"[31m
                  [33my2[31m=[32m"10"[31m
                [36m/>[31m
                [36m<line[31m
                  [33mx1[31m=[32m"3"[31m
                  [33mx2[31m=[32m"10"[31m
                  [33my1[31m=[32m"21"[31m
                  [33my2[31m=[32m"14"[31m
                [36m/>[31m
              [36m</svg>[31m
            [36m</button>[31m
          [36m</div>[31m
        [36m</div>[31m
      [36m</div>[31m
      [36m<div[31m
        [33mclass[31m=[32m"p-6"[31m
      [36m>[31m
        [36m<div[31m
          [33mclass[31m=[32m"grid grid-cols-1 md:grid-cols-2 lg:grid-cols-4 gap-4"[31m
        [36m>[31m
          [36m<div[31m
            [33mclass[31m=[32m"bg-white border border-gray-200 rounded-lg p-4 hover:shadow-md transition-shadow cursor-pointer"[31m
          [36m>[31m
            [36m<div[31m
              [33mclass[31m=[32m"flex items-center justify-between"[31m
            [36m>[31m
              [36m<div[31m
                [33mclass[31m=[32m"p-2 bg-blue-50 rounded-lg"[31m
              [36m>[31m
                [36m<svg[31m
                  [33mclass[31m=[32m"lucide lucide-layers h-5 w-5 text-blue-600"[31m
                  [33mfill[31m=[32m"none"[31m
                  [33mheight[31m=[32m"24"[31m
                  [33mstroke[31m=[32m"currentColor"[31m
                  [33mstroke-linecap[31m=[32m"round"[31m
                  [33mstroke-linejoin[31m=[32m"round"[31m
                  [33mstroke-width[31m=[32m"2"[31m
                  [33mviewBox[31m=[32m"0 0 24 24"[31m
                  [33mwidth[31m=[32m"24"[31m
                  [33mxmlns[31m=[32m"http://www.w3.org/2000/svg"[31m
                [36m>[31m
                  [36m<path[31m
                    [33md[31m=[32m"m12.83 2.18a2 2 0 0 0-1.66 0L2.6 6.08a1 1 0 0 0 0 1.83l8.58 3.91a2 2 0 0 0 1.66 0l8.58-3.9a1 1 0 0 0 0-1.83Z"[31m
                  [36m/>[31m
                  [36m<path[31m
                    [33md[31m=[32m"m22 17.65-9.17 4.16a2 2 0 0 1-1.66 0L2 17.65"[31m
                  [36m/>[31m
                ...

Ignored nodes: comments, script, style
[36m<html>[31m
  [36m<head />[31m
  [36m<body>[31m
    [36m<div>[31m
      [36m<div[31m
        [33mclass[31m=[32m"bg-white rounded-lg shadow-lg "[31m
      [36m>[31m
        [36m<div[31m
          [33mclass[31m=[32m"p-6 border-b border-gray-200"[31m
        [36m>[31m
          [36m<div[31m
            [33mclass[31m=[32m"flex items-center justify-between"[31m
          [36m>[31m
            [36m<div[31m
              [33mclass[31m=[32m"flex items-center space-x-3"[31m
            [36m>[31m
              [36m<div[31m
                [33mclass[31m=[32m"p-2 bg-blue-100 rounded-lg"[31m
              [36m>[31m
                [36m<svg[31m
                  [33mclass[31m=[32m"lucide lucide-layers h-6 w-6 text-blue-600"[31m
                  [33mfill[31m=[32m"none"[31m
                  [33mheight[31m=[32m"24"[31m
                  [33mstroke[31m=[32m"currentColor"[31m
                  [33mstroke-linecap[31m=[32m"round"[31m
                  [33mstroke-linejoin[31m=[32m"round"[31m
                  [33mstroke-width[31m=[32m"2"[31m
                  [33mviewBox[31m=[32m"0 0 24 24"[31m
                  [33mwidth[31m=[32m"24"[31m
                  [33mxmlns[31m=[32m"http://www.w3.org/2000/svg"[31m
                [36m>[31m
                  [36m<path[31m
                    [33md[31m=[32m"m12.83 2.18a2 2 0 0 0-1.66 0L2.6 6.08a1 1 0 0 0 0 1.83l8.58 3.91a2 2 0 0 0 1.66 0l8.58-3.9a1 1 0 0 0 0-1.83Z"[31m
                  [36m/>[31m
                  [36m<path[31m
                    [33md[31m=[32m"m22 17.65-9.17 4.16a2 2 0 0 1-1.66 0L2 17.65"[31m
                  [36m/>[31m
                  [36m<path[31m
                    [33md[31m=[32m"m22 12.65-9.17 4.16a2 2 0 0 1-1.66 0L2 12.65"[31m
                  [36m/>[31m
                [36m</svg>[31m
              [36m</div>[31m
              [36m<div>[31m
                [36m<h2[31m
                  [33mclass[31m=[32m"text-xl font-semibold text-gray-900"[31m
                [36m>[31m
                  [0mAdvanced UI Manager[0m
                [36m</h2>[31m
                [36m<p[31m
                  [33mclass[31m=[32m"text-sm text-gray-600"[31m
                [36m>[31m
                  [0mGerencie componentes, tours e temas da interface[0m
                [36m</p>[31m
              [36m</div>[31m
            [36m</div>[31m
            [36m<div[31m
              [33mclass[31m=[32m"flex items-center space-x-2"[31m
            [36m>[31m
              [36m<div[31m
                [33mclass[31m=[32m"flex items-center space-x-1 px-2 py-1 rounded-full text-xs bg-green-100 text-green-800"[31m
              [36m>[31m
                [36m<svg[31m
                  [33mclass[31m=[32m"lucide lucide-check-circle h-3 w-3"[31m
                  [33mfill[31m=[32m"none"[31m
                  [33mheight[31m=[32m"24"[31m
                  [33mstroke[31m=[32m"currentColor"[31m
                  [33mstroke-linecap[31m=[32m"round"[31m
                  [33mstroke-linejoin[31m=[32m"round"[31m
                  [33mstroke-width[31m=[32m"2"[31m
                  [33mviewBox[31m=[32m"0 0 24 24"[31m
                  [33mwidth[31m=[32m"24"[31m
                  [33mxmlns[31m=[32m"http://www.w3.org/2000/svg"[31m
                [36m>[31m
                  [36m<path[31m
                    [33md[31m=[32m"M22 11.08V12a10 10 0 1 1-5.93-9.14"[31m
                  [36m/>[31m
                  [36m<path[31m
                    [33md[31m=[32m"m9 11 3 3L22 4"[31m
                  [36m/>[31m
                [36m</svg>[31m
                [36m<span>[31m
                  [0mSaud├ível[0m
                [36m</span>[31m
              [36m</div>[31m
              [36m<button[31m
                [33mclass[31m=[32m"p-2 text-gray-400 hover:text-gray-600"[31m
              [36m>[31m
                [36m<svg[31m
                  [33mclass[31m=[32m"lucide lucide-maximize2 h-4 w-4"[31m
                  [33mfill[31m=[32m"none"[31m
                  [33mheight[31m=[32m"24"[31m
                  [33mstroke[31m=[32m"currentColor"[31m
                  [33mstroke-linecap[31m=[32m"round"[31m
                  [33mstroke-linejoin[31m=[32m"round"[31m
                  [33mstroke-width[31m=[32m"2"[31m
                  [33mviewBox[31m=[32m"0 0 24 24"[31m
                  [33mwidth[31m=[32m"24"[31m
                  [33mxmlns[31m=[32m"http://www.w3.org/2000/svg"[31m
                [36m>[31m
                  [36m<polyline[31m
                    [33mpoints[31m=[32m"15 3 21 3 21 9"[31m
                  [36m/>[31m
                  [36m<polyline[31m
                    [33mpoints[31m=[32m"9 21 3 21 3 15"[31m
                  [36m/>[31m
                  [36m<line[31m
                    [33mx1[31m=[32m"21"[31m
                    [33mx2[31m=[32m"14"[31m
                    [33my1[31m=[32m"3"[31m
                    [33my2[31m=[32m"10"[31m
                  [36m/>[31m
                  [36m<line[31m
                    [33mx1[31m=[32m"3"[31m
                    [33mx2[31m=[32m"10"[31m
                    [33my1[31m=[32m"21"[31m
                    [33my2[31m=[32m"14"[31m
                  [36m/>[31m
                [36m</svg>[31m
              [36m</button>[31m
            [36m</div>[31m
          [36m</div>[31m
        [36m</div>[31m
        [36m<div[31m
          [33mclass[31m=[32m"p-6"[31m
        [36m>[31m
          [36m<div[31m
            [33mclass[31m=[32m"grid grid-cols-1 md:grid-cols-2 lg:grid-cols-4 gap-4"[31m
          [36m>[31m
            [36m<div[31m
              [33mclass[31m=[32m"bg-white border border-gray-200 rounded-lg p-4 hover:shadow-md transition-shadow cursor-pointer"[31m
            [36m>[31m
              [36m<div[31m
                [33mclass[31m=[32m"flex items-center justify-between"[31m
              [36m>[31m
                [36m<div[31m
                  [33mclass[31m=[32m"p-2 bg-blue-50 rounded-lg"[31m
                [36m>[31m
                  [36m<svg[31m
                    [33mclass[31m=[32m"lucide lucide-layers h-5 w-5 text-blue-600"[31m
                    [33mfill[31m=[32m"none"[31m
                    [33mheight[31m=[32m"24"[31m
                    [33mstroke[31m=[32m"currentColor"[31m
                    [33mstroke-linecap[31m=[32m"round"[31m
                    [33mstroke-linejoin[31m=[32m"round"[31m
                    [33mstroke-width[31m=[32m"2"[31m
                    [33mviewBox[31m=[32m"0 0 24 24"[31m
                    [33mwidth[31m=[32m"24"[31m
                    [33mxmlns[31m=[32m"http://www.w3.org/2000/svg"[31m
                  [36m>[31m
                    [36m<path[31m
                    ...[39m
 [32mÔ£ô[39m src/test/unit/TestAutomationPanel.test.tsx[2m > [22mTestAutomationPanel[2m > [22mshould handle configuration settings[33m 391[2mms[22m[39m
 [32mÔ£ô[39m src/test/unit/TestAutomationPanel.test.tsx[2m > [22mTestAutomationPanel[2m > [22mshould be accessible[33m 317[2mms[22m[39m
stderr | src/lib/pptx/__tests__/parallel-processing.test.ts > ParallelProcessor > Tratamento de Erros > deve implementar retry autom├ítico quando habilitado
ÔØî Failed to initialize worker worker-1758312300867-av374xfoz: ReferenceError: Worker is not defined
    at PPTXWorker.initializeWorker (C:\xampp\htdocs\Studiotreiax_1\src\lib\pptx\parallel-processor.ts:201:25)
    at new PPTXWorker (C:\xampp\htdocs\Studiotreiax_1\src\lib\pptx\parallel-processor.ts:79:10)
    at ParallelProcessor.createWorker (C:\xampp\htdocs\Studiotreiax_1\src\lib\pptx\parallel-processor.ts:369:20)
    at ParallelProcessor.getBestWorkerForTask (C:\xampp\htdocs\Studiotreiax_1\src\lib\pptx\parallel-processor.ts:425:25)
    at ParallelProcessor.processTask (C:\xampp\htdocs\Studiotreiax_1\src\lib\pptx\parallel-processor.ts:461:25)
    at C:\xampp\htdocs\Studiotreiax_1\src\lib\pptx\__tests__\parallel-processing.test.ts:205:38
    at file:///C:/xampp/htdocs/Studiotreiax_1/node_modules/@vitest/runner/dist/chunk-hooks.js:155:11
    at file:///C:/xampp/htdocs/Studiotreiax_1/node_modules/@vitest/runner/dist/chunk-hooks.js:752:26
    at file:///C:/xampp/htdocs/Studiotreiax_1/node_modules/@vitest/runner/dist/chunk-hooks.js:1897:20
    at new Promise (<anonymous>)

stderr | src/lib/pptx/__tests__/parallel-processing.test.ts > ParallelProcessor > Tratamento de Erros > deve implementar retry autom├ítico quando habilitado
ÔØî Task flaky-task failed: Error: Worker worker-1758312300867-av374xfoz is not available
    at PPTXWorker.executeTask (C:\xampp\htdocs\Studiotreiax_1\src\lib\pptx\parallel-processor.ts:269:13)
    at ParallelProcessor.processTask (C:\xampp\htdocs\Studiotreiax_1\src\lib\pptx\parallel-processor.ts:482:35)
    at C:\xampp\htdocs\Studiotreiax_1\src\lib\pptx\__tests__\parallel-processing.test.ts:205:38
    at file:///C:/xampp/htdocs/Studiotreiax_1/node_modules/@vitest/runner/dist/chunk-hooks.js:155:11
    at file:///C:/xampp/htdocs/Studiotreiax_1/node_modules/@vitest/runner/dist/chunk-hooks.js:752:26
    at file:///C:/xampp/htdocs/Studiotreiax_1/node_modules/@vitest/runner/dist/chunk-hooks.js:1897:20
    at new Promise (<anonymous>)
    at runWithTimeout (file:///C:/xampp/htdocs/Studiotreiax_1/node_modules/@vitest/runner/dist/chunk-hooks.js:1863:10)
    at runTest (file:///C:/xampp/htdocs/Studiotreiax_1/node_modules/@vitest/runner/dist/chunk-hooks.js:1574:12)
    at runSuite (file:///C:/xampp/htdocs/Studiotreiax_1/node_modules/@vitest/runner/dist/chunk-hooks.js:1729:8)

stderr | src/lib/pptx/__tests__/parallel-processing.test.ts > ParallelProcessor > Tratamento de Erros > deve falhar ap├│s esgotar tentativas de retry
ÔØî Failed to initialize worker worker-1758312300873-9dyjtswou: ReferenceError: Worker is not defined
    at PPTXWorker.initializeWorker (C:\xampp\htdocs\Studiotreiax_1\src\lib\pptx\parallel-processor.ts:201:25)
    at new PPTXWorker (C:\xampp\htdocs\Studiotreiax_1\src\lib\pptx\parallel-processor.ts:79:10)
    at ParallelProcessor.createWorker (C:\xampp\htdocs\Studiotreiax_1\src\lib\pptx\parallel-processor.ts:369:20)
    at ParallelProcessor.getBestWorkerForTask (C:\xampp\htdocs\Studiotreiax_1\src\lib\pptx\parallel-processor.ts:425:25)
    at ParallelProcessor.processTask (C:\xampp\htdocs\Studiotreiax_1\src\lib\pptx\parallel-processor.ts:461:25)
    at C:\xampp\htdocs\Studiotreiax_1\src\lib\pptx\__tests__\parallel-processing.test.ts:230:38
    at file:///C:/xampp/htdocs/Studiotreiax_1/node_modules/@vitest/runner/dist/chunk-hooks.js:155:11
    at file:///C:/xampp/htdocs/Studiotreiax_1/node_modules/@vitest/runner/dist/chunk-hooks.js:752:26
    at file:///C:/xampp/htdocs/Studiotreiax_1/node_modules/@vitest/runner/dist/chunk-hooks.js:1897:20
    at new Promise (<anonymous>)

stderr | src/lib/pptx/__tests__/parallel-processing.test.ts > ParallelProcessor > Tratamento de Erros > deve falhar ap├│s esgotar tentativas de retry
ÔØî Task always-fail failed: Error: Worker worker-1758312300873-9dyjtswou is not available
    at PPTXWorker.executeTask (C:\xampp\htdocs\Studiotreiax_1\src\lib\pptx\parallel-processor.ts:269:13)
    at ParallelProcessor.processTask (C:\xampp\htdocs\Studiotreiax_1\src\lib\pptx\parallel-processor.ts:482:35)
    at C:\xampp\htdocs\Studiotreiax_1\src\lib\pptx\__tests__\parallel-processing.test.ts:230:38
    at file:///C:/xampp/htdocs/Studiotreiax_1/node_modules/@vitest/runner/dist/chunk-hooks.js:155:11
    at file:///C:/xampp/htdocs/Studiotreiax_1/node_modules/@vitest/runner/dist/chunk-hooks.js:752:26
    at file:///C:/xampp/htdocs/Studiotreiax_1/node_modules/@vitest/runner/dist/chunk-hooks.js:1897:20
    at new Promise (<anonymous>)
    at runWithTimeout (file:///C:/xampp/htdocs/Studiotreiax_1/node_modules/@vitest/runner/dist/chunk-hooks.js:1863:10)
    at runTest (file:///C:/xampp/htdocs/Studiotreiax_1/node_modules/@vitest/runner/dist/chunk-hooks.js:1574:12)
    at runSuite (file:///C:/xampp/htdocs/Studiotreiax_1/node_modules/@vitest/runner/dist/chunk-hooks.js:1729:8)

stderr | src/lib/pptx/__tests__/parallel-processing.test.ts > ParallelProcessor > Tratamento de Erros > deve lidar com timeout de tarefas
ÔØî Failed to initialize worker worker-1758312300877-t6cagq5b8: ReferenceError: Worker is not defined
    at PPTXWorker.initializeWorker (C:\xampp\htdocs\Studiotreiax_1\src\lib\pptx\parallel-processor.ts:201:25)
    at new PPTXWorker (C:\xampp\htdocs\Studiotreiax_1\src\lib\pptx\parallel-processor.ts:79:10)
    at ParallelProcessor.createWorker (C:\xampp\htdocs\Studiotreiax_1\src\lib\pptx\parallel-processor.ts:369:20)
    at ParallelProcessor.getBestWorkerForTask (C:\xampp\htdocs\Studiotreiax_1\src\lib\pptx\parallel-processor.ts:425:25)
    at ParallelProcessor.processTask (C:\xampp\htdocs\Studiotreiax_1\src\lib\pptx\parallel-processor.ts:461:25)
    at C:\xampp\htdocs\Studiotreiax_1\src\lib\pptx\__tests__\parallel-processing.test.ts:252:38
    at file:///C:/xampp/htdocs/Studiotreiax_1/node_modules/@vitest/runner/dist/chunk-hooks.js:155:11
    at file:///C:/xampp/htdocs/Studiotreiax_1/node_modules/@vitest/runner/dist/chunk-hooks.js:752:26
    at file:///C:/xampp/htdocs/Studiotreiax_1/node_modules/@vitest/runner/dist/chunk-hooks.js:1897:20
    at new Promise (<anonymous>)

stderr | src/lib/pptx/__tests__/parallel-processing.test.ts > ParallelProcessor > Tratamento de Erros > deve lidar com timeout de tarefas
ÔØî Task slow-task failed: Error: Worker worker-1758312300877-t6cagq5b8 is not available
    at PPTXWorker.executeTask (C:\xampp\htdocs\Studiotreiax_1\src\lib\pptx\parallel-processor.ts:269:13)
    at ParallelProcessor.processTask (C:\xampp\htdocs\Studiotreiax_1\src\lib\pptx\parallel-processor.ts:482:35)
    at C:\xampp\htdocs\Studiotreiax_1\src\lib\pptx\__tests__\parallel-processing.test.ts:252:38
    at file:///C:/xampp/htdocs/Studiotreiax_1/node_modules/@vitest/runner/dist/chunk-hooks.js:155:11
    at file:///C:/xampp/htdocs/Studiotreiax_1/node_modules/@vitest/runner/dist/chunk-hooks.js:752:26
    at file:///C:/xampp/htdocs/Studiotreiax_1/node_modules/@vitest/runner/dist/chunk-hooks.js:1897:20
    at new Promise (<anonymous>)
    at runWithTimeout (file:///C:/xampp/htdocs/Studiotreiax_1/node_modules/@vitest/runner/dist/chunk-hooks.js:1863:10)
    at runTest (file:///C:/xampp/htdocs/Studiotreiax_1/node_modules/@vitest/runner/dist/chunk-hooks.js:1574:12)
    at runSuite (file:///C:/xampp/htdocs/Studiotreiax_1/node_modules/@vitest/runner/dist/chunk-hooks.js:1729:8)

stderr | src/lib/pptx/__tests__/parallel-processing.test.ts > ParallelProcessor > Fun├º├Áes Utilit├írias > processInParallel deve funcionar como fun├º├úo standalone
ÔØî Failed to initialize worker worker-1758312300900-6y6unoj88: ReferenceError: Worker is not defined
    at PPTXWorker.initializeWorker (C:\xampp\htdocs\Studiotreiax_1\src\lib\pptx\parallel-processor.ts:201:25)
    at new PPTXWorker (C:\xampp\htdocs\Studiotreiax_1\src\lib\pptx\parallel-processor.ts:79:10)
    at ParallelProcessor.createWorker (C:\xampp\htdocs\Studiotreiax_1\src\lib\pptx\parallel-processor.ts:369:20)
    at ParallelProcessor.getBestWorkerForTask (C:\xampp\htdocs\Studiotreiax_1\src\lib\pptx\parallel-processor.ts:425:25)
    at ParallelProcessor.processTask (C:\xampp\htdocs\Studiotreiax_1\src\lib\pptx\parallel-processor.ts:461:25)
    at C:\xampp\htdocs\Studiotreiax_1\src\lib\pptx\parallel-processor.ts:540:45
    at Array.map (<anonymous>)
    at ParallelProcessor.processBatch (C:\xampp\htdocs\Studiotreiax_1\src\lib\pptx\parallel-processor.ts:540:28)
    at Module.processInParallel (C:\xampp\htdocs\Studiotreiax_1\src\lib\pptx\parallel-processor.ts:604:20)
    at C:\xampp\htdocs\Studiotreiax_1\src\lib\pptx\__tests__\parallel-processing.test.ts:450:29

stderr | src/lib/pptx/__tests__/parallel-processing.test.ts > ParallelProcessor > Fun├º├Áes Utilit├írias > processInParallel deve funcionar como fun├º├úo standalone
ÔØî Task undefined failed: Error: Worker worker-1758312300900-6y6unoj88 is not available
    at PPTXWorker.executeTask (C:\xampp\htdocs\Studiotreiax_1\src\lib\pptx\parallel-processor.ts:269:13)
    at ParallelProcessor.processTask (C:\xampp\htdocs\Studiotreiax_1\src\lib\pptx\parallel-processor.ts:482:35)
    at C:\xampp\htdocs\Studiotreiax_1\src\lib\pptx\parallel-processor.ts:540:45
    at Array.map (<anonymous>)
    at ParallelProcessor.processBatch (C:\xampp\htdocs\Studiotreiax_1\src\lib\pptx\parallel-processor.ts:540:28)
    at Module.processInParallel (C:\xampp\htdocs\Studiotreiax_1\src\lib\pptx\parallel-processor.ts:604:20)
    at C:\xampp\htdocs\Studiotreiax_1\src\lib\pptx\__tests__\parallel-processing.test.ts:450:29
    at file:///C:/xampp/htdocs/Studiotreiax_1/node_modules/@vitest/runner/dist/chunk-hooks.js:155:11
    at file:///C:/xampp/htdocs/Studiotreiax_1/node_modules/@vitest/runner/dist/chunk-hooks.js:752:26
    at file:///C:/xampp/htdocs/Studiotreiax_1/node_modules/@vitest/runner/dist/chunk-hooks.js:1897:20

 [31m├ù[39m src/lib/pptx/__tests__/parallel-processing.test.ts[2m > [22mParallelProcessor[2m > [22mProcessamento de Tarefas Simples[2m > [22mdeve processar uma ├║nica tarefa[33m 10008[2mms[22m[39m
[31m   ÔåÆ Test timed out in 10000ms.
If this is a long-running test, pass a timeout value as the last argument or configure it globally with "testTimeout".[39m
 [31m├ù[39m src/lib/pptx/__tests__/parallel-processing.test.ts[2m > [22mParallelProcessor[2m > [22mProcessamento de Tarefas Simples[2m > [22mdeve processar m├║ltiplas tarefas em paralelo[32m 3[2mms[22m[39m
[31m   ÔåÆ processor.processTasks is not a function[39m
 [31m├ù[39m src/lib/pptx/__tests__/parallel-processing.test.ts[2m > [22mParallelProcessor[2m > [22mProcessamento de Tarefas Simples[2m > [22mdeve respeitar limite de workers[32m 3[2mms[22m[39m
[31m   ÔåÆ processor.processTasks is not a function[39m
 [31m├ù[39m src/lib/pptx/__tests__/parallel-processing.test.ts[2m > [22mParallelProcessor[2m > [22mTratamento de Erros[2m > [22mdeve lidar com tarefas que falham[32m 2[2mms[22m[39m
[31m   ÔåÆ processor.processTasks is not a function[39m
 [31m├ù[39m src/lib/pptx/__tests__/parallel-processing.test.ts[2m > [22mParallelProcessor[2m > [22mTratamento de Erros[2m > [22mdeve implementar retry autom├ítico quando habilitado[32m 6[2mms[22m[39m
[31m   ÔåÆ Worker worker-1758312300867-av374xfoz is not available[39m
 [31m├ù[39m src/lib/pptx/__tests__/parallel-processing.test.ts[2m > [22mParallelProcessor[2m > [22mTratamento de Erros[2m > [22mdeve falhar ap├│s esgotar tentativas de retry[32m 4[2mms[22m[39m
[31m   ÔåÆ Worker worker-1758312300873-9dyjtswou is not available[39m
 [31m├ù[39m src/lib/pptx/__tests__/parallel-processing.test.ts[2m > [22mParallelProcessor[2m > [22mTratamento de Erros[2m > [22mdeve lidar com timeout de tarefas[32m 4[2mms[22m[39m
[31m   ÔåÆ Worker worker-1758312300877-t6cagq5b8 is not available[39m
 [31m├ù[39m src/lib/pptx/__tests__/parallel-processing.test.ts[2m > [22mParallelProcessor[2m > [22mSistema de Prioridades[2m > [22mdeve processar tarefas de alta prioridade primeiro[32m 2[2mms[22m[39m
[31m   ÔåÆ processor.processTasks is not a function[39m
 [31m├ù[39m src/lib/pptx/__tests__/parallel-processing.test.ts[2m > [22mParallelProcessor[2m > [22mM├®tricas e Monitoramento[2m > [22mdeve coletar m├®tricas de performance[32m 2[2mms[22m[39m
[31m   ÔåÆ processor.processTasks is not a function[39m
 [31m├ù[39m src/lib/pptx/__tests__/parallel-processing.test.ts[2m > [22mParallelProcessor[2m > [22mM├®tricas e Monitoramento[2m > [22mdeve rastrear estat├¡sticas de workers[32m 2[2mms[22m[39m
[31m   ÔåÆ processor.processTasks is not a function[39m
 [31m├ù[39m src/lib/pptx/__tests__/parallel-processing.test.ts[2m > [22mParallelProcessor[2m > [22mM├®tricas e Monitoramento[2m > [22mdeve fornecer estat├¡sticas em tempo real[32m 2[2mms[22m[39m
[31m   ÔåÆ processor.processTasks is not a function[39m
 [31m├ù[39m src/lib/pptx/__tests__/parallel-processing.test.ts[2m > [22mParallelProcessor[2m > [22mGerenciamento de Recursos[2m > [22mdeve ajustar pool de workers dinamicamente[32m 2[2mms[22m[39m
[31m   ÔåÆ processor.processTasks is not a function[39m
 [31m├ù[39m src/lib/pptx/__tests__/parallel-processing.test.ts[2m > [22mParallelProcessor[2m > [22mGerenciamento de Recursos[2m > [22mdeve limpar recursos adequadamente no shutdown[32m 2[2mms[22m[39m
[31m   ÔåÆ processor.processTasks is not a function[39m
 [31m├ù[39m src/lib/pptx/__tests__/parallel-processing.test.ts[2m > [22mParallelProcessor[2m > [22mGerenciamento de Recursos[2m > [22mdeve lidar com sobrecarga de queue[32m 3[2mms[22m[39m
[31m   ÔåÆ processor.processTasks is not a function[39m
 [31m├ù[39m src/lib/pptx/__tests__/parallel-processing.test.ts[2m > [22mParallelProcessor[2m > [22mFun├º├Áes Utilit├írias[2m > [22mcreateParallelProcessor deve funcionar corretamente[32m 2[2mms[22m[39m
[31m   ÔåÆ createParallelProcessor is not a function[39m
 [31m├ù[39m src/__tests__/components/AdvancedUIManager.test.tsx[2m > [22mAdvancedUIManager Component[2m > [22mCria├º├úo de Tours[2m > [22mdeve criar tour com steps[33m 1161[2mms[22m[39m
[31m   ÔåÆ Unable to find an element with the text: Criar Novo Tour. This could be because the text is broken up by multiple elements. In this case, you can provide a function for your text matcher to make your matcher more flexible.

Ignored nodes: comments, script, style
[36m<body>[31m
  [36m<div>[31m
    [36m<div[31m
      [33mclass[31m=[32m"bg-white rounded-lg shadow-lg "[31m
    [36m>[31m
      [36m<div[31m
        [33mclass[31m=[32m"p-6 border-b border-gray-200"[31m
      [36m>[31m
        [36m<div[31m
          [33mclass[31m=[32m"flex items-center justify-between"[31m
        [36m>[31m
          [36m<div[31m
            [33mclass[31m=[32m"flex items-center space-x-3"[31m
          [36m>[31m
            [36m<div[31m
              [33mclass[31m=[32m"p-2 bg-blue-100 rounded-lg"[31m
            [36m>[31m
              [36m<svg[31m
                [33mclass[31m=[32m"lucide lucide-layers h-6 w-6 text-blue-600"[31m
                [33mfill[31m=[32m"none"[31m
                [33mheight[31m=[32m"24"[31m
                [33mstroke[31m=[32m"currentColor"[31m
                [33mstroke-linecap[31m=[32m"round"[31m
                [33mstroke-linejoin[31m=[32m"round"[31m
                [33mstroke-width[31m=[32m"2"[31m
                [33mviewBox[31m=[32m"0 0 24 24"[31m
                [33mwidth[31m=[32m"24"[31m
                [33mxmlns[31m=[32m"http://www.w3.org/2000/svg"[31m
              [36m>[31m
                [36m<path[31m
                  [33md[31m=[32m"m12.83 2.18a2 2 0 0 0-1.66 0L2.6 6.08a1 1 0 0 0 0 1.83l8.58 3.91a2 2 0 0 0 1.66 0l8.58-3.9a1 1 0 0 0 0-1.83Z"[31m
                [36m/>[31m
                [36m<path[31m
                  [33md[31m=[32m"m22 17.65-9.17 4.16a2 2 0 0 1-1.66 0L2 17.65"[31m
                [36m/>[31m
                [36m<path[31m
                  [33md[31m=[32m"m22 12.65-9.17 4.16a2 2 0 0 1-1.66 0L2 12.65"[31m
                [36m/>[31m
              [36m</svg>[31m
            [36m</div>[31m
            [36m<div>[31m
              [36m<h2[31m
                [33mclass[31m=[32m"text-xl font-semibold text-gray-900"[31m
              [36m>[31m
                [0mAdvanced UI Manager[0m
              [36m</h2>[31m
              [36m<p[31m
                [33mclass[31m=[32m"text-sm text-gray-600"[31m
              [36m>[31m
                [0mGerencie componentes, tours e temas da interface[0m
              [36m</p>[31m
            [36m</div>[31m
          [36m</div>[31m
          [36m<div[31m
            [33mclass[31m=[32m"flex items-center space-x-2"[31m
          [36m>[31m
            [36m<div[31m
              [33mclass[31m=[32m"flex items-center space-x-1 px-2 py-1 rounded-full text-xs bg-green-100 text-green-800"[31m
            [36m>[31m
              [36m<svg[31m
                [33mclass[31m=[32m"lucide lucide-check-circle h-3 w-3"[31m
                [33mfill[31m=[32m"none"[31m
                [33mheight[31m=[32m"24"[31m
                [33mstroke[31m=[32m"currentColor"[31m
                [33mstroke-linecap[31m=[32m"round"[31m
                [33mstroke-linejoin[31m=[32m"round"[31m
                [33mstroke-width[31m=[32m"2"[31m
                [33mviewBox[31m=[32m"0 0 24 24"[31m
                [33mwidth[31m=[32m"24"[31m
                [33mxmlns[31m=[32m"http://www.w3.org/2000/svg"[31m
              [36m>[31m
                [36m<path[31m
                  [33md[31m=[32m"M22 11.08V12a10 10 0 1 1-5.93-9.14"[31m
                [36m/>[31m
                [36m<path[31m
                  [33md[31m=[32m"m9 11 3 3L22 4"[31m
                [36m/>[31m
              [36m</svg>[31m
              [36m<span>[31m
                [0mSaud├ível[0m
              [36m</span>[31m
            [36m</div>[31m
            [36m<button[31m
              [33mclass[31m=[32m"p-2 text-gray-400 hover:text-gray-600"[31m
            [36m>[31m
              [36m<svg[31m
                [33mclass[31m=[32m"lucide lucide-maximize2 h-4 w-4"[31m
                [33mfill[31m=[32m"none"[31m
                [33mheight[31m=[32m"24"[31m
                [33mstroke[31m=[32m"currentColor"[31m
                [33mstroke-linecap[31m=[32m"round"[31m
                [33mstroke-linejoin[31m=[32m"round"[31m
                [33mstroke-width[31m=[32m"2"[31m
                [33mviewBox[31m=[32m"0 0 24 24"[31m
                [33mwidth[31m=[32m"24"[31m
                [33mxmlns[31m=[32m"http://www.w3.org/2000/svg"[31m
              [36m>[31m
                [36m<polyline[31m
                  [33mpoints[31m=[32m"15 3 21 3 21 9"[31m
                [36m/>[31m
                [36m<polyline[31m
                  [33mpoints[31m=[32m"9 21 3 21 3 15"[31m
                [36m/>[31m
                [36m<line[31m
                  [33mx1[31m=[32m"21"[31m
                  [33mx2[31m=[32m"14"[31m
                  [33my1[31m=[32m"3"[31m
                  [33my2[31m=[32m"10"[31m
                [36m/>[31m
                [36m<line[31m
                  [33mx1[31m=[32m"3"[31m
                  [33mx2[31m=[32m"10"[31m
                  [33my1[31m=[32m"21"[31m
                  [33my2[31m=[32m"14"[31m
                [36m/>[31m
              [36m</svg>[31m
            [36m</button>[31m
          [36m</div>[31m
        [36m</div>[31m
      [36m</div>[31m
      [36m<div[31m
        [33mclass[31m=[32m"p-6"[31m
      [36m>[31m
        [36m<div[31m
          [33mclass[31m=[32m"grid grid-cols-1 md:grid-cols-2 lg:grid-cols-4 gap-4"[31m
        [36m>[31m
          [36m<div[31m
            [33mclass[31m=[32m"bg-white border border-gray-200 rounded-lg p-4 hover:shadow-md transition-shadow cursor-pointer"[31m
          [36m>[31m
            [36m<div[31m
              [33mclass[31m=[32m"flex items-center justify-between"[31m
            [36m>[31m
              [36m<div[31m
                [33mclass[31m=[32m"p-2 bg-blue-50 rounded-lg"[31m
              [36m>[31m
                [36m<svg[31m
                  [33mclass[31m=[32m"lucide lucide-layers h-5 w-5 text-blue-600"[31m
                  [33mfill[31m=[32m"none"[31m
                  [33mheight[31m=[32m"24"[31m
                  [33mstroke[31m=[32m"currentColor"[31m
                  [33mstroke-linecap[31m=[32m"round"[31m
                  [33mstroke-linejoin[31m=[32m"round"[31m
                  [33mstroke-width[31m=[32m"2"[31m
                  [33mviewBox[31m=[32m"0 0 24 24"[31m
                  [33mwidth[31m=[32m"24"[31m
                  [33mxmlns[31m=[32m"http://www.w3.org/2000/svg"[31m
                [36m>[31m
                  [36m<path[31m
                    [33md[31m=[32m"m12.83 2.18a2 2 0 0 0-1.66 0L2.6 6.08a1 1 0 0 0 0 1.83l8.58 3.91a2 2 0 0 0 1.66 0l8.58-3.9a1 1 0 0 0 0-1.83Z"[31m
                  [36m/>[31m
                  [36m<path[31m
                    [33md[31m=[32m"m22 17.65-9.17 4.16a2 2 0 0 1-1.66 0L2 17.65"[31m
                  [36m/>[31m
                ...

Ignored nodes: comments, script, style
[36m<html>[31m
  [36m<head />[31m
  [36m<body>[31m
    [36m<div>[31m
      [36m<div[31m
        [33mclass[31m=[32m"bg-white rounded-lg shadow-lg "[31m
      [36m>[31m
        [36m<div[31m
          [33mclass[31m=[32m"p-6 border-b border-gray-200"[31m
        [36m>[31m
          [36m<div[31m
            [33mclass[31m=[32m"flex items-center justify-between"[31m
          [36m>[31m
            [36m<div[31m
              [33mclass[31m=[32m"flex items-center space-x-3"[31m
            [36m>[31m
              [36m<div[31m
                [33mclass[31m=[32m"p-2 bg-blue-100 rounded-lg"[31m
              [36m>[31m
                [36m<svg[31m
                  [33mclass[31m=[32m"lucide lucide-layers h-6 w-6 text-blue-600"[31m
                  [33mfill[31m=[32m"none"[31m
                  [33mheight[31m=[32m"24"[31m
                  [33mstroke[31m=[32m"currentColor"[31m
                  [33mstroke-linecap[31m=[32m"round"[31m
                  [33mstroke-linejoin[31m=[32m"round"[31m
                  [33mstroke-width[31m=[32m"2"[31m
                  [33mviewBox[31m=[32m"0 0 24 24"[31m
                  [33mwidth[31m=[32m"24"[31m
                  [33mxmlns[31m=[32m"http://www.w3.org/2000/svg"[31m
                [36m>[31m
                  [36m<path[31m
                    [33md[31m=[32m"m12.83 2.18a2 2 0 0 0-1.66 0L2.6 6.08a1 1 0 0 0 0 1.83l8.58 3.91a2 2 0 0 0 1.66 0l8.58-3.9a1 1 0 0 0 0-1.83Z"[31m
                  [36m/>[31m
                  [36m<path[31m
                    [33md[31m=[32m"m22 17.65-9.17 4.16a2 2 0 0 1-1.66 0L2 17.65"[31m
                  [36m/>[31m
                  [36m<path[31m
                    [33md[31m=[32m"m22 12.65-9.17 4.16a2 2 0 0 1-1.66 0L2 12.65"[31m
                  [36m/>[31m
                [36m</svg>[31m
              [36m</div>[31m
              [36m<div>[31m
                [36m<h2[31m
                  [33mclass[31m=[32m"text-xl font-semibold text-gray-900"[31m
                [36m>[31m
                  [0mAdvanced UI Manager[0m
                [36m</h2>[31m
                [36m<p[31m
                  [33mclass[31m=[32m"text-sm text-gray-600"[31m
                [36m>[31m
                  [0mGerencie componentes, tours e temas da interface[0m
                [36m</p>[31m
              [36m</div>[31m
            [36m</div>[31m
            [36m<div[31m
              [33mclass[31m=[32m"flex items-center space-x-2"[31m
            [36m>[31m
              [36m<div[31m
                [33mclass[31m=[32m"flex items-center space-x-1 px-2 py-1 rounded-full text-xs bg-green-100 text-green-800"[31m
              [36m>[31m
                [36m<svg[31m
                  [33mclass[31m=[32m"lucide lucide-check-circle h-3 w-3"[31m
                  [33mfill[31m=[32m"none"[31m
                  [33mheight[31m=[32m"24"[31m
                  [33mstroke[31m=[32m"currentColor"[31m
                  [33mstroke-linecap[31m=[32m"round"[31m
                  [33mstroke-linejoin[31m=[32m"round"[31m
                  [33mstroke-width[31m=[32m"2"[31m
                  [33mviewBox[31m=[32m"0 0 24 24"[31m
                  [33mwidth[31m=[32m"24"[31m
                  [33mxmlns[31m=[32m"http://www.w3.org/2000/svg"[31m
                [36m>[31m
                  [36m<path[31m
                    [33md[31m=[32m"M22 11.08V12a10 10 0 1 1-5.93-9.14"[31m
                  [36m/>[31m
                  [36m<path[31m
                    [33md[31m=[32m"m9 11 3 3L22 4"[31m
                  [36m/>[31m
                [36m</svg>[31m
                [36m<span>[31m
                  [0mSaud├ível[0m
                [36m</span>[31m
              [36m</div>[31m
              [36m<button[31m
                [33mclass[31m=[32m"p-2 text-gray-400 hover:text-gray-600"[31m
              [36m>[31m
                [36m<svg[31m
                  [33mclass[31m=[32m"lucide lucide-maximize2 h-4 w-4"[31m
                  [33mfill[31m=[32m"none"[31m
                  [33mheight[31m=[32m"24"[31m
                  [33mstroke[31m=[32m"currentColor"[31m
                  [33mstroke-linecap[31m=[32m"round"[31m
                  [33mstroke-linejoin[31m=[32m"round"[31m
                  [33mstroke-width[31m=[32m"2"[31m
                  [33mviewBox[31m=[32m"0 0 24 24"[31m
                  [33mwidth[31m=[32m"24"[31m
                  [33mxmlns[31m=[32m"http://www.w3.org/2000/svg"[31m
                [36m>[31m
                  [36m<polyline[31m
                    [33mpoints[31m=[32m"15 3 21 3 21 9"[31m
                  [36m/>[31m
                  [36m<polyline[31m
                    [33mpoints[31m=[32m"9 21 3 21 3 15"[31m
                  [36m/>[31m
                  [36m<line[31m
                    [33mx1[31m=[32m"21"[31m
                    [33mx2[31m=[32m"14"[31m
                    [33my1[31m=[32m"3"[31m
                    [33my2[31m=[32m"10"[31m
                  [36m/>[31m
                  [36m<line[31m
                    [33mx1[31m=[32m"3"[31m
                    [33mx2[31m=[32m"10"[31m
                    [33my1[31m=[32m"21"[31m
                    [33my2[31m=[32m"14"[31m
                  [36m/>[31m
                [36m</svg>[31m
              [36m</button>[31m
            [36m</div>[31m
          [36m</div>[31m
        [36m</div>[31m
        [36m<div[31m
          [33mclass[31m=[32m"p-6"[31m
        [36m>[31m
          [36m<div[31m
            [33mclass[31m=[32m"grid grid-cols-1 md:grid-cols-2 lg:grid-cols-4 gap-4"[31m
          [36m>[31m
            [36m<div[31m
              [33mclass[31m=[32m"bg-white border border-gray-200 rounded-lg p-4 hover:shadow-md transition-shadow cursor-pointer"[31m
            [36m>[31m
              [36m<div[31m
                [33mclass[31m=[32m"flex items-center justify-between"[31m
              [36m>[31m
                [36m<div[31m
                  [33mclass[31m=[32m"p-2 bg-blue-50 rounded-lg"[31m
                [36m>[31m
                  [36m<svg[31m
                    [33mclass[31m=[32m"lucide lucide-layers h-5 w-5 text-blue-600"[31m
                    [33mfill[31m=[32m"none"[31m
                    [33mheight[31m=[32m"24"[31m
                    [33mstroke[31m=[32m"currentColor"[31m
                    [33mstroke-linecap[31m=[32m"round"[31m
                    [33mstroke-linejoin[31m=[32m"round"[31m
                    [33mstroke-width[31m=[32m"2"[31m
                    [33mviewBox[31m=[32m"0 0 24 24"[31m
                    [33mwidth[31m=[32m"24"[31m
                    [33mxmlns[31m=[32m"http://www.w3.org/2000/svg"[31m
                  [36m>[31m
                    [36m<path[31m
                    ...[39m
stderr | src/lib/pptx/__tests__/parallel-processing.test.ts > ParallelProcessor > Casos Extremos > deve lidar com fun├º├úo de processamento inv├ílida
ÔØî Failed to initialize worker worker-1758312301324-gyyjra0m3: ReferenceError: Worker is not defined
    at PPTXWorker.initializeWorker (C:\xampp\htdocs\Studiotreiax_1\src\lib\pptx\parallel-processor.ts:201:25)
    at new PPTXWorker (C:\xampp\htdocs\Studiotreiax_1\src\lib\pptx\parallel-processor.ts:79:10)
    at ParallelProcessor.createWorker (C:\xampp\htdocs\Studiotreiax_1\src\lib\pptx\parallel-processor.ts:369:20)
    at ParallelProcessor.getBestWorkerForTask (C:\xampp\htdocs\Studiotreiax_1\src\lib\pptx\parallel-processor.ts:425:25)
    at ParallelProcessor.processTask (C:\xampp\htdocs\Studiotreiax_1\src\lib\pptx\parallel-processor.ts:461:25)
    at C:\xampp\htdocs\Studiotreiax_1\src\lib\pptx\__tests__\parallel-processing.test.ts:492:38
    at file:///C:/xampp/htdocs/Studiotreiax_1/node_modules/@vitest/runner/dist/chunk-hooks.js:155:11
    at file:///C:/xampp/htdocs/Studiotreiax_1/node_modules/@vitest/runner/dist/chunk-hooks.js:752:26
    at file:///C:/xampp/htdocs/Studiotreiax_1/node_modules/@vitest/runner/dist/chunk-hooks.js:1897:20
    at new Promise (<anonymous>)

stderr | src/lib/pptx/__tests__/parallel-processing.test.ts > ParallelProcessor > Casos Extremos > deve lidar com fun├º├úo de processamento inv├ílida
ÔØî Task test-task failed: Error: Worker worker-1758312301324-gyyjra0m3 is not available
    at PPTXWorker.executeTask (C:\xampp\htdocs\Studiotreiax_1\src\lib\pptx\parallel-processor.ts:269:13)
    at ParallelProcessor.processTask (C:\xampp\htdocs\Studiotreiax_1\src\lib\pptx\parallel-processor.ts:482:35)
    at C:\xampp\htdocs\Studiotreiax_1\src\lib\pptx\__tests__\parallel-processing.test.ts:492:38
    at file:///C:/xampp/htdocs/Studiotreiax_1/node_modules/@vitest/runner/dist/chunk-hooks.js:155:11
    at file:///C:/xampp/htdocs/Studiotreiax_1/node_modules/@vitest/runner/dist/chunk-hooks.js:752:26
    at file:///C:/xampp/htdocs/Studiotreiax_1/node_modules/@vitest/runner/dist/chunk-hooks.js:1897:20
    at new Promise (<anonymous>)
    at runWithTimeout (file:///C:/xampp/htdocs/Studiotreiax_1/node_modules/@vitest/runner/dist/chunk-hooks.js:1863:10)
    at runTest (file:///C:/xampp/htdocs/Studiotreiax_1/node_modules/@vitest/runner/dist/chunk-hooks.js:1574:12)
    at runSuite (file:///C:/xampp/htdocs/Studiotreiax_1/node_modules/@vitest/runner/dist/chunk-hooks.js:1729:8)

 [31m├ù[39m src/lib/pptx/__tests__/parallel-processing.test.ts[2m > [22mParallelProcessor[2m > [22mFun├º├Áes Utilit├írias[2m > [22mprocessInParallel deve funcionar como fun├º├úo standalone[33m 422[2mms[22m[39m
[31m   ÔåÆ expected undefined to be 'ITEM 1' // Object.is equality[39m
 [31m├ù[39m src/lib/pptx/__tests__/parallel-processing.test.ts[2m > [22mParallelProcessor[2m > [22mCasos Extremos[2m > [22mdeve lidar com array vazio de tarefas[32m 1[2mms[22m[39m
[31m   ÔåÆ processor.processTasks is not a function[39m
 [31m├ù[39m src/lib/pptx/__tests__/parallel-processing.test.ts[2m > [22mParallelProcessor[2m > [22mCasos Extremos[2m > [22mdeve lidar com tarefas malformadas[32m 1[2mms[22m[39m
[31m   ÔåÆ processor.processTasks is not a function[39m
 [31m├ù[39m src/lib/pptx/__tests__/parallel-processing.test.ts[2m > [22mParallelProcessor[2m > [22mCasos Extremos[2m > [22mdeve lidar com fun├º├úo de processamento inv├ílida[32m 4[2mms[22m[39m
[31m   ÔåÆ Worker worker-1758312301324-gyyjra0m3 is not available[39m
 [31m├ù[39m src/lib/pptx/__tests__/parallel-processing.test.ts[2m > [22mParallelProcessor[2m > [22mPerformance[2m > [22mdeve processar muitas tarefas eficientemente[32m 2[2mms[22m[39m
[31m   ÔåÆ processor.processTasks is not a function[39m
 [31m├ù[39m src/lib/pptx/__tests__/parallel-processing.test.ts[2m > [22mParallelProcessor[2m > [22mPerformance[2m > [22mdeve manter performance com tarefas pesadas[32m 1[2mms[22m[39m
[31m   ÔåÆ processor.processTasks is not a function[39m
 [31m├ù[39m src/__tests__/components/AdvancedUIManager.test.tsx[2m > [22mAdvancedUIManager Component[2m > [22mCria├º├úo de Temas[2m > [22mdeve abrir dialog de cria├º├úo de tema[32m 135[2mms[22m[39m
[31m   ÔåÆ Unable to find an element with the text: Criar Tema. This could be because the text is broken up by multiple elements. In this case, you can provide a function for your text matcher to make your matcher more flexible.

Ignored nodes: comments, script, style
[36m<body>[31m
  [36m<div>[31m
    [36m<div[31m
      [33mclass[31m=[32m"bg-white rounded-lg shadow-lg "[31m
    [36m>[31m
      [36m<div[31m
        [33mclass[31m=[32m"p-6 border-b border-gray-200"[31m
      [36m>[31m
        [36m<div[31m
          [33mclass[31m=[32m"flex items-center justify-between"[31m
        [36m>[31m
          [36m<div[31m
            [33mclass[31m=[32m"flex items-center space-x-3"[31m
          [36m>[31m
            [36m<div[31m
              [33mclass[31m=[32m"p-2 bg-blue-100 rounded-lg"[31m
            [36m>[31m
              [36m<svg[31m
                [33mclass[31m=[32m"lucide lucide-layers h-6 w-6 text-blue-600"[31m
                [33mfill[31m=[32m"none"[31m
                [33mheight[31m=[32m"24"[31m
                [33mstroke[31m=[32m"currentColor"[31m
                [33mstroke-linecap[31m=[32m"round"[31m
                [33mstroke-linejoin[31m=[32m"round"[31m
                [33mstroke-width[31m=[32m"2"[31m
                [33mviewBox[31m=[32m"0 0 24 24"[31m
                [33mwidth[31m=[32m"24"[31m
                [33mxmlns[31m=[32m"http://www.w3.org/2000/svg"[31m
              [36m>[31m
                [36m<path[31m
                  [33md[31m=[32m"m12.83 2.18a2 2 0 0 0-1.66 0L2.6 6.08a1 1 0 0 0 0 1.83l8.58 3.91a2 2 0 0 0 1.66 0l8.58-3.9a1 1 0 0 0 0-1.83Z"[31m
                [36m/>[31m
                [36m<path[31m
                  [33md[31m=[32m"m22 17.65-9.17 4.16a2 2 0 0 1-1.66 0L2 17.65"[31m
                [36m/>[31m
                [36m<path[31m
                  [33md[31m=[32m"m22 12.65-9.17 4.16a2 2 0 0 1-1.66 0L2 12.65"[31m
                [36m/>[31m
              [36m</svg>[31m
            [36m</div>[31m
            [36m<div>[31m
              [36m<h2[31m
                [33mclass[31m=[32m"text-xl font-semibold text-gray-900"[31m
              [36m>[31m
                [0mAdvanced UI Manager[0m
              [36m</h2>[31m
              [36m<p[31m
                [33mclass[31m=[32m"text-sm text-gray-600"[31m
              [36m>[31m
                [0mGerencie componentes, tours e temas da interface[0m
              [36m</p>[31m
            [36m</div>[31m
          [36m</div>[31m
          [36m<div[31m
            [33mclass[31m=[32m"flex items-center space-x-2"[31m
          [36m>[31m
            [36m<div[31m
              [33mclass[31m=[32m"flex items-center space-x-1 px-2 py-1 rounded-full text-xs bg-green-100 text-green-800"[31m
            [36m>[31m
              [36m<svg[31m
                [33mclass[31m=[32m"lucide lucide-check-circle h-3 w-3"[31m
                [33mfill[31m=[32m"none"[31m
                [33mheight[31m=[32m"24"[31m
                [33mstroke[31m=[32m"currentColor"[31m
                [33mstroke-linecap[31m=[32m"round"[31m
                [33mstroke-linejoin[31m=[32m"round"[31m
                [33mstroke-width[31m=[32m"2"[31m
                [33mviewBox[31m=[32m"0 0 24 24"[31m
                [33mwidth[31m=[32m"24"[31m
                [33mxmlns[31m=[32m"http://www.w3.org/2000/svg"[31m
              [36m>[31m
                [36m<path[31m
                  [33md[31m=[32m"M22 11.08V12a10 10 0 1 1-5.93-9.14"[31m
                [36m/>[31m
                [36m<path[31m
                  [33md[31m=[32m"m9 11 3 3L22 4"[31m
                [36m/>[31m
              [36m</svg>[31m
              [36m<span>[31m
                [0mSaud├ível[0m
              [36m</span>[31m
            [36m</div>[31m
            [36m<button[31m
              [33mclass[31m=[32m"p-2 text-gray-400 hover:text-gray-600"[31m
            [36m>[31m
              [36m<svg[31m
                [33mclass[31m=[32m"lucide lucide-maximize2 h-4 w-4"[31m
                [33mfill[31m=[32m"none"[31m
                [33mheight[31m=[32m"24"[31m
                [33mstroke[31m=[32m"currentColor"[31m
                [33mstroke-linecap[31m=[32m"round"[31m
                [33mstroke-linejoin[31m=[32m"round"[31m
                [33mstroke-width[31m=[32m"2"[31m
                [33mviewBox[31m=[32m"0 0 24 24"[31m
                [33mwidth[31m=[32m"24"[31m
                [33mxmlns[31m=[32m"http://www.w3.org/2000/svg"[31m
              [36m>[31m
                [36m<polyline[31m
                  [33mpoints[31m=[32m"15 3 21 3 21 9"[31m
                [36m/>[31m
                [36m<polyline[31m
                  [33mpoints[31m=[32m"9 21 3 21 3 15"[31m
                [36m/>[31m
                [36m<line[31m
                  [33mx1[31m=[32m"21"[31m
                  [33mx2[31m=[32m"14"[31m
                  [33my1[31m=[32m"3"[31m
                  [33my2[31m=[32m"10"[31m
                [36m/>[31m
                [36m<line[31m
                  [33mx1[31m=[32m"3"[31m
                  [33mx2[31m=[32m"10"[31m
                  [33my1[31m=[32m"21"[31m
                  [33my2[31m=[32m"14"[31m
                [36m/>[31m
              [36m</svg>[31m
            [36m</button>[31m
          [36m</div>[31m
        [36m</div>[31m
      [36m</div>[31m
      [36m<div[31m
        [33mclass[31m=[32m"p-6"[31m
      [36m>[31m
        [36m<div[31m
          [33mclass[31m=[32m"grid grid-cols-1 md:grid-cols-2 lg:grid-cols-4 gap-4"[31m
        [36m>[31m
          [36m<div[31m
            [33mclass[31m=[32m"bg-white border border-gray-200 rounded-lg p-4 hover:shadow-md transition-shadow cursor-pointer"[31m
          [36m>[31m
            [36m<div[31m
              [33mclass[31m=[32m"flex items-center justify-between"[31m
            [36m>[31m
              [36m<div[31m
                [33mclass[31m=[32m"p-2 bg-blue-50 rounded-lg"[31m
              [36m>[31m
                [36m<svg[31m
                  [33mclass[31m=[32m"lucide lucide-layers h-5 w-5 text-blue-600"[31m
                  [33mfill[31m=[32m"none"[31m
                  [33mheight[31m=[32m"24"[31m
                  [33mstroke[31m=[32m"currentColor"[31m
                  [33mstroke-linecap[31m=[32m"round"[31m
                  [33mstroke-linejoin[31m=[32m"round"[31m
                  [33mstroke-width[31m=[32m"2"[31m
                  [33mviewBox[31m=[32m"0 0 24 24"[31m
                  [33mwidth[31m=[32m"24"[31m
                  [33mxmlns[31m=[32m"http://www.w3.org/2000/svg"[31m
                [36m>[31m
                  [36m<path[31m
                    [33md[31m=[32m"m12.83 2.18a2 2 0 0 0-1.66 0L2.6 6.08a1 1 0 0 0 0 1.83l8.58 3.91a2 2 0 0 0 1.66 0l8.58-3.9a1 1 0 0 0 0-1.83Z"[31m
                  [36m/>[31m
                  [36m<path[31m
                    [33md[31m=[32m"m22 17.65-9.17 4.16a2 2 0 0 1-1.66 0L2 17.65"[31m
                  [36m/>[31m
                ...[39m
stderr | src/__tests__/components/AdvancedUIManager.test.tsx > AdvancedUIManager Component > Configura├º├Áes > deve renderizar configura├º├Áes na aba correspondente
Error: Uncaught [TypeError: Cannot read properties of undefined (reading 'highContrast')]
    at reportException (C:\xampp\htdocs\Studiotreiax_1\node_modules\jsdom\lib\jsdom\living\helpers\runtime-script-errors.js:66:24)
    at innerInvokeEventListeners (C:\xampp\htdocs\Studiotreiax_1\node_modules\jsdom\lib\jsdom\living\events\EventTarget-impl.js:353:9)
    at invokeEventListeners (C:\xampp\htdocs\Studiotreiax_1\node_modules\jsdom\lib\jsdom\living\events\EventTarget-impl.js:286:3)
    at HTMLUnknownElementImpl._dispatch (C:\xampp\htdocs\Studiotreiax_1\node_modules\jsdom\lib\jsdom\living\events\EventTarget-impl.js:233:9)
    at HTMLUnknownElementImpl.dispatchEvent (C:\xampp\htdocs\Studiotreiax_1\node_modules\jsdom\lib\jsdom\living\events\EventTarget-impl.js:104:17)
    at HTMLUnknownElement.dispatchEvent (C:\xampp\htdocs\Studiotreiax_1\node_modules\jsdom\lib\jsdom\living\generated\EventTarget.js:241:34)
    at Object.invokeGuardedCallbackDev (C:\xampp\htdocs\Studiotreiax_1\node_modules\react-dom\cjs\react-dom.development.js:4213:16)
    at invokeGuardedCallback (C:\xampp\htdocs\Studiotreiax_1\node_modules\react-dom\cjs\react-dom.development.js:4277:31)
    at beginWork$1 (C:\xampp\htdocs\Studiotreiax_1\node_modules\react-dom\cjs\react-dom.development.js:27451:7)
    at performUnitOfWork (C:\xampp\htdocs\Studiotreiax_1\node_modules\react-dom\cjs\react-dom.development.js:26560:12) TypeError: Cannot read properties of undefined (reading 'highContrast')
    at AdvancedUIManager (C:\xampp\htdocs\Studiotreiax_1\src\components\ui\AdvancedUIManager.tsx:1091:55)
    at renderWithHooks (C:\xampp\htdocs\Studiotreiax_1\node_modules\react-dom\cjs\react-dom.development.js:16305:18)
    at updateFunctionComponent (C:\xampp\htdocs\Studiotreiax_1\node_modules\react-dom\cjs\react-dom.development.js:19588:20)
    at beginWork (C:\xampp\htdocs\Studiotreiax_1\node_modules\react-dom\cjs\react-dom.development.js:21601:16)
    at HTMLUnknownElement.callCallback (C:\xampp\htdocs\Studiotreiax_1\node_modules\react-dom\cjs\react-dom.development.js:4164:14)
    at HTMLUnknownElement.callTheUserObjectsOperation (C:\xampp\htdocs\Studiotreiax_1\node_modules\jsdom\lib\jsdom\living\generated\EventListener.js:26:30)
    at innerInvokeEventListeners (C:\xampp\htdocs\Studiotreiax_1\node_modules\jsdom\lib\jsdom\living\events\EventTarget-impl.js:350:25)
    at invokeEventListeners (C:\xampp\htdocs\Studiotreiax_1\node_modules\jsdom\lib\jsdom\living\events\EventTarget-impl.js:286:3)
    at HTMLUnknownElementImpl._dispatch (C:\xampp\htdocs\Studiotreiax_1\node_modules\jsdom\lib\jsdom\living\events\EventTarget-impl.js:233:9)
    at HTMLUnknownElementImpl.dispatchEvent (C:\xampp\htdocs\Studiotreiax_1\node_modules\jsdom\lib\jsdom\living\events\EventTarget-impl.js:104:17)
Error: Uncaught [TypeError: Cannot read properties of undefined (reading 'highContrast')]
    at reportException (C:\xampp\htdocs\Studiotreiax_1\node_modules\jsdom\lib\jsdom\living\helpers\runtime-script-errors.js:66:24)
    at innerInvokeEventListeners (C:\xampp\htdocs\Studiotreiax_1\node_modules\jsdom\lib\jsdom\living\events\EventTarget-impl.js:353:9)
    at invokeEventListeners (C:\xampp\htdocs\Studiotreiax_1\node_modules\jsdom\lib\jsdom\living\events\EventTarget-impl.js:286:3)
    at HTMLUnknownElementImpl._dispatch (C:\xampp\htdocs\Studiotreiax_1\node_modules\jsdom\lib\jsdom\living\events\EventTarget-impl.js:233:9)
    at HTMLUnknownElementImpl.dispatchEvent (C:\xampp\htdocs\Studiotreiax_1\node_modules\jsdom\lib\jsdom\living\events\EventTarget-impl.js:104:17)
    at HTMLUnknownElement.dispatchEvent (C:\xampp\htdocs\Studiotreiax_1\node_modules\jsdom\lib\jsdom\living\generated\EventTarget.js:241:34)
    at Object.invokeGuardedCallbackDev (C:\xampp\htdocs\Studiotreiax_1\node_modules\react-dom\cjs\react-dom.development.js:4213:16)
    at invokeGuardedCallback (C:\xampp\htdocs\Studiotreiax_1\node_modules\react-dom\cjs\react-dom.development.js:4277:31)
    at beginWork$1 (C:\xampp\htdocs\Studiotreiax_1\node_modules\react-dom\cjs\react-dom.development.js:27451:7)
    at performUnitOfWork (C:\xampp\htdocs\Studiotreiax_1\node_modules\react-dom\cjs\react-dom.development.js:26560:12) TypeError: Cannot read properties of undefined (reading 'highContrast')
    at AdvancedUIManager (C:\xampp\htdocs\Studiotreiax_1\src\components\ui\AdvancedUIManager.tsx:1091:55)
    at renderWithHooks (C:\xampp\htdocs\Studiotreiax_1\node_modules\react-dom\cjs\react-dom.development.js:16305:18)
    at updateFunctionComponent (C:\xampp\htdocs\Studiotreiax_1\node_modules\react-dom\cjs\react-dom.development.js:19588:20)
    at beginWork (C:\xampp\htdocs\Studiotreiax_1\node_modules\react-dom\cjs\react-dom.development.js:21601:16)
    at HTMLUnknownElement.callCallback (C:\xampp\htdocs\Studiotreiax_1\node_modules\react-dom\cjs\react-dom.development.js:4164:14)
    at HTMLUnknownElement.callTheUserObjectsOperation (C:\xampp\htdocs\Studiotreiax_1\node_modules\jsdom\lib\jsdom\living\generated\EventListener.js:26:30)
    at innerInvokeEventListeners (C:\xampp\htdocs\Studiotreiax_1\node_modules\jsdom\lib\jsdom\living\events\EventTarget-impl.js:350:25)
    at invokeEventListeners (C:\xampp\htdocs\Studiotreiax_1\node_modules\jsdom\lib\jsdom\living\events\EventTarget-impl.js:286:3)
    at HTMLUnknownElementImpl._dispatch (C:\xampp\htdocs\Studiotreiax_1\node_modules\jsdom\lib\jsdom\living\events\EventTarget-impl.js:233:9)
    at HTMLUnknownElementImpl.dispatchEvent (C:\xampp\htdocs\Studiotreiax_1\node_modules\jsdom\lib\jsdom\living\events\EventTarget-impl.js:104:17)
The above error occurred in the <AdvancedUIManager> component:

    at AdvancedUIManager (C:\xampp\htdocs\Studiotreiax_1\src\components\ui\AdvancedUIManager.tsx:10:3)

Consider adding an error boundary to your tree to customize error handling behavior.
Visit https://reactjs.org/link/error-boundaries to learn more about error boundaries.

 [31m├ù[39m src/__tests__/components/AdvancedUIManager.test.tsx[2m > [22mAdvancedUIManager Component[2m > [22mCria├º├úo de Temas[2m > [22mdeve criar tema com cores personalizadas[32m 144[2mms[22m[39m
[31m   ÔåÆ Unable to find an element with the text: Criar Tema. This could be because the text is broken up by multiple elements. In this case, you can provide a function for your text matcher to make your matcher more flexible.

Ignored nodes: comments, script, style
[36m<body>[31m
  [36m<div>[31m
    [36m<div[31m
      [33mclass[31m=[32m"bg-white rounded-lg shadow-lg "[31m
    [36m>[31m
      [36m<div[31m
        [33mclass[31m=[32m"p-6 border-b border-gray-200"[31m
      [36m>[31m
        [36m<div[31m
          [33mclass[31m=[32m"flex items-center justify-between"[31m
        [36m>[31m
          [36m<div[31m
            [33mclass[31m=[32m"flex items-center space-x-3"[31m
          [36m>[31m
            [36m<div[31m
              [33mclass[31m=[32m"p-2 bg-blue-100 rounded-lg"[31m
            [36m>[31m
              [36m<svg[31m
                [33mclass[31m=[32m"lucide lucide-layers h-6 w-6 text-blue-600"[31m
                [33mfill[31m=[32m"none"[31m
                [33mheight[31m=[32m"24"[31m
                [33mstroke[31m=[32m"currentColor"[31m
                [33mstroke-linecap[31m=[32m"round"[31m
                [33mstroke-linejoin[31m=[32m"round"[31m
                [33mstroke-width[31m=[32m"2"[31m
                [33mviewBox[31m=[32m"0 0 24 24"[31m
                [33mwidth[31m=[32m"24"[31m
                [33mxmlns[31m=[32m"http://www.w3.org/2000/svg"[31m
              [36m>[31m
                [36m<path[31m
                  [33md[31m=[32m"m12.83 2.18a2 2 0 0 0-1.66 0L2.6 6.08a1 1 0 0 0 0 1.83l8.58 3.91a2 2 0 0 0 1.66 0l8.58-3.9a1 1 0 0 0 0-1.83Z"[31m
                [36m/>[31m
                [36m<path[31m
                  [33md[31m=[32m"m22 17.65-9.17 4.16a2 2 0 0 1-1.66 0L2 17.65"[31m
                [36m/>[31m
                [36m<path[31m
                  [33md[31m=[32m"m22 12.65-9.17 4.16a2 2 0 0 1-1.66 0L2 12.65"[31m
                [36m/>[31m
              [36m</svg>[31m
            [36m</div>[31m
            [36m<div>[31m
              [36m<h2[31m
                [33mclass[31m=[32m"text-xl font-semibold text-gray-900"[31m
              [36m>[31m
                [0mAdvanced UI Manager[0m
              [36m</h2>[31m
              [36m<p[31m
                [33mclass[31m=[32m"text-sm text-gray-600"[31m
              [36m>[31m
                [0mGerencie componentes, tours e temas da interface[0m
              [36m</p>[31m
            [36m</div>[31m
          [36m</div>[31m
          [36m<div[31m
            [33mclass[31m=[32m"flex items-center space-x-2"[31m
          [36m>[31m
            [36m<div[31m
              [33mclass[31m=[32m"flex items-center space-x-1 px-2 py-1 rounded-full text-xs bg-green-100 text-green-800"[31m
            [36m>[31m
              [36m<svg[31m
                [33mclass[31m=[32m"lucide lucide-check-circle h-3 w-3"[31m
                [33mfill[31m=[32m"none"[31m
                [33mheight[31m=[32m"24"[31m
                [33mstroke[31m=[32m"currentColor"[31m
                [33mstroke-linecap[31m=[32m"round"[31m
                [33mstroke-linejoin[31m=[32m"round"[31m
                [33mstroke-width[31m=[32m"2"[31m
                [33mviewBox[31m=[32m"0 0 24 24"[31m
                [33mwidth[31m=[32m"24"[31m
                [33mxmlns[31m=[32m"http://www.w3.org/2000/svg"[31m
              [36m>[31m
                [36m<path[31m
                  [33md[31m=[32m"M22 11.08V12a10 10 0 1 1-5.93-9.14"[31m
                [36m/>[31m
                [36m<path[31m
                  [33md[31m=[32m"m9 11 3 3L22 4"[31m
                [36m/>[31m
              [36m</svg>[31m
              [36m<span>[31m
                [0mSaud├ível[0m
              [36m</span>[31m
            [36m</div>[31m
            [36m<button[31m
              [33mclass[31m=[32m"p-2 text-gray-400 hover:text-gray-600"[31m
            [36m>[31m
              [36m<svg[31m
                [33mclass[31m=[32m"lucide lucide-maximize2 h-4 w-4"[31m
                [33mfill[31m=[32m"none"[31m
                [33mheight[31m=[32m"24"[31m
                [33mstroke[31m=[32m"currentColor"[31m
                [33mstroke-linecap[31m=[32m"round"[31m
                [33mstroke-linejoin[31m=[32m"round"[31m
                [33mstroke-width[31m=[32m"2"[31m
                [33mviewBox[31m=[32m"0 0 24 24"[31m
                [33mwidth[31m=[32m"24"[31m
                [33mxmlns[31m=[32m"http://www.w3.org/2000/svg"[31m
              [36m>[31m
                [36m<polyline[31m
                  [33mpoints[31m=[32m"15 3 21 3 21 9"[31m
                [36m/>[31m
                [36m<polyline[31m
                  [33mpoints[31m=[32m"9 21 3 21 3 15"[31m
                [36m/>[31m
                [36m<line[31m
                  [33mx1[31m=[32m"21"[31m
                  [33mx2[31m=[32m"14"[31m
                  [33my1[31m=[32m"3"[31m
                  [33my2[31m=[32m"10"[31m
                [36m/>[31m
                [36m<line[31m
                  [33mx1[31m=[32m"3"[31m
                  [33mx2[31m=[32m"10"[31m
                  [33my1[31m=[32m"21"[31m
                  [33my2[31m=[32m"14"[31m
                [36m/>[31m
              [36m</svg>[31m
            [36m</button>[31m
          [36m</div>[31m
        [36m</div>[31m
      [36m</div>[31m
      [36m<div[31m
        [33mclass[31m=[32m"p-6"[31m
      [36m>[31m
        [36m<div[31m
          [33mclass[31m=[32m"grid grid-cols-1 md:grid-cols-2 lg:grid-cols-4 gap-4"[31m
        [36m>[31m
          [36m<div[31m
            [33mclass[31m=[32m"bg-white border border-gray-200 rounded-lg p-4 hover:shadow-md transition-shadow cursor-pointer"[31m
          [36m>[31m
            [36m<div[31m
              [33mclass[31m=[32m"flex items-center justify-between"[31m
            [36m>[31m
              [36m<div[31m
                [33mclass[31m=[32m"p-2 bg-blue-50 rounded-lg"[31m
              [36m>[31m
                [36m<svg[31m
                  [33mclass[31m=[32m"lucide lucide-layers h-5 w-5 text-blue-600"[31m
                  [33mfill[31m=[32m"none"[31m
                  [33mheight[31m=[32m"24"[31m
                  [33mstroke[31m=[32m"currentColor"[31m
                  [33mstroke-linecap[31m=[32m"round"[31m
                  [33mstroke-linejoin[31m=[32m"round"[31m
                  [33mstroke-width[31m=[32m"2"[31m
                  [33mviewBox[31m=[32m"0 0 24 24"[31m
                  [33mwidth[31m=[32m"24"[31m
                  [33mxmlns[31m=[32m"http://www.w3.org/2000/svg"[31m
                [36m>[31m
                  [36m<path[31m
                    [33md[31m=[32m"m12.83 2.18a2 2 0 0 0-1.66 0L2.6 6.08a1 1 0 0 0 0 1.83l8.58 3.91a2 2 0 0 0 1.66 0l8.58-3.9a1 1 0 0 0 0-1.83Z"[31m
                  [36m/>[31m
                  [36m<path[31m
                    [33md[31m=[32m"m22 17.65-9.17 4.16a2 2 0 0 1-1.66 0L2 17.65"[31m
                  [36m/>[31m
                ...[39m
stderr | src/__tests__/components/AdvancedUIManager.test.tsx > AdvancedUIManager Component > Configura├º├Áes > deve atualizar configura├º├Áes
Error: Uncaught [TypeError: Cannot read properties of undefined (reading 'highContrast')]
    at reportException (C:\xampp\htdocs\Studiotreiax_1\node_modules\jsdom\lib\jsdom\living\helpers\runtime-script-errors.js:66:24)
    at innerInvokeEventListeners (C:\xampp\htdocs\Studiotreiax_1\node_modules\jsdom\lib\jsdom\living\events\EventTarget-impl.js:353:9)
    at invokeEventListeners (C:\xampp\htdocs\Studiotreiax_1\node_modules\jsdom\lib\jsdom\living\events\EventTarget-impl.js:286:3)
    at HTMLUnknownElementImpl._dispatch (C:\xampp\htdocs\Studiotreiax_1\node_modules\jsdom\lib\jsdom\living\events\EventTarget-impl.js:233:9)
    at HTMLUnknownElementImpl.dispatchEvent (C:\xampp\htdocs\Studiotreiax_1\node_modules\jsdom\lib\jsdom\living\events\EventTarget-impl.js:104:17)
    at HTMLUnknownElement.dispatchEvent (C:\xampp\htdocs\Studiotreiax_1\node_modules\jsdom\lib\jsdom\living\generated\EventTarget.js:241:34)
    at Object.invokeGuardedCallbackDev (C:\xampp\htdocs\Studiotreiax_1\node_modules\react-dom\cjs\react-dom.development.js:4213:16)
    at invokeGuardedCallback (C:\xampp\htdocs\Studiotreiax_1\node_modules\react-dom\cjs\react-dom.development.js:4277:31)
    at beginWork$1 (C:\xampp\htdocs\Studiotreiax_1\node_modules\react-dom\cjs\react-dom.development.js:27451:7)
    at performUnitOfWork (C:\xampp\htdocs\Studiotreiax_1\node_modules\react-dom\cjs\react-dom.development.js:26560:12) TypeError: Cannot read properties of undefined (reading 'highContrast')
    at AdvancedUIManager (C:\xampp\htdocs\Studiotreiax_1\src\components\ui\AdvancedUIManager.tsx:1091:55)
    at renderWithHooks (C:\xampp\htdocs\Studiotreiax_1\node_modules\react-dom\cjs\react-dom.development.js:16305:18)
    at updateFunctionComponent (C:\xampp\htdocs\Studiotreiax_1\node_modules\react-dom\cjs\react-dom.development.js:19588:20)
    at beginWork (C:\xampp\htdocs\Studiotreiax_1\node_modules\react-dom\cjs\react-dom.development.js:21601:16)
    at HTMLUnknownElement.callCallback (C:\xampp\htdocs\Studiotreiax_1\node_modules\react-dom\cjs\react-dom.development.js:4164:14)
    at HTMLUnknownElement.callTheUserObjectsOperation (C:\xampp\htdocs\Studiotreiax_1\node_modules\jsdom\lib\jsdom\living\generated\EventListener.js:26:30)
    at innerInvokeEventListeners (C:\xampp\htdocs\Studiotreiax_1\node_modules\jsdom\lib\jsdom\living\events\EventTarget-impl.js:350:25)
    at invokeEventListeners (C:\xampp\htdocs\Studiotreiax_1\node_modules\jsdom\lib\jsdom\living\events\EventTarget-impl.js:286:3)
    at HTMLUnknownElementImpl._dispatch (C:\xampp\htdocs\Studiotreiax_1\node_modules\jsdom\lib\jsdom\living\events\EventTarget-impl.js:233:9)
    at HTMLUnknownElementImpl.dispatchEvent (C:\xampp\htdocs\Studiotreiax_1\node_modules\jsdom\lib\jsdom\living\events\EventTarget-impl.js:104:17)
Error: Uncaught [TypeError: Cannot read properties of undefined (reading 'highContrast')]
    at reportException (C:\xampp\htdocs\Studiotreiax_1\node_modules\jsdom\lib\jsdom\living\helpers\runtime-script-errors.js:66:24)
    at innerInvokeEventListeners (C:\xampp\htdocs\Studiotreiax_1\node_modules\jsdom\lib\jsdom\living\events\EventTarget-impl.js:353:9)
    at invokeEventListeners (C:\xampp\htdocs\Studiotreiax_1\node_modules\jsdom\lib\jsdom\living\events\EventTarget-impl.js:286:3)
    at HTMLUnknownElementImpl._dispatch (C:\xampp\htdocs\Studiotreiax_1\node_modules\jsdom\lib\jsdom\living\events\EventTarget-impl.js:233:9)
    at HTMLUnknownElementImpl.dispatchEvent (C:\xampp\htdocs\Studiotreiax_1\node_modules\jsdom\lib\jsdom\living\events\EventTarget-impl.js:104:17)
    at HTMLUnknownElement.dispatchEvent (C:\xampp\htdocs\Studiotreiax_1\node_modules\jsdom\lib\jsdom\living\generated\EventTarget.js:241:34)
    at Object.invokeGuardedCallbackDev (C:\xampp\htdocs\Studiotreiax_1\node_modules\react-dom\cjs\react-dom.development.js:4213:16)
    at invokeGuardedCallback (C:\xampp\htdocs\Studiotreiax_1\node_modules\react-dom\cjs\react-dom.development.js:4277:31)
    at beginWork$1 (C:\xampp\htdocs\Studiotreiax_1\node_modules\react-dom\cjs\react-dom.development.js:27451:7)
    at performUnitOfWork (C:\xampp\htdocs\Studiotreiax_1\node_modules\react-dom\cjs\react-dom.development.js:26560:12) TypeError: Cannot read properties of undefined (reading 'highContrast')
    at AdvancedUIManager (C:\xampp\htdocs\Studiotreiax_1\src\components\ui\AdvancedUIManager.tsx:1091:55)
    at renderWithHooks (C:\xampp\htdocs\Studiotreiax_1\node_modules\react-dom\cjs\react-dom.development.js:16305:18)
    at updateFunctionComponent (C:\xampp\htdocs\Studiotreiax_1\node_modules\react-dom\cjs\react-dom.development.js:19588:20)
    at beginWork (C:\xampp\htdocs\Studiotreiax_1\node_modules\react-dom\cjs\react-dom.development.js:21601:16)
    at HTMLUnknownElement.callCallback (C:\xampp\htdocs\Studiotreiax_1\node_modules\react-dom\cjs\react-dom.development.js:4164:14)
    at HTMLUnknownElement.callTheUserObjectsOperation (C:\xampp\htdocs\Studiotreiax_1\node_modules\jsdom\lib\jsdom\living\generated\EventListener.js:26:30)
    at innerInvokeEventListeners (C:\xampp\htdocs\Studiotreiax_1\node_modules\jsdom\lib\jsdom\living\events\EventTarget-impl.js:350:25)
    at invokeEventListeners (C:\xampp\htdocs\Studiotreiax_1\node_modules\jsdom\lib\jsdom\living\events\EventTarget-impl.js:286:3)
    at HTMLUnknownElementImpl._dispatch (C:\xampp\htdocs\Studiotreiax_1\node_modules\jsdom\lib\jsdom\living\events\EventTarget-impl.js:233:9)
    at HTMLUnknownElementImpl.dispatchEvent (C:\xampp\htdocs\Studiotreiax_1\node_modules\jsdom\lib\jsdom\living\events\EventTarget-impl.js:104:17)
The above error occurred in the <AdvancedUIManager> component:

    at AdvancedUIManager (C:\xampp\htdocs\Studiotreiax_1\src\components\ui\AdvancedUIManager.tsx:10:3)

Consider adding an error boundary to your tree to customize error handling behavior.
Visit https://reactjs.org/link/error-boundaries to learn more about error boundaries.

 [31m├ù[39m src/__tests__/components/AdvancedUIManager.test.tsx[2m > [22mAdvancedUIManager Component[2m > [22mConfigura├º├Áes[2m > [22mdeve renderizar configura├º├Áes na aba correspondente[32m 163[2mms[22m[39m
[31m   ÔåÆ Cannot read properties of undefined (reading 'highContrast')[39m
stderr | src/__tests__/components/AdvancedUIManager.test.tsx > AdvancedUIManager Component > Configura├º├Áes > deve resetar configura├º├Áes
Error: Uncaught [TypeError: Cannot read properties of undefined (reading 'highContrast')]
    at reportException (C:\xampp\htdocs\Studiotreiax_1\node_modules\jsdom\lib\jsdom\living\helpers\runtime-script-errors.js:66:24)
    at innerInvokeEventListeners (C:\xampp\htdocs\Studiotreiax_1\node_modules\jsdom\lib\jsdom\living\events\EventTarget-impl.js:353:9)
    at invokeEventListeners (C:\xampp\htdocs\Studiotreiax_1\node_modules\jsdom\lib\jsdom\living\events\EventTarget-impl.js:286:3)
    at HTMLUnknownElementImpl._dispatch (C:\xampp\htdocs\Studiotreiax_1\node_modules\jsdom\lib\jsdom\living\events\EventTarget-impl.js:233:9)
    at HTMLUnknownElementImpl.dispatchEvent (C:\xampp\htdocs\Studiotreiax_1\node_modules\jsdom\lib\jsdom\living\events\EventTarget-impl.js:104:17)
    at HTMLUnknownElement.dispatchEvent (C:\xampp\htdocs\Studiotreiax_1\node_modules\jsdom\lib\jsdom\living\generated\EventTarget.js:241:34)
    at Object.invokeGuardedCallbackDev (C:\xampp\htdocs\Studiotreiax_1\node_modules\react-dom\cjs\react-dom.development.js:4213:16)
    at invokeGuardedCallback (C:\xampp\htdocs\Studiotreiax_1\node_modules\react-dom\cjs\react-dom.development.js:4277:31)
    at beginWork$1 (C:\xampp\htdocs\Studiotreiax_1\node_modules\react-dom\cjs\react-dom.development.js:27451:7)
    at performUnitOfWork (C:\xampp\htdocs\Studiotreiax_1\node_modules\react-dom\cjs\react-dom.development.js:26560:12) TypeError: Cannot read properties of undefined (reading 'highContrast')
    at AdvancedUIManager (C:\xampp\htdocs\Studiotreiax_1\src\components\ui\AdvancedUIManager.tsx:1091:55)
    at renderWithHooks (C:\xampp\htdocs\Studiotreiax_1\node_modules\react-dom\cjs\react-dom.development.js:16305:18)
    at updateFunctionComponent (C:\xampp\htdocs\Studiotreiax_1\node_modules\react-dom\cjs\react-dom.development.js:19588:20)
    at beginWork (C:\xampp\htdocs\Studiotreiax_1\node_modules\react-dom\cjs\react-dom.development.js:21601:16)
    at HTMLUnknownElement.callCallback (C:\xampp\htdocs\Studiotreiax_1\node_modules\react-dom\cjs\react-dom.development.js:4164:14)
    at HTMLUnknownElement.callTheUserObjectsOperation (C:\xampp\htdocs\Studiotreiax_1\node_modules\jsdom\lib\jsdom\living\generated\EventListener.js:26:30)
    at innerInvokeEventListeners (C:\xampp\htdocs\Studiotreiax_1\node_modules\jsdom\lib\jsdom\living\events\EventTarget-impl.js:350:25)
    at invokeEventListeners (C:\xampp\htdocs\Studiotreiax_1\node_modules\jsdom\lib\jsdom\living\events\EventTarget-impl.js:286:3)
    at HTMLUnknownElementImpl._dispatch (C:\xampp\htdocs\Studiotreiax_1\node_modules\jsdom\lib\jsdom\living\events\EventTarget-impl.js:233:9)
    at HTMLUnknownElementImpl.dispatchEvent (C:\xampp\htdocs\Studiotreiax_1\node_modules\jsdom\lib\jsdom\living\events\EventTarget-impl.js:104:17)
Error: Uncaught [TypeError: Cannot read properties of undefined (reading 'highContrast')]
    at reportException (C:\xampp\htdocs\Studiotreiax_1\node_modules\jsdom\lib\jsdom\living\helpers\runtime-script-errors.js:66:24)
    at innerInvokeEventListeners (C:\xampp\htdocs\Studiotreiax_1\node_modules\jsdom\lib\jsdom\living\events\EventTarget-impl.js:353:9)
    at invokeEventListeners (C:\xampp\htdocs\Studiotreiax_1\node_modules\jsdom\lib\jsdom\living\events\EventTarget-impl.js:286:3)
    at HTMLUnknownElementImpl._dispatch (C:\xampp\htdocs\Studiotreiax_1\node_modules\jsdom\lib\jsdom\living\events\EventTarget-impl.js:233:9)
    at HTMLUnknownElementImpl.dispatchEvent (C:\xampp\htdocs\Studiotreiax_1\node_modules\jsdom\lib\jsdom\living\events\EventTarget-impl.js:104:17)
    at HTMLUnknownElement.dispatchEvent (C:\xampp\htdocs\Studiotreiax_1\node_modules\jsdom\lib\jsdom\living\generated\EventTarget.js:241:34)
    at Object.invokeGuardedCallbackDev (C:\xampp\htdocs\Studiotreiax_1\node_modules\react-dom\cjs\react-dom.development.js:4213:16)
    at invokeGuardedCallback (C:\xampp\htdocs\Studiotreiax_1\node_modules\react-dom\cjs\react-dom.development.js:4277:31)
    at beginWork$1 (C:\xampp\htdocs\Studiotreiax_1\node_modules\react-dom\cjs\react-dom.development.js:27451:7)
    at performUnitOfWork (C:\xampp\htdocs\Studiotreiax_1\node_modules\react-dom\cjs\react-dom.development.js:26560:12) TypeError: Cannot read properties of undefined (reading 'highContrast')
    at AdvancedUIManager (C:\xampp\htdocs\Studiotreiax_1\src\components\ui\AdvancedUIManager.tsx:1091:55)
    at renderWithHooks (C:\xampp\htdocs\Studiotreiax_1\node_modules\react-dom\cjs\react-dom.development.js:16305:18)
    at updateFunctionComponent (C:\xampp\htdocs\Studiotreiax_1\node_modules\react-dom\cjs\react-dom.development.js:19588:20)
    at beginWork (C:\xampp\htdocs\Studiotreiax_1\node_modules\react-dom\cjs\react-dom.development.js:21601:16)
    at HTMLUnknownElement.callCallback (C:\xampp\htdocs\Studiotreiax_1\node_modules\react-dom\cjs\react-dom.development.js:4164:14)
    at HTMLUnknownElement.callTheUserObjectsOperation (C:\xampp\htdocs\Studiotreiax_1\node_modules\jsdom\lib\jsdom\living\generated\EventListener.js:26:30)
    at innerInvokeEventListeners (C:\xampp\htdocs\Studiotreiax_1\node_modules\jsdom\lib\jsdom\living\events\EventTarget-impl.js:350:25)
    at invokeEventListeners (C:\xampp\htdocs\Studiotreiax_1\node_modules\jsdom\lib\jsdom\living\events\EventTarget-impl.js:286:3)
    at HTMLUnknownElementImpl._dispatch (C:\xampp\htdocs\Studiotreiax_1\node_modules\jsdom\lib\jsdom\living\events\EventTarget-impl.js:233:9)
    at HTMLUnknownElementImpl.dispatchEvent (C:\xampp\htdocs\Studiotreiax_1\node_modules\jsdom\lib\jsdom\living\events\EventTarget-impl.js:104:17)
The above error occurred in the <AdvancedUIManager> component:

    at AdvancedUIManager (C:\xampp\htdocs\Studiotreiax_1\src\components\ui\AdvancedUIManager.tsx:10:3)

Consider adding an error boundary to your tree to customize error handling behavior.
Visit https://reactjs.org/link/error-boundaries to learn more about error boundaries.

 [31m├ù[39m src/__tests__/components/AdvancedUIManager.test.tsx[2m > [22mAdvancedUIManager Component[2m > [22mConfigura├º├Áes[2m > [22mdeve atualizar configura├º├Áes[32m 117[2mms[22m[39m
[31m   ÔåÆ Cannot read properties of undefined (reading 'highContrast')[39m
stderr | src/__tests__/components/AdvancedUIManager.test.tsx > AdvancedUIManager Component > Analytics > deve renderizar analytics na aba correspondente
Error: Uncaught [TypeError: Cannot read properties of undefined (reading 'map')]
    at reportException (C:\xampp\htdocs\Studiotreiax_1\node_modules\jsdom\lib\jsdom\living\helpers\runtime-script-errors.js:66:24)
    at innerInvokeEventListeners (C:\xampp\htdocs\Studiotreiax_1\node_modules\jsdom\lib\jsdom\living\events\EventTarget-impl.js:353:9)
    at invokeEventListeners (C:\xampp\htdocs\Studiotreiax_1\node_modules\jsdom\lib\jsdom\living\events\EventTarget-impl.js:286:3)
    at HTMLUnknownElementImpl._dispatch (C:\xampp\htdocs\Studiotreiax_1\node_modules\jsdom\lib\jsdom\living\events\EventTarget-impl.js:233:9)
    at HTMLUnknownElementImpl.dispatchEvent (C:\xampp\htdocs\Studiotreiax_1\node_modules\jsdom\lib\jsdom\living\events\EventTarget-impl.js:104:17)
    at HTMLUnknownElement.dispatchEvent (C:\xampp\htdocs\Studiotreiax_1\node_modules\jsdom\lib\jsdom\living\generated\EventTarget.js:241:34)
    at Object.invokeGuardedCallbackDev (C:\xampp\htdocs\Studiotreiax_1\node_modules\react-dom\cjs\react-dom.development.js:4213:16)
    at invokeGuardedCallback (C:\xampp\htdocs\Studiotreiax_1\node_modules\react-dom\cjs\react-dom.development.js:4277:31)
    at beginWork$1 (C:\xampp\htdocs\Studiotreiax_1\node_modules\react-dom\cjs\react-dom.development.js:27451:7)
    at performUnitOfWork (C:\xampp\htdocs\Studiotreiax_1\node_modules\react-dom\cjs\react-dom.development.js:26560:12) TypeError: Cannot read properties of undefined (reading 'map')
    at AdvancedUIManager (C:\xampp\htdocs\Studiotreiax_1\src\components\ui\AdvancedUIManager.tsx:955:47)
    at renderWithHooks (C:\xampp\htdocs\Studiotreiax_1\node_modules\react-dom\cjs\react-dom.development.js:16305:18)
    at updateFunctionComponent (C:\xampp\htdocs\Studiotreiax_1\node_modules\react-dom\cjs\react-dom.development.js:19588:20)
    at beginWork (C:\xampp\htdocs\Studiotreiax_1\node_modules\react-dom\cjs\react-dom.development.js:21601:16)
    at HTMLUnknownElement.callCallback (C:\xampp\htdocs\Studiotreiax_1\node_modules\react-dom\cjs\react-dom.development.js:4164:14)
    at HTMLUnknownElement.callTheUserObjectsOperation (C:\xampp\htdocs\Studiotreiax_1\node_modules\jsdom\lib\jsdom\living\generated\EventListener.js:26:30)
    at innerInvokeEventListeners (C:\xampp\htdocs\Studiotreiax_1\node_modules\jsdom\lib\jsdom\living\events\EventTarget-impl.js:350:25)
    at invokeEventListeners (C:\xampp\htdocs\Studiotreiax_1\node_modules\jsdom\lib\jsdom\living\events\EventTarget-impl.js:286:3)
    at HTMLUnknownElementImpl._dispatch (C:\xampp\htdocs\Studiotreiax_1\node_modules\jsdom\lib\jsdom\living\events\EventTarget-impl.js:233:9)
    at HTMLUnknownElementImpl.dispatchEvent (C:\xampp\htdocs\Studiotreiax_1\node_modules\jsdom\lib\jsdom\living\events\EventTarget-impl.js:104:17)
Error: Uncaught [TypeError: Cannot read properties of undefined (reading 'map')]
    at reportException (C:\xampp\htdocs\Studiotreiax_1\node_modules\jsdom\lib\jsdom\living\helpers\runtime-script-errors.js:66:24)
    at innerInvokeEventListeners (C:\xampp\htdocs\Studiotreiax_1\node_modules\jsdom\lib\jsdom\living\events\EventTarget-impl.js:353:9)
    at invokeEventListeners (C:\xampp\htdocs\Studiotreiax_1\node_modules\jsdom\lib\jsdom\living\events\EventTarget-impl.js:286:3)
    at HTMLUnknownElementImpl._dispatch (C:\xampp\htdocs\Studiotreiax_1\node_modules\jsdom\lib\jsdom\living\events\EventTarget-impl.js:233:9)
    at HTMLUnknownElementImpl.dispatchEvent (C:\xampp\htdocs\Studiotreiax_1\node_modules\jsdom\lib\jsdom\living\events\EventTarget-impl.js:104:17)
    at HTMLUnknownElement.dispatchEvent (C:\xampp\htdocs\Studiotreiax_1\node_modules\jsdom\lib\jsdom\living\generated\EventTarget.js:241:34)
    at Object.invokeGuardedCallbackDev (C:\xampp\htdocs\Studiotreiax_1\node_modules\react-dom\cjs\react-dom.development.js:4213:16)
    at invokeGuardedCallback (C:\xampp\htdocs\Studiotreiax_1\node_modules\react-dom\cjs\react-dom.development.js:4277:31)
    at beginWork$1 (C:\xampp\htdocs\Studiotreiax_1\node_modules\react-dom\cjs\react-dom.development.js:27451:7)
    at performUnitOfWork (C:\xampp\htdocs\Studiotreiax_1\node_modules\react-dom\cjs\react-dom.development.js:26560:12) TypeError: Cannot read properties of undefined (reading 'map')
    at AdvancedUIManager (C:\xampp\htdocs\Studiotreiax_1\src\components\ui\AdvancedUIManager.tsx:955:47)
    at renderWithHooks (C:\xampp\htdocs\Studiotreiax_1\node_modules\react-dom\cjs\react-dom.development.js:16305:18)
    at updateFunctionComponent (C:\xampp\htdocs\Studiotreiax_1\node_modules\react-dom\cjs\react-dom.development.js:19588:20)
    at beginWork (C:\xampp\htdocs\Studiotreiax_1\node_modules\react-dom\cjs\react-dom.development.js:21601:16)
    at HTMLUnknownElement.callCallback (C:\xampp\htdocs\Studiotreiax_1\node_modules\react-dom\cjs\react-dom.development.js:4164:14)
    at HTMLUnknownElement.callTheUserObjectsOperation (C:\xampp\htdocs\Studiotreiax_1\node_modules\jsdom\lib\jsdom\living\generated\EventListener.js:26:30)
    at innerInvokeEventListeners (C:\xampp\htdocs\Studiotreiax_1\node_modules\jsdom\lib\jsdom\living\events\EventTarget-impl.js:350:25)
    at invokeEventListeners (C:\xampp\htdocs\Studiotreiax_1\node_modules\jsdom\lib\jsdom\living\events\EventTarget-impl.js:286:3)
    at HTMLUnknownElementImpl._dispatch (C:\xampp\htdocs\Studiotreiax_1\node_modules\jsdom\lib\jsdom\living\events\EventTarget-impl.js:233:9)
    at HTMLUnknownElementImpl.dispatchEvent (C:\xampp\htdocs\Studiotreiax_1\node_modules\jsdom\lib\jsdom\living\events\EventTarget-impl.js:104:17)
The above error occurred in the <AdvancedUIManager> component:

    at AdvancedUIManager (C:\xampp\htdocs\Studiotreiax_1\src\components\ui\AdvancedUIManager.tsx:10:3)

Consider adding an error boundary to your tree to customize error handling behavior.
Visit https://reactjs.org/link/error-boundaries to learn more about error boundaries.

 [31m├ù[39m src/__tests__/components/AdvancedUIManager.test.tsx[2m > [22mAdvancedUIManager Component[2m > [22mConfigura├º├Áes[2m > [22mdeve resetar configura├º├Áes[32m 113[2mms[22m[39m
[31m   ÔåÆ Cannot read properties of undefined (reading 'highContrast')[39m
stderr | src/__tests__/components/AdvancedUIManager.test.tsx > AdvancedUIManager Component > Analytics > deve exibir m├®tricas de performance
Error: Uncaught [TypeError: Cannot read properties of undefined (reading 'map')]
    at reportException (C:\xampp\htdocs\Studiotreiax_1\node_modules\jsdom\lib\jsdom\living\helpers\runtime-script-errors.js:66:24)
    at innerInvokeEventListeners (C:\xampp\htdocs\Studiotreiax_1\node_modules\jsdom\lib\jsdom\living\events\EventTarget-impl.js:353:9)
    at invokeEventListeners (C:\xampp\htdocs\Studiotreiax_1\node_modules\jsdom\lib\jsdom\living\events\EventTarget-impl.js:286:3)
    at HTMLUnknownElementImpl._dispatch (C:\xampp\htdocs\Studiotreiax_1\node_modules\jsdom\lib\jsdom\living\events\EventTarget-impl.js:233:9)
    at HTMLUnknownElementImpl.dispatchEvent (C:\xampp\htdocs\Studiotreiax_1\node_modules\jsdom\lib\jsdom\living\events\EventTarget-impl.js:104:17)
    at HTMLUnknownElement.dispatchEvent (C:\xampp\htdocs\Studiotreiax_1\node_modules\jsdom\lib\jsdom\living\generated\EventTarget.js:241:34)
    at Object.invokeGuardedCallbackDev (C:\xampp\htdocs\Studiotreiax_1\node_modules\react-dom\cjs\react-dom.development.js:4213:16)
    at invokeGuardedCallback (C:\xampp\htdocs\Studiotreiax_1\node_modules\react-dom\cjs\react-dom.development.js:4277:31)
    at beginWork$1 (C:\xampp\htdocs\Studiotreiax_1\node_modules\react-dom\cjs\react-dom.development.js:27451:7)
    at performUnitOfWork (C:\xampp\htdocs\Studiotreiax_1\node_modules\react-dom\cjs\react-dom.development.js:26560:12) TypeError: Cannot read properties of undefined (reading 'map')
    at AdvancedUIManager (C:\xampp\htdocs\Studiotreiax_1\src\components\ui\AdvancedUIManager.tsx:955:47)
    at renderWithHooks (C:\xampp\htdocs\Studiotreiax_1\node_modules\react-dom\cjs\react-dom.development.js:16305:18)
    at updateFunctionComponent (C:\xampp\htdocs\Studiotreiax_1\node_modules\react-dom\cjs\react-dom.development.js:19588:20)
    at beginWork (C:\xampp\htdocs\Studiotreiax_1\node_modules\react-dom\cjs\react-dom.development.js:21601:16)
    at HTMLUnknownElement.callCallback (C:\xampp\htdocs\Studiotreiax_1\node_modules\react-dom\cjs\react-dom.development.js:4164:14)
    at HTMLUnknownElement.callTheUserObjectsOperation (C:\xampp\htdocs\Studiotreiax_1\node_modules\jsdom\lib\jsdom\living\generated\EventListener.js:26:30)
    at innerInvokeEventListeners (C:\xampp\htdocs\Studiotreiax_1\node_modules\jsdom\lib\jsdom\living\events\EventTarget-impl.js:350:25)
    at invokeEventListeners (C:\xampp\htdocs\Studiotreiax_1\node_modules\jsdom\lib\jsdom\living\events\EventTarget-impl.js:286:3)
    at HTMLUnknownElementImpl._dispatch (C:\xampp\htdocs\Studiotreiax_1\node_modules\jsdom\lib\jsdom\living\events\EventTarget-impl.js:233:9)
    at HTMLUnknownElementImpl.dispatchEvent (C:\xampp\htdocs\Studiotreiax_1\node_modules\jsdom\lib\jsdom\living\events\EventTarget-impl.js:104:17)
Error: Uncaught [TypeError: Cannot read properties of undefined (reading 'map')]
    at reportException (C:\xampp\htdocs\Studiotreiax_1\node_modules\jsdom\lib\jsdom\living\helpers\runtime-script-errors.js:66:24)
    at innerInvokeEventListeners (C:\xampp\htdocs\Studiotreiax_1\node_modules\jsdom\lib\jsdom\living\events\EventTarget-impl.js:353:9)
    at invokeEventListeners (C:\xampp\htdocs\Studiotreiax_1\node_modules\jsdom\lib\jsdom\living\events\EventTarget-impl.js:286:3)
    at HTMLUnknownElementImpl._dispatch (C:\xampp\htdocs\Studiotreiax_1\node_modules\jsdom\lib\jsdom\living\events\EventTarget-impl.js:233:9)
    at HTMLUnknownElementImpl.dispatchEvent (C:\xampp\htdocs\Studiotreiax_1\node_modules\jsdom\lib\jsdom\living\events\EventTarget-impl.js:104:17)
    at HTMLUnknownElement.dispatchEvent (C:\xampp\htdocs\Studiotreiax_1\node_modules\jsdom\lib\jsdom\living\generated\EventTarget.js:241:34)
    at Object.invokeGuardedCallbackDev (C:\xampp\htdocs\Studiotreiax_1\node_modules\react-dom\cjs\react-dom.development.js:4213:16)
    at invokeGuardedCallback (C:\xampp\htdocs\Studiotreiax_1\node_modules\react-dom\cjs\react-dom.development.js:4277:31)
    at beginWork$1 (C:\xampp\htdocs\Studiotreiax_1\node_modules\react-dom\cjs\react-dom.development.js:27451:7)
    at performUnitOfWork (C:\xampp\htdocs\Studiotreiax_1\node_modules\react-dom\cjs\react-dom.development.js:26560:12) TypeError: Cannot read properties of undefined (reading 'map')
    at AdvancedUIManager (C:\xampp\htdocs\Studiotreiax_1\src\components\ui\AdvancedUIManager.tsx:955:47)
    at renderWithHooks (C:\xampp\htdocs\Studiotreiax_1\node_modules\react-dom\cjs\react-dom.development.js:16305:18)
    at updateFunctionComponent (C:\xampp\htdocs\Studiotreiax_1\node_modules\react-dom\cjs\react-dom.development.js:19588:20)
    at beginWork (C:\xampp\htdocs\Studiotreiax_1\node_modules\react-dom\cjs\react-dom.development.js:21601:16)
    at HTMLUnknownElement.callCallback (C:\xampp\htdocs\Studiotreiax_1\node_modules\react-dom\cjs\react-dom.development.js:4164:14)
    at HTMLUnknownElement.callTheUserObjectsOperation (C:\xampp\htdocs\Studiotreiax_1\node_modules\jsdom\lib\jsdom\living\generated\EventListener.js:26:30)
    at innerInvokeEventListeners (C:\xampp\htdocs\Studiotreiax_1\node_modules\jsdom\lib\jsdom\living\events\EventTarget-impl.js:350:25)
    at invokeEventListeners (C:\xampp\htdocs\Studiotreiax_1\node_modules\jsdom\lib\jsdom\living\events\EventTarget-impl.js:286:3)
    at HTMLUnknownElementImpl._dispatch (C:\xampp\htdocs\Studiotreiax_1\node_modules\jsdom\lib\jsdom\living\events\EventTarget-impl.js:233:9)
    at HTMLUnknownElementImpl.dispatchEvent (C:\xampp\htdocs\Studiotreiax_1\node_modules\jsdom\lib\jsdom\living\events\EventTarget-impl.js:104:17)
The above error occurred in the <AdvancedUIManager> component:

    at AdvancedUIManager (C:\xampp\htdocs\Studiotreiax_1\src\components\ui\AdvancedUIManager.tsx:10:3)

Consider adding an error boundary to your tree to customize error handling behavior.
Visit https://reactjs.org/link/error-boundaries to learn more about error boundaries.

 [31m├ù[39m src/__tests__/components/AdvancedUIManager.test.tsx[2m > [22mAdvancedUIManager Component[2m > [22mAnalytics[2m > [22mdeve renderizar analytics na aba correspondente[32m 106[2mms[22m[39m
[31m   ÔåÆ Cannot read properties of undefined (reading 'map')[39m
 [31m├ù[39m src/__tests__/components/AdvancedUIManager.test.tsx[2m > [22mAdvancedUIManager Component[2m > [22mAnalytics[2m > [22mdeve exibir m├®tricas de performance[32m 103[2mms[22m[39m
[31m   ÔåÆ Cannot read properties of undefined (reading 'map')[39m
 [32mÔ£ô[39m src/__tests__/components/AdvancedUIManager.test.tsx[2m > [22mAdvancedUIManager Component[2m > [22mEstados de Loading e Erro[2m > [22mdeve exibir estado de loading[32m 15[2mms[22m[39m
 [32mÔ£ô[39m src/__tests__/components/AdvancedUIManager.test.tsx[2m > [22mAdvancedUIManager Component[2m > [22mEstados de Loading e Erro[2m > [22mdeve exibir estado de erro[32m 96[2mms[22m[39m
 [31m├ù[39m src/__tests__/components/AdvancedUIManager.test.tsx[2m > [22mAdvancedUIManager Component[2m > [22mResponsividade[2m > [22mdeve adaptar layout para mobile[32m 76[2mms[22m[39m
[31m   ÔåÆ Unable to find an element by: [data-testid="advanced-ui-manager"]

Ignored nodes: comments, script, style
[36m<body>[31m
  [36m<div>[31m
    [36m<div[31m
      [33mclass[31m=[32m"bg-white rounded-lg shadow-lg "[31m
    [36m>[31m
      [36m<div[31m
        [33mclass[31m=[32m"p-6 border-b border-gray-200"[31m
      [36m>[31m
        [36m<div[31m
          [33mclass[31m=[32m"flex items-center justify-between"[31m
        [36m>[31m
          [36m<div[31m
            [33mclass[31m=[32m"flex items-center space-x-3"[31m
          [36m>[31m
            [36m<div[31m
              [33mclass[31m=[32m"p-2 bg-blue-100 rounded-lg"[31m
            [36m>[31m
              [36m<svg[31m
                [33mclass[31m=[32m"lucide lucide-layers h-6 w-6 text-blue-600"[31m
                [33mfill[31m=[32m"none"[31m
                [33mheight[31m=[32m"24"[31m
                [33mstroke[31m=[32m"currentColor"[31m
                [33mstroke-linecap[31m=[32m"round"[31m
                [33mstroke-linejoin[31m=[32m"round"[31m
                [33mstroke-width[31m=[32m"2"[31m
                [33mviewBox[31m=[32m"0 0 24 24"[31m
                [33mwidth[31m=[32m"24"[31m
                [33mxmlns[31m=[32m"http://www.w3.org/2000/svg"[31m
              [36m>[31m
                [36m<path[31m
                  [33md[31m=[32m"m12.83 2.18a2 2 0 0 0-1.66 0L2.6 6.08a1 1 0 0 0 0 1.83l8.58 3.91a2 2 0 0 0 1.66 0l8.58-3.9a1 1 0 0 0 0-1.83Z"[31m
                [36m/>[31m
                [36m<path[31m
                  [33md[31m=[32m"m22 17.65-9.17 4.16a2 2 0 0 1-1.66 0L2 17.65"[31m
                [36m/>[31m
                [36m<path[31m
                  [33md[31m=[32m"m22 12.65-9.17 4.16a2 2 0 0 1-1.66 0L2 12.65"[31m
                [36m/>[31m
              [36m</svg>[31m
            [36m</div>[31m
            [36m<div>[31m
              [36m<h2[31m
                [33mclass[31m=[32m"text-xl font-semibold text-gray-900"[31m
              [36m>[31m
                [0mAdvanced UI Manager[0m
              [36m</h2>[31m
              [36m<p[31m
                [33mclass[31m=[32m"text-sm text-gray-600"[31m
              [36m>[31m
                [0mGerencie componentes, tours e temas da interface[0m
              [36m</p>[31m
            [36m</div>[31m
          [36m</div>[31m
          [36m<div[31m
            [33mclass[31m=[32m"flex items-center space-x-2"[31m
          [36m>[31m
            [36m<div[31m
              [33mclass[31m=[32m"flex items-center space-x-1 px-2 py-1 rounded-full text-xs bg-green-100 text-green-800"[31m
            [36m>[31m
              [36m<svg[31m
                [33mclass[31m=[32m"lucide lucide-check-circle h-3 w-3"[31m
                [33mfill[31m=[32m"none"[31m
                [33mheight[31m=[32m"24"[31m
                [33mstroke[31m=[32m"currentColor"[31m
                [33mstroke-linecap[31m=[32m"round"[31m
                [33mstroke-linejoin[31m=[32m"round"[31m
                [33mstroke-width[31m=[32m"2"[31m
                [33mviewBox[31m=[32m"0 0 24 24"[31m
                [33mwidth[31m=[32m"24"[31m
                [33mxmlns[31m=[32m"http://www.w3.org/2000/svg"[31m
              [36m>[31m
                [36m<path[31m
                  [33md[31m=[32m"M22 11.08V12a10 10 0 1 1-5.93-9.14"[31m
                [36m/>[31m
                [36m<path[31m
                  [33md[31m=[32m"m9 11 3 3L22 4"[31m
                [36m/>[31m
              [36m</svg>[31m
              [36m<span>[31m
                [0mSaud├ível[0m
              [36m</span>[31m
            [36m</div>[31m
            [36m<button[31m
              [33mclass[31m=[32m"p-2 text-gray-400 hover:text-gray-600"[31m
            [36m>[31m
              [36m<svg[31m
                [33mclass[31m=[32m"lucide lucide-maximize2 h-4 w-4"[31m
                [33mfill[31m=[32m"none"[31m
                [33mheight[31m=[32m"24"[31m
                [33mstroke[31m=[32m"currentColor"[31m
                [33mstroke-linecap[31m=[32m"round"[31m
                [33mstroke-linejoin[31m=[32m"round"[31m
                [33mstroke-width[31m=[32m"2"[31m
                [33mviewBox[31m=[32m"0 0 24 24"[31m
                [33mwidth[31m=[32m"24"[31m
                [33mxmlns[31m=[32m"http://www.w3.org/2000/svg"[31m
              [36m>[31m
                [36m<polyline[31m
                  [33mpoints[31m=[32m"15 3 21 3 21 9"[31m
                [36m/>[31m
                [36m<polyline[31m
                  [33mpoints[31m=[32m"9 21 3 21 3 15"[31m
                [36m/>[31m
                [36m<line[31m
                  [33mx1[31m=[32m"21"[31m
                  [33mx2[31m=[32m"14"[31m
                  [33my1[31m=[32m"3"[31m
                  [33my2[31m=[32m"10"[31m
                [36m/>[31m
                [36m<line[31m
                  [33mx1[31m=[32m"3"[31m
                  [33mx2[31m=[32m"10"[31m
                  [33my1[31m=[32m"21"[31m
                  [33my2[31m=[32m"14"[31m
                [36m/>[31m
              [36m</svg>[31m
            [36m</button>[31m
          [36m</div>[31m
        [36m</div>[31m
      [36m</div>[31m
      [36m<div[31m
        [33mclass[31m=[32m"p-6"[31m
      [36m>[31m
        [36m<div[31m
          [33mclass[31m=[32m"grid grid-cols-1 md:grid-cols-2 lg:grid-cols-4 gap-4"[31m
        [36m>[31m
          [36m<div[31m
            [33mclass[31m=[32m"bg-white border border-gray-200 rounded-lg p-4 hover:shadow-md transition-shadow cursor-pointer"[31m
          [36m>[31m
            [36m<div[31m
              [33mclass[31m=[32m"flex items-center justify-between"[31m
            [36m>[31m
              [36m<div[31m
                [33mclass[31m=[32m"p-2 bg-blue-50 rounded-lg"[31m
              [36m>[31m
                [36m<svg[31m
                  [33mclass[31m=[32m"lucide lucide-layers h-5 w-5 text-blue-600"[31m
                  [33mfill[31m=[32m"none"[31m
                  [33mheight[31m=[32m"24"[31m
                  [33mstroke[31m=[32m"currentColor"[31m
                  [33mstroke-linecap[31m=[32m"round"[31m
                  [33mstroke-linejoin[31m=[32m"round"[31m
                  [33mstroke-width[31m=[32m"2"[31m
                  [33mviewBox[31m=[32m"0 0 24 24"[31m
                  [33mwidth[31m=[32m"24"[31m
                  [33mxmlns[31m=[32m"http://www.w3.org/2000/svg"[31m
                [36m>[31m
                  [36m<path[31m
                    [33md[31m=[32m"m12.83 2.18a2 2 0 0 0-1.66 0L2.6 6.08a1 1 0 0 0 0 1.83l8.58 3.91a2 2 0 0 0 1.66 0l8.58-3.9a1 1 0 0 0 0-1.83Z"[31m
                  [36m/>[31m
                  [36m<path[31m
                    [33md[31m=[32m"m22 17.65-9.17 4.16a2 2 0 0 1-1.66 0L2 17.65"[31m
                  [36m/>[31m
                ...[39m
 [31m├ù[39m src/__tests__/components/WebWorkerManager.test.tsx[2m > [22mWebWorkerManager Component[2m > [22mAcessibilidade[2m > [22mdeve ter navega├º├úo por teclado[32m 144[2mms[22m[39m
[31m   ÔåÆ [2mexpect([22m[31melement[31m[2m).toHaveFocus()[22m

Expected element with focus:
  [32m<span>
  Workers
</span>[31m
Received element with focus:
  [31m<body>
  <div>
    <div
      class="bg-white rounded-lg shadow-lg "
    >
      <div
        class="p-6 border-b border-gray-200"
      >
        <div
          class="flex items-center justify-between"
        >
          <div ÔÇª />
          <div ÔÇª />
        </div>
      </div>
      <div
        class="p-6 grid grid-cols-1 md:grid-cols-2 lg:grid-cols-4 gap-4"
      >
        <div
          class="bg-blue-50 rounded-lg p-4 cursor-pointer transition-all duration-200 hover:shadow-md"
        >
          <div ÔÇª />
        </div>
        <div
          class="bg-green-50 rounded-lg p-4 cursor-pointer transition-all duration-200 hover:shadow-md"
        >
          <div ÔÇª />
        </div>
        <div
          class="bg-green-50 rounded-lg p-4 cursor-pointer transition-all duration-200 hover:shadow-md"
        >
          <div ÔÇª />
        </div>
        <div
          class="bg-green-50 rounded-lg p-4 cursor-pointer transition-all duration-200 hover:shadow-md"
        >
          <div ÔÇª />
        </div>
      </div>
      <div
        class="px-6 pb-4"
      >
        <div
          class="flex flex-col sm:flex-row gap-4"
        >
          <div ÔÇª />
          <div ÔÇª />
        </div>
      </div>
      <div
        class="border-b border-gray-200"
      >
        <nav
          class="flex space-x-8 px-6"
        >
          <button ÔÇª />
          <button ÔÇª />
          <button ÔÇª />
          <button ÔÇª />
          <button ÔÇª />
          <button ÔÇª />
        </nav>
      </div>
      <div
        class="p-6"
      >
        <div
          class="space-y-6"
        >
          <div ÔÇª />
          <div ÔÇª />
          <div ÔÇª />
        </div>
      </div>
    </div>
  </div>
</body>[31m[39m
 [31m├ù[39m src/__tests__/components/WebWorkerManager.test.tsx[2m > [22mWebWorkerManager Component[2m > [22mAcessibilidade[2m > [22mdeve ter labels apropriados[32m 68[2mms[22m[39m
[31m   ÔåÆ Unable to find an element with the placeholder text of: Buscar...

Ignored nodes: comments, script, style
[36m<body>[31m
  [36m<div>[31m
    [36m<div[31m
      [33mclass[31m=[32m"bg-white rounded-lg shadow-lg "[31m
    [36m>[31m
      [36m<div[31m
        [33mclass[31m=[32m"p-6 border-b border-gray-200"[31m
      [36m>[31m
        [36m<div[31m
          [33mclass[31m=[32m"flex items-center justify-between"[31m
        [36m>[31m
          [36m<div[31m
            [33mclass[31m=[32m"flex items-center space-x-3"[31m
          [36m>[31m
            [36m<div[31m
              [33mclass[31m=[32m"p-2 bg-purple-100 rounded-lg"[31m
            [36m>[31m
              [36m<svg[31m
                [33mclass[31m=[32m"lucide lucide-cpu h-6 w-6 text-purple-600"[31m
                [33mfill[31m=[32m"none"[31m
                [33mheight[31m=[32m"24"[31m
                [33mstroke[31m=[32m"currentColor"[31m
                [33mstroke-linecap[31m=[32m"round"[31m
                [33mstroke-linejoin[31m=[32m"round"[31m
                [33mstroke-width[31m=[32m"2"[31m
                [33mviewBox[31m=[32m"0 0 24 24"[31m
                [33mwidth[31m=[32m"24"[31m
                [33mxmlns[31m=[32m"http://www.w3.org/2000/svg"[31m
              [36m>[31m
                [36m<rect[31m
                  [33mheight[31m=[32m"16"[31m
                  [33mrx[31m=[32m"2"[31m
                  [33mwidth[31m=[32m"16"[31m
                  [33mx[31m=[32m"4"[31m
                  [33my[31m=[32m"4"[31m
                [36m/>[31m
                [36m<rect[31m
                  [33mheight[31m=[32m"6"[31m
                  [33mwidth[31m=[32m"6"[31m
                  [33mx[31m=[32m"9"[31m
                  [33my[31m=[32m"9"[31m
                [36m/>[31m
                [36m<path[31m
                  [33md[31m=[32m"M15 2v2"[31m
                [36m/>[31m
                [36m<path[31m
                  [33md[31m=[32m"M15 20v2"[31m
                [36m/>[31m
                [36m<path[31m
                  [33md[31m=[32m"M2 15h2"[31m
                [36m/>[31m
                [36m<path[31m
                  [33md[31m=[32m"M2 9h2"[31m
                [36m/>[31m
                [36m<path[31m
                  [33md[31m=[32m"M20 15h2"[31m
                [36m/>[31m
                [36m<path[31m
                  [33md[31m=[32m"M20 9h2"[31m
                [36m/>[31m
                [36m<path[31m
                  [33md[31m=[32m"M9 2v2"[31m
                [36m/>[31m
                [36m<path[31m
                  [33md[31m=[32m"M9 20v2"[31m
                [36m/>[31m
              [36m</svg>[31m
            [36m</div>[31m
            [36m<div>[31m
              [36m<h2[31m
                [33mclass[31m=[32m"text-xl font-semibold text-gray-900"[31m
              [36m>[31m
                [0mWeb Worker Manager[0m
              [36m</h2>[31m
              [36m<p[31m
                [33mclass[31m=[32m"text-sm text-gray-600"[31m
              [36m>[31m
                [0mGerenciamento avan├ºado de Web Workers[0m
              [36m</p>[31m
            [36m</div>[31m
          [36m</div>[31m
          [36m<div[31m
            [33mclass[31m=[32m"flex items-center space-x-2"[31m
          [36m>[31m
            [36m<button[31m
              [33mclass[31m=[32m"px-3 py-1 rounded-md text-sm font-medium bg-green-100 text-green-700 hover:bg-green-200"[31m
            [36m>[31m
              [0mAuto-refresh ON[0m
            [36m</button>[31m
            [36m<button[31m
              [33mclass[31m=[32m"px-4 py-2 bg-purple-600 text-white rounded-md hover:bg-purple-700 flex items-center space-x-2"[31m
            [36m>[31m
              [36m<svg[31m
                [33mclass[31m=[32m"lucide lucide-plus h-4 w-4"[31m
                [33mfill[31m=[32m"none"[31m
                [33mheight[31m=[32m"24"[31m
                [33mstroke[31m=[32m"currentColor"[31m
                [33mstroke-linecap[31m=[32m"round"[31m
                [33mstroke-linejoin[31m=[32m"round"[31m
                [33mstroke-width[31m=[32m"2"[31m
                [33mviewBox[31m=[32m"0 0 24 24"[31m
                [33mwidth[31m=[32m"24"[31m
                [33mxmlns[31m=[32m"http://www.w3.org/2000/svg"[31m
              [36m>[31m
                [36m<path[31m
                  [33md[31m=[32m"M5 12h14"[31m
                [36m/>[31m
                [36m<path[31m
                  [33md[31m=[32m"M12 5v14"[31m
                [36m/>[31m
              [36m</svg>[31m
              [36m<span>[31m
                [0mNovo Worker[0m
              [36m</span>[31m
            [36m</button>[31m
          [36m</div>[31m
        [36m</div>[31m
      [36m</div>[31m
      [36m<div[31m
        [33mclass[31m=[32m"p-6 grid grid-cols-1 md:grid-cols-2 lg:grid-cols-4 gap-4"[31m
      [36m>[31m
        [36m<div[31m
          [33mclass[31m=[32m"bg-blue-50 rounded-lg p-4 cursor-pointer transition-all duration-200 hover:shadow-md"[31m
        [36m>[31m
          [36m<div[31m
            [33mclass[31m=[32m"flex items-center justify-between"[31m
          [36m>[31m
            [36m<div[31m
              [33mclass[31m=[32m"flex items-center space-x-3"[31m
            [36m>[31m
              [36m<svg[31m
                [33mclass[31m=[32m"lucide lucide-users h-8 w-8 text-blue-600"[31m
                [33mfill[31m=[32m"none"[31m
                [33mheight[31m=[32m"24"[31m
                [33mstroke[31m=[32m"currentColor"[31m
                [33mstroke-linecap[31m=[32m"round"[31m
                [33mstroke-linejoin[31m=[32m"round"[31m
                [33mstroke-width[31m=[32m"2"[31m
                [33mviewBox[31m=[32m"0 0 24 24"[31m
                [33mwidth[31m=[32m"24"[31m
                [33mxmlns[31m=[32m"http://www.w3.org/2000/svg"[31m
              [36m>[31m
                [36m<path[31m
                  [33md[31m=[32m"M16 21v-2a4 4 0 0 0-4-4H6a4 4 0 0 0-4 4v2"[31m
                [36m/>[31m
                [36m<circle[31m
                  [33mcx[31m=[32m"9"[31m
                  [33mcy[31m=[32m"7"[31m
                  [33mr[31m=[32m"4"[31m
                [36m/>[31m
                [36m<path[31m
                  [33md[31m=[32m"M22 21v-2a4 4 0 0 0-3-3.87"[31m
                [36m/>[31m
                [36m<path[31m
                  [33md[31m=[32m"M16 3.13a4 4 0 0 1 0 7.75"[31m
                [36m/>[31m
              [36m</svg>[31m
              [36m<div>[31m
                [36m<p[31m
                  [33mclass[31m=[32m"text-sm font-medium text-gray-600"[31m
                [36m>[31m
                  [0mWorkers Ativos[0m
                [36m</p>[31m
                [36m<p[31m
                  [33mclass[31m=[32m"text-2xl font...[39m
 [31m├ù[39m src/__tests__/components/WebWorkerManager.test.tsx[2m > [22mWebWorkerManager Component[2m > [22mAcessibilidade[2m > [22mdeve ter roles ARIA corretos[33m 3847[2mms[22m[39m
[31m   ÔåÆ Unable to find an accessible element with the role "tablist"

Here are the accessible roles:

  heading:

  Name "Web Worker Manager":
  [36m<h2[31m
    [33mclass[31m=[32m"text-xl font-semibold text-gray-900"[31m
  [36m/>[31m

  Name "A├º├Áes R├ípidas":
  [36m<h3[31m
    [33mclass[31m=[32m"text-lg font-medium text-gray-900 mb-4"[31m
  [36m/>[31m

  Name "Sa├║de do Sistema":
  [36m<h3[31m
    [33mclass[31m=[32m"text-lg font-medium text-gray-900 mb-4"[31m
  [36m/>[31m

  Name "Atividade Recente":
  [36m<h3[31m
    [33mclass[31m=[32m"text-lg font-medium text-gray-900 mb-4"[31m
  [36m/>[31m

  --------------------------------------------------
  button:

  Name "Auto-refresh ON":
  [36m<button[31m
    [33mclass[31m=[32m"px-3 py-1 rounded-md text-sm font-medium bg-green-100 text-green-700 hover:bg-green-200"[31m
  [36m/>[31m

  Name "Novo Worker":
  [36m<button[31m
    [33mclass[31m=[32m"px-4 py-2 bg-purple-600 text-white rounded-md hover:bg-purple-700 flex items-center space-x-2"[31m
  [36m/>[31m

  Name "Vis├úo Geral":
  [36m<button[31m
    [33mclass[31m=[32m"flex items-center space-x-2 py-4 px-1 border-b-2 font-medium text-sm border-purple-500 text-purple-600"[31m
  [36m/>[31m

  Name "Workers":
  [36m<button[31m
    [33mclass[31m=[32m"flex items-center space-x-2 py-4 px-1 border-b-2 font-medium text-sm border-transparent text-gray-500 hover:text-gray-700 hover:border-gray-300"[31m
  [36m/>[31m

  Name "Tarefas":
  [36m<button[31m
    [33mclass[31m=[32m"flex items-center space-x-2 py-4 px-1 border-b-2 font-medium text-sm border-transparent text-gray-500 hover:text-gray-700 hover:border-gray-300"[31m
  [36m/>[31m

  Name "Pools":
  [36m<button[31m
    [33mclass[31m=[32m"flex items-center space-x-2 py-4 px-1 border-b-2 font-medium text-sm border-transparent text-gray-500 hover:text-gray-700 hover:border-gray-300"[31m
  [36m/>[31m

  Name "Analytics":
  [36m<button[31m
    [33mclass[31m=[32m"flex items-center space-x-2 py-4 px-1 border-b-2 font-medium text-sm border-transparent text-gray-500 hover:text-gray-700 hover:border-gray-300"[31m
  [36m/>[31m

  Name "Configura├º├Áes":
  [36m<button[31m
    [33mclass[31m=[32m"flex items-center space-x-2 py-4 px-1 border-b-2 font-medium text-sm border-transparent text-gray-500 hover:text-gray-700 hover:border-gray-300"[31m
  [36m/>[31m

  Name "Processar V├¡deo":
  [36m<button[31m
    [33mclass[31m=[32m"flex items-center justify-center space-x-2 p-3 bg-blue-100 text-blue-700 rounded-md hover:bg-blue-200"[31m
  [36m/>[31m

  Name "Processar Imagem":
  [36m<button[31m
    [33mclass[31m=[32m"flex items-center justify-center space-x-2 p-3 bg-green-100 text-green-700 rounded-md hover:bg-green-200"[31m
  [36m/>[31m

  Name "Analisar Dados":
  [36m<button[31m
    [33mclass[31m=[32m"flex items-center justify-center space-x-2 p-3 bg-purple-100 text-purple-700 rounded-md hover:bg-purple-200"[31m
  [36m/>[31m

  Name "Escalar Workers":
  [36m<button[31m
    [33mclass[31m=[32m"flex items-center justify-center space-x-2 p-3 bg-orange-100 text-orange-700 rounded-md hover:bg-orange-200"[31m
  [36m/>[31m

  --------------------------------------------------
  textbox:

  Name "":
  [36m<input[31m
    [33mclass[31m=[32m"w-full pl-10 pr-4 py-2 border border-gray-300 rounded-md focus:ring-2 focus:ring-purple-500 focus:border-transparent"[31m
    [33mplaceholder[31m=[32m"Buscar workers, tarefas..."[31m
    [33mtype[31m=[32m"text"[31m
    [33mvalue[31m=[32m""[31m
  [36m/>[31m

  --------------------------------------------------
  combobox:

  Name "":
  [36m<select[31m
    [33mclass[31m=[32m"px-3 py-2 border border-gray-300 rounded-md focus:ring-2 focus:ring-purple-500 focus:border-transparent"[31m
  [36m/>[31m

  Name "":
  [36m<select[31m
    [33mclass[31m=[32m"px-3 py-2 border border-gray-300 rounded-md focus:ring-2 focus:ring-purple-500 focus:border-transparent"[31m
  [36m/>[31m

  --------------------------------------------------
  option:

  Name "Todos os Status":
  [36m<option[31m
    [33mvalue[31m=[32m"all"[31m
  [36m/>[31m

  Name "Inativo":
  [36m<option[31m
    [33mvalue[31m=[32m"idle"[31m
  [36m/>[31m

  Name "Ocupado":
  [36m<option[31m
    [33mvalue[31m=[32m"busy"[31m
  [36m/>[31m

  Name "Erro":
  [36m<option[31m
    [33mvalue[31m=[32m"error"[31m
  [36m/>[31m

  Name "Pendente":
  [36m<option[31m
    [33mvalue[31m=[32m"pending"[31m
  [36m/>[31m

  Name "Executando":
  [36m<option[31m
    [33mvalue[31m=[32m"running"[31m
  [36m/>[31m

  Name "Conclu├¡do":
  [36m<option[31m
    [33mvalue[31m=[32m"completed"[31m
  [36m/>[31m

  Name "Falhou":
  [36m<option[31m
    [33mvalue[31m=[32m"failed"[31m
  [36m/>[31m

  Name "Todos os Tipos":
  [36m<option[31m
    [33mvalue[31m=[32m"all"[31m
  [36m/>[31m

  Name "V├¡deo":
  [36m<option[31m
    [33mvalue[31m=[32m"video"[31m
  [36m/>[31m

  Name "Imagem":
  [36m<option[31m
    [33mvalue[31m=[32m"image"[31m
  [36m/>[31m

  Name "Dados":
  [36m<option[31m
    [33mvalue[31m=[32m"data"[31m
  [36m/>[31m

  Name "Geral":
  [36m<option[31m
    [33mvalue[31m=[32m"general"[31m
  [36m/>[31m

  --------------------------------------------------
  navigation:

  Name "":
  [36m<nav[31m
    [33mclass[31m=[32m"flex space-x-8 px-6"[31m
  [36m/>[31m

  --------------------------------------------------

Ignored nodes: comments, script, style
[36m<body>[31m
  [36m<div>[31m
    [36m<div[31m
      [33mclass[31m=[32m"bg-white rounded-lg shadow-lg "[31m
    [36m>[31m
      [36m<div[31m
        [33mclass[31m=[32m"p-6 border-b border-gray-200"[31m
      [36m>[31m
        [36m<div[31m
          [33mclass[31m=[32m"flex items-center justify-between"[31m
        [36m>[31m
          [36m<div[31m
            [33mclass[31m=[32m"flex items-center space-x-3"[31m
          [36m>[31m
            [36m<div[31m
              [33mclass[31m=[32m"p-2 bg-purple-100 rounded-lg"[31m
            [36m>[31m
              [36m<svg[31m
                [33mclass[31m=[32m"lucide lucide-cpu h-6 w-6 text-purple-600"[31m
                [33mfill[31m=[32m"none"[31m
                [33mheight[31m=[32m"24"[31m
                [33mstroke[31m=[32m"currentColor"[31m
                [33mstroke-linecap[31m=[32m"round"[31m
                [33mstroke-linejoin[31m=[32m"round"[31m
                [33mstroke-width[31m=[32m"2"[31m
                [33mviewBox[31m=[32m"0 0 24 24"[31m
                [33mwidth[31m=[32m"24"[31m
                [33mxmlns[31m=[32m"http://www.w3.org/2000/svg"[31m
              [36m>[31m
                [36m<rect[31m
                  [33mheight[31m=[32m"16"[31m
                  [33mrx[31m=[32m"2"[31m
                  [33mwidth[31m=[32m"16"[31m
                  [33mx[31m=[32m"4"[31m
                  [33my[31m=[32m"4"[31m
                [36m/>[31m
                [36m<rect[31m
                  [33mheight[31m=[32m"6"[31m
                  [33mwidth[31m=[32m"6"[31m
                  [33mx[31m=[32m"9"[31m
                  [33my[31m=[32m"9"[31m
                [36m/>[31m
                [36m<path[31m
                  [33md[31m=[32m"M15 2v2"[31m
                [36m/>[31m
                [36m<path[31m
                  [33md[31m=[32m"M15 20v2"[31m
                [36m/>[31m
                [36m<path[31m
                  [33md[31m=[32m"M2 15h2"[31m
                [36m/>[31m
                [36m<path[31m
                  [33md[31m=[32m"M2 9h2"[31m
                [36m/>[31m
                [36m<path[31m
                  [33md[31m=[32m"M20 15h2"[31m
                [36m/>[31m
                [36m<path[31m
                  [33md[31m=[32m"M20 9h2"[31m
                [36m/>[31m
                [36m<path[31m
                  [33md[31m=[32m"M9 2v2"[31m
                [36m/>[31m
                [36m<path[31m
                  [33md[31m=[32m"M9 20v2"[31m
                [36m/>[31m
              [36m</svg>[31m
            [36m</div>[31m
            [36m<div>[31m
              [36m<h2[31m
                [33mclass[31m=[32m"text-xl font-semibold text-gray-900"[31m
              [36m>[31m
                [0mWeb Worker Manager[0m
              [36m</h2>[31m
              [36m<p[31m
                [33mclass[31m=[32m"text-sm text-gray-600"[31m
              [36m>[31m
                [0mGerenciamento avan├ºado de Web Workers[0m
              [36m</p>[31m
            [36m</div>[31m
          [36m</div>[31m
          [36m<div[31m
            [33mclass[31m=[32m"flex items-center space-x-2"[31m
          [36m>[31m
            [36m<button[31m
              [33mclass[31m=[32m"px-3 py-1 rounded-md text-sm font-medium bg-green-100 text-green-700 hover:bg-green-200"[31m
            [36m>[31m
              [0mAuto-refresh ON[0m
            [36m</button>[31m
            [36m<button[31m
              [33mclass[31m=[32m"px-4 py-2 bg-purple-600 text-white rounded-md hover:bg-purple-700 flex items-center space-x-2"[31m
            [36m>[31m
              [36m<svg[31m
                [33mclass[31m=[32m"lucide lucide-plus h-4 w-4"[31m
                [33mfill[31m=[32m"none"[31m
                [33mheight[31m=[32m"24"[31m
                [33mstroke[31m=[32m"currentColor"[31m
                [33mstroke-linecap[31m=[32m"round"[31m
                [33mstroke-linejoin[31m=[32m"round"[31m
                [33mstroke-width[31m=[32m"2"[31m
                [33mviewBox[31m=[32m"0 0 24 24"[31m
                [33mwidth[31m=[32m"24"[31m
                [33mxmlns[31m=[32m"http://www.w3.org/2000/svg"[31m
              [36m>[31m
                [36m<path[31m
                  [33md[31m=[32m"M5 12h14"[31m
                [36m/>[31m
                [36m<path[31m
                  [33md[31m=[32m"M12 5v14"[31m
                [36m/>[31m
              [36m</svg>[31m
              [36m<span>[31m
                [0mNovo Worker[0m
              [36m</span>[31m
            [36m</button>[31m
          [36m</div>[31m
        [36m</div>[31m
      [36m</div>[31m
      [36m<div[31m
        [33mclass[31m=[32m"p-6 grid grid-cols-1 md:grid-cols-2 lg:grid-cols-4 gap-4"[31m
      [36m>[31m
        [36m<div[31m
          [33mclass[31m=[32m"bg-blue-50 rounded-lg p-4 cursor-pointer transition-all duration-200 hover:shadow-md"[31m
        [36m>[31m
          [36m<div[31m
            [33mclass[31m=[32m"flex items-center justify-between"[31m
          [36m>[31m
            [36m<div[31m
              [33mclass[31m=[32m"flex items-center space-x-3"[31m
            [36m>[31m
              [36m<svg[31m
                [33mclass[31m=[32m"lucide lucide-users h-8 w-8 text-blue-600"[31m
                [33mfill[31m=[32m"none"[31m
                [33mheight[31m=[32m"24"[31m
                [33mstroke[31m=[32m"currentColor"[31m
                [33mstroke-linecap[31m=[32m"round"[31m
                [33mstroke-linejoin[31m=[32m"round"[31m
                [33mstroke-width[31m=[32m"2"[31m
                [33mviewBox[31m=[32m"0 0 24 24"[31m
                [33mwidth[31m=[32m"24"[31m
                [33mxmlns[31m=[32m"http://www.w3.org/2000/svg"[31m
              [36m>[31m
                [36m<path[31m
                  [33md[31m=[32m"M16 21v-2a4 4 0 0 0-4-4H6a4 4 0 0 0-4 4v2"[31m
                [36m/>[31m
                [36m<circle[31m
                  [33mcx[31m=[32m"9"[31m
                  [33mcy[31m=[32m"7"[31m
                  [33mr[31m=[32m"4"[31m
                [36m/>[31m
                [36m<path[31m
                  [33md[31m=[32m"M22 21v-2a4 4 0 0 0-3-3.87"[31m
                [36m/>[31m
                [36m<path[31m
                  [33md[31m=[32m"M16 3.13a4 4 0 0 1 0 7.75"[31m
                [36m/>[31m
              [36m</svg>[31m
              [36m<div>[31m
                [36m<p[31m
                  [33mclass[31m=[32m"text-sm font-medium text-gray-600"[31m
                [36m>[31m
                  [0mWorkers Ativos[0m
                [36m</p>[31m
                [36m<p[31m
                  [33mclass[31m=[32m"text-2xl font...[39m
 [31m├ù[39m src/__tests__/components/AdvancedUIManager.test.tsx[2m > [22mAdvancedUIManager Component[2m > [22mAcessibilidade[2m > [22mdeve ter navega├º├úo por teclado[32m 178[2mms[22m[39m
[31m   ÔåÆ [2mexpect([22m[31melement[31m[2m).toHaveFocus()[22m

Expected element with focus:
  [32m<span>
  Componentes
</span>[31m
Received element with focus:
  [31m<body>
  <div>
    <div
      class="bg-white rounded-lg shadow-lg "
    >
      <div
        class="p-6 border-b border-gray-200"
      >
        <div
          class="flex items-center justify-between"
        >
          <div ÔÇª />
          <div ÔÇª />
        </div>
      </div>
      <div
        class="p-6"
      >
        <div
          class="grid grid-cols-1 md:grid-cols-2 lg:grid-cols-4 gap-4"
        >
          <div ÔÇª />
          <div ÔÇª />
          <div ÔÇª />
          <div ÔÇª />
        </div>
      </div>
      <div
        class="px-6 pb-4"
      >
        <div
          class="flex flex-col sm:flex-row gap-4"
        >
          <div ÔÇª />
          <div ÔÇª />
        </div>
      </div>
      <div
        class="border-b border-gray-200"
      >
        <nav
          class="flex space-x-8 px-6"
        >
          <button ÔÇª />
          <button ÔÇª />
          <button ÔÇª />
          <button ÔÇª />
          <button ÔÇª />
          <button ÔÇª />
        </nav>
      </div>
      <div
        class="p-6"
      >
        <div
          class="space-y-6"
        >
          <div ÔÇª />
          <div ÔÇª />
        </div>
      </div>
    </div>
  </div>
</body>[31m[39m
 [31m├ù[39m src/__tests__/components/AdvancedUIManager.test.tsx[2m > [22mAdvancedUIManager Component[2m > [22mAcessibilidade[2m > [22mdeve ter labels apropriados[32m 69[2mms[22m[39m
[31m   ÔåÆ Unable to find an element with the placeholder text of: Buscar...

Ignored nodes: comments, script, style
[36m<body>[31m
  [36m<div>[31m
    [36m<div[31m
      [33mclass[31m=[32m"bg-white rounded-lg shadow-lg "[31m
    [36m>[31m
      [36m<div[31m
        [33mclass[31m=[32m"p-6 border-b border-gray-200"[31m
      [36m>[31m
        [36m<div[31m
          [33mclass[31m=[32m"flex items-center justify-between"[31m
        [36m>[31m
          [36m<div[31m
            [33mclass[31m=[32m"flex items-center space-x-3"[31m
          [36m>[31m
            [36m<div[31m
              [33mclass[31m=[32m"p-2 bg-blue-100 rounded-lg"[31m
            [36m>[31m
              [36m<svg[31m
                [33mclass[31m=[32m"lucide lucide-layers h-6 w-6 text-blue-600"[31m
                [33mfill[31m=[32m"none"[31m
                [33mheight[31m=[32m"24"[31m
                [33mstroke[31m=[32m"currentColor"[31m
                [33mstroke-linecap[31m=[32m"round"[31m
                [33mstroke-linejoin[31m=[32m"round"[31m
                [33mstroke-width[31m=[32m"2"[31m
                [33mviewBox[31m=[32m"0 0 24 24"[31m
                [33mwidth[31m=[32m"24"[31m
                [33mxmlns[31m=[32m"http://www.w3.org/2000/svg"[31m
              [36m>[31m
                [36m<path[31m
                  [33md[31m=[32m"m12.83 2.18a2 2 0 0 0-1.66 0L2.6 6.08a1 1 0 0 0 0 1.83l8.58 3.91a2 2 0 0 0 1.66 0l8.58-3.9a1 1 0 0 0 0-1.83Z"[31m
                [36m/>[31m
                [36m<path[31m
                  [33md[31m=[32m"m22 17.65-9.17 4.16a2 2 0 0 1-1.66 0L2 17.65"[31m
                [36m/>[31m
                [36m<path[31m
                  [33md[31m=[32m"m22 12.65-9.17 4.16a2 2 0 0 1-1.66 0L2 12.65"[31m
                [36m/>[31m
              [36m</svg>[31m
            [36m</div>[31m
            [36m<div>[31m
              [36m<h2[31m
                [33mclass[31m=[32m"text-xl font-semibold text-gray-900"[31m
              [36m>[31m
                [0mAdvanced UI Manager[0m
              [36m</h2>[31m
              [36m<p[31m
                [33mclass[31m=[32m"text-sm text-gray-600"[31m
              [36m>[31m
                [0mGerencie componentes, tours e temas da interface[0m
              [36m</p>[31m
            [36m</div>[31m
          [36m</div>[31m
          [36m<div[31m
            [33mclass[31m=[32m"flex items-center space-x-2"[31m
          [36m>[31m
            [36m<div[31m
              [33mclass[31m=[32m"flex items-center space-x-1 px-2 py-1 rounded-full text-xs bg-green-100 text-green-800"[31m
            [36m>[31m
              [36m<svg[31m
                [33mclass[31m=[32m"lucide lucide-check-circle h-3 w-3"[31m
                [33mfill[31m=[32m"none"[31m
                [33mheight[31m=[32m"24"[31m
                [33mstroke[31m=[32m"currentColor"[31m
                [33mstroke-linecap[31m=[32m"round"[31m
                [33mstroke-linejoin[31m=[32m"round"[31m
                [33mstroke-width[31m=[32m"2"[31m
                [33mviewBox[31m=[32m"0 0 24 24"[31m
                [33mwidth[31m=[32m"24"[31m
                [33mxmlns[31m=[32m"http://www.w3.org/2000/svg"[31m
              [36m>[31m
                [36m<path[31m
                  [33md[31m=[32m"M22 11.08V12a10 10 0 1 1-5.93-9.14"[31m
                [36m/>[31m
                [36m<path[31m
                  [33md[31m=[32m"m9 11 3 3L22 4"[31m
                [36m/>[31m
              [36m</svg>[31m
              [36m<span>[31m
                [0mSaud├ível[0m
              [36m</span>[31m
            [36m</div>[31m
            [36m<button[31m
              [33mclass[31m=[32m"p-2 text-gray-400 hover:text-gray-600"[31m
            [36m>[31m
              [36m<svg[31m
                [33mclass[31m=[32m"lucide lucide-maximize2 h-4 w-4"[31m
                [33mfill[31m=[32m"none"[31m
                [33mheight[31m=[32m"24"[31m
                [33mstroke[31m=[32m"currentColor"[31m
                [33mstroke-linecap[31m=[32m"round"[31m
                [33mstroke-linejoin[31m=[32m"round"[31m
                [33mstroke-width[31m=[32m"2"[31m
                [33mviewBox[31m=[32m"0 0 24 24"[31m
                [33mwidth[31m=[32m"24"[31m
                [33mxmlns[31m=[32m"http://www.w3.org/2000/svg"[31m
              [36m>[31m
                [36m<polyline[31m
                  [33mpoints[31m=[32m"15 3 21 3 21 9"[31m
                [36m/>[31m
                [36m<polyline[31m
                  [33mpoints[31m=[32m"9 21 3 21 3 15"[31m
                [36m/>[31m
                [36m<line[31m
                  [33mx1[31m=[32m"21"[31m
                  [33mx2[31m=[32m"14"[31m
                  [33my1[31m=[32m"3"[31m
                  [33my2[31m=[32m"10"[31m
                [36m/>[31m
                [36m<line[31m
                  [33mx1[31m=[32m"3"[31m
                  [33mx2[31m=[32m"10"[31m
                  [33my1[31m=[32m"21"[31m
                  [33my2[31m=[32m"14"[31m
                [36m/>[31m
              [36m</svg>[31m
            [36m</button>[31m
          [36m</div>[31m
        [36m</div>[31m
      [36m</div>[31m
      [36m<div[31m
        [33mclass[31m=[32m"p-6"[31m
      [36m>[31m
        [36m<div[31m
          [33mclass[31m=[32m"grid grid-cols-1 md:grid-cols-2 lg:grid-cols-4 gap-4"[31m
        [36m>[31m
          [36m<div[31m
            [33mclass[31m=[32m"bg-white border border-gray-200 rounded-lg p-4 hover:shadow-md transition-shadow cursor-pointer"[31m
          [36m>[31m
            [36m<div[31m
              [33mclass[31m=[32m"flex items-center justify-between"[31m
            [36m>[31m
              [36m<div[31m
                [33mclass[31m=[32m"p-2 bg-blue-50 rounded-lg"[31m
              [36m>[31m
                [36m<svg[31m
                  [33mclass[31m=[32m"lucide lucide-layers h-5 w-5 text-blue-600"[31m
                  [33mfill[31m=[32m"none"[31m
                  [33mheight[31m=[32m"24"[31m
                  [33mstroke[31m=[32m"currentColor"[31m
                  [33mstroke-linecap[31m=[32m"round"[31m
                  [33mstroke-linejoin[31m=[32m"round"[31m
                  [33mstroke-width[31m=[32m"2"[31m
                  [33mviewBox[31m=[32m"0 0 24 24"[31m
                  [33mwidth[31m=[32m"24"[31m
                  [33mxmlns[31m=[32m"http://www.w3.org/2000/svg"[31m
                [36m>[31m
                  [36m<path[31m
                    [33md[31m=[32m"m12.83 2.18a2 2 0 0 0-1.66 0L2.6 6.08a1 1 0 0 0 0 1.83l8.58 3.91a2 2 0 0 0 1.66 0l8.58-3.9a1 1 0 0 0 0-1.83Z"[31m
                  [36m/>[31m
                  [36m<path[31m
                    [33md[31m=[32m"m22 17.65-9.17 4.16a2 2 0 0 1-1.66 0L2 17.65"[31m
                  [36m/>[31m
                ...[39m
 [31m├ù[39m src/__tests__/components/AdvancedUIManager.test.tsx[2m > [22mAdvancedUIManager Component[2m > [22mAcessibilidade[2m > [22mdeve ter roles ARIA corretos[33m 3690[2mms[22m[39m
[31m   ÔåÆ Unable to find an accessible element with the role "tablist"

Here are the accessible roles:

  heading:

  Name "Advanced UI Manager":
  [36m<h2[31m
    [33mclass[31m=[32m"text-xl font-semibold text-gray-900"[31m
  [36m/>[31m

  Name "Sa├║de do Sistema":
  [36m<h3[31m
    [33mclass[31m=[32m"font-medium text-gray-900 mb-3"[31m
  [36m/>[31m

  --------------------------------------------------
  button:

  Name "":
  [36m<button[31m
    [33mclass[31m=[32m"p-2 text-gray-400 hover:text-gray-600"[31m
  [36m/>[31m

  Name "Criar":
  [36m<button[31m
    [33mclass[31m=[32m"px-4 py-2 bg-blue-600 text-white rounded-md hover:bg-blue-700 flex items-center space-x-2"[31m
  [36m/>[31m

  Name "Vis├úo Geral":
  [36m<button[31m
    [33mclass[31m=[32m"flex items-center space-x-2 py-4 px-1 border-b-2 font-medium text-sm border-blue-500 text-blue-600"[31m
  [36m/>[31m

  Name "Componentes":
  [36m<button[31m
    [33mclass[31m=[32m"flex items-center space-x-2 py-4 px-1 border-b-2 font-medium text-sm border-transparent text-gray-500 hover:text-gray-700 hover:border-gray-300"[31m
  [36m/>[31m

  Name "Tours":
  [36m<button[31m
    [33mclass[31m=[32m"flex items-center space-x-2 py-4 px-1 border-b-2 font-medium text-sm border-transparent text-gray-500 hover:text-gray-700 hover:border-gray-300"[31m
  [36m/>[31m

  Name "Temas":
  [36m<button[31m
    [33mclass[31m=[32m"flex items-center space-x-2 py-4 px-1 border-b-2 font-medium text-sm border-transparent text-gray-500 hover:text-gray-700 hover:border-gray-300"[31m
  [36m/>[31m

  Name "Analytics":
  [36m<button[31m
    [33mclass[31m=[32m"flex items-center space-x-2 py-4 px-1 border-b-2 font-medium text-sm border-transparent text-gray-500 hover:text-gray-700 hover:border-gray-300"[31m
  [36m/>[31m

  Name "Configura├º├Áes":
  [36m<button[31m
    [33mclass[31m=[32m"flex items-center space-x-2 py-4 px-1 border-b-2 font-medium text-sm border-transparent text-gray-500 hover:text-gray-700 hover:border-gray-300"[31m
  [36m/>[31m

  Name "Limpar Componentes Remove todos os componentes ativos":
  [36m<button[31m
    [33mclass[31m=[32m"p-4 border border-gray-200 rounded-lg hover:bg-gray-50 text-left"[31m
  [36m/>[31m

  Name "Reset Tours Reinicia todos os tours":
  [36m<button[31m
    [33mclass[31m=[32m"p-4 border border-gray-200 rounded-lg hover:bg-gray-50 text-left"[31m
  [36m/>[31m

  Name "Acessibilidade Ativa recursos de acessibilidade":
  [36m<button[31m
    [33mclass[31m=[32m"p-4 border border-gray-200 rounded-lg hover:bg-gray-50 text-left"[31m
  [36m/>[31m

  Name "Otimizar Otimiza performance da UI":
  [36m<button[31m
    [33mclass[31m=[32m"p-4 border border-gray-200 rounded-lg hover:bg-gray-50 text-left"[31m
  [36m/>[31m

  --------------------------------------------------
  textbox:

  Name "":
  [36m<input[31m
    [33mclass[31m=[32m"w-full pl-10 pr-4 py-2 border border-gray-300 rounded-md focus:ring-2 focus:ring-blue-500 focus:border-transparent"[31m
    [33mplaceholder[31m=[32m"Buscar componentes, tours..."[31m
    [33mtype[31m=[32m"text"[31m
    [33mvalue[31m=[32m""[31m
  [36m/>[31m

  --------------------------------------------------
  combobox:

  Name "":
  [36m<select[31m
    [33mclass[31m=[32m"px-3 py-2 border border-gray-300 rounded-md focus:ring-2 focus:ring-blue-500"[31m
  [36m/>[31m

  --------------------------------------------------
  option:

  Name "Todos os tipos":
  [36m<option[31m
    [33mvalue[31m=[32m""[31m
  [36m/>[31m

  Name "Modal":
  [36m<option[31m
    [33mvalue[31m=[32m"modal"[31m
  [36m/>[31m

  Name "Notifica├º├úo":
  [36m<option[31m
    [33mvalue[31m=[32m"notification"[31m
  [36m/>[31m

  Name "Tooltip":
  [36m<option[31m
    [33mvalue[31m=[32m"tooltip"[31m
  [36m/>[31m

  Name "Tour":
  [36m<option[31m
    [33mvalue[31m=[32m"tour"[31m
  [36m/>[31m

  --------------------------------------------------
  navigation:

  Name "":
  [36m<nav[31m
    [33mclass[31m=[32m"flex space-x-8 px-6"[31m
  [36m/>[31m

  --------------------------------------------------

Ignored nodes: comments, script, style
[36m<body>[31m
  [36m<div>[31m
    [36m<div[31m
      [33mclass[31m=[32m"bg-white rounded-lg shadow-lg "[31m
    [36m>[31m
      [36m<div[31m
        [33mclass[31m=[32m"p-6 border-b border-gray-200"[31m
      [36m>[31m
        [36m<div[31m
          [33mclass[31m=[32m"flex items-center justify-between"[31m
        [36m>[31m
          [36m<div[31m
            [33mclass[31m=[32m"flex items-center space-x-3"[31m
          [36m>[31m
            [36m<div[31m
              [33mclass[31m=[32m"p-2 bg-blue-100 rounded-lg"[31m
            [36m>[31m
              [36m<svg[31m
                [33mclass[31m=[32m"lucide lucide-layers h-6 w-6 text-blue-600"[31m
                [33mfill[31m=[32m"none"[31m
                [33mheight[31m=[32m"24"[31m
                [33mstroke[31m=[32m"currentColor"[31m
                [33mstroke-linecap[31m=[32m"round"[31m
                [33mstroke-linejoin[31m=[32m"round"[31m
                [33mstroke-width[31m=[32m"2"[31m
                [33mviewBox[31m=[32m"0 0 24 24"[31m
                [33mwidth[31m=[32m"24"[31m
                [33mxmlns[31m=[32m"http://www.w3.org/2000/svg"[31m
              [36m>[31m
                [36m<path[31m
                  [33md[31m=[32m"m12.83 2.18a2 2 0 0 0-1.66 0L2.6 6.08a1 1 0 0 0 0 1.83l8.58 3.91a2 2 0 0 0 1.66 0l8.58-3.9a1 1 0 0 0 0-1.83Z"[31m
                [36m/>[31m
                [36m<path[31m
                  [33md[31m=[32m"m22 17.65-9.17 4.16a2 2 0 0 1-1.66 0L2 17.65"[31m
                [36m/>[31m
                [36m<path[31m
                  [33md[31m=[32m"m22 12.65-9.17 4.16a2 2 0 0 1-1.66 0L2 12.65"[31m
                [36m/>[31m
              [36m</svg>[31m
            [36m</div>[31m
            [36m<div>[31m
              [36m<h2[31m
                [33mclass[31m=[32m"text-xl font-semibold text-gray-900"[31m
              [36m>[31m
                [0mAdvanced UI Manager[0m
              [36m</h2>[31m
              [36m<p[31m
                [33mclass[31m=[32m"text-sm text-gray-600"[31m
              [36m>[31m
                [0mGerencie componentes, tours e temas da interface[0m
              [36m</p>[31m
            [36m</div>[31m
          [36m</div>[31m
          [36m<div[31m
            [33mclass[31m=[32m"flex items-center space-x-2"[31m
          [36m>[31m
            [36m<div[31m
              [33mclass[31m=[32m"flex items-center space-x-1 px-2 py-1 rounded-full text-xs bg-green-100 text-green-800"[31m
            [36m>[31m
              [36m<svg[31m
                [33mclass[31m=[32m"lucide lucide-check-circle h-3 w-3"[31m
                [33mfill[31m=[32m"none"[31m
                [33mheight[31m=[32m"24"[31m
                [33mstroke[31m=[32m"currentColor"[31m
                [33mstroke-linecap[31m=[32m"round"[31m
                [33mstroke-linejoin[31m=[32m"round"[31m
                [33mstroke-width[31m=[32m"2"[31m
                [33mviewBox[31m=[32m"0 0 24 24"[31m
                [33mwidth[31m=[32m"24"[31m
                [33mxmlns[31m=[32m"http://www.w3.org/2000/svg"[31m
              [36m>[31m
                [36m<path[31m
                  [33md[31m=[32m"M22 11.08V12a10 10 0 1 1-5.93-9.14"[31m
                [36m/>[31m
                [36m<path[31m
                  [33md[31m=[32m"m9 11 3 3L22 4"[31m
                [36m/>[31m
              [36m</svg>[31m
              [36m<span>[31m
                [0mSaud├ível[0m
              [36m</span>[31m
            [36m</div>[31m
            [36m<button[31m
              [33mclass[31m=[32m"p-2 text-gray-400 hover:text-gray-600"[31m
            [36m>[31m
              [36m<svg[31m
                [33mclass[31m=[32m"lucide lucide-maximize2 h-4 w-4"[31m
                [33mfill[31m=[32m"none"[31m
                [33mheight[31m=[32m"24"[31m
                [33mstroke[31m=[32m"currentColor"[31m
                [33mstroke-linecap[31m=[32m"round"[31m
                [33mstroke-linejoin[31m=[32m"round"[31m
                [33mstroke-width[31m=[32m"2"[31m
                [33mviewBox[31m=[32m"0 0 24 24"[31m
                [33mwidth[31m=[32m"24"[31m
                [33mxmlns[31m=[32m"http://www.w3.org/2000/svg"[31m
              [36m>[31m
                [36m<polyline[31m
                  [33mpoints[31m=[32m"15 3 21 3 21 9"[31m
                [36m/>[31m
                [36m<polyline[31m
                  [33mpoints[31m=[32m"9 21 3 21 3 15"[31m
                [36m/>[31m
                [36m<line[31m
                  [33mx1[31m=[32m"21"[31m
                  [33mx2[31m=[32m"14"[31m
                  [33my1[31m=[32m"3"[31m
                  [33my2[31m=[32m"10"[31m
                [36m/>[31m
                [36m<line[31m
                  [33mx1[31m=[32m"3"[31m
                  [33mx2[31m=[32m"10"[31m
                  [33my1[31m=[32m"21"[31m
                  [33my2[31m=[32m"14"[31m
                [36m/>[31m
              [36m</svg>[31m
            [36m</button>[31m
          [36m</div>[31m
        [36m</div>[31m
      [36m</div>[31m
      [36m<div[31m
        [33mclass[31m=[32m"p-6"[31m
      [36m>[31m
        [36m<div[31m
          [33mclass[31m=[32m"grid grid-cols-1 md:grid-cols-2 lg:grid-cols-4 gap-4"[31m
        [36m>[31m
          [36m<div[31m
            [33mclass[31m=[32m"bg-white border border-gray-200 rounded-lg p-4 hover:shadow-md transition-shadow cursor-pointer"[31m
          [36m>[31m
            [36m<div[31m
              [33mclass[31m=[32m"flex items-center justify-between"[31m
            [36m>[31m
              [36m<div[31m
                [33mclass[31m=[32m"p-2 bg-blue-50 rounded-lg"[31m
              [36m>[31m
                [36m<svg[31m
                  [33mclass[31m=[32m"lucide lucide-layers h-5 w-5 text-blue-600"[31m
                  [33mfill[31m=[32m"none"[31m
                  [33mheight[31m=[32m"24"[31m
                  [33mstroke[31m=[32m"currentColor"[31m
                  [33mstroke-linecap[31m=[32m"round"[31m
                  [33mstroke-linejoin[31m=[32m"round"[31m
                  [33mstroke-width[31m=[32m"2"[31m
                  [33mviewBox[31m=[32m"0 0 24 24"[31m
                  [33mwidth[31m=[32m"24"[31m
                  [33mxmlns[31m=[32m"http://www.w3.org/2000/svg"[31m
                [36m>[31m
                  [36m<path[31m
                    [33md[31m=[32m"m12.83 2.18a2 2 0 0 0-1.66 0L2.6 6.08a1 1 0 0 0 0 1.83l8.58 3.91a2 2 0 0 0 1.66 0l8.58-3.9a1 1 0 0 0 0-1.83Z"[31m
                  [36m/>[31m
                  [36m<path[31m
                    [33md[31m=[32m"m22 17.65-9.17 4.16a2 2 0 0 1-1.66 0L2 17.65"[31m
                  [36m/>[31m
                ...[39m
stderr | src/tests/AvatarPerformanceMonitor.test.ts > AvatarPerformanceMonitor > Sistema de Alertas > deve gerar alertas quando thresholds s├úo ultrapassados
Performance Alert [LOW]: FPS below threshold { type: 'fps', value: 60, threshold: 100 }
Performance Alert [CRITICAL]: Memory usage too high { type: 'memory', value: 104857600, threshold: 52428800 }
Performance Alert [CRITICAL]: Too many draw calls { type: 'drawcalls', value: 491, threshold: 50 }

stderr | src/tests/AvatarPerformanceMonitor.test.ts > AvatarPerformanceMonitor > Sistema de Alertas > deve gerar alertas quando thresholds s├úo ultrapassados
Performance Alert [CRITICAL]: Memory usage too high { type: 'memory', value: 104857600, threshold: 52428800 }
Performance Alert [CRITICAL]: Too many draw calls { type: 'drawcalls', value: 337, threshold: 50 }

stderr | src/tests/AvatarPerformanceMonitor.test.ts > AvatarPerformanceMonitor > Sistema de Alertas > deve gerar alertas quando thresholds s├úo ultrapassados
Performance Alert [CRITICAL]: Memory usage too high { type: 'memory', value: 104857600, threshold: 52428800 }
Performance Alert [CRITICAL]: Too many draw calls { type: 'drawcalls', value: 458, threshold: 50 }

 [32mÔ£ô[39m src/tests/AvatarPerformanceMonitor.test.ts[2m > [22mAvatarPerformanceMonitor[2m > [22mInicializa├º├úo e Configura├º├úo[2m > [22mdeve inicializar com thresholds padr├úo[32m 6[2mms[22m[39m
 [32mÔ£ô[39m src/tests/AvatarPerformanceMonitor.test.ts[2m > [22mAvatarPerformanceMonitor[2m > [22mInicializa├º├úo e Configura├º├úo[2m > [22mdeve aceitar thresholds customizados[32m 2[2mms[22m[39m
 [32mÔ£ô[39m src/tests/AvatarPerformanceMonitor.test.ts[2m > [22mAvatarPerformanceMonitor[2m > [22mInicializa├º├úo e Configura├º├úo[2m > [22mdeve permitir atualiza├º├úo de thresholds[32m 1[2mms[22m[39m
 [32mÔ£ô[39m src/tests/AvatarPerformanceMonitor.test.ts[2m > [22mAvatarPerformanceMonitor[2m > [22mMonitoramento de Performance[2m > [22mdeve iniciar o monitoramento corretamente[32m 6[2mms[22m[39m
 [32mÔ£ô[39m src/tests/AvatarPerformanceMonitor.test.ts[2m > [22mAvatarPerformanceMonitor[2m > [22mMonitoramento de Performance[2m > [22mdeve parar o monitoramento[32m 1[2mms[22m[39m
 [32mÔ£ô[39m src/tests/AvatarPerformanceMonitor.test.ts[2m > [22mAvatarPerformanceMonitor[2m > [22mMonitoramento de Performance[2m > [22mn├úo deve iniciar monitoramento m├║ltiplas vezes[32m 1[2mms[22m[39m
 [31m├ù[39m src/tests/AvatarPerformanceMonitor.test.ts[2m > [22mAvatarPerformanceMonitor[2m > [22mColeta de M├®tricas[2m > [22mdeve coletar m├®tricas atuais[32m 8[2mms[22m[39m
[31m   ÔåÆ expected 0 to be greater than 0[39m
 [32mÔ£ô[39m src/tests/AvatarPerformanceMonitor.test.ts[2m > [22mAvatarPerformanceMonitor[2m > [22mColeta de M├®tricas[2m > [22mdeve manter hist├│rico de m├®tricas[32m 2[2mms[22m[39m
 [32mÔ£ô[39m src/tests/AvatarPerformanceMonitor.test.ts[2m > [22mAvatarPerformanceMonitor[2m > [22mColeta de M├®tricas[2m > [22mdeve calcular m├®tricas m├®dias[32m 2[2mms[22m[39m
stderr | src/tests/AvatarPerformanceMonitor.test.ts > AvatarPerformanceMonitor > Sistema de Alertas > deve gerar alertas quando thresholds s├úo ultrapassados
Performance Alert [CRITICAL]: Memory usage too high { type: 'memory', value: 104857600, threshold: 52428800 }
Performance Alert [CRITICAL]: Too many draw calls { type: 'drawcalls', value: 268, threshold: 50 }

stderr | src/tests/AvatarPerformanceMonitor.test.ts > AvatarPerformanceMonitor > Sistema de Alertas > deve gerar alertas quando thresholds s├úo ultrapassados
Performance Alert [CRITICAL]: Memory usage too high { type: 'memory', value: 104857600, threshold: 52428800 }
Performance Alert [CRITICAL]: Too many draw calls { type: 'drawcalls', value: 401, threshold: 50 }

stderr | src/tests/AvatarPerformanceMonitor.test.ts > AvatarPerformanceMonitor > Sistema de Alertas > deve classificar severidade dos alertas corretamente
Performance Alert [LOW]: FPS below threshold { type: 'fps', value: 60, threshold: 100 }
Performance Alert [CRITICAL]: Memory usage too high { type: 'memory', value: 104857600, threshold: 52428800 }
Performance Alert [CRITICAL]: Too many draw calls { type: 'drawcalls', value: 480, threshold: 50 }

stderr | src/tests/AvatarPerformanceMonitor.test.ts > AvatarPerformanceMonitor > Sistema de Alertas > deve classificar severidade dos alertas corretamente
Performance Alert [CRITICAL]: Memory usage too high { type: 'memory', value: 104857600, threshold: 52428800 }
Performance Alert [CRITICAL]: Too many draw calls { type: 'drawcalls', value: 320, threshold: 50 }

stderr | src/tests/AvatarPerformanceMonitor.test.ts > AvatarPerformanceMonitor > Sistema de Alertas > deve classificar severidade dos alertas corretamente
Performance Alert [CRITICAL]: Memory usage too high { type: 'memory', value: 104857600, threshold: 52428800 }
Performance Alert [CRITICAL]: Too many draw calls { type: 'drawcalls', value: 237, threshold: 50 }

stderr | src/tests/AvatarPerformanceMonitor.test.ts > AvatarPerformanceMonitor > Sistema de Alertas > deve classificar severidade dos alertas corretamente
Performance Alert [CRITICAL]: Memory usage too high { type: 'memory', value: 104857600, threshold: 52428800 }
Performance Alert [CRITICAL]: Too many draw calls { type: 'drawcalls', value: 503, threshold: 50 }

 [32mÔ£ô[39m src/tests/AvatarPerformanceMonitor.test.ts[2m > [22mAvatarPerformanceMonitor[2m > [22mSistema de Alertas[2m > [22mdeve gerar alertas quando thresholds s├úo ultrapassados[32m 117[2mms[22m[39m
stderr | src/tests/AvatarPerformanceMonitor.test.ts > AvatarPerformanceMonitor > Sistema de Alertas > deve retornar apenas alertas ativos
Performance Alert [LOW]: FPS below threshold { type: 'fps', value: 60, threshold: 100 }
Performance Alert [CRITICAL]: Memory usage too high { type: 'memory', value: 104857600, threshold: 52428800 }
Performance Alert [CRITICAL]: Too many draw calls { type: 'drawcalls', value: 534, threshold: 50 }

stderr | src/tests/AvatarPerformanceMonitor.test.ts > AvatarPerformanceMonitor > Sistema de Alertas > deve retornar apenas alertas ativos
Performance Alert [CRITICAL]: Memory usage too high { type: 'memory', value: 104857600, threshold: 52428800 }
Performance Alert [CRITICAL]: Too many draw calls { type: 'drawcalls', value: 330, threshold: 50 }

stderr | src/tests/AvatarPerformanceMonitor.test.ts > AvatarPerformanceMonitor > Sistema de Alertas > deve retornar apenas alertas ativos
Performance Alert [CRITICAL]: Memory usage too high { type: 'memory', value: 104857600, threshold: 52428800 }
Performance Alert [CRITICAL]: Too many draw calls { type: 'drawcalls', value: 435, threshold: 50 }

stderr | src/tests/AvatarPerformanceMonitor.test.ts > AvatarPerformanceMonitor > Sistema de Alertas > deve retornar apenas alertas ativos
Performance Alert [CRITICAL]: Memory usage too high { type: 'memory', value: 104857600, threshold: 52428800 }
Performance Alert [CRITICAL]: Too many draw calls { type: 'drawcalls', value: 327, threshold: 50 }

 [32mÔ£ô[39m src/tests/AvatarPerformanceMonitor.test.ts[2m > [22mAvatarPerformanceMonitor[2m > [22mSistema de Alertas[2m > [22mdeve classificar severidade dos alertas corretamente[32m 115[2mms[22m[39m
 [32mÔ£ô[39m src/tests/AvatarPerformanceMonitor.test.ts[2m > [22mAvatarPerformanceMonitor[2m > [22mSistema de Alertas[2m > [22mdeve retornar apenas alertas ativos[32m 106[2mms[22m[39m
 [32mÔ£ô[39m src/tests/AvatarPerformanceMonitor.test.ts[2m > [22mAvatarPerformanceMonitor[2m > [22mRelat├│rio de Performance[2m > [22mdeve gerar relat├│rio completo de performance[32m 62[2mms[22m[39m
stderr | src/tests/AvatarPerformanceMonitor.test.ts > AvatarPerformanceMonitor > Sugest├Áes de Otimiza├º├úo > deve sugerir otimiza├º├Áes espec├¡ficas para problemas de FPS
Performance Alert [LOW]: FPS below threshold { type: 'fps', value: 60, threshold: 100 }

 [32mÔ£ô[39m src/tests/AvatarPerformanceMonitor.test.ts[2m > [22mAvatarPerformanceMonitor[2m > [22mRelat├│rio de Performance[2m > [22mdeve determinar status correto baseado nas m├®tricas[32m 62[2mms[22m[39m
 [32mÔ£ô[39m src/tests/AvatarPerformanceMonitor.test.ts[2m > [22mAvatarPerformanceMonitor[2m > [22mSugest├Áes de Otimiza├º├úo[2m > [22mdeve fornecer sugest├Áes baseadas nas m├®tricas[32m 2[2mms[22m[39m
 [32mÔ£ô[39m src/tests/AvatarPerformanceMonitor.test.ts[2m > [22mAvatarPerformanceMonitor[2m > [22mSugest├Áes de Otimiza├º├úo[2m > [22mdeve sugerir otimiza├º├Áes espec├¡ficas para problemas de FPS[32m 2[2mms[22m[39m
 [31m├ù[39m src/tests/AvatarPerformanceMonitor.test.ts[2m > [22mAvatarPerformanceMonitor[2m > [22mSugest├Áes de Otimiza├º├úo[2m > [22mdeve sugerir otimiza├º├Áes para uso de mem├│ria[32m 2[2mms[22m[39m
[31m   ÔåÆ expected 0 to be greater than 0[39m
 [32mÔ£ô[39m src/tests/AvatarPerformanceMonitor.test.ts[2m > [22mAvatarPerformanceMonitor[2m > [22mLimpeza e Dispose[2m > [22mdeve limpar hist├│rico corretamente[32m 1[2mms[22m[39m
 [32mÔ£ô[39m src/tests/AvatarPerformanceMonitor.test.ts[2m > [22mAvatarPerformanceMonitor[2m > [22mLimpeza e Dispose[2m > [22mdeve fazer dispose completo[32m 1[2mms[22m[39m
 [32mÔ£ô[39m src/tests/AvatarPerformanceMonitor.test.ts[2m > [22mAvatarPerformanceMonitor[2m > [22mCasos Edge[2m > [22mdeve lidar com aus├¬ncia de performance.memory[32m 1[2mms[22m[39m
 [32mÔ£ô[39m src/tests/AvatarPerformanceMonitor.test.ts[2m > [22mAvatarPerformanceMonitor[2m > [22mCasos Edge[2m > [22mdeve retornar null quando n├úo h├í m├®tricas[32m 1[2mms[22m[39m
 [32mÔ£ô[39m src/tests/AvatarPerformanceMonitor.test.ts[2m > [22mAvatarPerformanceMonitor[2m > [22mCasos Edge[2m > [22mdeve lidar com hist├│rico vazio nas m├®dias[32m 1[2mms[22m[39m
 [32mÔ£ô[39m src/utils/__tests__/performanceMonitor.test.ts[2m > [22mPerformanceMonitor[2m > [22mBasic Functionality[2m > [22mshould initialize with default values[32m 10[2mms[22m[39m
 [32mÔ£ô[39m src/utils/__tests__/performanceMonitor.test.ts[2m > [22mPerformanceMonitor[2m > [22mBasic Functionality[2m > [22mshould detect hardware capabilities[32m 2[2mms[22m[39m
 [32mÔ£ô[39m src/utils/__tests__/performanceMonitor.test.ts[2m > [22mPerformanceMonitor[2m > [22mBasic Functionality[2m > [22mshould be a singleton[32m 2[2mms[22m[39m
 [32mÔ£ô[39m src/utils/__tests__/performanceMonitor.test.ts[2m > [22mPerformanceMonitor[2m > [22mBasic Functionality[2m > [22mshould handle memory measurement errors gracefully[32m 2[2mms[22m[39m
 [32mÔ£ô[39m src/utils/__tests__/performanceMonitor.test.ts[2m > [22mPerformanceMonitor[2m > [22mMonitoring Control[2m > [22mshould start and stop monitoring[32m 2[2mms[22m[39m
 [32mÔ£ô[39m src/utils/__tests__/performanceMonitor.test.ts[2m > [22mPerformanceMonitor[2m > [22mMonitoring Control[2m > [22mshould not start monitoring if already monitoring[32m 2[2mms[22m[39m
 [32mÔ£ô[39m src/utils/__tests__/performanceMonitor.test.ts[2m > [22mPerformanceMonitor[2m > [22mMonitoring Control[2m > [22mshould not stop monitoring if not monitoring[32m 2[2mms[22m[39m
 [32mÔ£ô[39m src/utils/__tests__/performanceMonitor.test.ts[2m > [22mPerformanceMonitor[2m > [22mMonitoring Control[2m > [22mshould clear monitoring interval on stop[32m 3[2mms[22m[39m
 [32mÔ£ô[39m src/utils/__tests__/performanceMonitor.test.ts[2m > [22mPerformanceMonitor[2m > [22mMetrics Collection[2m > [22mshould update metrics while monitoring[32m 29[2mms[22m[39m
 [32mÔ£ô[39m src/utils/__tests__/performanceMonitor.test.ts[2m > [22mPerformanceMonitor[2m > [22mMetrics Collection[2m > [22mshould calculate average FPS correctly[32m 132[2mms[22m[39m
 [32mÔ£ô[39m src/utils/__tests__/performanceMonitor.test.ts[2m > [22mPerformanceMonitor[2m > [22mMetrics Collection[2m > [22mshould maintain frame history within limits[32m 155[2mms[22m[39m
 [31m├ù[39m src/utils/__tests__/performanceMonitor.test.ts[2m > [22mPerformanceMonitor[2m > [22mMetrics Collection[2m > [22mshould track memory samples correctly[32m 29[2mms[22m[39m
[31m   ÔåÆ expected 0 to be greater than 0[39m
 [32mÔ£ô[39m src/utils/__tests__/performanceMonitor.test.ts[2m > [22mPerformanceMonitor[2m > [22mOptimization Settings[2m > [22mshould update optimization settings[32m 2[2mms[22m[39m
 [32mÔ£ô[39m src/utils/__tests__/performanceMonitor.test.ts[2m > [22mPerformanceMonitor[2m > [22mOptimization Settings[2m > [22mshould maintain default values for unspecified settings[32m 2[2mms[22m[39m
 [32mÔ£ô[39m src/utils/__tests__/performanceMonitor.test.ts[2m > [22mPerformanceMonitor[2m > [22mOptimization Settings[2m > [22mshould validate optimization settings[32m 5[2mms[22m[39m
 [31m├ù[39m src/utils/__tests__/performanceMonitor.test.ts[2m > [22mPerformanceMonitor[2m > [22mWarning Callbacks[2m > [22mshould trigger FPS warning callback[32m 40[2mms[22m[39m
[31m   ÔåÆ expected "spy" to be called with arguments: [ Any<Number> ][90m

Number of calls: [1m0[22m
[31m[39m
 [32mÔ£ô[39m src/utils/__tests__/performanceMonitor.test.ts[2m > [22mPerformanceMonitor[2m > [22mWarning Callbacks[2m > [22mshould trigger memory warning callback[32m 7[2mms[22m[39m
 [32mÔ£ô[39m src/tests/PipelineIntegration.test.ts[2m > [22mPipeline PPTXÔåÆV├¡deo Integration Tests[2m > [22mdeve inicializar o servi├ºo de pipeline corretamente[32m 11[2mms[22m[39m
stderr | src/tests/PipelineIntegration.test.ts > Pipeline PPTXÔåÆV├¡deo Integration Tests > deve validar arquivo PPTX antes do upload
Erro ao iniciar pipeline: Error: Not Found
    at PipelineApiService.startPipeline (C:\xampp\htdocs\Studiotreiax_1\src\services\pipelineApiService.ts:139:15)
    at processTicksAndRejections (node:internal/process/task_queues:95:5)
    at C:\xampp\htdocs\Studiotreiax_1\src\tests\PipelineIntegration.test.ts:58:7
    at file:///C:/xampp/htdocs/Studiotreiax_1/node_modules/@vitest/runner/dist/chunk-hooks.js:752:20

stderr | src/tests/PipelineIntegration.test.ts > Pipeline PPTXÔåÆV├¡deo Integration Tests > deve iniciar pipeline com arquivo PPTX v├ílido
Erro ao iniciar pipeline: Error: Not Found
    at PipelineApiService.startPipeline (C:\xampp\htdocs\Studiotreiax_1\src\services\pipelineApiService.ts:139:15)
    at processTicksAndRejections (node:internal/process/task_queues:95:5)
    at C:\xampp\htdocs\Studiotreiax_1\src\tests\PipelineIntegration.test.ts:66:22
    at file:///C:/xampp/htdocs/Studiotreiax_1/node_modules/@vitest/runner/dist/chunk-hooks.js:752:20

 [32mÔ£ô[39m src/tests/PipelineIntegration.test.ts[2m > [22mPipeline PPTXÔåÆV├¡deo Integration Tests[2m > [22mdeve validar arquivo PPTX antes do upload[32m 178[2mms[22m[39m
stderr | src/tests/PipelineIntegration.test.ts > Pipeline PPTXÔåÆV├¡deo Integration Tests > deve lidar com jobs inexistentes
Erro ao verificar status: Error: Not Found
    at PipelineApiService.getJobStatus (C:\xampp\htdocs\Studiotreiax_1\src\services\pipelineApiService.ts:179:15)
    at processTicksAndRejections (node:internal/process/task_queues:95:5)
    at C:\xampp\htdocs\Studiotreiax_1\src\tests\PipelineIntegration.test.ts:136:22
    at file:///C:/xampp/htdocs/Studiotreiax_1/node_modules/@vitest/runner/dist/chunk-hooks.js:752:20

stderr | src/tests/PipelineIntegration.test.ts > Pipeline PPTXÔåÆV├¡deo Integration Tests > deve validar estrutura de resposta da API
Erro ao iniciar pipeline: Error: Not Found
    at PipelineApiService.startPipeline (C:\xampp\htdocs\Studiotreiax_1\src\services\pipelineApiService.ts:139:15)
    at processTicksAndRejections (node:internal/process/task_queues:95:5)
    at C:\xampp\htdocs\Studiotreiax_1\src\tests\PipelineIntegration.test.ts:143:22
    at file:///C:/xampp/htdocs/Studiotreiax_1/node_modules/@vitest/runner/dist/chunk-hooks.js:752:20

stderr | src/tests/PipelineIntegration.test.ts > Pipeline Performance Tests > deve processar arquivo pequeno em tempo razo├ível
Erro ao iniciar pipeline: Error: Not Found
    at PipelineApiService.startPipeline (C:\xampp\htdocs\Studiotreiax_1\src\services\pipelineApiService.ts:139:15)
    at processTicksAndRejections (node:internal/process/task_queues:95:5)
    at C:\xampp\htdocs\Studiotreiax_1\src\tests\PipelineIntegration.test.ts:179:24
    at file:///C:/xampp/htdocs/Studiotreiax_1/node_modules/@vitest/runner/dist/chunk-hooks.js:752:20

[90mstdout[2m | src/tests/PipelineIntegration.test.ts[2m > [22m[2mPipeline Performance Tests[2m > [22m[2mdeve processar arquivo pequeno em tempo razo├ível
[22m[39mPerformance test failed: AssertionError: expected false to be true // Object.is equality
    at [90mC:\xampp\htdocs\Studiotreiax_1\[39msrc\tests\PipelineIntegration.test.ts:183:32
[90m    at processTicksAndRejections (node:internal/process/task_queues:95:5)[39m
    at [90mfile:///C:/xampp/htdocs/Studiotreiax_1/[39mnode_modules/[4m@vitest[24m/runner/dist/chunk-hooks.js:752:20 {
  actual: [33mfalse[39m,
  expected: [33mtrue[39m,
  showDiff: [33mtrue[39m,
  operator: [32m'strictEqual'[39m
}

stderr | src/tests/PipelineIntegration.test.ts > Pipeline Stress Tests > deve lidar com m├║ltiplas requisi├º├Áes simult├óneas
Erro ao iniciar pipeline: Error: Not Found
    at PipelineApiService.startPipeline (C:\xampp\htdocs\Studiotreiax_1\src\services\pipelineApiService.ts:139:15)
    at processTicksAndRejections (node:internal/process/task_queues:95:5)
    at async Promise.allSettled (index 0)
    at C:\xampp\htdocs\Studiotreiax_1\src\tests\PipelineIntegration.test.ts:205:25
    at file:///C:/xampp/htdocs/Studiotreiax_1/node_modules/@vitest/runner/dist/chunk-hooks.js:752:20

stderr | src/tests/PipelineIntegration.test.ts > Pipeline Stress Tests > deve lidar com m├║ltiplas requisi├º├Áes simult├óneas
Erro ao iniciar pipeline: Error: Not Found
    at PipelineApiService.startPipeline (C:\xampp\htdocs\Studiotreiax_1\src\services\pipelineApiService.ts:139:15)
    at processTicksAndRejections (node:internal/process/task_queues:95:5)
    at async Promise.allSettled (index 1)
    at C:\xampp\htdocs\Studiotreiax_1\src\tests\PipelineIntegration.test.ts:205:25
    at file:///C:/xampp/htdocs/Studiotreiax_1/node_modules/@vitest/runner/dist/chunk-hooks.js:752:20

stderr | src/tests/PipelineIntegration.test.ts > Pipeline Stress Tests > deve lidar com m├║ltiplas requisi├º├Áes simult├óneas
Erro ao iniciar pipeline: Error: Not Found
    at PipelineApiService.startPipeline (C:\xampp\htdocs\Studiotreiax_1\src\services\pipelineApiService.ts:139:15)
    at processTicksAndRejections (node:internal/process/task_queues:95:5)
    at async Promise.allSettled (index 2)
    at C:\xampp\htdocs\Studiotreiax_1\src\tests\PipelineIntegration.test.ts:205:25
    at file:///C:/xampp/htdocs/Studiotreiax_1/node_modules/@vitest/runner/dist/chunk-hooks.js:752:20

[90mstdout[2m | src/tests/PipelineIntegration.test.ts[2m > [22m[2mPipeline Stress Tests[2m > [22m[2mdeve lidar com m├║ltiplas requisi├º├Áes simult├óneas
[22m[39mStress test encountered error: AssertionError: expected 0 to be greater than 0
    at [90mC:\xampp\htdocs\Studiotreiax_1\[39msrc\tests\PipelineIntegration.test.ts:213:42
[90m    at processTicksAndRejections (node:internal/process/task_queues:95:5)[39m
    at [90mfile:///C:/xampp/htdocs/Studiotreiax_1/[39mnode_modules/[4m@vitest[24m/runner/dist/chunk-hooks.js:752:20 {
  actual: [33m0[39m,
  expected: [33m0[39m,
  showDiff: [33mfalse[39m,
  operator: [32m'strictEqual'[39m
}

 [31m├ù[39m src/tests/PipelineIntegration.test.ts[2m > [22mPipeline PPTXÔåÆV├¡deo Integration Tests[2m > [22mdeve iniciar pipeline com arquivo PPTX v├ílido[32m 41[2mms[22m[39m
[31m   ÔåÆ expected false to be true // Object.is equality[39m
 [31m├ù[39m src/tests/PipelineIntegration.test.ts[2m > [22mPipeline PPTXÔåÆV├¡deo Integration Tests[2m > [22mdeve retornar status do job corretamente[32m 2[2mms[22m[39m
[31m   ÔåÆ Job ID n├úo dispon├¡vel para teste[39m
 [31m├ù[39m src/tests/PipelineIntegration.test.ts[2m > [22mPipeline PPTXÔåÆV├¡deo Integration Tests[2m > [22mdeve monitorar progresso do job[32m 2[2mms[22m[39m
[31m   ÔåÆ Job ID n├úo dispon├¡vel para teste[39m
 [32mÔ£ô[39m src/tests/PipelineIntegration.test.ts[2m > [22mPipeline PPTXÔåÆV├¡deo Integration Tests[2m > [22mdeve lidar com jobs inexistentes[32m 14[2mms[22m[39m
 [32mÔ£ô[39m src/tests/PipelineIntegration.test.ts[2m > [22mPipeline PPTXÔåÆV├¡deo Integration Tests[2m > [22mdeve validar estrutura de resposta da API[32m 13[2mms[22m[39m
 [32mÔ£ô[39m src/tests/PipelineIntegration.test.ts[2m > [22mPipeline Performance Tests[2m > [22mdeve processar arquivo pequeno em tempo razo├ível[32m 16[2mms[22m[39m
 [32mÔ£ô[39m src/tests/PipelineIntegration.test.ts[2m > [22mPipeline Stress Tests[2m > [22mdeve lidar com m├║ltiplas requisi├º├Áes simult├óneas[32m 43[2mms[22m[39m
stderr | src/lib/pptx/__tests__/pptx-system.test.ts > Sistema PPTX - Testes Integrados > PPTXContentExtractor > deve extrair conte├║do de arquivo PPTX com sucesso
ÔØî Failed to initialize worker worker-1758312312937-04dzbsswb: ReferenceError: Worker is not defined
    at PPTXWorker.initializeWorker (C:\xampp\htdocs\Studiotreiax_1\src\lib\pptx\parallel-processor.ts:201:25)
    at new PPTXWorker (C:\xampp\htdocs\Studiotreiax_1\src\lib\pptx\parallel-processor.ts:79:10)
    at ParallelProcessor.createWorker (C:\xampp\htdocs\Studiotreiax_1\src\lib\pptx\parallel-processor.ts:369:20)
    at ParallelProcessor.initializeMinWorkers (C:\xampp\htdocs\Studiotreiax_1\src\lib\pptx\parallel-processor.ts:363:12)
    at new ParallelProcessor (C:\xampp\htdocs\Studiotreiax_1\src\lib\pptx\parallel-processor.ts:346:10)
    at Function.getInstance (C:\xampp\htdocs\Studiotreiax_1\src\lib\pptx\parallel-processor.ts:352:36)
    at C:\xampp\htdocs\Studiotreiax_1\src\lib\pptx\__tests__\pptx-system.test.ts:80:43
    at file:///C:/xampp/htdocs/Studiotreiax_1/node_modules/@vitest/runner/dist/chunk-hooks.js:155:11
    at file:///C:/xampp/htdocs/Studiotreiax_1/node_modules/@vitest/runner/dist/chunk-hooks.js:1897:20
    at new Promise (<anonymous>)

 [31m├ù[39m src/lib/pptx/__tests__/pptx-system.test.ts[2m > [22mSistema PPTX - Testes Integrados[2m > [22mPPTXContentExtractor[2m > [22mdeve extrair conte├║do de arquivo PPTX com sucesso[32m 40[2mms[22m[39m
[31m   ÔåÆ expected 'Erro na Convers├úo' to be 'Test Slide' // Object.is equality[39m
 [31m├ù[39m src/lib/pptx/__tests__/pptx-system.test.ts[2m > [22mSistema PPTX - Testes Integrados[2m > [22mPPTXContentExtractor[2m > [22mdeve gerar conte├║do mock quando solicitado[32m 5[2mms[22m[39m
[31m   ÔåÆ fileName.toLowerCase is not a function[39m
 [31m├ù[39m src/lib/pptx/__tests__/pptx-system.test.ts[2m > [22mSistema PPTX - Testes Integrados[2m > [22mPPTXContentExtractor[2m > [22mdeve usar cache quando habilitado[32m 6[2mms[22m[39m
[31m   ÔåÆ Falha na extra├º├úo: Erro desconhecido[39m
 [32mÔ£ô[39m src/lib/pptx/__tests__/pptx-system.test.ts[2m > [22mSistema PPTX - Testes Integrados[2m > [22mPPTXContentExtractor[2m > [22mdeve lidar com erros de extra├º├úo graciosamente[32m 6[2mms[22m[39m
 [31m├ù[39m src/lib/pptx/__tests__/pptx-system.test.ts[2m > [22mSistema PPTX - Testes Integrados[2m > [22mSlideDataValidator[2m > [22mdeve validar slides corretamente[32m 3[2mms[22m[39m
[31m   ÔåÆ Cannot read properties of undefined (reading 'totalSlides')[39m
 [31m├ù[39m src/lib/pptx/__tests__/pptx-system.test.ts[2m > [22mSistema PPTX - Testes Integrados[2m > [22mSlideDataValidator[2m > [22mdeve detectar slides inv├ílidos[32m 2[2mms[22m[39m
[31m   ÔåÆ Cannot read properties of undefined (reading 'validSlides')[39m
 [31m├ù[39m src/lib/pptx/__tests__/pptx-system.test.ts[2m > [22mSistema PPTX - Testes Integrados[2m > [22mSlideDataValidator[2m > [22mdeve validar mapeamento de divs[32m 4[2mms[22m[39m
[31m   ÔåÆ slides.forEach is not a function[39m
 [31m├ù[39m src/lib/pptx/__tests__/pptx-system.test.ts[2m > [22mSistema PPTX - Testes Integrados[2m > [22mSlideDataValidator[2m > [22mdeve gerar relat├│rio de valida├º├úo detalhado[32m 2[2mms[22m[39m
[31m   ÔåÆ slides.forEach is not a function[39m
 [31m├ù[39m src/lib/pptx/__tests__/pptx-system.test.ts[2m > [22mSistema PPTX - Testes Integrados[2m > [22mAutoCorrectionService[2m > [22mdeve corrigir slides automaticamente[32m 7[2mms[22m[39m
[31m   ÔåÆ Cannot read properties of undefined (reading 'totalCorrections')[39m
 [31m├ù[39m src/lib/pptx/__tests__/pptx-system.test.ts[2m > [22mSistema PPTX - Testes Integrados[2m > [22mAutoCorrectionService[2m > [22mdeve validar e corrigir slides em uma opera├º├úo[32m 3[2mms[22m[39m
[31m   ÔåÆ autoCorrection.validateAndCorrectSlides is not a function[39m
 [32mÔ£ô[39m src/lib/pptx/__tests__/pptx-system.test.ts[2m > [22mSistema PPTX - Testes Integrados[2m > [22mAutoCorrectionService[2m > [22mdeve aplicar configura├º├Áes de corre├º├úo personalizadas[32m 9[2mms[22m[39m
 [31m├ù[39m src/lib/pptx/__tests__/pptx-system.test.ts[2m > [22mSistema PPTX - Testes Integrados[2m > [22mParallelProcessor[2m > [22mdeve processar tarefas em paralelo[32m 3[2mms[22m[39m
[31m   ÔåÆ parallelProcessor.process is not a function[39m
 [31m├ù[39m src/lib/pptx/__tests__/pptx-system.test.ts[2m > [22mSistema PPTX - Testes Integrados[2m > [22mParallelProcessor[2m > [22mdeve lidar com falhas de tarefas[32m 2[2mms[22m[39m
[31m   ÔåÆ parallelProcessor.process is not a function[39m
 [31m├ù[39m src/lib/pptx/__tests__/pptx-system.test.ts[2m > [22mSistema PPTX - Testes Integrados[2m > [22mParallelProcessor[2m > [22mdeve respeitar timeout de tarefas[32m 2[2mms[22m[39m
[31m   ÔåÆ parallelProcessor.process is not a function[39m
 [31m├ù[39m src/lib/pptx/__tests__/pptx-system.test.ts[2m > [22mSistema PPTX - Testes Integrados[2m > [22mProgressTracker[2m > [22mdeve rastrear progresso de m├║ltiplas etapas[32m 2[2mms[22m[39m
[31m   ÔåÆ progressTracker.initialize is not a function[39m
 [31m├ù[39m src/lib/pptx/__tests__/pptx-system.test.ts[2m > [22mSistema PPTX - Testes Integrados[2m > [22mProgressTracker[2m > [22mdeve atualizar progresso corretamente[32m 2[2mms[22m[39m
[31m   ÔåÆ progressTracker.initialize is not a function[39m
 [31m├ù[39m src/lib/pptx/__tests__/pptx-system.test.ts[2m > [22mSistema PPTX - Testes Integrados[2m > [22mProgressTracker[2m > [22mdeve chamar callback de progresso[32m 2[2mms[22m[39m
[31m   ÔåÆ progressTracker.initialize is not a function[39m
 [32mÔ£ô[39m src/lib/pptx/__tests__/pptx-system.test.ts[2m > [22mSistema PPTX - Testes Integrados[2m > [22mMultiLayerCache[2m > [22mdeve armazenar e recuperar dados do cache[32m 3[2mms[22m[39m
 [32mÔ£ô[39m src/lib/pptx/__tests__/pptx-system.test.ts[2m > [22mSistema PPTX - Testes Integrados[2m > [22mMultiLayerCache[2m > [22mdeve retornar null para chaves inexistentes[32m 2[2mms[22m[39m
 [32mÔ£ô[39m src/lib/pptx/__tests__/pptx-system.test.ts[2m > [22mSistema PPTX - Testes Integrados[2m > [22mMultiLayerCache[2m > [22mdeve deletar dados do cache[32m 2[2mms[22m[39m
 [32mÔ£ô[39m src/lib/pptx/__tests__/pptx-system.test.ts[2m > [22mSistema PPTX - Testes Integrados[2m > [22mMultiLayerCache[2m > [22mdeve limpar todo o cache[32m 2[2mms[22m[39m
 [31m├ù[39m src/lib/pptx/__tests__/pptx-system.test.ts[2m > [22mSistema PPTX - Testes Integrados[2m > [22mMultiLayerCache[2m > [22mdeve fornecer estat├¡sticas do cache[32m 11[2mms[22m[39m
[31m   ÔåÆ actual value must be number or bigint, received "undefined"[39m
 [32mÔ£ô[39m src/lib/pptx/__tests__/pptx-system.test.ts[2m > [22mSistema PPTX - Testes Integrados[2m > [22mComplexElementsExtractor[2m > [22mdeve extrair elementos complexos de slides[32m 2[2mms[22m[39m
 [32mÔ£ô[39m src/lib/pptx/__tests__/pptx-system.test.ts[2m > [22mSistema PPTX - Testes Integrados[2m > [22mComplexElementsExtractor[2m > [22mdeve configurar op├º├Áes de extra├º├úo[32m 2[2mms[22m[39m
 [32mÔ£ô[39m src/lib/pptx/__tests__/pptx-system.test.ts[2m > [22mSistema PPTX - Testes Integrados[2m > [22mComplexElementsExtractor[2m > [22mdeve lidar com erros de extra├º├úo[32m 3[2mms[22m[39m
 [31m├ù[39m src/lib/pptx/__tests__/pptx-system.test.ts[2m > [22mSistema PPTX - Testes Integrados[2m > [22mIntegra├º├úo Completa do Sistema[2m > [22mdeve executar fluxo completo de extra├º├úo com todas as funcionalidades[32m 3[2mms[22m[39m
[31m   ÔåÆ expected undefined to be defined[39m
 [31m├ù[39m src/lib/pptx/__tests__/pptx-system.test.ts[2m > [22mSistema PPTX - Testes Integrados[2m > [22mIntegra├º├úo Completa do Sistema[2m > [22mdeve manter performance adequada com m├║ltiplos slides[32m 9[2mms[22m[39m
[31m   ÔåÆ expected [ { id: 'slide-error', ÔÇª(5) } ] to have a length of 10 but got 1[39m
 [31m├ù[39m src/lib/pptx/__tests__/pptx-system.test.ts[2m > [22mSistema PPTX - Testes Integrados[2m > [22mIntegra├º├úo Completa do Sistema[2m > [22mdeve recuperar graciosamente de falhas parciais[32m 4[2mms[22m[39m
[31m   ÔåÆ Cannot read properties of undefined (reading 'summary')[39m
 [32mÔ£ô[39m src/lib/pptx/__tests__/pptx-system.test.ts[2m > [22mSistema PPTX - Testes Integrados[2m > [22mTestes de Performance[2m > [22mdeve processar cache eficientemente[32m 3[2mms[22m[39m
 [31m├ù[39m src/lib/pptx/__tests__/pptx-system.test.ts[2m > [22mSistema PPTX - Testes Integrados[2m > [22mTestes de Performance[2m > [22mdeve manter memory usage controlado[32m 5[2mms[22m[39m
[31m   ÔåÆ actual value must be number or bigint, received "undefined"[39m
 [32mÔ£ô[39m src/lib/pptx/__tests__/pptx-system.test.ts[2m > [22mSistema PPTX - Testes Integrados[2m > [22mTestes de Compatibilidade[2m > [22mdeve lidar com diferentes formatos de arquivo[32m 3[2mms[22m[39m
 [31m├ù[39m src/lib/pptx/__tests__/pptx-system.test.ts[2m > [22mSistema PPTX - Testes Integrados[2m > [22mTestes de Compatibilidade[2m > [22mdeve funcionar com slides de diferentes dimens├Áes[32m 3[2mms[22m[39m
[31m   ÔåÆ expected undefined to be 1920 // Object.is equality[39m
 [31m├ù[39m src/lib/pptx/__tests__/pptx-system.test.ts[2m > [22mFun├º├Áes Utilit├írias[2m > [22mdeve validar elementos complexos corretamente[32m 8[2mms[22m[39m
[31m   ÔåÆ Cannot find module '../complex-elements-extractor'
Require stack:
- C:\xampp\htdocs\Studiotreiax_1\src\lib\pptx\__tests__\pptx-system.test.ts[39m
 [31m├ù[39m src/lib/pptx/__tests__/pptx-system.test.ts[2m > [22mFun├º├Áes Utilit├írias[2m > [22mdeve otimizar elementos para web[32m 5[2mms[22m[39m
[31m   ÔåÆ Cannot find module '../complex-elements-extractor'
Require stack:
- C:\xampp\htdocs\Studiotreiax_1\src\lib\pptx\__tests__\pptx-system.test.ts[39m
 [32mÔ£ô[39m src/services/__tests__/tts-logger.test.ts[2m > [22mTTSLogger[2m > [22mConstructor[2m > [22mshould initialize with default options[32m 7[2mms[22m[39m
 [32mÔ£ô[39m src/services/__tests__/tts-logger.test.ts[2m > [22mTTSLogger[2m > [22mConstructor[2m > [22mshould initialize with custom options[32m 2[2mms[22m[39m
 [32mÔ£ô[39m src/services/__tests__/tts-logger.test.ts[2m > [22mTTSLogger[2m > [22mConstructor[2m > [22mshould load existing logs from storage[32m 5[2mms[22m[39m
 [32mÔ£ô[39m src/services/__tests__/tts-logger.test.ts[2m > [22mTTSLogger[2m > [22mBasic Logging[2m > [22mshould log info messages[32m 3[2mms[22m[39m
 [32mÔ£ô[39m src/services/__tests__/tts-logger.test.ts[2m > [22mTTSLogger[2m > [22mBasic Logging[2m > [22mshould log warning messages[32m 2[2mms[22m[39m
 [32mÔ£ô[39m src/services/__tests__/tts-logger.test.ts[2m > [22mTTSLogger[2m > [22mBasic Logging[2m > [22mshould log error messages[32m 2[2mms[22m[39m
 [32mÔ£ô[39m src/services/__tests__/tts-logger.test.ts[2m > [22mTTSLogger[2m > [22mBasic Logging[2m > [22mshould log debug messages[32m 2[2mms[22m[39m
 [32mÔ£ô[39m src/services/__tests__/tts-logger.test.ts[2m > [22mTTSLogger[2m > [22mSpecialized Logging Methods[2m > [22mshould log synthesis attempts[32m 2[2mms[22m[39m
 [32mÔ£ô[39m src/services/__tests__/tts-logger.test.ts[2m > [22mTTSLogger[2m > [22mSpecialized Logging Methods[2m > [22mshould log synthesis success[32m 2[2mms[22m[39m
 [32mÔ£ô[39m src/services/__tests__/tts-logger.test.ts[2m > [22mTTSLogger[2m > [22mSpecialized Logging Methods[2m > [22mshould log synthesis failure[32m 2[2mms[22m[39m
 [32mÔ£ô[39m src/services/__tests__/tts-logger.test.ts[2m > [22mTTSLogger[2m > [22mSpecialized Logging Methods[2m > [22mshould log fallback usage[32m 2[2mms[22m[39m
 [31m├ù[39m src/services/__tests__/tts-logger.test.ts[2m > [22mTTSLogger[2m > [22mSpecialized Logging Methods[2m > [22mshould log health checks[32m 18[2mms[22m[39m
[31m   ÔåÆ expected false to be true // Object.is equality[39m
 [31m├ù[39m src/services/__tests__/tts-logger.test.ts[2m > [22mTTSLogger[2m > [22mLog Management[2m > [22mshould maintain maximum log limit[32m 6[2mms[22m[39m
[31m   ÔåÆ expected 'Message 2' to be 'Message 4' // Object.is equality[39m
 [32mÔ£ô[39m src/services/__tests__/tts-logger.test.ts[2m > [22mTTSLogger[2m > [22mLog Management[2m > [22mshould clear all logs[32m 2[2mms[22m[39m
 [32mÔ£ô[39m src/services/__tests__/tts-logger.test.ts[2m > [22mTTSLogger[2m > [22mLog Filtering[2m > [22mshould filter by level[32m 2[2mms[22m[39m
 [32mÔ£ô[39m src/services/__tests__/tts-logger.test.ts[2m > [22mTTSLogger[2m > [22mLog Filtering[2m > [22mshould filter by provider[32m 2[2mms[22m[39m
 [32mÔ£ô[39m src/services/__tests__/tts-logger.test.ts[2m > [22mTTSLogger[2m > [22mLog Filtering[2m > [22mshould filter by action[32m 2[2mms[22m[39m
 [31m├ù[39m src/services/__tests__/tts-logger.test.ts[2m > [22mTTSLogger[2m > [22mLog Filtering[2m > [22mshould filter by date[32m 13[2mms[22m[39m
[31m   ÔåÆ expected [ { ÔÇª(7) }, { ÔÇª(7) }, { ÔÇª(7) }, ÔÇª(2) ] to have a length of +0 but got 5[39m
 [32mÔ£ô[39m src/services/__tests__/tts-logger.test.ts[2m > [22mTTSLogger[2m > [22mLog Filtering[2m > [22mshould limit results[32m 2[2mms[22m[39m
 [32mÔ£ô[39m src/services/__tests__/tts-logger.test.ts[2m > [22mTTSLogger[2m > [22mLog Filtering[2m > [22mshould combine multiple filters[32m 2[2mms[22m[39m
 [32mÔ£ô[39m src/services/__tests__/tts-logger.test.ts[2m > [22mTTSLogger[2m > [22mMetrics and Analytics[2m > [22mshould calculate basic metrics[32m 3[2mms[22m[39m
 [32mÔ£ô[39m src/services/__tests__/tts-logger.test.ts[2m > [22mTTSLogger[2m > [22mMetrics and Analytics[2m > [22mshould calculate average response time[32m 2[2mms[22m[39m
 [32mÔ£ô[39m src/services/__tests__/tts-logger.test.ts[2m > [22mTTSLogger[2m > [22mMetrics and Analytics[2m > [22mshould track provider usage[32m 2[2mms[22m[39m
 [32mÔ£ô[39m src/services/__tests__/tts-logger.test.ts[2m > [22mTTSLogger[2m > [22mMetrics and Analytics[2m > [22mshould track error types[32m 2[2mms[22m[39m
 [32mÔ£ô[39m src/services/__tests__/tts-logger.test.ts[2m > [22mTTSLogger[2m > [22mMetrics and Analytics[2m > [22mshould get recent errors[32m 2[2mms[22m[39m
 [32mÔ£ô[39m src/services/__tests__/tts-logger.test.ts[2m > [22mTTSLogger[2m > [22mMetrics and Analytics[2m > [22mshould get provider performance[32m 4[2mms[22m[39m
 [32mÔ£ô[39m src/services/__tests__/tts-logger.test.ts[2m > [22mTTSLogger[2m > [22mStorage Integration[2m > [22mshould save logs to localStorage[32m 5[2mms[22m[39m
 [32mÔ£ô[39m src/services/__tests__/tts-logger.test.ts[2m > [22mTTSLogger[2m > [22mStorage Integration[2m > [22mshould handle storage errors gracefully[32m 4[2mms[22m[39m
 [32mÔ£ô[39m src/services/__tests__/tts-logger.test.ts[2m > [22mTTSLogger[2m > [22mStorage Integration[2m > [22mshould handle corrupted storage data[32m 2[2mms[22m[39m
 [31m├ù[39m src/services/__tests__/tts-logger.test.ts[2m > [22mTTSLogger[2m > [22mConsole Output[2m > [22mshould output to console when enabled[32m 3[2mms[22m[39m
[31m   ÔåÆ expected "spy" to be called with arguments: [ StringContaining "Ôä╣´©Å", ÔÇª(2) ][90m

Number of calls: [1m0[22m
[31m[39m
 [31m├ù[39m src/services/__tests__/tts-logger.test.ts[2m > [22mTTSLogger[2m > [22mConsole Output[2m > [22mshould use appropriate console methods for different levels[32m 3[2mms[22m[39m
[31m   ÔåÆ expected "spy" to be called at least once[39m
 [32mÔ£ô[39m src/services/__tests__/tts-logger.test.ts[2m > [22mTTSLogger[2m > [22mConsole Output[2m > [22mshould not output to console when disabled[32m 1[2mms[22m[39m
 [32mÔ£ô[39m src/services/__tests__/tts-logger.test.ts[2m > [22mTTSLogger[2m > [22mExport and Import[2m > [22mshould export logs as JSON[32m 4[2mms[22m[39m
 [32mÔ£ô[39m src/services/__tests__/tts-logger.test.ts[2m > [22mTTSLogger[2m > [22mEdge Cases[2m > [22mshould handle undefined metadata[32m 2[2mms[22m[39m
 [32mÔ£ô[39m src/services/__tests__/tts-logger.test.ts[2m > [22mTTSLogger[2m > [22mEdge Cases[2m > [22mshould handle empty strings[32m 2[2mms[22m[39m
 [32mÔ£ô[39m src/services/__tests__/tts-logger.test.ts[2m > [22mTTSLogger[2m > [22mEdge Cases[2m > [22mshould handle very large metadata objects[32m 2[2mms[22m[39m
 [31m├ù[39m src/lib/pptx/__tests__/auto-correction.test.ts[2m > [22mAutoCorrectionService[2m > [22mCorre├º├úo de T├¡tulos[2m > [22mdeve corrigir t├¡tulo vazio[32m 25[2mms[22m[39m
[31m   ÔåÆ expected 'Este  o contedo principal do slide soÔÇª' to contain 'Slide'[39m
 [31m├ù[39m src/lib/pptx/__tests__/auto-correction.test.ts[2m > [22mAutoCorrectionService[2m > [22mCorre├º├úo de T├¡tulos[2m > [22mdeve gerar t├¡tulo baseado no conte├║do[32m 10[2mms[22m[39m
[31m   ÔåÆ expected false to be true // Object.is equality[39m
 [31m├ù[39m src/lib/pptx/__tests__/auto-correction.test.ts[2m > [22mAutoCorrectionService[2m > [22mCorre├º├úo de T├¡tulos[2m > [22mdeve limpar e formatar t├¡tulo existente[32m 4[2mms[22m[39m
[31m   ÔåÆ expected 'ttulo com espaos extras e formatao ruÔÇª' to be 'T├¡tulo com espa├ºos extras e formata├º├úÔÇª' // Object.is equality[39m
 [31m├ù[39m src/lib/pptx/__tests__/auto-correction.test.ts[2m > [22mAutoCorrectionService[2m > [22mCorre├º├úo de T├¡tulos[2m > [22mdeve capitalizar primeira letra do t├¡tulo[32m 3[2mms[22m[39m
[31m   ÔåÆ expected 'ttulo sem capitalizao' to be 'T├¡tulo sem capitaliza├º├úo' // Object.is equality[39m
 [31m├ù[39m src/lib/pptx/__tests__/auto-correction.test.ts[2m > [22mAutoCorrectionService[2m > [22mCorre├º├úo de T├¡tulos[2m > [22mdeve truncar t├¡tulo muito longo[32m 2[2mms[22m[39m
[31m   ÔåÆ expected 150 to be less than or equal to 100[39m
 [31m├ù[39m src/lib/pptx/__tests__/auto-correction.test.ts[2m > [22mAutoCorrectionService[2m > [22mCorre├º├úo de Conte├║do[2m > [22mdeve expandir conte├║do muito curto[32m 3[2mms[22m[39m
[31m   ÔåÆ expected false to be true // Object.is equality[39m
 [31m├ù[39m src/lib/pptx/__tests__/auto-correction.test.ts[2m > [22mAutoCorrectionService[2m > [22mCorre├º├úo de Conte├║do[2m > [22mdeve limpar formata├º├úo desnecess├íria do conte├║do[32m 4[2mms[22m[39m
[31m   ÔåÆ expected 'Contedo com espaos extras e muitas quÔÇª' to be 'Conte├║do com espa├ºos extras e\n\nmuitÔÇª' // Object.is equality[39m
 [31m├ù[39m src/lib/pptx/__tests__/auto-correction.test.ts[2m > [22mAutoCorrectionService[2m > [22mCorre├º├úo de Conte├║do[2m > [22mdeve corrigir pontua├º├úo b├ísica[32m 3[2mms[22m[39m
[31m   ÔåÆ expected 'primeiro ponto segundo ponto terceiroÔÇª' to match /[.!?]/[39m
 [31m├ù[39m src/lib/pptx/__tests__/auto-correction.test.ts[2m > [22mAutoCorrectionService[2m > [22mCorre├º├úo de Conte├║do[2m > [22mdeve estruturar listas n├úo formatadas[32m 3[2mms[22m[39m
[31m   ÔåÆ expected 'Item um Item dois Item trs Item quatro' to match /ÔÇó|\*|-|\d\./[39m
 [31m├ù[39m src/lib/pptx/__tests__/auto-correction.test.ts[2m > [22mAutoCorrectionService[2m > [22mCorre├º├úo de Conte├║do[2m > [22mdeve truncar conte├║do excessivamente longo[32m 3[2mms[22m[39m
[31m   ÔåÆ expected 5000 to be less than 5000[39m
 [31m├ù[39m src/lib/pptx/__tests__/auto-correction.test.ts[2m > [22mAutoCorrectionService[2m > [22mCorre├º├úo de Imagens[2m > [22mdeve corrigir URLs de imagens inv├ílidas[32m 4[2mms[22m[39m
[31m   ÔåÆ expected false to be true // Object.is equality[39m
 [31m├ù[39m src/lib/pptx/__tests__/auto-correction.test.ts[2m > [22mAutoCorrectionService[2m > [22mCorre├º├úo de Imagens[2m > [22mdeve gerar texto alternativo ausente[32m 4[2mms[22m[39m
[31m   ÔåÆ expected false to be true // Object.is equality[39m
 [31m├ù[39m src/lib/pptx/__tests__/auto-correction.test.ts[2m > [22mAutoCorrectionService[2m > [22mCorre├º├úo de Imagens[2m > [22mdeve corrigir posicionamento inv├ílido de imagens[32m 2[2mms[22m[39m
[31m   ÔåÆ expected -50 to be greater than or equal to 0[39m
 [31m├ù[39m src/lib/pptx/__tests__/auto-correction.test.ts[2m > [22mAutoCorrectionService[2m > [22mCorre├º├úo de Imagens[2m > [22mdeve remover imagens duplicadas[32m 14[2mms[22m[39m
[31m   ÔåÆ expected [ { ÔÇª(6) }, { ÔÇª(6) } ] to have a length of 1 but got 2[39m
 [31m├ù[39m src/lib/pptx/__tests__/auto-correction.test.ts[2m > [22mAutoCorrectionService[2m > [22mCorre├º├úo de Imagens[2m > [22mdeve otimizar muitas imagens em um slide[32m 2[2mms[22m[39m
[31m   ÔåÆ expected 15 to be less than or equal to 10[39m
 [31m├ù[39m src/lib/pptx/__tests__/auto-correction.test.ts[2m > [22mAutoCorrectionService[2m > [22mCorre├º├úo de Dimens├Áes[2m > [22mdeve corrigir dimens├Áes inv├ílidas do slide[32m 2[2mms[22m[39m
[31m   ÔåÆ expected 0 to be greater than 0[39m
 [31m├ù[39m src/lib/pptx/__tests__/auto-correction.test.ts[2m > [22mAutoCorrectionService[2m > [22mCorre├º├úo de Dimens├Áes[2m > [22mdeve aplicar propor├º├Áes padr├úo quando necess├írio[32m 2[2mms[22m[39m
[31m   ÔåÆ expected 0.05 to be close to 1.7777777777777777, received difference is 1.7277777777777776, but expected 0.05[39m
 [31m├ù[39m src/lib/pptx/__tests__/auto-correction.test.ts[2m > [22mAutoCorrectionService[2m > [22mCorre├º├úo de M├║ltiplos Slides[2m > [22mdeve corrigir array de slides[32m 3[2mms[22m[39m
[31m   ÔåÆ Cannot read properties of undefined (reading 'totalSlides')[39m
 [31m├ù[39m src/lib/pptx/__tests__/auto-correction.test.ts[2m > [22mAutoCorrectionService[2m > [22mCorre├º├úo de M├║ltiplos Slides[2m > [22mdeve detectar e corrigir inconsist├¬ncias entre slides[32m 2[2mms[22m[39m
[31m   ÔåÆ expected 2 to be 1 // Object.is equality[39m
 [31m├ù[39m src/lib/pptx/__tests__/auto-correction.test.ts[2m > [22mAutoCorrectionService[2m > [22mCorre├º├úo de M├║ltiplos Slides[2m > [22mdeve normalizar estilos entre slides[32m 4[2mms[22m[39m
[31m   ÔåÆ expected 'c' to be 'C' // Object.is equality[39m
 [32mÔ£ô[39m src/lib/pptx/__tests__/auto-correction.test.ts[2m > [22mAutoCorrectionService[2m > [22mConfigura├º├úo do Servi├ºo[2m > [22mdeve aplicar configura├º├Áes personalizadas[32m 2[2mms[22m[39m
 [32mÔ£ô[39m src/lib/pptx/__tests__/auto-correction.test.ts[2m > [22mAutoCorrectionService[2m > [22mConfigura├º├úo do Servi├ºo[2m > [22mdeve usar configura├º├úo padr├úo quando n├úo especificada[32m 1[2mms[22m[39m
 [31m├ù[39m src/lib/pptx/__tests__/auto-correction.test.ts[2m > [22mAutoCorrectionService[2m > [22mGera├º├úo de Relat├│rios[2m > [22mdeve gerar relat├│rio detalhado de corre├º├Áes[32m 1[2mms[22m[39m
[31m   ÔåÆ correctionService.generateCorrectionReport is not a function[39m
 [31m├ù[39m src/lib/pptx/__tests__/auto-correction.test.ts[2m > [22mAutoCorrectionService[2m > [22mGera├º├úo de Relat├│rios[2m > [22mdeve incluir estat├¡sticas por tipo de corre├º├úo[32m 1[2mms[22m[39m
[31m   ÔåÆ correctionService.generateCorrectionReport is not a function[39m
 [31m├ù[39m src/lib/pptx/__tests__/auto-correction.test.ts[2m > [22mAutoCorrectionService[2m > [22mFun├º├Áes Utilit├írias[2m > [22mcorrectSlideData deve funcionar corretamente[32m 1[2mms[22m[39m
[31m   ÔåÆ correctSlideData is not a function[39m
 [31m├ù[39m src/lib/pptx/__tests__/auto-correction.test.ts[2m > [22mAutoCorrectionService[2m > [22mFun├º├Áes Utilit├írias[2m > [22mgenerateCorrectionReport deve funcionar como fun├º├úo standalone[32m 1[2mms[22m[39m
[31m   ÔåÆ generateCorrectionReport is not a function[39m
 [32mÔ£ô[39m src/lib/pptx/__tests__/auto-correction.test.ts[2m > [22mAutoCorrectionService[2m > [22mCasos Extremos[2m > [22mdeve lidar com slides completamente vazios[32m 1[2mms[22m[39m
 [32mÔ£ô[39m src/lib/pptx/__tests__/auto-correction.test.ts[2m > [22mAutoCorrectionService[2m > [22mCasos Extremos[2m > [22mdeve lidar com propriedades null/undefined[32m 1[2mms[22m[39m
 [31m├ù[39m src/lib/pptx/__tests__/auto-correction.test.ts[2m > [22mAutoCorrectionService[2m > [22mCasos Extremos[2m > [22mdeve lidar com array vazio de slides[32m 1[2mms[22m[39m
[31m   ÔåÆ Cannot read properties of undefined (reading 'totalSlides')[39m
 [31m├ù[39m src/lib/pptx/__tests__/auto-correction.test.ts[2m > [22mAutoCorrectionService[2m > [22mCasos Extremos[2m > [22mdeve lidar com dados corrompidos[32m 4[2mms[22m[39m
[31m   ÔåÆ slide.title.trim is not a function[39m
 [31m├ù[39m src/lib/pptx/__tests__/auto-correction.test.ts[2m > [22mAutoCorrectionService[2m > [22mPerformance[2m > [22mdeve corrigir muitos slides em tempo razo├ível[32m 17[2mms[22m[39m
[31m   ÔåÆ Cannot read properties of undefined (reading 'totalSlides')[39m
 [32mÔ£ô[39m src/lib/pptx/__tests__/auto-correction.test.ts[2m > [22mAutoCorrectionService[2m > [22mPerformance[2m > [22mdeve ser eficiente com corre├º├Áes complexas[32m 2[2mms[22m[39m
 [31m├ù[39m src/services/__tests__/multi-layer-cache.test.ts[2m > [22mMultiLayerCache[2m > [22mset and get operations[2m > [22mshould store and retrieve data from memory cache[32m 14[2mms[22m[39m
[31m   ÔåÆ indexedDB is not defined[39m
[31m   ÔåÆ indexedDB is not defined[39m
 [31m├ù[39m src/services/__tests__/multi-layer-cache.test.ts[2m > [22mMultiLayerCache[2m > [22mset and get operations[2m > [22mshould handle complex objects[32m 3[2mms[22m[39m
[31m   ÔåÆ indexedDB is not defined[39m
[31m   ÔåÆ indexedDB is not defined[39m
 [31m├ù[39m src/services/__tests__/multi-layer-cache.test.ts[2m > [22mMultiLayerCache[2m > [22mset and get operations[2m > [22mshould return null for non-existent keys[32m 3[2mms[22m[39m
[31m   ÔåÆ indexedDB is not defined[39m
[31m   ÔåÆ indexedDB is not defined[39m
 [31m├ù[39m src/services/__tests__/multi-layer-cache.test.ts[2m > [22mMultiLayerCache[2m > [22mTTL (Time To Live)[2m > [22mshould expire data after TTL[32m 2[2mms[22m[39m
[31m   ÔåÆ indexedDB is not defined[39m
[31m   ÔåÆ indexedDB is not defined[39m
 [31m├ù[39m src/services/__tests__/multi-layer-cache.test.ts[2m > [22mMultiLayerCache[2m > [22mcache layers[2m > [22mshould promote data from lower to higher layers on access[32m 3[2mms[22m[39m
[31m   ÔåÆ LocalStorageCache is not a constructor[39m
[31m   ÔåÆ indexedDB is not defined[39m
 [31m├ù[39m src/services/__tests__/multi-layer-cache.test.ts[2m > [22mMultiLayerCache[2m > [22mcache layers[2m > [22mshould fall back to lower layers when data not in higher layers[32m 2[2mms[22m[39m
[31m   ÔåÆ IndexedDBCache is not a constructor[39m
[31m   ÔåÆ indexedDB is not defined[39m
 [31m├ù[39m src/services/__tests__/multi-layer-cache.test.ts[2m > [22mMultiLayerCache[2m > [22meviction policies[2m > [22mshould evict least recently used items when cache is full[32m 2[2mms[22m[39m
[31m   ÔåÆ indexedDB is not defined[39m
[31m   ÔåÆ indexedDB is not defined[39m
 [31m├ù[39m src/services/__tests__/multi-layer-cache.test.ts[2m > [22mMultiLayerCache[2m > [22mbatch operations[2m > [22mshould handle batch set operations[32m 2[2mms[22m[39m
[31m   ÔåÆ cache.setMany is not a function[39m
[31m   ÔåÆ indexedDB is not defined[39m
 [31m├ù[39m src/services/__tests__/multi-layer-cache.test.ts[2m > [22mMultiLayerCache[2m > [22mbatch operations[2m > [22mshould handle batch get operations[32m 2[2mms[22m[39m
[31m   ÔåÆ indexedDB is not defined[39m
[31m   ÔåÆ indexedDB is not defined[39m
 [31m├ù[39m src/services/__tests__/multi-layer-cache.test.ts[2m > [22mMultiLayerCache[2m > [22mdelete operations[2m > [22mshould delete data from all layers[32m 2[2mms[22m[39m
[31m   ÔåÆ indexedDB is not defined[39m
[31m   ÔåÆ indexedDB is not defined[39m
 [31m├ù[39m src/services/__tests__/multi-layer-cache.test.ts[2m > [22mMultiLayerCache[2m > [22mdelete operations[2m > [22mshould handle batch delete operations[32m 2[2mms[22m[39m
[31m   ÔåÆ indexedDB is not defined[39m
[31m   ÔåÆ indexedDB is not defined[39m
 [31m├ù[39m src/services/__tests__/multi-layer-cache.test.ts[2m > [22mMultiLayerCache[2m > [22mstatistics and monitoring[2m > [22mshould track cache statistics[32m 2[2mms[22m[39m
[31m   ÔåÆ indexedDB is not defined[39m
[31m   ÔåÆ indexedDB is not defined[39m
 [31m├ù[39m src/services/__tests__/multi-layer-cache.test.ts[2m > [22mMultiLayerCache[2m > [22mstatistics and monitoring[2m > [22mshould provide layer-specific statistics[32m 2[2mms[22m[39m
[31m   ÔåÆ indexedDB is not defined[39m
[31m   ÔåÆ indexedDB is not defined[39m
 [31m├ù[39m src/services/__tests__/multi-layer-cache.test.ts[2m > [22mMultiLayerCache[2m > [22msynchronization[2m > [22mshould synchronize data across layers[32m 2[2mms[22m[39m
[31m   ÔåÆ indexedDB is not defined[39m
[31m   ÔåÆ indexedDB is not defined[39m
 [31m├ù[39m src/services/__tests__/multi-layer-cache.test.ts[2m > [22mMultiLayerCache[2m > [22merror handling[2m > [22mshould handle storage quota exceeded gracefully[32m 47[2mms[22m[39m
[31m   ÔåÆ promise rejected "ReferenceError: indexedDB is not defined" instead of resolving[39m
[31m   ÔåÆ indexedDB is not defined[39m
 [31m├ù[39m src/services/__tests__/multi-layer-cache.test.ts[2m > [22mMultiLayerCache[2m > [22merror handling[2m > [22mshould handle corrupted data gracefully[32m 2[2mms[22m[39m
[31m   ÔåÆ indexedDB is not defined[39m
[31m   ÔåÆ indexedDB is not defined[39m
 [31m├ù[39m src/services/__tests__/multi-layer-cache.test.ts[2m > [22mIndividual Cache Layers[2m > [22mMemoryCache[2m > [22mshould store and retrieve data in memory[32m 3[2mms[22m[39m
[31m   ÔåÆ MemoryCache is not a constructor[39m
 [31m├ù[39m src/services/__tests__/multi-layer-cache.test.ts[2m > [22mIndividual Cache Layers[2m > [22mMemoryCache[2m > [22mshould respect memory size limits[32m 1[2mms[22m[39m
[31m   ÔåÆ MemoryCache is not a constructor[39m
 [31m├ù[39m src/services/__tests__/multi-layer-cache.test.ts[2m > [22mIndividual Cache Layers[2m > [22mLocalStorageCache[2m > [22mshould store and retrieve data in localStorage[32m 1[2mms[22m[39m
[31m   ÔåÆ LocalStorageCache is not a constructor[39m
 [31m├ù[39m src/services/__tests__/multi-layer-cache.test.ts[2m > [22mIndividual Cache Layers[2m > [22mIndexedDBCache[2m > [22mshould store and retrieve data in IndexedDB[32m 1[2mms[22m[39m
[31m   ÔåÆ IndexedDBCache is not a constructor[39m
[90mstdout[2m | src/tests/pptx-validation-flow.test.ts[2m > [22m[2mPPTX to Video Pipeline - Complete Flow Validation[2m > [22m[2mComplete Pipeline Flow[2m > [22m[2mshould successfully process PPTX file through entire pipeline
[22m[39mStage 1: Uploading and parsing PPTX...

 [31m├ù[39m src/tests/pptx-validation-flow.test.ts[2m > [22mPPTX to Video Pipeline - Complete Flow Validation[2m > [22mComplete Pipeline Flow[2m > [22mshould successfully process PPTX file through entire pipeline[32m 28[2mms[22m[39m
[31m   ÔåÆ expected "spy" to be called with arguments: [ 10, 'upload' ][90m

Number of calls: [1m0[22m
[31m[39m
 [31m├ù[39m src/tests/pptx-validation-flow.test.ts[2m > [22mPPTX to Video Pipeline - Complete Flow Validation[2m > [22mComplete Pipeline Flow[2m > [22mshould handle errors gracefully at each stage[32m 4[2mms[22m[39m
[31m   ÔåÆ expected "spy" to be called with arguments: [ Error: Upload failed, 'upload' ][90m

Number of calls: [1m0[22m
[31m[39m
 [32mÔ£ô[39m src/tests/pptx-validation-flow.test.ts[2m > [22mPPTX to Video Pipeline - Complete Flow Validation[2m > [22mComplete Pipeline Flow[2m > [22mshould validate file format and content before processing[32m 5[2mms[22m[39m
 [31m├ù[39m src/tests/pptx-validation-flow.test.ts[2m > [22mPPTX to Video Pipeline - Complete Flow Validation[2m > [22mComplete Pipeline Flow[2m > [22mshould handle large presentations efficiently[32m 19[2mms[22m[39m
[31m   ÔåÆ expected [ { id: 'slide-1', ÔÇª(6) }, ÔÇª(57) ] to have a length of 50 but got 58[39m
 [32mÔ£ô[39m src/tests/pptx-validation-flow.test.ts[2m > [22mPPTX to Video Pipeline - Complete Flow Validation[2m > [22mComplete Pipeline Flow[2m > [22mshould maintain quality throughout the pipeline[32m 6[2mms[22m[39m
 [31m├ù[39m src/tests/pptx-validation-flow.test.ts[2m > [22mPPTX to Video Pipeline - Complete Flow Validation[2m > [22mComplete Pipeline Flow[2m > [22mshould provide accurate progress tracking[32m 6[2mms[22m[39m
[31m   ÔåÆ expected [] to have a length of 7 but got +0[39m
 [32mÔ£ô[39m src/tests/pptx-validation-flow.test.ts[2m > [22mPPTX to Video Pipeline - Complete Flow Validation[2m > [22mComplete Pipeline Flow[2m > [22mshould generate performance metrics[32m 2[2mms[22m[39m
 [32mÔ£ô[39m src/tests/pptx-validation-flow.test.ts[2m > [22mPPTX to Video Pipeline - Complete Flow Validation[2m > [22mEdge Cases and Stress Tests[2m > [22mshould handle network interruptions gracefully[32m 1[2mms[22m[39m
 [31m├ù[39m src/tests/pptx-validation-flow.test.ts[2m > [22mPPTX to Video Pipeline - Complete Flow Validation[2m > [22mEdge Cases and Stress Tests[2m > [22mshould handle memory constraints[32m 15[2mms[22m[39m
[31m   ÔåÆ expected 'Should have thrown file size error' to be 'File too large' // Object.is equality[39m
 [31m├ù[39m src/tests/pptx-validation-flow.test.ts[2m > [22mPPTX to Video Pipeline - Complete Flow Validation[2m > [22mEdge Cases and Stress Tests[2m > [22mshould handle concurrent processing requests[32m 6[2mms[22m[39m
[31m   ÔåÆ expected "spy" to be called 5 times, but got 0 times[39m
 [32mÔ£ô[39m src/__tests__/lib/templates/TemplateManager.test.ts[2m > [22mTemplateManager[2m > [22mInitialization[2m > [22mshould initialize with default templates[32m 9[2mms[22m[39m
 [31m├ù[39m src/__tests__/lib/templates/TemplateManager.test.ts[2m > [22mTemplateManager[2m > [22mInitialization[2m > [22mshould have properly structured default templates[32m 12[2mms[22m[39m
[31m   ÔåÆ expected {} to have property "id"[39m
 [32mÔ£ô[39m src/__tests__/lib/templates/TemplateManager.test.ts[2m > [22mTemplateManager[2m > [22mTemplate Retrieval[2m > [22mshould get template by ID[32m 4[2mms[22m[39m
 [32mÔ£ô[39m src/__tests__/lib/templates/TemplateManager.test.ts[2m > [22mTemplateManager[2m > [22mTemplate Retrieval[2m > [22mshould return null for non-existent template[32m 1[2mms[22m[39m
 [32mÔ£ô[39m src/__tests__/lib/templates/TemplateManager.test.ts[2m > [22mTemplateManager[2m > [22mTemplate Retrieval[2m > [22mshould get templates by category[32m 1[2mms[22m[39m
 [32mÔ£ô[39m src/__tests__/lib/templates/TemplateManager.test.ts[2m > [22mTemplateManager[2m > [22mTemplate Retrieval[2m > [22mshould get all templates when no category specified[32m 1[2mms[22m[39m
 [31m├ù[39m src/__tests__/lib/templates/TemplateManager.test.ts[2m > [22mTemplateManager[2m > [22mTemplate Search[2m > [22mshould search templates by name[32m 5[2mms[22m[39m
[31m   ÔåÆ Cannot read properties of undefined (reading 'toLowerCase')[39m
 [31m├ù[39m src/__tests__/lib/templates/TemplateManager.test.ts[2m > [22mTemplateManager[2m > [22mTemplate Search[2m > [22mshould search templates by description[32m 2[2mms[22m[39m
[31m   ÔåÆ Cannot read properties of undefined (reading 'toLowerCase')[39m
 [31m├ù[39m src/__tests__/lib/templates/TemplateManager.test.ts[2m > [22mTemplateManager[2m > [22mTemplate Search[2m > [22mshould search templates by category[32m 2[2mms[22m[39m
[31m   ÔåÆ Cannot read properties of undefined (reading 'toLowerCase')[39m
 [31m├ù[39m src/__tests__/lib/templates/TemplateManager.test.ts[2m > [22mTemplateManager[2m > [22mTemplate Search[2m > [22mshould return empty array for non-matching search[32m 2[2mms[22m[39m
[31m   ÔåÆ Cannot read properties of undefined (reading 'toLowerCase')[39m
 [31m├ù[39m src/__tests__/lib/templates/TemplateManager.test.ts[2m > [22mTemplateManager[2m > [22mTemplate Search[2m > [22mshould be case insensitive[32m 1[2mms[22m[39m
[31m   ÔåÆ Cannot read properties of undefined (reading 'toLowerCase')[39m
 [32mÔ£ô[39m src/__tests__/lib/templates/TemplateManager.test.ts[2m > [22mTemplateManager[2m > [22mCustom Template Creation[2m > [22mshould create custom template based on existing template[32m 2[2mms[22m[39m
 [32mÔ£ô[39m src/__tests__/lib/templates/TemplateManager.test.ts[2m > [22mTemplateManager[2m > [22mCustom Template Creation[2m > [22mshould return null when base template does not exist[32m 1[2mms[22m[39m
 [31m├ù[39m src/__tests__/lib/templates/TemplateManager.test.ts[2m > [22mTemplateManager[2m > [22mCustom Template Creation[2m > [22mshould generate unique ID for custom template[32m 7[2mms[22m[39m
[31m   ÔåÆ expected 'custom-1758312320496' not to be 'custom-1758312320496' // Object.is equality[39m
 [32mÔ£ô[39m src/__tests__/lib/templates/TemplateManager.test.ts[2m > [22mTemplateManager[2m > [22mCustom Template Creation[2m > [22mshould allow custom ID specification[32m 1[2mms[22m[39m
 [32mÔ£ô[39m src/__tests__/lib/templates/TemplateManager.test.ts[2m > [22mTemplateManager[2m > [22mTemplate Application[2m > [22mshould apply template to presentation successfully[32m 6[2mms[22m[39m
 [32mÔ£ô[39m src/__tests__/lib/templates/TemplateManager.test.ts[2m > [22mTemplateManager[2m > [22mTemplate Application[2m > [22mshould throw error for non-existent template[32m 3[2mms[22m[39m
 [32mÔ£ô[39m src/__tests__/lib/templates/TemplateManager.test.ts[2m > [22mTemplateManager[2m > [22mTemplate Application[2m > [22mshould apply appropriate layouts based on slide content[32m 2[2mms[22m[39m
 [32mÔ£ô[39m src/__tests__/lib/templates/TemplateManager.test.ts[2m > [22mTemplateManager[2m > [22mTemplate Application[2m > [22mshould apply transitions to slides[32m 1[2mms[22m[39m
 [32mÔ£ô[39m src/__tests__/lib/templates/TemplateManager.test.ts[2m > [22mTemplateManager[2m > [22mTemplate Application[2m > [22mshould generate animations for slide elements[32m 2[2mms[22m[39m
 [32mÔ£ô[39m src/__tests__/lib/templates/TemplateManager.test.ts[2m > [22mTemplateManager[2m > [22mTemplate Import/Export[2m > [22mshould export template as JSON[32m 6[2mms[22m[39m
 [32mÔ£ô[39m src/__tests__/lib/templates/TemplateManager.test.ts[2m > [22mTemplateManager[2m > [22mTemplate Import/Export[2m > [22mshould throw error when exporting non-existent template[32m 1[2mms[22m[39m
 [32mÔ£ô[39m src/__tests__/lib/templates/TemplateManager.test.ts[2m > [22mTemplateManager[2m > [22mTemplate Import/Export[2m > [22mshould import template from JSON[32m 3[2mms[22m[39m
 [32mÔ£ô[39m src/__tests__/lib/templates/TemplateManager.test.ts[2m > [22mTemplateManager[2m > [22mTemplate Import/Export[2m > [22mshould throw error for invalid JSON[32m 1[2mms[22m[39m
 [31m├ù[39m src/__tests__/lib/templates/TemplateManager.test.ts[2m > [22mTemplateManager[2m > [22mTemplate Validation[2m > [22mshould validate color values[32m 2[2mms[22m[39m
[31m   ÔåÆ Cannot read properties of undefined (reading 'primaryColor')[39m
 [31m├ù[39m src/__tests__/lib/templates/TemplateManager.test.ts[2m > [22mTemplateManager[2m > [22mTemplate Validation[2m > [22mshould validate timing values[32m 2[2mms[22m[39m
[31m   ÔåÆ Cannot read properties of undefined (reading 'slideMinDuration')[39m
 [31m├ù[39m src/__tests__/lib/templates/TemplateManager.test.ts[2m > [22mTemplateManager[2m > [22mTemplate Validation[2m > [22mshould validate transition values[32m 6[2mms[22m[39m
[31m   ÔåÆ Cannot read properties of undefined (reading 'default')[39m
 [31m├ù[39m src/__tests__/lib/templates/TemplateManager.test.ts[2m > [22mTemplateManager[2m > [22mTemplate Validation[2m > [22mshould validate font families[32m 2[2mms[22m[39m
[31m   ÔåÆ Cannot read properties of undefined (reading 'fontFamily')[39m
 [32mÔ£ô[39m src/__tests__/lib/templates/TemplateManager.test.ts[2m > [22mTemplateManager[2m > [22mPerformance[2m > [22mshould handle large number of templates efficiently[32m 4[2mms[22m[39m
 [31m├ù[39m src/__tests__/lib/templates/TemplateManager.test.ts[2m > [22mTemplateManager[2m > [22mPerformance[2m > [22mshould search efficiently across many templates[32m 3[2mms[22m[39m
[31m   ÔåÆ Cannot read properties of undefined (reading 'toLowerCase')[39m
 [31m├ù[39m src/services/__tests__/format-preservation.service.test.ts[2m > [22mFormatPreservationService[2m > [22mpreserveFormatting[2m > [22mshould preserve complete element formatting[32m 20[2mms[22m[39m
[31m   ÔåÆ expected undefined to be 'test-element' // Object.is equality[39m
 [31m├ù[39m src/services/__tests__/format-preservation.service.test.ts[2m > [22mFormatPreservationService[2m > [22mpreserveFormatting[2m > [22mshould handle elements with minimal styling[32m 3[2mms[22m[39m
[31m   ÔåÆ expected undefined to be 'minimal-element' // Object.is equality[39m
 [31m├ù[39m src/services/__tests__/format-preservation.service.test.ts[2m > [22mFormatPreservationService[2m > [22mpreserveFormatting[2m > [22mshould extract complex border styling[32m 3[2mms[22m[39m
[31m   ÔåÆ Cannot read properties of undefined (reading 'width')[39m
 [31m├ù[39m src/services/__tests__/format-preservation.service.test.ts[2m > [22mFormatPreservationService[2m > [22mgenerateCSS[2m > [22mshould generate complete CSS from preserved formatting[32m 4[2mms[22m[39m
[31m   ÔåÆ formatting is not iterable[39m
 [31m├ù[39m src/services/__tests__/format-preservation.service.test.ts[2m > [22mFormatPreservationService[2m > [22mgenerateCSS[2m > [22mshould generate minimal CSS for basic formatting[32m 1[2mms[22m[39m
[31m   ÔåÆ formatting is not iterable[39m
 [31m├ù[39m src/services/__tests__/format-preservation.service.test.ts[2m > [22mFormatPreservationService[2m > [22mgenerateCSS[2m > [22mshould handle CSS class generation[32m 1[2mms[22m[39m
[31m   ÔåÆ formatting is not iterable[39m
 [31m├ù[39m src/services/__tests__/format-preservation.service.test.ts[2m > [22mFormatPreservationService[2m > [22mextractFontFormat[2m > [22mshould extract complete font formatting[32m 2[2mms[22m[39m
[31m   ÔåÆ service.extractFontFormat is not a function[39m
 [31m├ù[39m src/services/__tests__/format-preservation.service.test.ts[2m > [22mFormatPreservationService[2m > [22mextractFontFormat[2m > [22mshould handle missing font properties[32m 2[2mms[22m[39m
[31m   ÔåÆ service.extractFontFormat is not a function[39m
 [31m├ù[39m src/services/__tests__/format-preservation.service.test.ts[2m > [22mFormatPreservationService[2m > [22mextractColorFormat[2m > [22mshould extract color formatting[32m 3[2mms[22m[39m
[31m   ÔåÆ service.extractColorFormat is not a function[39m
 [31m├ù[39m src/services/__tests__/format-preservation.service.test.ts[2m > [22mFormatPreservationService[2m > [22mextractColorFormat[2m > [22mshould handle missing color properties[32m 3[2mms[22m[39m
[31m   ÔåÆ service.extractColorFormat is not a function[39m
 [31m├ù[39m src/services/__tests__/format-preservation.service.test.ts[2m > [22mFormatPreservationService[2m > [22mextractLayoutFormat[2m > [22mshould extract layout formatting[32m 3[2mms[22m[39m
[31m   ÔåÆ service.extractLayoutFormat is not a function[39m
 [31m├ù[39m src/services/__tests__/format-preservation.service.test.ts[2m > [22mFormatPreservationService[2m > [22moptimizeFormatting[2m > [22mshould remove redundant formatting properties[32m 3[2mms[22m[39m
[31m   ÔåÆ service.optimizeFormatting is not a function[39m
 [31m├ù[39m src/services/__tests__/format-preservation.service.test.ts[2m > [22mFormatPreservationService[2m > [22moptimizeFormatting[2m > [22mshould preserve significant formatting properties[32m 2[2mms[22m[39m
[31m   ÔåÆ service.optimizeFormatting is not a function[39m
 [31m├ù[39m src/services/__tests__/format-preservation.service.test.ts[2m > [22mFormatPreservationService[2m > [22merror handling[2m > [22mshould handle null elements gracefully[32m 3[2mms[22m[39m
[31m   ÔåÆ expected undefined to be '' // Object.is equality[39m
 [31m├ù[39m src/services/__tests__/format-preservation.service.test.ts[2m > [22mFormatPreservationService[2m > [22merror handling[2m > [22mshould handle elements without style property[32m 2[2mms[22m[39m
[31m   ÔåÆ expected undefined to be 'no-style-element' // Object.is equality[39m
 [31m├ù[39m src/services/__tests__/format-preservation.service.test.ts[2m > [22mFormatPreservationService[2m > [22merror handling[2m > [22mshould handle invalid CSS values[32m 2[2mms[22m[39m
[31m   ÔåÆ Cannot read properties of undefined (reading 'size')[39m
 [31m├ù[39m src/services/__tests__/format-preservation.service.test.ts[2m > [22mFormatPreservationService[2m > [22mperformance[2m > [22mshould handle large numbers of elements efficiently[32m 26[2mms[22m[39m
[31m   ÔåÆ expected undefined to be 'element-0' // Object.is equality[39m
17:05:23 [vite] warning: Duplicate member "synthesizeWithSpecificProvider" in class body
143|    }
144|  
145|    private async synthesizeWithSpecificProvider(
   |                  ^
146|      provider: string,
147|      text: string,

  Plugin: vite:esbuild
  File: C:/xampp/htdocs/Studiotreiax_1/src/services/enhanced-tts-service.ts
stderr | src/tests/tts-integration.test.ts > TTS Performance Tests > should complete synthesis within reasonable time
Provider elevenlabs failed: Error: ElevenLabs API key not configured
    at EnhancedTTSService.synthesizeWithElevenLabs (C:\xampp\htdocs\Studiotreiax_1\src\services\enhanced-tts-service.ts:171:13)
    at EnhancedTTSService.synthesizeWithSpecificProvider (C:\xampp\htdocs\Studiotreiax_1\src\services\enhanced-tts-service.ts:154:21)
    at EnhancedTTSService.synthesizeWithMultipleProviders (C:\xampp\htdocs\Studiotreiax_1\src\services\enhanced-tts-service.ts:102:35)
    at TTSService.synthesizeSpeech (C:\xampp\htdocs\Studiotreiax_1\src\services\ttsService.ts:483:55)
    at C:\xampp\htdocs\Studiotreiax_1\src\tests\tts-integration.test.ts:294:22
    at file:///C:/xampp/htdocs/Studiotreiax_1/node_modules/@vitest/runner/dist/chunk-hooks.js:752:20

stderr | src/tests/tts-integration.test.ts > TTS Performance Tests > should complete synthesis within reasonable time
Provider azure failed: Error: Azure API key and region not configured
    at EnhancedTTSService.synthesizeWithAzure (C:\xampp\htdocs\Studiotreiax_1\src\services\enhanced-tts-service.ts:234:13)
    at EnhancedTTSService.synthesizeWithSpecificProvider (C:\xampp\htdocs\Studiotreiax_1\src\services\enhanced-tts-service.ts:156:21)
    at EnhancedTTSService.synthesizeWithMultipleProviders (C:\xampp\htdocs\Studiotreiax_1\src\services\enhanced-tts-service.ts:102:35)
    at TTSService.synthesizeSpeech (C:\xampp\htdocs\Studiotreiax_1\src\services\ttsService.ts:483:32)
    at C:\xampp\htdocs\Studiotreiax_1\src\tests\tts-integration.test.ts:294:22
    at file:///C:/xampp/htdocs/Studiotreiax_1/node_modules/@vitest/runner/dist/chunk-hooks.js:752:20

stderr | src/tests/tts-integration.test.ts > TTS Performance Tests > should complete synthesis within reasonable time
Provider google failed: Error: Google API key not configured
    at EnhancedTTSService.synthesizeWithGoogle (C:\xampp\htdocs\Studiotreiax_1\src\services\enhanced-tts-service.ts:298:13)
    at EnhancedTTSService.synthesizeWithSpecificProvider (C:\xampp\htdocs\Studiotreiax_1\src\services\enhanced-tts-service.ts:158:21)
    at EnhancedTTSService.synthesizeWithMultipleProviders (C:\xampp\htdocs\Studiotreiax_1\src\services\enhanced-tts-service.ts:102:35)
    at TTSService.synthesizeSpeech (C:\xampp\htdocs\Studiotreiax_1\src\services\ttsService.ts:483:32)
    at C:\xampp\htdocs\Studiotreiax_1\src\tests\tts-integration.test.ts:294:22
    at file:///C:/xampp/htdocs/Studiotreiax_1/node_modules/@vitest/runner/dist/chunk-hooks.js:752:20

stderr | src/tests/tts-integration.test.ts > TTS Performance Tests > should complete synthesis within reasonable time
Provider elevenlabs failed: Error: ElevenLabs API key not configured
    at EnhancedTTSService.synthesizeWithElevenLabs (C:\xampp\htdocs\Studiotreiax_1\src\services\enhanced-tts-service.ts:171:13)
    at EnhancedTTSService.synthesizeWithSpecificProvider (C:\xampp\htdocs\Studiotreiax_1\src\services\enhanced-tts-service.ts:154:21)
    at EnhancedTTSService.synthesizeWithMultipleProviders (C:\xampp\htdocs\Studiotreiax_1\src\services\enhanced-tts-service.ts:102:35)
    at TTSService.synthesizeSpeech (C:\xampp\htdocs\Studiotreiax_1\src\services\ttsService.ts:483:55)

stderr | src/tests/tts-integration.test.ts > TTS Performance Tests > should complete synthesis within reasonable time
Provider azure failed: Error: Azure API key and region not configured
    at EnhancedTTSService.synthesizeWithAzure (C:\xampp\htdocs\Studiotreiax_1\src\services\enhanced-tts-service.ts:234:13)
    at EnhancedTTSService.synthesizeWithSpecificProvider (C:\xampp\htdocs\Studiotreiax_1\src\services\enhanced-tts-service.ts:156:21)
    at EnhancedTTSService.synthesizeWithMultipleProviders (C:\xampp\htdocs\Studiotreiax_1\src\services\enhanced-tts-service.ts:102:35)
    at TTSService.synthesizeSpeech (C:\xampp\htdocs\Studiotreiax_1\src\services\ttsService.ts:483:32)
    at C:\xampp\htdocs\Studiotreiax_1\src\tests\tts-integration.test.ts:294:22
    at file:///C:/xampp/htdocs/Studiotreiax_1/node_modules/@vitest/runner/dist/chunk-hooks.js:752:20

stderr | src/tests/tts-integration.test.ts > TTS Performance Tests > should complete synthesis within reasonable time
Provider google failed: Error: Google API key not configured
    at EnhancedTTSService.synthesizeWithGoogle (C:\xampp\htdocs\Studiotreiax_1\src\services\enhanced-tts-service.ts:298:13)
    at EnhancedTTSService.synthesizeWithSpecificProvider (C:\xampp\htdocs\Studiotreiax_1\src\services\enhanced-tts-service.ts:158:21)
    at EnhancedTTSService.synthesizeWithMultipleProviders (C:\xampp\htdocs\Studiotreiax_1\src\services\enhanced-tts-service.ts:102:35)
    at TTSService.synthesizeSpeech (C:\xampp\htdocs\Studiotreiax_1\src\services\ttsService.ts:483:32)
    at C:\xampp\htdocs\Studiotreiax_1\src\tests\tts-integration.test.ts:294:22
    at file:///C:/xampp/htdocs/Studiotreiax_1/node_modules/@vitest/runner/dist/chunk-hooks.js:752:20

stderr | src/tests/tts-integration.test.ts > TTS Performance Tests > should handle concurrent requests
Provider elevenlabs failed: Error: ElevenLabs API key not configured
    at EnhancedTTSService.synthesizeWithElevenLabs (C:\xampp\htdocs\Studiotreiax_1\src\services\enhanced-tts-service.ts:171:13)
    at EnhancedTTSService.synthesizeWithSpecificProvider (C:\xampp\htdocs\Studiotreiax_1\src\services\enhanced-tts-service.ts:154:21)
    at EnhancedTTSService.synthesizeWithMultipleProviders (C:\xampp\htdocs\Studiotreiax_1\src\services\enhanced-tts-service.ts:102:35)
    at TTSService.synthesizeSpeech (C:\xampp\htdocs\Studiotreiax_1\src\services\ttsService.ts:483:55)
    at async Promise.all (index 0)
    at C:\xampp\htdocs\Studiotreiax_1\src\tests\tts-integration.test.ts:320:23
    at file:///C:/xampp/htdocs/Studiotreiax_1/node_modules/@vitest/runner/dist/chunk-hooks.js:752:20
Provider elevenlabs failed: Error: ElevenLabs API key not configured
    at EnhancedTTSService.synthesizeWithElevenLabs (C:\xampp\htdocs\Studiotreiax_1\src\services\enhanced-tts-service.ts:171:13)
    at EnhancedTTSService.synthesizeWithSpecificProvider (C:\xampp\htdocs\Studiotreiax_1\src\services\enhanced-tts-service.ts:154:21)
    at EnhancedTTSService.synthesizeWithMultipleProviders (C:\xampp\htdocs\Studiotreiax_1\src\services\enhanced-tts-service.ts:102:35)
    at TTSService.synthesizeSpeech (C:\xampp\htdocs\Studiotreiax_1\src\services\ttsService.ts:483:55)
    at async Promise.all (index 1)
    at C:\xampp\htdocs\Studiotreiax_1\src\tests\tts-integration.test.ts:320:23
    at file:///C:/xampp/htdocs/Studiotreiax_1/node_modules/@vitest/runner/dist/chunk-hooks.js:752:20
Provider elevenlabs failed: Error: ElevenLabs API key not configured
    at EnhancedTTSService.synthesizeWithElevenLabs (C:\xampp\htdocs\Studiotreiax_1\src\services\enhanced-tts-service.ts:171:13)
    at EnhancedTTSService.synthesizeWithSpecificProvider (C:\xampp\htdocs\Studiotreiax_1\src\services\enhanced-tts-service.ts:154:21)
    at EnhancedTTSService.synthesizeWithMultipleProviders (C:\xampp\htdocs\Studiotreiax_1\src\services\enhanced-tts-service.ts:102:35)
    at TTSService.synthesizeSpeech (C:\xampp\htdocs\Studiotreiax_1\src\services\ttsService.ts:483:55)
    at async Promise.all (index 2)
    at C:\xampp\htdocs\Studiotreiax_1\src\tests\tts-integration.test.ts:320:23
    at file:///C:/xampp/htdocs/Studiotreiax_1/node_modules/@vitest/runner/dist/chunk-hooks.js:752:20

stderr | src/tests/tts-integration.test.ts > TTS Performance Tests > should handle concurrent requests
Provider azure failed: Error: Azure API key and region not configured
    at EnhancedTTSService.synthesizeWithAzure (C:\xampp\htdocs\Studiotreiax_1\src\services\enhanced-tts-service.ts:234:13)
    at EnhancedTTSService.synthesizeWithSpecificProvider (C:\xampp\htdocs\Studiotreiax_1\src\services\enhanced-tts-service.ts:156:21)
    at EnhancedTTSService.synthesizeWithMultipleProviders (C:\xampp\htdocs\Studiotreiax_1\src\services\enhanced-tts-service.ts:102:35)
    at TTSService.synthesizeSpeech (C:\xampp\htdocs\Studiotreiax_1\src\services\ttsService.ts:483:32)
    at async Promise.all (index 0)
    at C:\xampp\htdocs\Studiotreiax_1\src\tests\tts-integration.test.ts:320:23
    at file:///C:/xampp/htdocs/Studiotreiax_1/node_modules/@vitest/runner/dist/chunk-hooks.js:752:20
Provider azure failed: Error: Azure API key and region not configured
    at EnhancedTTSService.synthesizeWithAzure (C:\xampp\htdocs\Studiotreiax_1\src\services\enhanced-tts-service.ts:234:13)
    at EnhancedTTSService.synthesizeWithSpecificProvider (C:\xampp\htdocs\Studiotreiax_1\src\services\enhanced-tts-service.ts:156:21)
    at EnhancedTTSService.synthesizeWithMultipleProviders (C:\xampp\htdocs\Studiotreiax_1\src\services\enhanced-tts-service.ts:102:35)
    at TTSService.synthesizeSpeech (C:\xampp\htdocs\Studiotreiax_1\src\services\ttsService.ts:483:32)
    at async Promise.all (index 1)
    at C:\xampp\htdocs\Studiotreiax_1\src\tests\tts-integration.test.ts:320:23
    at file:///C:/xampp/htdocs/Studiotreiax_1/node_modules/@vitest/runner/dist/chunk-hooks.js:752:20
Provider azure failed: Error: Azure API key and region not configured
    at EnhancedTTSService.synthesizeWithAzure (C:\xampp\htdocs\Studiotreiax_1\src\services\enhanced-tts-service.ts:234:13)
    at EnhancedTTSService.synthesizeWithSpecificProvider (C:\xampp\htdocs\Studiotreiax_1\src\services\enhanced-tts-service.ts:156:21)
    at EnhancedTTSService.synthesizeWithMultipleProviders (C:\xampp\htdocs\Studiotreiax_1\src\services\enhanced-tts-service.ts:102:35)
    at TTSService.synthesizeSpeech (C:\xampp\htdocs\Studiotreiax_1\src\services\ttsService.ts:483:32)
    at async Promise.all (index 2)
    at C:\xampp\htdocs\Studiotreiax_1\src\tests\tts-integration.test.ts:320:23
    at file:///C:/xampp/htdocs/Studiotreiax_1/node_modules/@vitest/runner/dist/chunk-hooks.js:752:20

stderr | src/tests/tts-integration.test.ts > TTS Performance Tests > should handle concurrent requests
Provider google failed: Error: Google API key not configured
    at EnhancedTTSService.synthesizeWithGoogle (C:\xampp\htdocs\Studiotreiax_1\src\services\enhanced-tts-service.ts:298:13)
    at EnhancedTTSService.synthesizeWithSpecificProvider (C:\xampp\htdocs\Studiotreiax_1\src\services\enhanced-tts-service.ts:158:21)
    at EnhancedTTSService.synthesizeWithMultipleProviders (C:\xampp\htdocs\Studiotreiax_1\src\services\enhanced-tts-service.ts:102:35)
    at TTSService.synthesizeSpeech (C:\xampp\htdocs\Studiotreiax_1\src\services\ttsService.ts:483:32)
    at async Promise.all (index 0)
    at C:\xampp\htdocs\Studiotreiax_1\src\tests\tts-integration.test.ts:320:23
    at file:///C:/xampp/htdocs/Studiotreiax_1/node_modules/@vitest/runner/dist/chunk-hooks.js:752:20
Provider google failed: Error: Google API key not configured
    at EnhancedTTSService.synthesizeWithGoogle (C:\xampp\htdocs\Studiotreiax_1\src\services\enhanced-tts-service.ts:298:13)
    at EnhancedTTSService.synthesizeWithSpecificProvider (C:\xampp\htdocs\Studiotreiax_1\src\services\enhanced-tts-service.ts:158:21)
    at EnhancedTTSService.synthesizeWithMultipleProviders (C:\xampp\htdocs\Studiotreiax_1\src\services\enhanced-tts-service.ts:102:35)
    at TTSService.synthesizeSpeech (C:\xampp\htdocs\Studiotreiax_1\src\services\ttsService.ts:483:32)
    at async Promise.all (index 1)
    at C:\xampp\htdocs\Studiotreiax_1\src\tests\tts-integration.test.ts:320:23
    at file:///C:/xampp/htdocs/Studiotreiax_1/node_modules/@vitest/runner/dist/chunk-hooks.js:752:20
Provider google failed: Error: Google API key not configured
    at EnhancedTTSService.synthesizeWithGoogle (C:\xampp\htdocs\Studiotreiax_1\src\services\enhanced-tts-service.ts:298:13)
    at EnhancedTTSService.synthesizeWithSpecificProvider (C:\xampp\htdocs\Studiotreiax_1\src\services\enhanced-tts-service.ts:158:21)
    at EnhancedTTSService.synthesizeWithMultipleProviders (C:\xampp\htdocs\Studiotreiax_1\src\services\enhanced-tts-service.ts:102:35)
    at TTSService.synthesizeSpeech (C:\xampp\htdocs\Studiotreiax_1\src\services\ttsService.ts:483:32)
    at async Promise.all (index 2)
    at C:\xampp\htdocs\Studiotreiax_1\src\tests\tts-integration.test.ts:320:23
    at file:///C:/xampp/htdocs/Studiotreiax_1/node_modules/@vitest/runner/dist/chunk-hooks.js:752:20

stderr | src/tests/tts-integration.test.ts > TTS Performance Tests > should handle concurrent requests
Provider elevenlabs failed: Error: ElevenLabs API key not configured
    at EnhancedTTSService.synthesizeWithElevenLabs (C:\xampp\htdocs\Studiotreiax_1\src\services\enhanced-tts-service.ts:171:13)
    at EnhancedTTSService.synthesizeWithSpecificProvider (C:\xampp\htdocs\Studiotreiax_1\src\services\enhanced-tts-service.ts:154:21)
    at EnhancedTTSService.synthesizeWithMultipleProviders (C:\xampp\htdocs\Studiotreiax_1\src\services\enhanced-tts-service.ts:102:35)
    at TTSService.synthesizeSpeech (C:\xampp\htdocs\Studiotreiax_1\src\services\ttsService.ts:483:55)
Provider elevenlabs failed: Error: ElevenLabs API key not configured
    at EnhancedTTSService.synthesizeWithElevenLabs (C:\xampp\htdocs\Studiotreiax_1\src\services\enhanced-tts-service.ts:171:13)
    at EnhancedTTSService.synthesizeWithSpecificProvider (C:\xampp\htdocs\Studiotreiax_1\src\services\enhanced-tts-service.ts:154:21)
    at EnhancedTTSService.synthesizeWithMultipleProviders (C:\xampp\htdocs\Studiotreiax_1\src\services\enhanced-tts-service.ts:102:35)
    at TTSService.synthesizeSpeech (C:\xampp\htdocs\Studiotreiax_1\src\services\ttsService.ts:483:55)
Provider elevenlabs failed: Error: ElevenLabs API key not configured
    at EnhancedTTSService.synthesizeWithElevenLabs (C:\xampp\htdocs\Studiotreiax_1\src\services\enhanced-tts-service.ts:171:13)
    at EnhancedTTSService.synthesizeWithSpecificProvider (C:\xampp\htdocs\Studiotreiax_1\src\services\enhanced-tts-service.ts:154:21)
    at EnhancedTTSService.synthesizeWithMultipleProviders (C:\xampp\htdocs\Studiotreiax_1\src\services\enhanced-tts-service.ts:102:35)
    at TTSService.synthesizeSpeech (C:\xampp\htdocs\Studiotreiax_1\src\services\ttsService.ts:483:55)

stderr | src/tests/tts-integration.test.ts > TTS Performance Tests > should handle concurrent requests
Provider azure failed: Error: Azure API key and region not configured
    at EnhancedTTSService.synthesizeWithAzure (C:\xampp\htdocs\Studiotreiax_1\src\services\enhanced-tts-service.ts:234:13)
    at EnhancedTTSService.synthesizeWithSpecificProvider (C:\xampp\htdocs\Studiotreiax_1\src\services\enhanced-tts-service.ts:156:21)
    at EnhancedTTSService.synthesizeWithMultipleProviders (C:\xampp\htdocs\Studiotreiax_1\src\services\enhanced-tts-service.ts:102:35)
    at TTSService.synthesizeSpeech (C:\xampp\htdocs\Studiotreiax_1\src\services\ttsService.ts:483:32)
    at async Promise.all (index 0)
    at C:\xampp\htdocs\Studiotreiax_1\src\tests\tts-integration.test.ts:320:23
    at file:///C:/xampp/htdocs/Studiotreiax_1/node_modules/@vitest/runner/dist/chunk-hooks.js:752:20
Provider azure failed: Error: Azure API key and region not configured
    at EnhancedTTSService.synthesizeWithAzure (C:\xampp\htdocs\Studiotreiax_1\src\services\enhanced-tts-service.ts:234:13)
    at EnhancedTTSService.synthesizeWithSpecificProvider (C:\xampp\htdocs\Studiotreiax_1\src\services\enhanced-tts-service.ts:156:21)
    at EnhancedTTSService.synthesizeWithMultipleProviders (C:\xampp\htdocs\Studiotreiax_1\src\services\enhanced-tts-service.ts:102:35)
    at TTSService.synthesizeSpeech (C:\xampp\htdocs\Studiotreiax_1\src\services\ttsService.ts:483:32)
    at async Promise.all (index 1)
    at C:\xampp\htdocs\Studiotreiax_1\src\tests\tts-integration.test.ts:320:23
    at file:///C:/xampp/htdocs/Studiotreiax_1/node_modules/@vitest/runner/dist/chunk-hooks.js:752:20
Provider azure failed: Error: Azure API key and region not configured
    at EnhancedTTSService.synthesizeWithAzure (C:\xampp\htdocs\Studiotreiax_1\src\services\enhanced-tts-service.ts:234:13)
    at EnhancedTTSService.synthesizeWithSpecificProvider (C:\xampp\htdocs\Studiotreiax_1\src\services\enhanced-tts-service.ts:156:21)
    at EnhancedTTSService.synthesizeWithMultipleProviders (C:\xampp\htdocs\Studiotreiax_1\src\services\enhanced-tts-service.ts:102:35)
    at TTSService.synthesizeSpeech (C:\xampp\htdocs\Studiotreiax_1\src\services\ttsService.ts:483:32)
    at async Promise.all (index 2)
    at C:\xampp\htdocs\Studiotreiax_1\src\tests\tts-integration.test.ts:320:23
    at file:///C:/xampp/htdocs/Studiotreiax_1/node_modules/@vitest/runner/dist/chunk-hooks.js:752:20

stderr | src/tests/tts-integration.test.ts > TTS Performance Tests > should handle concurrent requests
Provider google failed: Error: Google API key not configured
    at EnhancedTTSService.synthesizeWithGoogle (C:\xampp\htdocs\Studiotreiax_1\src\services\enhanced-tts-service.ts:298:13)
    at EnhancedTTSService.synthesizeWithSpecificProvider (C:\xampp\htdocs\Studiotreiax_1\src\services\enhanced-tts-service.ts:158:21)
    at EnhancedTTSService.synthesizeWithMultipleProviders (C:\xampp\htdocs\Studiotreiax_1\src\services\enhanced-tts-service.ts:102:35)
    at TTSService.synthesizeSpeech (C:\xampp\htdocs\Studiotreiax_1\src\services\ttsService.ts:483:32)
    at async Promise.all (index 0)
    at C:\xampp\htdocs\Studiotreiax_1\src\tests\tts-integration.test.ts:320:23
    at file:///C:/xampp/htdocs/Studiotreiax_1/node_modules/@vitest/runner/dist/chunk-hooks.js:752:20
Provider google failed: Error: Google API key not configured
    at EnhancedTTSService.synthesizeWithGoogle (C:\xampp\htdocs\Studiotreiax_1\src\services\enhanced-tts-service.ts:298:13)
    at EnhancedTTSService.synthesizeWithSpecificProvider (C:\xampp\htdocs\Studiotreiax_1\src\services\enhanced-tts-service.ts:158:21)
    at EnhancedTTSService.synthesizeWithMultipleProviders (C:\xampp\htdocs\Studiotreiax_1\src\services\enhanced-tts-service.ts:102:35)
    at TTSService.synthesizeSpeech (C:\xampp\htdocs\Studiotreiax_1\src\services\ttsService.ts:483:32)
    at async Promise.all (index 1)
    at C:\xampp\htdocs\Studiotreiax_1\src\tests\tts-integration.test.ts:320:23
    at file:///C:/xampp/htdocs/Studiotreiax_1/node_modules/@vitest/runner/dist/chunk-hooks.js:752:20
Provider google failed: Error: Google API key not configured
    at EnhancedTTSService.synthesizeWithGoogle (C:\xampp\htdocs\Studiotreiax_1\src\services\enhanced-tts-service.ts:298:13)
    at EnhancedTTSService.synthesizeWithSpecificProvider (C:\xampp\htdocs\Studiotreiax_1\src\services\enhanced-tts-service.ts:158:21)
    at EnhancedTTSService.synthesizeWithMultipleProviders (C:\xampp\htdocs\Studiotreiax_1\src\services\enhanced-tts-service.ts:102:35)
    at TTSService.synthesizeSpeech (C:\xampp\htdocs\Studiotreiax_1\src\services\ttsService.ts:483:32)
    at async Promise.all (index 2)
    at C:\xampp\htdocs\Studiotreiax_1\src\tests\tts-integration.test.ts:320:23
    at file:///C:/xampp/htdocs/Studiotreiax_1/node_modules/@vitest/runner/dist/chunk-hooks.js:752:20

[90mstdout[2m | src/tests/tts-integration.test.ts
[22m[39mTTS Integration Tests completed

 [2m[90mÔåô[39m[22m src/tests/tts-integration.test.ts[2m > [22mTTS Integration Tests[2m > [22mService Initialization[2m > [22mshould initialize successfully
 [2m[90mÔåô[39m[22m src/tests/tts-integration.test.ts[2m > [22mTTS Integration Tests[2m > [22mService Initialization[2m > [22mshould have at least browser provider available
 [2m[90mÔåô[39m[22m src/tests/tts-integration.test.ts[2m > [22mTTS Integration Tests[2m > [22mService Initialization[2m > [22mshould load voices for browser provider
 [2m[90mÔåô[39m[22m src/tests/tts-integration.test.ts[2m > [22mTTS Integration Tests[2m > [22mProvider Health Checks[2m > [22mbrowser provider should be healthy
 [2m[90mÔåô[39m[22m src/tests/tts-integration.test.ts[2m > [22mTTS Integration Tests[2m > [22mProvider Health Checks[2m > [22mshould handle invalid provider gracefully
 [2m[90mÔåô[39m[22m src/tests/tts-integration.test.ts[2m > [22mTTS Integration Tests[2m > [22mSpeech Synthesis[2m > [22mshould synthesize speech with browser provider
 [2m[90mÔåô[39m[22m src/tests/tts-integration.test.ts[2m > [22mTTS Integration Tests[2m > [22mSpeech Synthesis[2m > [22mshould handle empty text gracefully
 [2m[90mÔåô[39m[22m src/tests/tts-integration.test.ts[2m > [22mTTS Integration Tests[2m > [22mSpeech Synthesis[2m > [22mshould handle very long text
 [2m[90mÔåô[39m[22m src/tests/tts-integration.test.ts[2m > [22mTTS Integration Tests[2m > [22mFallback System[2m > [22mshould fallback to browser when other providers fail
 [2m[90mÔåô[39m[22m src/tests/tts-integration.test.ts[2m > [22mTTS Integration Tests[2m > [22mVoice Management[2m > [22mshould return voices for valid provider
 [2m[90mÔåô[39m[22m src/tests/tts-integration.test.ts[2m > [22mTTS Integration Tests[2m > [22mVoice Management[2m > [22mshould return empty array for invalid provider
 [2m[90mÔåô[39m[22m src/tests/tts-integration.test.ts[2m > [22mTTS Integration Tests[2m > [22mVoice Management[2m > [22mshould refresh providers
 [2m[90mÔåô[39m[22m src/tests/tts-integration.test.ts[2m > [22mTTS Integration Tests[2m > [22mConfiguration[2m > [22mshould respect speed parameter
 [2m[90mÔåô[39m[22m src/tests/tts-integration.test.ts[2m > [22mTTS Integration Tests[2m > [22mConfiguration[2m > [22mshould respect pitch parameter
 [2m[90mÔåô[39m[22m src/tests/tts-integration.test.ts[2m > [22mTTS Integration Tests[2m > [22mError Handling[2m > [22mshould handle network timeouts gracefully
 [2m[90mÔåô[39m[22m src/tests/tts-integration.test.ts[2m > [22mTTS Integration Tests[2m > [22mError Handling[2m > [22mshould handle invalid language codes
 [2m[90mÔåô[39m[22m src/tests/tts-integration.test.ts[2m > [22mTTS Integration Tests[2m > [22mUsage Statistics[2m > [22mshould track usage statistics
 [32mÔ£ô[39m src/tests/tts-integration.test.ts[2m > [22museTTS Hook Integration[2m > [22mshould have required dependencies available[32m 6[2mms[22m[39m
 [31m├ù[39m src/tests/tts-integration.test.ts[2m > [22mTTS Performance Tests[2m > [22mshould complete synthesis within reasonable time[32m 43[2mms[22m[39m
[31m   ÔåÆ expected false to be true // Object.is equality[39m
 [32mÔ£ô[39m src/tests/tts-integration.test.ts[2m > [22mTTS Performance Tests[2m > [22mshould handle concurrent requests[32m 26[2mms[22m[39m
stderr | src/utils/__tests__/commandManager.test.ts > CommandManager > Command Execution > should add executed commands to history
Invalid command rejected: MockCommand {
  executed: false,
  undone: false,
  id: 'test-3',
  description: 'History Test',
  executeAction: undefined,
  undoAction: undefined
}

stderr | src/utils/__tests__/commandManager.test.ts > CommandManager > Redo Functionality > should clear redo stack when new command is executed
Invalid command rejected: MockCommand {
  executed: false,
  undone: false,
  id: 'clear-1',
  description: 'Command 1',
  executeAction: undefined,
  undoAction: undefined
}
Invalid command rejected: MockCommand {
  executed: false,
  undone: false,
  id: 'clear-2',
  description: 'Command 2',
  executeAction: undefined,
  undoAction: undefined
}

stderr | src/utils/__tests__/commandManager.test.ts > CommandManager > Batch Operations > should execute multiple commands in batch
Invalid command rejected: MockCommand {
  executed: false,
  undone: false,
  id: 'batch-1',
  description: 'Batch Command 1',
  executeAction: undefined,
  undoAction: undefined
}
Invalid command rejected: MockCommand {
  executed: false,
  undone: false,
  id: 'batch-2',
  description: 'Batch Command 2',
  executeAction: undefined,
  undoAction: undefined
}
Invalid command rejected: MockCommand {
  executed: false,
  undone: false,
  id: 'batch-3',
  description: 'Batch Command 3',
  executeAction: undefined,
  undoAction: undefined
}

stderr | src/utils/__tests__/commandManager.test.ts > CommandManager > History Management > should respect maximum history size
Invalid command rejected: MockCommand {
  executed: false,
  undone: false,
  id: 'history-0',
  description: 'Command 0',
  executeAction: undefined,
  undoAction: undefined
}
Invalid command rejected: MockCommand {
  executed: false,
  undone: false,
  id: 'history-1',
  description: 'Command 1',
  executeAction: undefined,
  undoAction: undefined
}
Invalid command rejected: MockCommand {
  executed: false,
  undone: false,
  id: 'history-2',
  description: 'Command 2',
  executeAction: undefined,
  undoAction: undefined
}
Invalid command rejected: MockCommand {
  executed: false,
  undone: false,
  id: 'history-3',
  description: 'Command 3',
  executeAction: undefined,
  undoAction: undefined
}
Invalid command rejected: MockCommand {
  executed: false,
  undone: false,
  id: 'history-4',
  description: 'Command 4',
  executeAction: undefined,
  undoAction: undefined
}
Invalid command rejected: MockCommand {
  executed: false,
  undone: false,
  id: 'history-5',
  description: 'Command 5',
  executeAction: undefined,
  undoAction: undefined
}
Invalid command rejected: MockCommand {
  executed: false,
  undone: false,
  id: 'history-6',
  description: 'Command 6',
  executeAction: undefined,
  undoAction: undefined
}
Invalid command rejected: MockCommand {
  executed: false,
  undone: false,
  id: 'history-7',
  description: 'Command 7',
  executeAction: undefined,
  undoAction: undefined
}

stderr | src/utils/__tests__/commandManager.test.ts > CommandManager > History Management > should clear history correctly
Invalid command rejected: MockCommand {
  executed: false,
  undone: false,
  id: 'clear-test',
  description: 'Clear Test',
  executeAction: undefined,
  undoAction: undefined
}

 [32mÔ£ô[39m src/utils/__tests__/commandManager.test.ts[2m > [22mCommandManager[2m > [22mSingleton Pattern[2m > [22mshould return the same instance[32m 7[2mms[22m[39m
 [31m├ù[39m src/utils/__tests__/commandManager.test.ts[2m > [22mCommandManager[2m > [22mCommand Execution[2m > [22mshould execute commands correctly[32m 3[2mms[22m[39m
[31m   ÔåÆ jest is not defined[39m
 [31m├ù[39m src/utils/__tests__/commandManager.test.ts[2m > [22mCommandManager[2m > [22mCommand Execution[2m > [22mshould not execute commands that cannot be executed[32m 2[2mms[22m[39m
[31m   ÔåÆ jest is not defined[39m
 [31m├ù[39m src/utils/__tests__/commandManager.test.ts[2m > [22mCommandManager[2m > [22mCommand Execution[2m > [22mshould add executed commands to history[32m 32[2mms[22m[39m
[31m   ÔåÆ expected [] to have a length of 1 but got +0[39m
 [31m├ù[39m src/utils/__tests__/commandManager.test.ts[2m > [22mCommandManager[2m > [22mUndo Functionality[2m > [22mshould undo the last executed command[32m 2[2mms[22m[39m
[31m   ÔåÆ jest is not defined[39m
 [31m├ù[39m src/utils/__tests__/commandManager.test.ts[2m > [22mCommandManager[2m > [22mUndo Functionality[2m > [22mshould return false when there are no commands to undo[32m 9[2mms[22m[39m
[31m   ÔåÆ expected Promise{ÔÇª} to be false // Object.is equality[39m
 [31m├ù[39m src/utils/__tests__/commandManager.test.ts[2m > [22mCommandManager[2m > [22mUndo Functionality[2m > [22mshould not undo commands that cannot be undone[32m 2[2mms[22m[39m
[31m   ÔåÆ jest is not defined[39m
 [31m├ù[39m src/utils/__tests__/commandManager.test.ts[2m > [22mCommandManager[2m > [22mRedo Functionality[2m > [22mshould redo previously undone commands[32m 2[2mms[22m[39m
[31m   ÔåÆ jest is not defined[39m
 [31m├ù[39m src/utils/__tests__/commandManager.test.ts[2m > [22mCommandManager[2m > [22mRedo Functionality[2m > [22mshould return false when there are no commands to redo[32m 4[2mms[22m[39m
[31m   ÔåÆ expected Promise{ÔÇª} to be false // Object.is equality[39m
 [31m├ù[39m src/utils/__tests__/commandManager.test.ts[2m > [22mCommandManager[2m > [22mRedo Functionality[2m > [22mshould clear redo stack when new command is executed[32m 7[2mms[22m[39m
[31m   ÔåÆ expected Promise{ÔÇª} to be false // Object.is equality[39m
 [31m├ù[39m src/utils/__tests__/commandManager.test.ts[2m > [22mCommandManager[2m > [22mBatch Operations[2m > [22mshould execute multiple commands in batch[32m 9[2mms[22m[39m
[31m   ÔåÆ expected false to be true // Object.is equality[39m
 [31m├ù[39m src/utils/__tests__/commandManager.test.ts[2m > [22mCommandManager[2m > [22mBatch Operations[2m > [22mshould stop batch execution on first failure[32m 3[2mms[22m[39m
[31m   ÔåÆ jest is not defined[39m
 [31m├ù[39m src/utils/__tests__/commandManager.test.ts[2m > [22mCommandManager[2m > [22mHistory Management[2m > [22mshould respect maximum history size[32m 9[2mms[22m[39m
[31m   ÔåÆ expected [] to have a length of 5 but got +0[39m
 [32mÔ£ô[39m src/utils/__tests__/commandManager.test.ts[2m > [22mCommandManager[2m > [22mHistory Management[2m > [22mshould clear history correctly[32m 2[2mms[22m[39m
stderr | src/utils/__tests__/commandManager.test.ts > CommandManager > State Queries > should correctly report undo/redo availability
Invalid command rejected: MockCommand {
  executed: false,
  undone: false,
  id: 'state-test',
  description: 'State Test',
  executeAction: undefined,
  undoAction: undefined
}

stderr | src/utils/__tests__/commandManager.test.ts > CommandManager > Performance Metrics > should track command execution metrics
Invalid command rejected: MockCommand {
  executed: false,
  undone: false,
  id: 'metrics-test',
  description: 'Metrics Test',
  executeAction: undefined,
  undoAction: undefined
}

 [31m├ù[39m src/utils/__tests__/commandManager.test.ts[2m > [22mCommandManager[2m > [22mState Queries[2m > [22mshould correctly report undo/redo availability[32m 5[2mms[22m[39m
[31m   ÔåÆ expected false to be true // Object.is equality[39m
 [31m├ù[39m src/utils/__tests__/commandManager.test.ts[2m > [22mCommandManager[2m > [22mPerformance Metrics[2m > [22mshould track command execution metrics[32m 3[2mms[22m[39m
[31m   ÔåÆ commandManager.getMetrics is not a function[39m
 [32mÔ£ô[39m src/lib/pptx/__tests__/validation.test.ts[2m > [22mSlideDataValidator[2m > [22mValida├º├úo de Slides Individuais[2m > [22mdeve validar slide com dados completos[32m 10[2mms[22m[39m
 [31m├ù[39m src/lib/pptx/__tests__/validation.test.ts[2m > [22mSlideDataValidator[2m > [22mValida├º├úo de Slides Individuais[2m > [22mdeve detectar t├¡tulo ausente ou inv├ílido[32m 23[2mms[22m[39m
[31m   ÔåÆ expected false to be true // Object.is equality[39m
 [31m├ù[39m src/lib/pptx/__tests__/validation.test.ts[2m > [22mSlideDataValidator[2m > [22mValida├º├úo de Slides Individuais[2m > [22mdeve detectar conte├║do insuficiente[32m 5[2mms[22m[39m
[31m   ÔåÆ expected false to be true // Object.is equality[39m
 [31m├ù[39m src/lib/pptx/__tests__/validation.test.ts[2m > [22mSlideDataValidator[2m > [22mValida├º├úo de Slides Individuais[2m > [22mdeve validar URLs de imagens[32m 4[2mms[22m[39m
[31m   ÔåÆ expected false to be true // Object.is equality[39m
 [31m├ù[39m src/lib/pptx/__tests__/validation.test.ts[2m > [22mSlideDataValidator[2m > [22mValida├º├úo de Slides Individuais[2m > [22mdeve validar texto alternativo de imagens[32m 3[2mms[22m[39m
[31m   ÔåÆ expected false to be true // Object.is equality[39m
 [31m├ù[39m src/lib/pptx/__tests__/validation.test.ts[2m > [22mSlideDataValidator[2m > [22mValida├º├úo de Slides Individuais[2m > [22mdeve validar posicionamento de imagens[32m 3[2mms[22m[39m
[31m   ÔåÆ expected false to be true // Object.is equality[39m
 [31m├ù[39m src/lib/pptx/__tests__/validation.test.ts[2m > [22mSlideDataValidator[2m > [22mValida├º├úo de Slides Individuais[2m > [22mdeve validar dimens├Áes do slide[32m 2[2mms[22m[39m
[31m   ÔåÆ expected false to be true // Object.is equality[39m
 [31m├ù[39m src/lib/pptx/__tests__/validation.test.ts[2m > [22mSlideDataValidator[2m > [22mValida├º├úo de M├║ltiplos Slides[2m > [22mdeve validar array de slides[32m 2[2mms[22m[39m
[31m   ÔåÆ Cannot read properties of undefined (reading 'totalSlides')[39m
 [31m├ù[39m src/lib/pptx/__tests__/validation.test.ts[2m > [22mSlideDataValidator[2m > [22mValida├º├úo de M├║ltiplos Slides[2m > [22mdeve detectar slides duplicados[32m 2[2mms[22m[39m
[31m   ÔåÆ Cannot read properties of undefined (reading 'some')[39m
 [31m├ù[39m src/lib/pptx/__tests__/validation.test.ts[2m > [22mSlideDataValidator[2m > [22mValida├º├úo de M├║ltiplos Slides[2m > [22mdeve validar sequ├¬ncia l├│gica de slides[32m 2[2mms[22m[39m
[31m   ÔåÆ Cannot read properties of undefined (reading 'some')[39m
 [31m├ù[39m src/lib/pptx/__tests__/validation.test.ts[2m > [22mSlideDataValidator[2m > [22mValida├º├úo de Mapeamento de Divs[2m > [22mdeve validar mapeamento v├ílido[32m 4[2mms[22m[39m
[31m   ÔåÆ slides.forEach is not a function[39m
 [31m├ù[39m src/lib/pptx/__tests__/validation.test.ts[2m > [22mSlideDataValidator[2m > [22mValida├º├úo de Mapeamento de Divs[2m > [22mdeve detectar divs sem dados[32m 2[2mms[22m[39m
[31m   ÔåÆ slides.forEach is not a function[39m
 [31m├ù[39m src/lib/pptx/__tests__/validation.test.ts[2m > [22mSlideDataValidator[2m > [22mValida├º├úo de Mapeamento de Divs[2m > [22mdeve validar estrutura de dados das divs[32m 1[2mms[22m[39m
[31m   ÔåÆ slides.forEach is not a function[39m
 [32mÔ£ô[39m src/lib/pptx/__tests__/validation.test.ts[2m > [22mSlideDataValidator[2m > [22mConfigura├º├úo do Validador[2m > [22mdeve aplicar configura├º├Áes personalizadas[32m 1[2mms[22m[39m
 [32mÔ£ô[39m src/lib/pptx/__tests__/validation.test.ts[2m > [22mSlideDataValidator[2m > [22mConfigura├º├úo do Validador[2m > [22mdeve usar configura├º├úo padr├úo quando n├úo especificada[32m 1[2mms[22m[39m
 [31m├ù[39m src/lib/pptx/__tests__/validation.test.ts[2m > [22mSlideDataValidator[2m > [22mGera├º├úo de Relat├│rios[2m > [22mdeve gerar relat├│rio detalhado de valida├º├úo[32m 2[2mms[22m[39m
[31m   ÔåÆ slides.forEach is not a function[39m
 [31m├ù[39m src/lib/pptx/__tests__/validation.test.ts[2m > [22mSlideDataValidator[2m > [22mGera├º├úo de Relat├│rios[2m > [22mdeve incluir estat├¡sticas detalhadas no relat├│rio[32m 1[2mms[22m[39m
[31m   ÔåÆ slides.forEach is not a function[39m
 [31m├ù[39m src/lib/pptx/__tests__/validation.test.ts[2m > [22mSlideDataValidator[2m > [22mFun├º├Áes Utilit├írias[2m > [22mvalidateSlideExtraction deve funcionar corretamente[32m 2[2mms[22m[39m
[31m   ÔåÆ Cannot read properties of undefined (reading 'totalSlides')[39m
 [31m├ù[39m src/lib/pptx/__tests__/validation.test.ts[2m > [22mSlideDataValidator[2m > [22mFun├º├Áes Utilit├írias[2m > [22mgenerateValidationReport deve funcionar como fun├º├úo standalone[32m 1[2mms[22m[39m
[31m   ÔåÆ generateValidationReport is not a function[39m
 [31m├ù[39m src/lib/pptx/__tests__/validation.test.ts[2m > [22mSlideDataValidator[2m > [22mCasos Extremos[2m > [22mdeve lidar com array vazio de slides[32m 1[2mms[22m[39m
[31m   ÔåÆ Cannot read properties of undefined (reading 'totalSlides')[39m
 [32mÔ£ô[39m src/lib/pptx/__tests__/validation.test.ts[2m > [22mSlideDataValidator[2m > [22mCasos Extremos[2m > [22mdeve lidar com slides com propriedades null/undefined[32m 1[2mms[22m[39m
 [31m├ù[39m src/lib/pptx/__tests__/validation.test.ts[2m > [22mSlideDataValidator[2m > [22mCasos Extremos[2m > [22mdeve lidar com imagens com propriedades malformadas[32m 2[2mms[22m[39m
[31m   ÔåÆ expected false to be true // Object.is equality[39m
 [32mÔ£ô[39m src/lib/pptx/__tests__/validation.test.ts[2m > [22mSlideDataValidator[2m > [22mCasos Extremos[2m > [22mdeve lidar com conte├║do extremamente longo[32m 1[2mms[22m[39m
 [31m├ù[39m src/lib/pptx/__tests__/validation.test.ts[2m > [22mSlideDataValidator[2m > [22mCasos Extremos[2m > [22mdeve lidar com muitas imagens em um slide[32m 2[2mms[22m[39m
[31m   ÔåÆ expected false to be true // Object.is equality[39m
 [31m├ù[39m src/lib/pptx/__tests__/validation.test.ts[2m > [22mSlideDataValidator[2m > [22mPerformance[2m > [22mdeve validar muitos slides em tempo razo├ível[32m 2[2mms[22m[39m
[31m   ÔåÆ Cannot read properties of undefined (reading 'totalSlides')[39m
 [32mÔ£ô[39m src/lib/pptx/__tests__/validation.test.ts[2m > [22mSlideDataValidator[2m > [22mPerformance[2m > [22mdeve ser eficiente com valida├º├úo de imagens[32m 1[2mms[22m[39m
 [31m├ù[39m src/__tests__/pptx-basic.test.ts[2m > [22mPPTX Studio System - Valida├º├úo B├ísica[2m > [22mAmbiente de Teste[2m > [22mdeve ter todas as depend├¬ncias globais configuradas[32m 13[2mms[22m[39m
[31m   ÔåÆ expected undefined to be defined[39m
 [32mÔ£ô[39m src/__tests__/pptx-basic.test.ts[2m > [22mPPTX Studio System - Valida├º├úo B├ísica[2m > [22mAmbiente de Teste[2m > [22mdeve ter mocks do localStorage configurados[32m 1[2mms[22m[39m
 [31m├ù[39m src/__tests__/pptx-basic.test.ts[2m > [22mPPTX Studio System - Valida├º├úo B├ísica[2m > [22mAmbiente de Teste[2m > [22mdeve ter utilit├írios de teste dispon├¡veis[32m 10[2mms[22m[39m
[31m   ÔåÆ expected undefined to be an instance of Function[39m
 [31m├ù[39m src/__tests__/pptx-basic.test.ts[2m > [22mPPTX Studio System - Valida├º├úo B├ísica[2m > [22mCria├º├úo de Arquivos Mock[2m > [22mdeve criar arquivo PPTX mock v├ílido[32m 2[2mms[22m[39m
[31m   ÔåÆ global.testUtils.createMockFile is not a function[39m
 [31m├ù[39m src/__tests__/pptx-basic.test.ts[2m > [22mPPTX Studio System - Valida├º├úo B├ísica[2m > [22mCria├º├úo de Arquivos Mock[2m > [22mdeve processar arrayBuffer do arquivo mock[32m 2[2mms[22m[39m
[31m   ÔåÆ global.testUtils.createMockFile is not a function[39m
 [32mÔ£ô[39m src/__tests__/pptx-basic.test.ts[2m > [22mPPTX Studio System - Valida├º├úo B├ísica[2m > [22mProcessamento XML Mock[2m > [22mdeve parsear XML b├ísico[32m 15[2mms[22m[39m
 [31m├ù[39m src/__tests__/pptx-basic.test.ts[2m > [22mPPTX Studio System - Valida├º├úo B├ísica[2m > [22mProcessamento XML Mock[2m > [22mdeve serializar XML[32m 6[2mms[22m[39m
[31m   ÔåÆ Failed to execute 'serializeToString' on 'XMLSerializer': parameter 1 is not of type 'Node'.[39m
 [31m├ù[39m src/__tests__/pptx-basic.test.ts[2m > [22mPPTX Studio System - Valida├º├úo B├ísica[2m > [22mWorker Mock[2m > [22mdeve criar worker e processar mensagens[32m 1[2mms[22m[39m
[31m   ÔåÆ Worker is not defined[39m
 [31m├ù[39m src/__tests__/pptx-basic.test.ts[2m > [22mPPTX Studio System - Valida├º├úo B├ísica[2m > [22mCanvas Mock[2m > [22mdeve criar canvas e obter contexto 2d[32m 4[2mms[22m[39m
[31m   ÔåÆ Invalid constructor, the constructor is not part of the custom element registry[39m
 [31m├ù[39m src/__tests__/pptx-basic.test.ts[2m > [22mPPTX Studio System - Valida├º├úo B├ísica[2m > [22mCanvas Mock[2m > [22mdeve gerar dados de imagem[32m 1[2mms[22m[39m
[31m   ÔåÆ Invalid constructor, the constructor is not part of the custom element registry[39m
 [32mÔ£ô[39m src/__tests__/pptx-basic.test.ts[2m > [22mPPTX Studio System - Valida├º├úo B├ísica[2m > [22mPerformance Memory Mock[2m > [22mdeve ter informa├º├Áes de mem├│ria dispon├¡veis[32m 1[2mms[22m[39m
 [31m├ù[39m src/__tests__/pptx-basic.test.ts[2m > [22mPPTX Studio System - Valida├º├úo B├ísica[2m > [22mIndexedDB Mock[2m > [22mdeve simular abertura de banco de dados[32m 1[2mms[22m[39m
[31m   ÔåÆ indexedDB is not defined[39m
 [31m├ù[39m src/__tests__/pptx-basic.test.ts[2m > [22mPPTX Studio System - Valida├º├úo B├ísica[2m > [22mUtilidades de Tempo[2m > [22mdeve aguardar tempo espec├¡fico[32m 1[2mms[22m[39m
[31m   ÔåÆ global.testUtils.wait is not a function[39m
 [32mÔ£ô[39m src/__tests__/pptx-basic.test.ts[2m > [22mPPTX Studio System - Valida├º├úo B├ísica[2m > [22mSimula├º├úo de Componentes PPTX[2m > [22mdeve simular processamento de estrutura PPTX[32m 3[2mms[22m[39m
 [32mÔ£ô[39m src/__tests__/pptx-basic.test.ts[2m > [22mPPTX Studio System - Valida├º├úo B├ísica[2m > [22mSimula├º├úo de Componentes PPTX[2m > [22mdeve validar configura├º├Áes de cache[32m 1[2mms[22m[39m
 [32mÔ£ô[39m src/__tests__/pptx-basic.test.ts[2m > [22mPPTX Studio System - Valida├º├úo B├ísica[2m > [22mSimula├º├úo de Componentes PPTX[2m > [22mdeve simular configura├º├Áes de worker pool[32m 1[2mms[22m[39m
 [31m├ù[39m src/__tests__/pptx-basic.test.ts[2m > [22mPPTX Studio System - Valida├º├úo B├ísica[2m > [22mValida├º├úo de Performance[2m > [22mdeve medir tempo de execu├º├úo de opera├º├Áes[32m 2[2mms[22m[39m
[31m   ÔåÆ global.testUtils.wait is not a function[39m
 [32mÔ£ô[39m src/__tests__/pptx-basic.test.ts[2m > [22mPPTX Studio System - Valida├º├úo B├ísica[2m > [22mValida├º├úo de Performance[2m > [22mdeve validar uso de mem├│ria[32m 1[2mms[22m[39m
 [31m├ù[39m src/__tests__/pptx-basic.test.ts[2m > [22mPPTX Studio System - Valida├º├úo B├ísica[2m > [22mSistema de Logs e Debug[2m > [22mdeve capturar logs do console[32m 2[2mms[22m[39m
[31m   ÔåÆ global.testUtils.mockConsole is not a function[39m
 [31m├ù[39m src/__tests__/pptx-basic.test.ts[2m > [22mPPTX Studio System - Valida├º├úo B├ísica[2m > [22mIntegra├º├úo B├ísica[2m > [22mdeve processar pipeline completo de teste[32m 1[2mms[22m[39m
[31m   ÔåÆ global.testUtils.createMockFile is not a function[39m
 [32mÔ£ô[39m src/tests/automated-services.test.ts[2m > [22mAutomated Services Tests[2m > [22mTTS Service Tests[2m > [22mElevenLabs Provider[2m > [22mdeve sintetizar ├íudio com ElevenLabs[32m 15[2mms[22m[39m
 [32mÔ£ô[39m src/tests/automated-services.test.ts[2m > [22mAutomated Services Tests[2m > [22mTTS Service Tests[2m > [22mElevenLabs Provider[2m > [22mdeve listar vozes dispon├¡veis[32m 4[2mms[22m[39m
 [32mÔ£ô[39m src/tests/automated-services.test.ts[2m > [22mAutomated Services Tests[2m > [22mTTS Service Tests[2m > [22mElevenLabs Provider[2m > [22mdeve validar chave da API[32m 2[2mms[22m[39m
 [32mÔ£ô[39m src/tests/automated-services.test.ts[2m > [22mAutomated Services Tests[2m > [22mTTS Service Tests[2m > [22mGoogle Cloud TTS Provider[2m > [22mdeve sintetizar ├íudio com Google TTS[32m 2[2mms[22m[39m
 [32mÔ£ô[39m src/tests/automated-services.test.ts[2m > [22mAutomated Services Tests[2m > [22mTTS Service Tests[2m > [22mAzure TTS Provider[2m > [22mdeve sintetizar ├íudio com Azure TTS[32m 2[2mms[22m[39m
 [32mÔ£ô[39m src/tests/automated-services.test.ts[2m > [22mAutomated Services Tests[2m > [22mTTS Service Tests[2m > [22mTTS Fallback System[2m > [22mdeve usar fallback quando provider principal falha[32m 2[2mms[22m[39m
 [32mÔ£ô[39m src/tests/automated-services.test.ts[2m > [22mAutomated Services Tests[2m > [22mAvatar Service Tests[2m > [22mdeve gerar talking head avatar[32m 2[2mms[22m[39m
 [32mÔ£ô[39m src/tests/automated-services.test.ts[2m > [22mAutomated Services Tests[2m > [22mAvatar Service Tests[2m > [22mdeve sincronizar movimento labial com ├íudio[32m 2[2mms[22m[39m
 [32mÔ£ô[39m src/tests/automated-services.test.ts[2m > [22mAutomated Services Tests[2m > [22mAvatar Service Tests[2m > [22mdeve listar templates de avatar dispon├¡veis[32m 2[2mms[22m[39m
 [32mÔ£ô[39m src/tests/automated-services.test.ts[2m > [22mAutomated Services Tests[2m > [22mAvatar Service Tests[2m > [22mdeve customizar avatar com par├ómetros espec├¡ficos[32m 2[2mms[22m[39m
 [32mÔ£ô[39m src/tests/automated-services.test.ts[2m > [22mAutomated Services Tests[2m > [22mRender Service Tests[2m > [22mdeve criar composi├º├úo de v├¡deo[32m 2[2mms[22m[39m
 [32mÔ£ô[39m src/tests/automated-services.test.ts[2m > [22mAutomated Services Tests[2m > [22mRender Service Tests[2m > [22mdeve renderizar v├¡deo com progresso[32m 2[2mms[22m[39m
 [32mÔ£ô[39m src/tests/automated-services.test.ts[2m > [22mAutomated Services Tests[2m > [22mRender Service Tests[2m > [22mdeve cancelar renderiza├º├úo em andamento[32m 1[2mms[22m[39m
 [32mÔ£ô[39m src/tests/automated-services.test.ts[2m > [22mAutomated Services Tests[2m > [22mRender Service Tests[2m > [22mdeve exportar em diferentes formatos[32m 3[2mms[22m[39m
 [31m├ù[39m src/tests/automated-services.test.ts[2m > [22mAutomated Services Tests[2m > [22mPerformance Tests[2m > [22mdeve processar TTS em tempo aceit├ível[32m 7[2mms[22m[39m
[31m   ÔåÆ expected NaN to be less than 100[39m
 [31m├ù[39m src/tests/automated-services.test.ts[2m > [22mAutomated Services Tests[2m > [22mPerformance Tests[2m > [22mdeve gerar avatar em tempo aceit├ível[32m 2[2mms[22m[39m
[31m   ÔåÆ expected NaN to be less than 200[39m
 [31m├ù[39m src/tests/automated-services.test.ts[2m > [22mAutomated Services Tests[2m > [22mPerformance Tests[2m > [22mdeve renderizar v├¡deo em tempo aceit├ível[32m 1[2mms[22m[39m
[31m   ÔåÆ expected NaN to be less than 300[39m
 [32mÔ£ô[39m src/tests/automated-services.test.ts[2m > [22mAutomated Services Tests[2m > [22mError Handling Tests[2m > [22mdeve tratar erro de API do TTS[32m 8[2mms[22m[39m
 [32mÔ£ô[39m src/tests/automated-services.test.ts[2m > [22mAutomated Services Tests[2m > [22mError Handling Tests[2m > [22mdeve tratar erro de gera├º├úo de avatar[32m 2[2mms[22m[39m
 [32mÔ£ô[39m src/tests/automated-services.test.ts[2m > [22mAutomated Services Tests[2m > [22mError Handling Tests[2m > [22mdeve tratar erro de renderiza├º├úo[32m 2[2mms[22m[39m
 [32mÔ£ô[39m src/tests/automated-services.test.ts[2m > [22mAutomated Services Tests[2m > [22mIntegration Tests[2m > [22mdeve integrar TTS + Avatar + Render[32m 1[2mms[22m[39m
 [32mÔ£ô[39m src/hooks/__tests__/useEventSystem.test.tsx[2m > [22museEventSystem[2m > [22mshould return the same event system instance[32m 67[2mms[22m[39m
 [31m├ù[39m src/hooks/__tests__/useEventSystem.test.tsx[2m > [22museEventSystem[2m > [22mshould subscribe and emit events[32m 9[2mms[22m[39m
[31m   ÔåÆ jest is not defined[39m
 [31m├ù[39m src/hooks/__tests__/useEventSystem.test.tsx[2m > [22museEventSystem[2m > [22mshould handle debounced events[32m 2[2mms[22m[39m
[31m   ÔåÆ jest is not defined[39m
 [31m├ù[39m src/hooks/__tests__/useEventSystem.test.tsx[2m > [22museEventSystem[2m > [22mshould unsubscribe when component unmounts[32m 2[2mms[22m[39m
[31m   ÔåÆ jest is not defined[39m
 [31m├ù[39m src/hooks/__tests__/useEventSystem.test.tsx[2m > [22museEventSystem[2m > [22mshould handle multiple subscriptions[32m 1[2mms[22m[39m
[31m   ÔåÆ jest is not defined[39m
 [31m├ù[39m src/hooks/__tests__/useEventSystem.test.tsx[2m > [22museEventSystem[2m > [22mshould maintain subscription during rerenders[32m 1[2mms[22m[39m
[31m   ÔåÆ jest is not defined[39m
 [31m├ù[39m src/hooks/__tests__/useEventSystem.test.tsx[2m > [22museEventSystem[2m > [22mshould handle errors in event handlers[32m 1[2mms[22m[39m
[31m   ÔåÆ jest is not defined[39m
 [31m├ù[39m src/services/__tests__/complex-elements-extractor.test.ts[2m > [22mComplexElementsExtractor[2m > [22mextractTables[2m > [22mshould extract table data correctly[32m 24[2mms[22m[39m
[31m   ÔåÆ expected Promise{ÔÇª} to have property 'length'[39m
 [31m├ù[39m src/services/__tests__/complex-elements-extractor.test.ts[2m > [22mComplexElementsExtractor[2m > [22mextractTables[2m > [22mshould handle tables without headers[32m 3[2mms[22m[39m
[31m   ÔåÆ expected Promise{ÔÇª} to have property 'length'[39m
 [31m├ù[39m src/services/__tests__/complex-elements-extractor.test.ts[2m > [22mComplexElementsExtractor[2m > [22mextractTables[2m > [22mshould extract table styling information[32m 3[2mms[22m[39m
[31m   ÔåÆ expected Promise{ÔÇª} to have property 'length'[39m
 [31m├ù[39m src/services/__tests__/complex-elements-extractor.test.ts[2m > [22mComplexElementsExtractor[2m > [22mextractCharts[2m > [22mshould extract chart data correctly[32m 3[2mms[22m[39m
[31m   ÔåÆ expected Promise{ÔÇª} to have property 'length'[39m
 [31m├ù[39m src/services/__tests__/complex-elements-extractor.test.ts[2m > [22mComplexElementsExtractor[2m > [22mextractCharts[2m > [22mshould handle different chart types[32m 2[2mms[22m[39m
[31m   ÔåÆ expected Promise{ÔÇª} to have property 'length'[39m
 [31m├ù[39m src/services/__tests__/complex-elements-extractor.test.ts[2m > [22mComplexElementsExtractor[2m > [22mextractCharts[2m > [22mshould extract chart configuration options[32m 2[2mms[22m[39m
[31m   ÔåÆ expected Promise{ÔÇª} to have property 'length'[39m
 [31m├ù[39m src/services/__tests__/complex-elements-extractor.test.ts[2m > [22mComplexElementsExtractor[2m > [22mextractSmartArt[2m > [22mshould extract SmartArt hierarchy correctly[32m 3[2mms[22m[39m
[31m   ÔåÆ expected Promise{ÔÇª} to have property 'length'[39m
 [31m├ù[39m src/services/__tests__/complex-elements-extractor.test.ts[2m > [22mComplexElementsExtractor[2m > [22mextractSmartArt[2m > [22mshould extract process SmartArt correctly[32m 2[2mms[22m[39m
[31m   ÔåÆ expected Promise{ÔÇª} to have property 'length'[39m
 [31m├ù[39m src/services/__tests__/complex-elements-extractor.test.ts[2m > [22mComplexElementsExtractor[2m > [22mextractSmartArt[2m > [22mshould extract relationships between SmartArt nodes[32m 3[2mms[22m[39m
[31m   ÔåÆ expected Promise{ÔÇª} to have property 'length'[39m
 [31m├ù[39m src/services/__tests__/complex-elements-extractor.test.ts[2m > [22mComplexElementsExtractor[2m > [22mextractAll[2m > [22mshould extract all complex elements from a slide[32m 2[2mms[22m[39m
[31m   ÔåÆ extractor.extractAll is not a function[39m
 [31m├ù[39m src/services/__tests__/complex-elements-extractor.test.ts[2m > [22mComplexElementsExtractor[2m > [22mvalidation[2m > [22mshould validate table structure[32m 1[2mms[22m[39m
[31m   ÔåÆ extractor.validateTable is not a function[39m
 [31m├ù[39m src/services/__tests__/complex-elements-extractor.test.ts[2m > [22mComplexElementsExtractor[2m > [22mvalidation[2m > [22mshould validate chart structure[32m 2[2mms[22m[39m
[31m   ÔåÆ extractor.validateChart is not a function[39m
 [31m├ù[39m src/services/__tests__/complex-elements-extractor.test.ts[2m > [22mComplexElementsExtractor[2m > [22mvalidation[2m > [22mshould validate SmartArt structure[32m 1[2mms[22m[39m
[31m   ÔåÆ extractor.validateSmartArt is not a function[39m
 [31m├ù[39m src/services/__tests__/complex-elements-extractor.test.ts[2m > [22mComplexElementsExtractor[2m > [22merror handling[2m > [22mshould handle malformed table elements gracefully[32m 3[2mms[22m[39m
[31m   ÔåÆ expected Promise{ÔÇª} to have property 'length'[39m
 [31m├ù[39m src/services/__tests__/complex-elements-extractor.test.ts[2m > [22mComplexElementsExtractor[2m > [22merror handling[2m > [22mshould handle invalid chart data gracefully[32m 3[2mms[22m[39m
[31m   ÔåÆ expected Promise{ÔÇª} to have property 'length'[39m
 [31m├ù[39m src/services/__tests__/complex-elements-extractor.test.ts[2m > [22mComplexElementsExtractor[2m > [22merror handling[2m > [22mshould handle missing SmartArt nodes gracefully[32m 2[2mms[22m[39m
[31m   ÔåÆ expected Promise{ÔÇª} to have property 'length'[39m
stderr | src/tests/gpt4-vision.test.ts > GPT-4 Vision Service > should handle API errors gracefully
Text analysis error: Error: API Error
    at C:\xampp\htdocs\Studiotreiax_1\src\tests\gpt4-vision.test.ts:107:7
    at file:///C:/xampp/htdocs/Studiotreiax_1/node_modules/@vitest/runner/dist/chunk-hooks.js:155:11
    at file:///C:/xampp/htdocs/Studiotreiax_1/node_modules/@vitest/runner/dist/chunk-hooks.js:752:26
    at file:///C:/xampp/htdocs/Studiotreiax_1/node_modules/@vitest/runner/dist/chunk-hooks.js:1897:20
    at new Promise (<anonymous>)
    at runWithTimeout (file:///C:/xampp/htdocs/Studiotreiax_1/node_modules/@vitest/runner/dist/chunk-hooks.js:1863:10)
    at runTest (file:///C:/xampp/htdocs/Studiotreiax_1/node_modules/@vitest/runner/dist/chunk-hooks.js:1574:12)
    at runSuite (file:///C:/xampp/htdocs/Studiotreiax_1/node_modules/@vitest/runner/dist/chunk-hooks.js:1729:8)
    at runSuite (file:///C:/xampp/htdocs/Studiotreiax_1/node_modules/@vitest/runner/dist/chunk-hooks.js:1729:8)
    at runFiles (file:///C:/xampp/htdocs/Studiotreiax_1/node_modules/@vitest/runner/dist/chunk-hooks.js:1787:3)

 [32mÔ£ô[39m src/tests/gpt4-vision.test.ts[2m > [22mGPT-4 Vision Service[2m > [22mshould initialize service correctly[32m 7[2mms[22m[39m
 [32mÔ£ô[39m src/tests/gpt4-vision.test.ts[2m > [22mGPT-4 Vision Service[2m > [22mshould analyze PPTX with vision[32m 6[2mms[22m[39m
 [32mÔ£ô[39m src/tests/gpt4-vision.test.ts[2m > [22mGPT-4 Vision Service[2m > [22mshould handle empty slide contents[32m 2[2mms[22m[39m
 [32mÔ£ô[39m src/tests/gpt4-vision.test.ts[2m > [22mGPT-4 Vision Service[2m > [22mshould calculate overall compliance correctly[32m 2[2mms[22m[39m
 [31m├ù[39m src/tests/gpt4-vision.test.ts[2m > [22mGPT-4 Vision Service[2m > [22mshould handle API errors gracefully[32m 38[2mms[22m[39m
[31m   ÔåÆ promise resolved "{ fileName: 'test.pptx', ÔÇª(8) }" instead of rejecting[39m
 [32mÔ£ô[39m src/tests/gpt4-vision.test.ts[2m > [22mGPT-4 Vision Service[2m > [22mshould process progress callback[32m 7[2mms[22m[39m
stderr | src/services/__tests__/auto-correction.service.test.ts > AutoCorrectionService > correctSlide > should correct text content issues
[AutoCorrection] Erro cr├¡tico na corre├º├úo: TypeError: Cannot read properties of undefined (reading 'filter')
    at AutoCorrectionService.correctSlide (C:\xampp\htdocs\Studiotreiax_1\src\services\auto-correction.service.ts:106:10)
    at C:\xampp\htdocs\Studiotreiax_1\src\services\__tests__\auto-correction.service.test.ts:27:46
    at file:///C:/xampp/htdocs/Studiotreiax_1/node_modules/@vitest/runner/dist/chunk-hooks.js:155:11
    at file:///C:/xampp/htdocs/Studiotreiax_1/node_modules/@vitest/runner/dist/chunk-hooks.js:752:26
    at file:///C:/xampp/htdocs/Studiotreiax_1/node_modules/@vitest/runner/dist/chunk-hooks.js:1897:20
    at new Promise (<anonymous>)
    at runWithTimeout (file:///C:/xampp/htdocs/Studiotreiax_1/node_modules/@vitest/runner/dist/chunk-hooks.js:1863:10)
    at runTest (file:///C:/xampp/htdocs/Studiotreiax_1/node_modules/@vitest/runner/dist/chunk-hooks.js:1574:12)
    at runSuite (file:///C:/xampp/htdocs/Studiotreiax_1/node_modules/@vitest/runner/dist/chunk-hooks.js:1729:8)
    at runSuite (file:///C:/xampp/htdocs/Studiotreiax_1/node_modules/@vitest/runner/dist/chunk-hooks.js:1729:8)

stderr | src/services/__tests__/auto-correction.service.test.ts > AutoCorrectionService > correctSlide > should fix image properties
[AutoCorrection] Erro cr├¡tico na corre├º├úo: TypeError: Cannot read properties of undefined (reading 'filter')
    at AutoCorrectionService.correctSlide (C:\xampp\htdocs\Studiotreiax_1\src\services\auto-correction.service.ts:106:10)
    at C:\xampp\htdocs\Studiotreiax_1\src\services\__tests__\auto-correction.service.test.ts:57:46
    at file:///C:/xampp/htdocs/Studiotreiax_1/node_modules/@vitest/runner/dist/chunk-hooks.js:155:11
    at file:///C:/xampp/htdocs/Studiotreiax_1/node_modules/@vitest/runner/dist/chunk-hooks.js:752:26
    at file:///C:/xampp/htdocs/Studiotreiax_1/node_modules/@vitest/runner/dist/chunk-hooks.js:1897:20
    at new Promise (<anonymous>)
    at runWithTimeout (file:///C:/xampp/htdocs/Studiotreiax_1/node_modules/@vitest/runner/dist/chunk-hooks.js:1863:10)
    at runTest (file:///C:/xampp/htdocs/Studiotreiax_1/node_modules/@vitest/runner/dist/chunk-hooks.js:1574:12)
    at runSuite (file:///C:/xampp/htdocs/Studiotreiax_1/node_modules/@vitest/runner/dist/chunk-hooks.js:1729:8)
    at runSuite (file:///C:/xampp/htdocs/Studiotreiax_1/node_modules/@vitest/runner/dist/chunk-hooks.js:1729:8)

stderr | src/services/__tests__/auto-correction.service.test.ts > AutoCorrectionService > correctSlide > should handle slides with no issues
[AutoCorrection] Erro cr├¡tico na corre├º├úo: TypeError: Cannot read properties of undefined (reading 'filter')
    at AutoCorrectionService.correctSlide (C:\xampp\htdocs\Studiotreiax_1\src\services\auto-correction.service.ts:106:10)
    at C:\xampp\htdocs\Studiotreiax_1\src\services\__tests__\auto-correction.service.test.ts:87:46
    at file:///C:/xampp/htdocs/Studiotreiax_1/node_modules/@vitest/runner/dist/chunk-hooks.js:155:11
    at file:///C:/xampp/htdocs/Studiotreiax_1/node_modules/@vitest/runner/dist/chunk-hooks.js:752:26
    at file:///C:/xampp/htdocs/Studiotreiax_1/node_modules/@vitest/runner/dist/chunk-hooks.js:1897:20
    at new Promise (<anonymous>)
    at runWithTimeout (file:///C:/xampp/htdocs/Studiotreiax_1/node_modules/@vitest/runner/dist/chunk-hooks.js:1863:10)
    at runTest (file:///C:/xampp/htdocs/Studiotreiax_1/node_modules/@vitest/runner/dist/chunk-hooks.js:1574:12)
    at runSuite (file:///C:/xampp/htdocs/Studiotreiax_1/node_modules/@vitest/runner/dist/chunk-hooks.js:1729:8)
    at runSuite (file:///C:/xampp/htdocs/Studiotreiax_1/node_modules/@vitest/runner/dist/chunk-hooks.js:1729:8)

stderr | src/services/__tests__/auto-correction.service.test.ts > AutoCorrectionService > addCustomRule > should add and apply custom correction rules
[AutoCorrection] Erro cr├¡tico na corre├º├úo: TypeError: Cannot read properties of undefined (reading 'filter')
    at AutoCorrectionService.correctSlide (C:\xampp\htdocs\Studiotreiax_1\src\services\auto-correction.service.ts:106:10)
    at C:\xampp\htdocs\Studiotreiax_1\src\services\__tests__\auto-correction.service.test.ts:151:46
    at file:///C:/xampp/htdocs/Studiotreiax_1/node_modules/@vitest/runner/dist/chunk-hooks.js:155:11
    at file:///C:/xampp/htdocs/Studiotreiax_1/node_modules/@vitest/runner/dist/chunk-hooks.js:752:26
    at file:///C:/xampp/htdocs/Studiotreiax_1/node_modules/@vitest/runner/dist/chunk-hooks.js:1897:20
    at new Promise (<anonymous>)
    at runWithTimeout (file:///C:/xampp/htdocs/Studiotreiax_1/node_modules/@vitest/runner/dist/chunk-hooks.js:1863:10)
    at runTest (file:///C:/xampp/htdocs/Studiotreiax_1/node_modules/@vitest/runner/dist/chunk-hooks.js:1574:12)
    at runSuite (file:///C:/xampp/htdocs/Studiotreiax_1/node_modules/@vitest/runner/dist/chunk-hooks.js:1729:8)
    at runSuite (file:///C:/xampp/htdocs/Studiotreiax_1/node_modules/@vitest/runner/dist/chunk-hooks.js:1729:8)

stderr | src/services/__tests__/auto-correction.service.test.ts > AutoCorrectionService > getStats > should track correction statistics
[AutoCorrection] Erro cr├¡tico na corre├º├úo: TypeError: Cannot read properties of undefined (reading 'filter')
    at AutoCorrectionService.correctSlide (C:\xampp\htdocs\Studiotreiax_1\src\services\auto-correction.service.ts:106:10)
    at C:\xampp\htdocs\Studiotreiax_1\src\services\__tests__\auto-correction.service.test.ts:198:31
    at file:///C:/xampp/htdocs/Studiotreiax_1/node_modules/@vitest/runner/dist/chunk-hooks.js:155:11
    at file:///C:/xampp/htdocs/Studiotreiax_1/node_modules/@vitest/runner/dist/chunk-hooks.js:752:26
    at file:///C:/xampp/htdocs/Studiotreiax_1/node_modules/@vitest/runner/dist/chunk-hooks.js:1897:20
    at new Promise (<anonymous>)
    at runWithTimeout (file:///C:/xampp/htdocs/Studiotreiax_1/node_modules/@vitest/runner/dist/chunk-hooks.js:1863:10)
    at runTest (file:///C:/xampp/htdocs/Studiotreiax_1/node_modules/@vitest/runner/dist/chunk-hooks.js:1574:12)
    at runSuite (file:///C:/xampp/htdocs/Studiotreiax_1/node_modules/@vitest/runner/dist/chunk-hooks.js:1729:8)
    at runSuite (file:///C:/xampp/htdocs/Studiotreiax_1/node_modules/@vitest/runner/dist/chunk-hooks.js:1729:8)

 [31m├ù[39m src/services/__tests__/auto-correction.service.test.ts[2m > [22mAutoCorrectionService[2m > [22mcorrectSlide[2m > [22mshould correct text content issues[32m 32[2mms[22m[39m
[31m   ÔåÆ expected false to be true // Object.is equality[39m
 [31m├ù[39m src/services/__tests__/auto-correction.service.test.ts[2m > [22mAutoCorrectionService[2m > [22mcorrectSlide[2m > [22mshould fix image properties[32m 5[2mms[22m[39m
[31m   ÔåÆ expected false to be true // Object.is equality[39m
 [31m├ù[39m src/services/__tests__/auto-correction.service.test.ts[2m > [22mAutoCorrectionService[2m > [22mcorrectSlide[2m > [22mshould handle slides with no issues[32m 5[2mms[22m[39m
[31m   ÔåÆ expected false to be true // Object.is equality[39m
 [31m├ù[39m src/services/__tests__/auto-correction.service.test.ts[2m > [22mAutoCorrectionService[2m > [22mcorrectSlides[2m > [22mshould correct multiple slides in batch[32m 2[2mms[22m[39m
[31m   ÔåÆ correctionService.correctSlides is not a function[39m
 [31m├ù[39m src/services/__tests__/auto-correction.service.test.ts[2m > [22mAutoCorrectionService[2m > [22maddCustomRule[2m > [22mshould add and apply custom correction rules[32m 4[2mms[22m[39m
[31m   ÔåÆ expected false to be true // Object.is equality[39m
 [31m├ù[39m src/services/__tests__/auto-correction.service.test.ts[2m > [22mAutoCorrectionService[2m > [22mcreateBackup and restoreFromBackup[2m > [22mshould create and restore slide backups[32m 1[2mms[22m[39m
[31m   ÔåÆ correctionService.createBackup is not a function[39m
 [31m├ù[39m src/services/__tests__/auto-correction.service.test.ts[2m > [22mAutoCorrectionService[2m > [22mcreateBackup and restoreFromBackup[2m > [22mshould return null for invalid backup ID[32m 1[2mms[22m[39m
[31m   ÔåÆ correctionService.restoreFromBackup is not a function[39m
 [31m├ù[39m src/services/__tests__/auto-correction.service.test.ts[2m > [22mAutoCorrectionService[2m > [22mgetStats[2m > [22mshould track correction statistics[32m 5[2mms[22m[39m
[31m   ÔåÆ expected undefined to be 1 // Object.is equality[39m
 [31m├ù[39m src/services/__tests__/progress-indicator.service.test.ts[2m > [22mProgressIndicatorService[2m > [22mstartProgress[2m > [22mshould initialize progress with default steps[32m 6[2mms[22m[39m
[31m   ÔåÆ jest is not defined[39m
[31m   ÔåÆ Cannot read properties of undefined (reading 'reset')[39m
 [31m├ù[39m src/services/__tests__/progress-indicator.service.test.ts[2m > [22mProgressIndicatorService[2m > [22mstartProgress[2m > [22mshould emit progress event on start[32m 2[2mms[22m[39m
[31m   ÔåÆ jest is not defined[39m
[31m   ÔåÆ Cannot read properties of undefined (reading 'reset')[39m
 [31m├ù[39m src/services/__tests__/progress-indicator.service.test.ts[2m > [22mProgressIndicatorService[2m > [22mupdateStep[2m > [22mshould update current step progress[32m 2[2mms[22m[39m
[31m   ÔåÆ jest is not defined[39m
[31m   ÔåÆ Cannot read properties of undefined (reading 'reset')[39m
 [31m├ù[39m src/services/__tests__/progress-indicator.service.test.ts[2m > [22mProgressIndicatorService[2m > [22mupdateStep[2m > [22mshould calculate overall progress correctly[32m 2[2mms[22m[39m
[31m   ÔåÆ jest is not defined[39m
[31m   ÔåÆ Cannot read properties of undefined (reading 'reset')[39m
 [31m├ù[39m src/services/__tests__/progress-indicator.service.test.ts[2m > [22mProgressIndicatorService[2m > [22mupdateStep[2m > [22mshould emit progress events on updates[32m 2[2mms[22m[39m
[31m   ÔåÆ jest is not defined[39m
[31m   ÔåÆ Cannot read properties of undefined (reading 'reset')[39m
 [31m├ù[39m src/services/__tests__/progress-indicator.service.test.ts[2m > [22mProgressIndicatorService[2m > [22mnextStep[2m > [22mshould advance to next step[32m 2[2mms[22m[39m
[31m   ÔåÆ jest is not defined[39m
[31m   ÔåÆ Cannot read properties of undefined (reading 'reset')[39m
 [31m├ù[39m src/services/__tests__/progress-indicator.service.test.ts[2m > [22mProgressIndicatorService[2m > [22mnextStep[2m > [22mshould complete progress when reaching last step[32m 2[2mms[22m[39m
[31m   ÔåÆ jest is not defined[39m
[31m   ÔåÆ Cannot read properties of undefined (reading 'reset')[39m
 [31m├ù[39m src/services/__tests__/progress-indicator.service.test.ts[2m > [22mProgressIndicatorService[2m > [22maddMetric[2m > [22mshould add performance metrics[32m 2[2mms[22m[39m
[31m   ÔåÆ jest is not defined[39m
[31m   ÔåÆ Cannot read properties of undefined (reading 'reset')[39m
 [31m├ù[39m src/services/__tests__/progress-indicator.service.test.ts[2m > [22mProgressIndicatorService[2m > [22maddMetric[2m > [22mshould update existing metrics[32m 2[2mms[22m[39m
[31m   ÔåÆ jest is not defined[39m
[31m   ÔåÆ Cannot read properties of undefined (reading 'reset')[39m
 [31m├ù[39m src/services/__tests__/progress-indicator.service.test.ts[2m > [22mProgressIndicatorService[2m > [22merror handling[2m > [22mshould handle step errors[32m 2[2mms[22m[39m
[31m   ÔåÆ jest is not defined[39m
[31m   ÔåÆ Cannot read properties of undefined (reading 'reset')[39m
 [31m├ù[39m src/services/__tests__/progress-indicator.service.test.ts[2m > [22mProgressIndicatorService[2m > [22merror handling[2m > [22mshould emit error events[32m 2[2mms[22m[39m
[31m   ÔåÆ jest is not defined[39m
[31m   ÔåÆ Cannot read properties of undefined (reading 'reset')[39m
 [31m├ù[39m src/services/__tests__/progress-indicator.service.test.ts[2m > [22mProgressIndicatorService[2m > [22mtime estimation[2m > [22mshould calculate estimated time remaining[32m 2[2mms[22m[39m
[31m   ÔåÆ jest is not defined[39m
[31m   ÔåÆ Cannot read properties of undefined (reading 'reset')[39m
 [31m├ù[39m src/services/__tests__/progress-indicator.service.test.ts[2m > [22mProgressIndicatorService[2m > [22mtime estimation[2m > [22mshould update elapsed time[32m 1[2mms[22m[39m
[31m   ÔåÆ jest is not defined[39m
[31m   ÔåÆ Cannot read properties of undefined (reading 'reset')[39m
 [31m├ù[39m src/services/__tests__/progress-indicator.service.test.ts[2m > [22mProgressIndicatorService[2m > [22mpause and resume[2m > [22mshould pause progress tracking[32m 2[2mms[22m[39m
[31m   ÔåÆ jest is not defined[39m
[31m   ÔåÆ Cannot read properties of undefined (reading 'reset')[39m
 [31m├ù[39m src/services/__tests__/progress-indicator.service.test.ts[2m > [22mProgressIndicatorService[2m > [22mpause and resume[2m > [22mshould resume progress tracking[32m 1[2mms[22m[39m
[31m   ÔåÆ jest is not defined[39m
[31m   ÔåÆ Cannot read properties of undefined (reading 'reset')[39m
 [31m├ù[39m src/services/__tests__/progress-indicator.service.test.ts[2m > [22mProgressIndicatorService[2m > [22mpause and resume[2m > [22mshould not update elapsed time when paused[32m 1[2mms[22m[39m
[31m   ÔåÆ jest is not defined[39m
[31m   ÔåÆ Cannot read properties of undefined (reading 'reset')[39m
 [31m├ù[39m src/services/__tests__/progress-indicator.service.test.ts[2m > [22mProgressIndicatorService[2m > [22mreset[2m > [22mshould reset progress to initial state[32m 9[2mms[22m[39m
[31m   ÔåÆ jest is not defined[39m
[31m   ÔåÆ Cannot read properties of undefined (reading 'reset')[39m
 [31m├ù[39m src/services/__tests__/progress-indicator.service.test.ts[2m > [22mProgressIndicatorService[2m > [22mbatch operations[2m > [22mshould handle batch progress updates[32m 1[2mms[22m[39m
[31m   ÔåÆ jest is not defined[39m
[31m   ÔåÆ Cannot read properties of undefined (reading 'reset')[39m
 [31m├ù[39m src/services/__tests__/progress-indicator.service.test.ts[2m > [22mProgressIndicatorService[2m > [22mperformance metrics[2m > [22mshould track processing speed metrics[32m 1[2mms[22m[39m
[31m   ÔåÆ jest is not defined[39m
[31m   ÔåÆ Cannot read properties of undefined (reading 'reset')[39m
 [31m├ù[39m src/services/__tests__/progress-indicator.service.test.ts[2m > [22mProgressIndicatorService[2m > [22mperformance metrics[2m > [22mshould calculate throughput metrics[32m 1[2mms[22m[39m
[31m   ÔåÆ jest is not defined[39m
[31m   ÔåÆ Cannot read properties of undefined (reading 'reset')[39m
 [31m├ù[39m src/services/__tests__/slide-data-validator.test.ts[2m > [22mSlideDataValidator[2m > [22mvalidateSlide[2m > [22mshould validate a valid slide successfully[32m 22[2mms[22m[39m
[31m   ÔåÆ expected undefined to be true // Object.is equality[39m
 [31m├ù[39m src/services/__tests__/slide-data-validator.test.ts[2m > [22mSlideDataValidator[2m > [22mvalidateSlide[2m > [22mshould detect missing required fields[32m 4[2mms[22m[39m
[31m   ÔåÆ expected undefined to be false // Object.is equality[39m
 [31m├ù[39m src/services/__tests__/slide-data-validator.test.ts[2m > [22mSlideDataValidator[2m > [22mvalidateSlide[2m > [22mshould validate image properties[32m 3[2mms[22m[39m
[31m   ÔåÆ expected undefined to be false // Object.is equality[39m
 [31m├ù[39m src/services/__tests__/slide-data-validator.test.ts[2m > [22mSlideDataValidator[2m > [22mvalidateSlides[2m > [22mshould validate multiple slides[32m 13[2mms[22m[39m
[31m   ÔåÆ expected Promise{ÔÇª} to have property 'length'[39m
 [31m├ù[39m src/services/__tests__/slide-data-validator.test.ts[2m > [22mSlideDataValidator[2m > [22maddCustomRule[2m > [22mshould add and apply custom validation rules[32m 3[2mms[22m[39m
[31m   ÔåÆ expected undefined to be false // Object.is equality[39m
 [31m├ù[39m src/services/__tests__/slide-data-validator.test.ts[2m > [22mSlideDataValidator[2m > [22mgenerateReport[2m > [22mshould generate a comprehensive validation report[32m 2[2mms[22m[39m
[31m   ÔåÆ validator.generateReport is not a function[39m
 [31m├ù[39m src/__tests__/integration/pptx-system.integration.test.ts[2m > [22mPPTX System Integration Tests[2m > [22mComplete PPTX Processing Pipeline[2m > [22mshould process a complete slide with validation, correction, and caching[32m 14[2mms[22m[39m
[31m   ÔåÆ progressService.startProgress is not a function[39m
[31m   ÔåÆ parallelProcessor.shutdown is not a function[39m
 [31m├ù[39m src/__tests__/integration/pptx-system.integration.test.ts[2m > [22mPPTX System Integration Tests[2m > [22mComplete PPTX Processing Pipeline[2m > [22mshould process multiple slides in parallel with progress tracking[32m 3[2mms[22m[39m
[31m   ÔåÆ parallelProcessor.processBatch is not a function[39m
[31m   ÔåÆ parallelProcessor.shutdown is not a function[39m
 [31m├ù[39m src/__tests__/integration/pptx-system.integration.test.ts[2m > [22mPPTX System Integration Tests[2m > [22mComplete PPTX Processing Pipeline[2m > [22mshould extract and preserve complex elements formatting[32m 3[2mms[22m[39m
[31m   ÔåÆ elementsExtractor.extractAll is not a function[39m
[31m   ÔåÆ parallelProcessor.shutdown is not a function[39m
 [31m├ù[39m src/__tests__/integration/pptx-system.integration.test.ts[2m > [22mPPTX System Integration Tests[2m > [22mComplete PPTX Processing Pipeline[2m > [22mshould handle errors gracefully throughout the pipeline[32m 3[2mms[22m[39m
[31m   ÔåÆ progressService.startProgress is not a function[39m
[31m   ÔåÆ parallelProcessor.shutdown is not a function[39m
 [31m├ù[39m src/__tests__/integration/pptx-system.integration.test.ts[2m > [22mPPTX System Integration Tests[2m > [22mComplete PPTX Processing Pipeline[2m > [22mshould maintain performance under load[32m 7[2mms[22m[39m
[31m   ÔåÆ parallelProcessor.processBatch is not a function[39m
[31m   ÔåÆ parallelProcessor.shutdown is not a function[39m
 [31m├ù[39m src/__tests__/integration/pptx-system.integration.test.ts[2m > [22mPPTX System Integration Tests[2m > [22mSystem Recovery and Resilience[2m > [22mshould recover from worker failures[32m 3[2mms[22m[39m
[31m   ÔåÆ parallelProcessor.processBatch is not a function[39m
[31m   ÔåÆ parallelProcessor.shutdown is not a function[39m
 [31m├ù[39m src/__tests__/integration/pptx-system.integration.test.ts[2m > [22mPPTX System Integration Tests[2m > [22mSystem Recovery and Resilience[2m > [22mshould handle cache failures gracefully[32m 9[2mms[22m[39m
[31m   ÔåÆ parallelProcessor.shutdown is not a function[39m
17:05:43 [vite] warning: Duplicate key "version" in object literal
144|        renderer: this.gl.getParameter(this.gl.RENDERER),
145|        vendor: this.gl.getParameter(this.gl.VENDOR),
146|        version: this.gl.getParameter(this.gl.VERSION)
   |        ^
147|      });
148|    }

  Plugin: vite:esbuild
  File: C:/xampp/htdocs/Studiotreiax_1/src/lib/rendering/WebGLRenderingEngine.ts
 [31m├ù[39m src/__tests__/lib/rendering/WebGLRenderingEngine.test.ts[2m > [22mWebGLRenderingEngine[2m > [22mInitialization[2m > [22mshould initialize WebGL engine successfully[32m 6[2mms[22m[39m
[31m   ÔåÆ jest is not defined[39m
 [31m├ù[39m src/__tests__/lib/rendering/WebGLRenderingEngine.test.ts[2m > [22mWebGLRenderingEngine[2m > [22mInitialization[2m > [22mshould initialize with WebGL1 fallback when WebGL2 is not available[32m 2[2mms[22m[39m
[31m   ÔåÆ jest is not defined[39m
 [31m├ù[39m src/__tests__/lib/rendering/WebGLRenderingEngine.test.ts[2m > [22mWebGLRenderingEngine[2m > [22mInitialization[2m > [22mshould throw error when WebGL is not supported[32m 1[2mms[22m[39m
[31m   ÔåÆ jest is not defined[39m
 [31m├ù[39m src/__tests__/lib/rendering/WebGLRenderingEngine.test.ts[2m > [22mWebGLRenderingEngine[2m > [22mInitialization[2m > [22mshould initialize default shaders and effects[32m 1[2mms[22m[39m
[31m   ÔåÆ jest is not defined[39m
 [31m├ù[39m src/__tests__/lib/rendering/WebGLRenderingEngine.test.ts[2m > [22mWebGLRenderingEngine[2m > [22mFrame Rendering[2m > [22mshould render frame with ImageData successfully[32m 1[2mms[22m[39m
[31m   ÔåÆ jest is not defined[39m
 [31m├ù[39m src/__tests__/lib/rendering/WebGLRenderingEngine.test.ts[2m > [22mWebGLRenderingEngine[2m > [22mFrame Rendering[2m > [22mshould render frame with canvas element successfully[32m 1[2mms[22m[39m
[31m   ÔåÆ jest is not defined[39m
 [31m├ù[39m src/__tests__/lib/rendering/WebGLRenderingEngine.test.ts[2m > [22mWebGLRenderingEngine[2m > [22mFrame Rendering[2m > [22mshould apply blur effect to frame[32m 1[2mms[22m[39m
[31m   ÔåÆ jest is not defined[39m
 [31m├ù[39m src/__tests__/lib/rendering/WebGLRenderingEngine.test.ts[2m > [22mWebGLRenderingEngine[2m > [22mFrame Rendering[2m > [22mshould apply color correction effect to frame[32m 1[2mms[22m[39m
[31m   ÔåÆ jest is not defined[39m
 [31m├ù[39m src/__tests__/lib/rendering/WebGLRenderingEngine.test.ts[2m > [22mWebGLRenderingEngine[2m > [22mFrame Rendering[2m > [22mshould apply multiple effects in correct order[32m 2[2mms[22m[39m
[31m   ÔåÆ jest is not defined[39m
 [31m├ù[39m src/__tests__/lib/rendering/WebGLRenderingEngine.test.ts[2m > [22mWebGLRenderingEngine[2m > [22mEffect Management[2m > [22mshould get available effects[32m 1[2mms[22m[39m
[31m   ÔåÆ jest is not defined[39m
 [31m├ù[39m src/__tests__/lib/rendering/WebGLRenderingEngine.test.ts[2m > [22mWebGLRenderingEngine[2m > [22mEffect Management[2m > [22mshould enable and disable effects[32m 2[2mms[22m[39m
[31m   ÔåÆ jest is not defined[39m
 [31m├ù[39m src/__tests__/lib/rendering/WebGLRenderingEngine.test.ts[2m > [22mWebGLRenderingEngine[2m > [22mEffect Management[2m > [22mshould set effect parameters[32m 1[2mms[22m[39m
[31m   ÔåÆ jest is not defined[39m
 [31m├ù[39m src/__tests__/lib/rendering/WebGLRenderingEngine.test.ts[2m > [22mWebGLRenderingEngine[2m > [22mEffect Management[2m > [22mshould handle invalid effect IDs gracefully[32m 1[2mms[22m[39m
[31m   ÔåÆ jest is not defined[39m
 [31m├ù[39m src/__tests__/lib/rendering/WebGLRenderingEngine.test.ts[2m > [22mWebGLRenderingEngine[2m > [22mStatistics and Performance[2m > [22mshould provide render statistics[32m 2[2mms[22m[39m
[31m   ÔåÆ jest is not defined[39m
 [31m├ù[39m src/__tests__/lib/rendering/WebGLRenderingEngine.test.ts[2m > [22mWebGLRenderingEngine[2m > [22mStatistics and Performance[2m > [22mshould update statistics after rendering[32m 1[2mms[22m[39m
[31m   ÔåÆ jest is not defined[39m
 [31m├ù[39m src/__tests__/lib/rendering/WebGLRenderingEngine.test.ts[2m > [22mWebGLRenderingEngine[2m > [22mStatistics and Performance[2m > [22mshould track memory usage[32m 1[2mms[22m[39m
[31m   ÔåÆ jest is not defined[39m
 [31m├ù[39m src/__tests__/lib/rendering/WebGLRenderingEngine.test.ts[2m > [22mWebGLRenderingEngine[2m > [22mWebAssembly Integration[2m > [22mshould initialize with WebAssembly enabled[32m 1[2mms[22m[39m
[31m   ÔåÆ jest is not defined[39m
 [31m├ù[39m src/__tests__/lib/rendering/WebGLRenderingEngine.test.ts[2m > [22mWebGLRenderingEngine[2m > [22mWebAssembly Integration[2m > [22mshould fallback to JavaScript when WebAssembly fails[32m 1[2mms[22m[39m
[31m   ÔåÆ jest is not defined[39m
 [31m├ù[39m src/__tests__/lib/rendering/WebGLRenderingEngine.test.ts[2m > [22mWebGLRenderingEngine[2m > [22mResource Management[2m > [22mshould dispose resources properly[32m 1[2mms[22m[39m
[31m   ÔåÆ jest is not defined[39m
 [31m├ù[39m src/__tests__/lib/rendering/WebGLRenderingEngine.test.ts[2m > [22mWebGLRenderingEngine[2m > [22mResource Management[2m > [22mshould handle multiple dispose calls[32m 1[2mms[22m[39m
[31m   ÔåÆ jest is not defined[39m
 [31m├ù[39m src/__tests__/lib/rendering/WebGLRenderingEngine.test.ts[2m > [22mWebGLRenderingEngine[2m > [22mResource Management[2m > [22mshould clean up after frame rendering[32m 1[2mms[22m[39m
[31m   ÔåÆ jest is not defined[39m
 [31m├ù[39m src/__tests__/lib/rendering/WebGLRenderingEngine.test.ts[2m > [22mWebGLRenderingEngine[2m > [22mError Handling[2m > [22mshould handle invalid frame data gracefully[32m 1[2mms[22m[39m
[31m   ÔåÆ jest is not defined[39m
 [31m├ù[39m src/__tests__/lib/rendering/WebGLRenderingEngine.test.ts[2m > [22mWebGLRenderingEngine[2m > [22mError Handling[2m > [22mshould handle missing effects gracefully[32m 1[2mms[22m[39m
[31m   ÔåÆ jest is not defined[39m
 [31m├ù[39m src/__tests__/lib/rendering/WebGLRenderingEngine.test.ts[2m > [22mWebGLRenderingEngine[2m > [22mError Handling[2m > [22mshould handle zero-size textures[32m 1[2mms[22m[39m
[31m   ÔåÆ jest is not defined[39m
 [31m├ù[39m src/__tests__/lib/rendering/WebGLRenderingEngine.test.ts[2m > [22mWebGLRenderingEngine[2m > [22mConfiguration Validation[2m > [22mshould validate canvas parameter[32m 1[2mms[22m[39m
[31m   ÔåÆ jest is not defined[39m
 [31m├ù[39m src/__tests__/lib/rendering/WebGLRenderingEngine.test.ts[2m > [22mWebGLRenderingEngine[2m > [22mConfiguration Validation[2m > [22mshould handle different quality settings[32m 1[2mms[22m[39m
[31m   ÔåÆ jest is not defined[39m
 [31m├ù[39m src/__tests__/lib/rendering/WebGLRenderingEngine.test.ts[2m > [22mWebGLRenderingEngine[2m > [22mConfiguration Validation[2m > [22mshould handle different resolution settings[32m 1[2mms[22m[39m
[31m   ÔåÆ jest is not defined[39m
 [31m├ù[39m src/services/__tests__/parallel-processor.test.ts[2m > [22mParallelProcessor[2m > [22mprocessTask[2m > [22mshould process a validation task successfully[32m 9[2mms[22m[39m
[31m   ÔåÆ processor.processTask is not a function[39m
[31m   ÔåÆ processor.shutdown is not a function[39m
 [31m├ù[39m src/services/__tests__/parallel-processor.test.ts[2m > [22mParallelProcessor[2m > [22mprocessTask[2m > [22mshould process a correction task successfully[32m 2[2mms[22m[39m
[31m   ÔåÆ processor.processTask is not a function[39m
[31m   ÔåÆ processor.shutdown is not a function[39m
 [31m├ù[39m src/services/__tests__/parallel-processor.test.ts[2m > [22mParallelProcessor[2m > [22mprocessTask[2m > [22mshould handle content extraction tasks[32m 3[2mms[22m[39m
[31m   ÔåÆ processor.processTask is not a function[39m
[31m   ÔåÆ processor.shutdown is not a function[39m
 [31m├ù[39m src/services/__tests__/parallel-processor.test.ts[2m > [22mParallelProcessor[2m > [22mprocessBatch[2m > [22mshould process multiple tasks in parallel[32m 3[2mms[22m[39m
[31m   ÔåÆ processor.processBatch is not a function[39m
[31m   ÔåÆ processor.shutdown is not a function[39m
 [31m├ù[39m src/services/__tests__/parallel-processor.test.ts[2m > [22mParallelProcessor[2m > [22mprocessBatch[2m > [22mshould handle batch processing with mixed task types[32m 3[2mms[22m[39m
[31m   ÔåÆ processor.processBatch is not a function[39m
[31m   ÔåÆ processor.shutdown is not a function[39m
 [31m├ù[39m src/services/__tests__/parallel-processor.test.ts[2m > [22mParallelProcessor[2m > [22mgetStats[2m > [22mshould track processing statistics[32m 2[2mms[22m[39m
[31m   ÔåÆ processor.processTask is not a function[39m
[31m   ÔåÆ processor.shutdown is not a function[39m
 [31m├ù[39m src/services/__tests__/parallel-processor.test.ts[2m > [22mParallelProcessor[2m > [22mworker management[2m > [22mshould scale workers based on queue size[32m 2[2mms[22m[39m
[31m   ÔåÆ processor.getStats is not a function[39m
[31m   ÔåÆ processor.shutdown is not a function[39m
 [31m├ù[39m src/services/__tests__/parallel-processor.test.ts[2m > [22mParallelProcessor[2m > [22merror handling[2m > [22mshould handle task timeouts gracefully[32m 2[2mms[22m[39m
[31m   ÔåÆ shortTimeoutProcessor.processTask is not a function[39m
[31m   ÔåÆ processor.shutdown is not a function[39m
 [31m├ù[39m src/services/__tests__/parallel-processor.test.ts[2m > [22mParallelProcessor[2m > [22merror handling[2m > [22mshould retry failed tasks[32m 3[2mms[22m[39m
[31m   ÔåÆ retryProcessor.processTask is not a function[39m
[31m   ÔåÆ processor.shutdown is not a function[39m
 [32mÔ£ô[39m src/core/__tests__/eventSystem.test.ts[2m > [22mEventSystem[2m > [22mshould be a singleton[32m 7[2mms[22m[39m
 [31m├ù[39m src/core/__tests__/eventSystem.test.ts[2m > [22mEventSystem[2m > [22mshould subscribe and emit events[32m 3[2mms[22m[39m
[31m   ÔåÆ jest is not defined[39m
 [31m├ù[39m src/core/__tests__/eventSystem.test.ts[2m > [22mEventSystem[2m > [22mshould unsubscribe from events[32m 2[2mms[22m[39m
[31m   ÔåÆ jest is not defined[39m
 [31m├ù[39m src/core/__tests__/eventSystem.test.ts[2m > [22mEventSystem[2m > [22mshould handle multiple subscribers[32m 2[2mms[22m[39m
[31m   ÔåÆ jest is not defined[39m
 [31m├ù[39m src/core/__tests__/eventSystem.test.ts[2m > [22mEventSystem[2m > [22mshould return unsubscribe function from subscribe[32m 1[2mms[22m[39m
[31m   ÔåÆ jest is not defined[39m
 [31m├ù[39m src/core/__tests__/eventSystem.test.ts[2m > [22mEventSystem[2m > [22mshould handle errors in event handlers[32m 3[2mms[22m[39m
[31m   ÔåÆ jest is not defined[39m
 [31m├ù[39m src/core/__tests__/eventSystem.test.ts[2m > [22mEventSystem[2m > [22mshould debounce events[32m 1[2mms[22m[39m
[31m   ÔåÆ jest is not defined[39m
 [31m├ù[39m src/core/__tests__/eventSystem.test.ts[2m > [22mEventSystem[2m > [22mshould get correct handler count[32m 1[2mms[22m[39m
[31m   ÔåÆ jest is not defined[39m
 [31m├ù[39m src/core/__tests__/eventSystem.test.ts[2m > [22mEventSystem[2m > [22mshould remove all handlers[32m 2[2mms[22m[39m
[31m   ÔåÆ jest is not defined[39m
 [31m├ù[39m src/services/__tests__/conflictResolver.test.ts[2m > [22mConflictResolver[2m > [22mConflict Detection[2m > [22mshould detect no conflicts for different elements[32m 7[2mms[22m[39m
[31m   ÔåÆ conflictResolver.detectConflicts is not a function[39m
 [31m├ù[39m src/services/__tests__/conflictResolver.test.ts[2m > [22mConflictResolver[2m > [22mConflict Detection[2m > [22mshould detect conflicts for same element different properties[32m 1[2mms[22m[39m
[31m   ÔåÆ conflictResolver.detectConflicts is not a function[39m
 [31m├ù[39m src/services/__tests__/conflictResolver.test.ts[2m > [22mConflictResolver[2m > [22mConflict Detection[2m > [22mshould detect conflicts for same element same property[32m 2[2mms[22m[39m
[31m   ÔåÆ conflictResolver.detectConflicts is not a function[39m
 [31m├ù[39m src/services/__tests__/conflictResolver.test.ts[2m > [22mConflictResolver[2m > [22mConflict Detection[2m > [22mshould detect timeline position conflicts[32m 1[2mms[22m[39m
[31m   ÔåÆ conflictResolver.detectConflicts is not a function[39m
 [31m├ù[39m src/services/__tests__/conflictResolver.test.ts[2m > [22mConflictResolver[2m > [22mConflict Detection[2m > [22mshould detect deletion conflicts[32m 2[2mms[22m[39m
[31m   ÔåÆ conflictResolver.detectConflicts is not a function[39m
 [31m├ù[39m src/services/__tests__/conflictResolver.test.ts[2m > [22mConflictResolver[2m > [22mConflict Resolution[2m > [22mshould resolve property conflict with last-writer-wins[32m 1[2mms[22m[39m
[31m   ÔåÆ conflictResolver.resolveConflict is not a function[39m
 [31m├ù[39m src/services/__tests__/conflictResolver.test.ts[2m > [22mConflictResolver[2m > [22mConflict Resolution[2m > [22mshould resolve property conflict with merge strategy[32m 1[2mms[22m[39m
[31m   ÔåÆ conflictResolver.resolveConflict is not a function[39m
 [31m├ù[39m src/services/__tests__/conflictResolver.test.ts[2m > [22mConflictResolver[2m > [22mConflict Resolution[2m > [22mshould resolve timeline overlap with auto-adjust[32m 1[2mms[22m[39m
[31m   ÔåÆ conflictResolver.resolveConflict is not a function[39m
 [31m├ù[39m src/services/__tests__/conflictResolver.test.ts[2m > [22mConflictResolver[2m > [22mConflict Resolution[2m > [22mshould handle deletion conflict with keep_existing[32m 2[2mms[22m[39m
[31m   ÔåÆ conflictResolver.resolveConflict is not a function[39m
 [31m├ù[39m src/services/__tests__/conflictResolver.test.ts[2m > [22mConflictResolver[2m > [22mConflict Resolution[2m > [22mshould handle deletion conflict with accept_deletion[32m 1[2mms[22m[39m
[31m   ÔåÆ conflictResolver.resolveConflict is not a function[39m
 [31m├ù[39m src/services/__tests__/conflictResolver.test.ts[2m > [22mConflictResolver[2m > [22mConflict Resolution[2m > [22mshould fail resolution for unsupported strategy[32m 2[2mms[22m[39m
[31m   ÔåÆ conflictResolver.resolveConflict is not a function[39m
 [31m├ù[39m src/services/__tests__/conflictResolver.test.ts[2m > [22mConflictResolver[2m > [22mAutomatic Resolution[2m > [22mshould auto-resolve simple property conflicts[32m 3[2mms[22m[39m
[31m   ÔåÆ conflictResolver.autoResolve is not a function[39m
 [31m├ù[39m src/services/__tests__/conflictResolver.test.ts[2m > [22mConflictResolver[2m > [22mAutomatic Resolution[2m > [22mshould auto-resolve timeline overlaps[32m 2[2mms[22m[39m
[31m   ÔåÆ conflictResolver.autoResolve is not a function[39m
 [31m├ù[39m src/services/__tests__/conflictResolver.test.ts[2m > [22mConflictResolver[2m > [22mAutomatic Resolution[2m > [22mshould not auto-resolve high-severity deletion conflicts[32m 1[2mms[22m[39m
[31m   ÔåÆ conflictResolver.autoResolve is not a function[39m
 [31m├ù[39m src/services/__tests__/conflictResolver.test.ts[2m > [22mConflictResolver[2m > [22mConflict Analysis[2m > [22mshould analyze conflict severity[32m 3[2mms[22m[39m
[31m   ÔåÆ conflictResolver.analyzeSeverity is not a function[39m
 [31m├ù[39m src/services/__tests__/conflictResolver.test.ts[2m > [22mConflictResolver[2m > [22mConflict Analysis[2m > [22mshould get conflict statistics[32m 2[2mms[22m[39m
[31m   ÔåÆ conflictResolver.getConflictStats is not a function[39m
 [32mÔ£ô[39m src/utils/__tests__/eventSystem.test.ts[2m > [22mEditorEventSystem[2m > [22mSingleton Pattern[2m > [22mshould return the same instance[32m 6[2mms[22m[39m
 [31m├ù[39m src/utils/__tests__/eventSystem.test.ts[2m > [22mEditorEventSystem[2m > [22mEvent Subscription and Emission[2m > [22mshould subscribe and emit events correctly[32m 4[2mms[22m[39m
[31m   ÔåÆ jest is not defined[39m
 [31m├ù[39m src/utils/__tests__/eventSystem.test.ts[2m > [22mEditorEventSystem[2m > [22mEvent Subscription and Emission[2m > [22mshould handle multiple subscribers for the same event[32m 2[2mms[22m[39m
[31m   ÔåÆ jest is not defined[39m
 [31m├ù[39m src/utils/__tests__/eventSystem.test.ts[2m > [22mEditorEventSystem[2m > [22mEvent Subscription and Emission[2m > [22mshould unsubscribe events correctly[32m 1[2mms[22m[39m
[31m   ÔåÆ jest is not defined[39m
 [31m├ù[39m src/utils/__tests__/eventSystem.test.ts[2m > [22mEditorEventSystem[2m > [22mEvent Priority[2m > [22mshould handle high priority events first[32m 2[2mms[22m[39m
[31m   ÔåÆ Cannot read properties of undefined (reading 'HIGH')[39m
 [31m├ù[39m src/utils/__tests__/eventSystem.test.ts[2m > [22mEditorEventSystem[2m > [22mBatch Processing[2m > [22mshould process batched events[32m 1[2mms[22m[39m
[31m   ÔåÆ jest is not defined[39m
 [31m├ù[39m src/utils/__tests__/eventSystem.test.ts[2m > [22mEditorEventSystem[2m > [22mPerformance Monitoring[2m > [22mshould track event metrics[32m 1[2mms[22m[39m
[31m   ÔåÆ jest is not defined[39m
 [31m├ù[39m src/utils/__tests__/eventSystem.test.ts[2m > [22mEditorEventSystem[2m > [22mPerformance Monitoring[2m > [22mshould measure average processing time[32m 1[2mms[22m[39m
[31m   ÔåÆ jest is not defined[39m
 [31m├ù[39m src/utils/__tests__/eventSystem.test.ts[2m > [22mEditorEventSystem[2m > [22mError Handling[2m > [22mshould handle errors in event handlers gracefully[32m 2[2mms[22m[39m
[31m   ÔåÆ jest is not defined[39m
 [32mÔ£ô[39m src/__tests__/components/PPTXUpload.test.tsx[2m > [22mPPTXUpload Component Tests[2m > [22mRenderiza├º├úo da Interface[2m > [22mdeve renderizar o t├¡tulo principal[32m 144[2mms[22m[39m
 [32mÔ£ô[39m src/__tests__/components/PPTXUpload.test.tsx[2m > [22mPPTXUpload Component Tests[2m > [22mRenderiza├º├úo da Interface[2m > [22mdeve exibir bot├Áes de controle[32m 52[2mms[22m[39m
 [32mÔ£ô[39m src/__tests__/components/PPTXUpload.test.tsx[2m > [22mPPTXUpload Component Tests[2m > [22mRenderiza├º├úo da Interface[2m > [22mdeve exibir su├¡tes de teste dispon├¡veis[32m 51[2mms[22m[39m
 [32mÔ£ô[39m src/__tests__/components/PPTXUpload.test.tsx[2m > [22mPPTXUpload Component Tests[2m > [22mRenderiza├º├úo da Interface[2m > [22mdeve ter input para sele├º├úo de arquivo[32m 22[2mms[22m[39m
 [32mÔ£ô[39m src/__tests__/components/PPTXUpload.test.tsx[2m > [22mPPTXUpload Component Tests[2m > [22mFuncionalidades de Teste[2m > [22mdeve executar testes quando bot├úo ├® clicado[32m 62[2mms[22m[39m
 [32mÔ£ô[39m src/tests/Avatar3DSystem.test.ts[2m > [22mAvatar3DSystem[2m > [22mInicializa├º├úo do Sistema[2m > [22mdeve inicializar o sistema corretamente[33m 1021[2mms[22m[39m
 [32mÔ£ô[39m src/tests/Avatar3DSystem.test.ts[2m > [22mAvatar3DSystem[2m > [22mInicializa├º├úo do Sistema[2m > [22mdeve emitir evento de erro em caso de falha na inicializa├º├úo[32m 7[2mms[22m[39m
 [32mÔ£ô[39m src/__tests__/components/PPTXUpload.test.tsx[2m > [22mPPTXUpload Component Tests[2m > [22mFuncionalidades de Teste[2m > [22mdeve exibir resultados ap├│s execu├º├úo dos testes[33m 1094[2mms[22m[39m
 [32mÔ£ô[39m src/tests/Avatar3DSystem.test.ts[2m > [22mAvatar3DSystem[2m > [22mInicializa├º├úo do Sistema[2m > [22mdeve carregar assets padr├úo durante a inicializa├º├úo[33m 1003[2mms[22m[39m
 [32mÔ£ô[39m src/__tests__/components/PPTXUpload.test.tsx[2m > [22mPPTXUpload Component Tests[2m > [22mFuncionalidades de Teste[2m > [22mdeve reabilitar bot├úo ap├│s conclus├úo dos testes[33m 1033[2mms[22m[39m
 [32mÔ£ô[39m src/__tests__/components/PPTXUpload.test.tsx[2m > [22mPPTXUpload Component Tests[2m > [22mValida├º├úo de Servi├ºos Mock[2m > [22mdeve validar arquivo PPTX com sucesso[32m 4[2mms[22m[39m
 [32mÔ£ô[39m src/__tests__/components/PPTXUpload.test.tsx[2m > [22mPPTXUpload Component Tests[2m > [22mValida├º├úo de Servi├ºos Mock[2m > [22mdeve verificar limites do usu├írio[32m 4[2mms[22m[39m
 [32mÔ£ô[39m src/__tests__/components/PPTXUpload.test.tsx[2m > [22mPPTXUpload Component Tests[2m > [22mIntera├º├úo com Arquivo[2m > [22mdeve aceitar apenas arquivos PPTX e PPT[32m 11[2mms[22m[39m
 [32mÔ£ô[39m src/__tests__/hooks/useAdvancedUI.test.ts[2m > [22museAdvancedUI Hook[2m > [22mInicializa├º├úo[2m > [22mdeve inicializar com estado padr├úo[32m 110[2mms[22m[39m
 [32mÔ£ô[39m src/__tests__/hooks/useAdvancedUI.test.ts[2m > [22museAdvancedUI Hook[2m > [22mInicializa├º├úo[2m > [22mdeve ter todas as a├º├Áes dispon├¡veis[32m 17[2mms[22m[39m
 [32mÔ£ô[39m src/__tests__/hooks/useAdvancedUI.test.ts[2m > [22museAdvancedUI Hook[2m > [22mInicializa├º├úo[2m > [22mdeve ter valores computados corretos[32m 16[2mms[22m[39m
 [32mÔ£ô[39m src/__tests__/hooks/useAdvancedUI.test.ts[2m > [22museAdvancedUI Hook[2m > [22mGerenciamento de Componentes[2m > [22mdeve criar um novo componente[32m 17[2mms[22m[39m
 [32mÔ£ô[39m src/__tests__/hooks/useAdvancedUI.test.ts[2m > [22museAdvancedUI Hook[2m > [22mGerenciamento de Componentes[2m > [22mdeve atualizar um componente existente[32m 15[2mms[22m[39m
 [32mÔ£ô[39m src/__tests__/hooks/useAdvancedUI.test.ts[2m > [22museAdvancedUI Hook[2m > [22mGerenciamento de Componentes[2m > [22mdeve remover um componente[32m 13[2mms[22m[39m
[90mstdout[2m | src/__tests__/hooks/useAdvancedUI.test.ts[2m > [22m[2museAdvancedUI Hook[2m > [22m[2mConfigura├º├Áes[2m > [22m[2mdeve atualizar configura├º├Áes
[22m[39mInitial configs: {
  autoSave: [33mtrue[39m,
  notifications: [33mtrue[39m,
  theme: [32m'light'[39m,
  language: [32m'en'[39m,
  accessibility: [33mtrue[39m
}

 [32mÔ£ô[39m src/__tests__/hooks/useAdvancedUI.test.ts[2m > [22museAdvancedUI Hook[2m > [22mGerenciamento de Componentes[2m > [22mdeve filtrar componentes por tipo[32m 14[2mms[22m[39m
 [32mÔ£ô[39m src/__tests__/hooks/useAdvancedUI.test.ts[2m > [22museAdvancedUI Hook[2m > [22mGerenciamento de Temas[2m > [22mdeve criar um novo tema[32m 13[2mms[22m[39m
 [32mÔ£ô[39m src/__tests__/hooks/useAdvancedUI.test.ts[2m > [22museAdvancedUI Hook[2m > [22mGerenciamento de Temas[2m > [22mdeve aplicar um tema[32m 22[2mms[22m[39m
[90mstdout[2m | src/__tests__/hooks/useAdvancedUI.test.ts[2m > [22m[2museAdvancedUI Hook[2m > [22m[2mConfigura├º├Áes[2m > [22m[2mdeve atualizar configura├º├Áes
[22m[39mAfter update configs: {
  autoSave: [33mtrue[39m,
  notifications: [33mfalse[39m,
  theme: [32m'light'[39m,
  language: [32m'en'[39m,
  accessibility: [33mtrue[39m
}
State preferences: {
  themes: [
    {
      id: [32m'light'[39m,
      name: [32m'Light Theme'[39m,
      colors: [36m[Object][39m,
      typography: [36m[Object][39m,
      spacing: [36m[Object][39m,
      borderRadius: [36m[Object][39m,
      shadows: [36m[Object][39m,
      animations: [36m[Object][39m
    },
    {
      id: [32m'dark'[39m,
      name: [32m'Dark Theme'[39m,
      colors: [36m[Object][39m,
      typography: [36m[Object][39m,
      spacing: [36m[Object][39m,
      borderRadius: [36m[Object][39m,
      shadows: [36m[Object][39m,
      animations: [36m[Object][39m
    }
  ],
  currentTheme: {
    id: [32m'light'[39m,
    name: [32m'Light Theme'[39m,
    colors: {
      primary: [32m'#3b82f6'[39m,
      secondary: [32m'#64748b'[39m,
      accent: [32m'#8b5cf6'[39m,
      background: [32m'#ffffff'[39m,
      surface: [32m'#f8fafc'[39m,
      text: [32m'#1e293b'[39m,
      textSecondary: [32m'#64748b'[39m,
      border: [32m'#e2e8f0'[39m,
      success: [32m'#10b981'[39m,
      warning: [32m'#f59e0b'[39m,
      error: [32m'#ef4444'[39m,
      info: [32m'#06b6d4'[39m
    },
    typography: {
      fontFamily: [32m'Inter, system-ui, sans-serif'[39m,
      fontSize: [36m[Object][39m,
      fontWeight: [36m[Object][39m,
      lineHeight: [36m[Object][39m
    },
    spacing: {
      xs: [32m'0.25rem'[39m,
      sm: [32m'0.5rem'[39m,
      md: [32m'1rem'[39m,
      lg: [32m'1.5rem'[39m,
      xl: [32m'2rem'[39m,
      [32m'2xl'[39m: [32m'3rem'[39m
    },
    borderRadius: {
      none: [32m'0'[39m,
      sm: [32m'0.125rem'[39m,
      md: [32m'0.375rem'[39m,
      lg: [32m'0.5rem'[39m,
      xl: [32m'0.75rem'[39m,
      full: [32m'9999px'[39m
    },
    shadows: {
      sm: [32m'0 1px 2px 0 rgb(0 0 0 / 0.05)'[39m,
      md: [32m'0 4px 6px -1px rgb(0 0 0 / 0.1)'[39m,
      lg: [32m'0 10px 15px -3px rgb(0 0 0 / 0.1)'[39m,
      xl: [32m'0 20px 25px -5px rgb(0 0 0 / 0.1)'[39m
    },
    animations: { duration: [36m[Object][39m, easing: [36m[Object][39m }
  },
  components: [],
  layouts: [],
  animations: [],
  activeAnimations: Map(0) {},
  preferences: {
    reducedMotion: [33mfalse[39m,
    highContrast: [33mfalse[39m,
    fontSize: [32m'medium'[39m,
    colorBlindness: [32m'none'[39m,
    keyboardNavigation: [33mtrue[39m,
    autoSave: [33mtrue[39m,
    gridSnap: [33mtrue[39m,
    showGuides: [33mfalse[39m,
    darkMode: [33mfalse[39m,
    notifications: [33mfalse[39m
  },
  metrics: {
    totalComponents: [33m0[39m,
    totalLayouts: [33m0[39m,
    totalAnimations: [33m0[39m,
    activeAnimations: [33m0[39m,
    renderTime: [33m1758312388898[39m,
    memoryUsage: [33m47033904[39m,
    interactionCount: [33m0[39m,
    errorCount: [33m0[39m,
    lastUpdated: [35m2025-09-19T20:06:29.417Z[39m
  },
  tours: [],
  isLoading: [33mfalse[39m,
  error: [1mnull[22m,
  initialized: [33mtrue[39m,
  config: {
    autoSave: [33mtrue[39m,
    autoSaveInterval: [33m30000[39m,
    maxUndoSteps: [33m50[39m,
    enableAnimations: [33mtrue[39m,
    enableInteractions: [33mtrue[39m,
    enableResponsive: [33mtrue[39m,
    enableAccessibility: [33mtrue[39m,
    performanceMode: [33mfalse[39m,
    debugMode: [33mfalse[39m,
    gridSize: [33m8[39m,
    snapToGrid: [33mtrue[39m,
    showBoundingBoxes: [33mfalse[39m,
    enableHotkeys: [33mtrue[39m,
    enableCollaboration: [33mfalse[39m,
    maxFileSize: [33m10485760[39m,
    supportedFormats: [ [32m'json'[39m, [32m'css'[39m, [32m'scss'[39m, [32m'less'[39m ],
    defaultTheme: [32m'light'[39m,
    customCSS: [32m''[39m
  },
  analytics: {
    pageViews: [33m0[39m,
    userInteractions: [33m0[39m,
    componentUsage: {},
    performanceMetrics: { loadTime: [33m0[39m, renderTime: [33m0[39m, memoryUsage: [33m0[39m },
    errorTracking: { count: [33m0[39m, lastError: [1mnull[22m },
    userBehavior: { clickHeatmap: {}, scrollDepth: [33m0[39m, timeOnPage: [33m0[39m }
  },
  activeTheme: [32m'light'[39m,
  visibleComponents: [],
  filteredComponents: [],
  recommendations: [],
  isHealthy: [33mfalse[39m,
  needsAttention: [33mfalse[39m,
  totalComponents: [33m0[39m,
  activeTours: [33m0[39m,
  systemHealth: [33m85[39m,
  configs: {
    autoSave: [33mtrue[39m,
    notifications: [33mfalse[39m,
    theme: [32m'light'[39m,
    language: [32m'en'[39m,
    accessibility: [33mtrue[39m
  },
  getRecommendedActions: [36m[Function: getRecommendedActions][39m,
  setTheme: [36m[Function: setTheme][39m,
  addTheme: [36m[Function: addTheme][39m,
  updateTheme: [36m[Function: updateTheme][39m,
  removeTheme: [36m[Function: removeTheme][39m,
  getCurrentTheme: [36m[Function (anonymous)][39m,
  addComponent: [36m[Function: addComponent][39m,
  updateComponent: [36m[Function: updateComponent][39m,
  removeComponent: [36m[Function: removeComponent][39m,
  deleteComponent: [36m[Function: removeComponent][39m,
  createComponent: [36m[Function: addComponent][39m,
  getFilteredComponents: [36m[Function: getFilteredComponents][39m,
  showComponent: [36m[Function: showComponent][39m,
  hideComponent: [36m[Function: hideComponent][39m,
  addLayout: [36m[Function: addLayout][39m,
  updateLayout: [36m[Function: updateLayout][39m,
  removeLayout: [36m[Function: removeLayout][39m,
  addAnimation: [36m[Function: addAnimation][39m,
  updateAnimation: [36m[Function: updateAnimation][39m,
  removeAnimation: [36m[Function: removeAnimation][39m,
  updatePreferences: [36m[Function (anonymous)][39m,
  updateConfig: [36m[Function (anonymous)][39m,
  setActiveTheme: [36m[Function: setTheme][39m,
  undo: [36m[Function (anonymous)][39m,
  redo: [36m[Function (anonymous)][39m,
  exportData: [36m[Function (anonymous)][39m,
  importData: [36m[Function (anonymous)][39m,
  actions: {
    createComponent: [36m[AsyncFunction: createComponent][39m,
    updateComponent: [36m[Function: updateComponent][39m,
    deleteComponent: [36m[Function: removeComponent][39m,
    createTour: [36m[AsyncFunction: createTour][39m,
    updateTour: [36m[Function: updateTour][39m,
    deleteTour: [36m[Function: deleteTour][39m,
    startTour: [36m[Function: startTour][39m,
    completeTour: [36m[Function: completeTour][39m,
    createTheme: [36m[AsyncFunction: createTheme][39m,
    updateTheme: [36m[Function: updateTheme][39m,
    deleteTheme: [36m[Function: removeTheme][39m,
    applyTheme: [36m[Function: setTheme][39m,
    updateConfig: [36m[Function (anonymous)][39m,
    resetConfig: [36m[Function: resetConfig][39m,
    setFilters: [36m[Function (anonymous)][39m,
    clearFilters: [36m[Function: clearFilters][39m,
    updateAnalytics: [36m[Function (anonymous)][39m,
    showNotification: [36m[Function: showNotification][39m
  },
  quickActions: {
    createComponent: [36m[AsyncFunction: createComponent][39m,
    createTour: [36m[AsyncFunction: createTour][39m,
    createTheme: [36m[AsyncFunction: createTheme][39m,
    clearAllComponents: [36m[AsyncFunction: clearAllComponents][39m,
    resetAllTours: [36m[AsyncFunction: resetAllTours][39m,
    enableAccessibility: [36m[AsyncFunction: enableAccessibility][39m,
    optimizePerformance: [36m[AsyncFunction: optimizePerformance][39m
  },
  throttledActions: {
    updateComponent: [Function: debounced] {
      cancel: [36m[Function: cancel][39m,
      flush: [36m[Function: flush][39m
    },
    updateTour: [Function: debounced] {
      cancel: [36m[Function: cancel][39m,
      flush: [36m[Function: flush][39m
    },
    updateTheme: [Function: debounced] {
      cancel: [36m[Function: cancel][39m,
      flush: [36m[Function: flush][39m
    }
  },
  debouncedActions: {
    setFilters: [36m[Function (anonymous)][39m,
    updateAnalytics: [36m[Function (anonymous)][39m
  },
  stats: {
    activeComponents: [33m0[39m,
    totalComponents: [33m0[39m,
    completedTours: [33m0[39m,
    userEngagement: [33m75[39m,
    performanceScore: [33m95[39m,
    componentsByType: {}
  }
}

 [32mÔ£ô[39m src/__tests__/hooks/useAdvancedUI.test.ts[2m > [22museAdvancedUI Hook[2m > [22mConfigura├º├Áes[2m > [22mdeve atualizar configura├º├Áes[32m 188[2mms[22m[39m
 [32mÔ£ô[39m src/tests/Avatar3DSystem.test.ts[2m > [22mAvatar3DSystem[2m > [22mConfigura├º├úo de Avatares[2m > [22mdeve criar configura├º├úo de avatar com par├ómetros v├ílidos[33m 1018[2mms[22m[39m
 [32mÔ£ô[39m src/__tests__/hooks/useAdvancedUI.test.ts[2m > [22museAdvancedUI Hook[2m > [22mConfigura├º├Áes[2m > [22mdeve resetar configura├º├Áes[33m 322[2mms[22m[39m
 [32mÔ£ô[39m src/__tests__/hooks/useAdvancedUI.test.ts[2m > [22museAdvancedUI Hook[2m > [22mAnalytics e Estat├¡sticas[2m > [22mdeve calcular estat├¡sticas corretamente[32m 173[2mms[22m[39m
stderr | src/tests/Avatar3DSystem.test.ts > Avatar3DSystem > Configura├º├úo de Avatares > deve validar par├ómetros obrigat├│rios da configura├º├úo
Erro ao criar configura├º├úo de avatar: Error: Nome do avatar ├® obrigat├│rio
    at Avatar3DSystem.createAvatarConfig (C:\xampp\htdocs\Studiotreiax_1\src\systems\Avatar3DSystem.ts:262:15)
    at C:\xampp\htdocs\Studiotreiax_1\src\tests\Avatar3DSystem.test.ts:149:23
    at Proxy.assertThrows (file:///C:/xampp/htdocs/Studiotreiax_1/node_modules/chai/index.js:2767:5)
    at Proxy.methodWrapper (file:///C:/xampp/htdocs/Studiotreiax_1/node_modules/chai/index.js:1686:25)
    at Proxy.<anonymous> (file:///C:/xampp/htdocs/Studiotreiax_1/node_modules/@vitest/expect/dist/index.js:1088:12)
    at Proxy.overwritingMethodWrapper (file:///C:/xampp/htdocs/Studiotreiax_1/node_modules/chai/index.js:1735:33)
    at Proxy.<anonymous> (file:///C:/xampp/htdocs/Studiotreiax_1/node_modules/@vitest/expect/dist/index.js:1420:16)
    at Proxy.<anonymous> (file:///C:/xampp/htdocs/Studiotreiax_1/node_modules/@vitest/expect/dist/index.js:1029:14)
    at Proxy.methodWrapper (file:///C:/xampp/htdocs/Studiotreiax_1/node_modules/chai/index.js:1686:25)
    at C:\xampp\htdocs\Studiotreiax_1\src\tests\Avatar3DSystem.test.ts:150:11

 [32mÔ£ô[39m src/tests/Avatar3DSystem.test.ts[2m > [22mAvatar3DSystem[2m > [22mConfigura├º├úo de Avatares[2m > [22mdeve validar par├ómetros obrigat├│rios da configura├º├úo[33m 1031[2mms[22m[39m
 [32mÔ£ô[39m src/__tests__/hooks/useAdvancedUI.test.ts[2m > [22museAdvancedUI Hook[2m > [22mAnalytics e Estat├¡sticas[2m > [22mdeve atualizar analytics[33m 721[2mms[22m[39m
stderr | src/__tests__/hooks/useAdvancedUI.test.ts > useAdvancedUI Hook > A├º├Áes Throttled e Debounced > deve throttle a├º├Áes frequentes
Warning: An update to TestComponent inside a test was not wrapped in act(...).

When testing, code that causes React state updates should be wrapped into act(...):

act(() => {
  /* fire events that update state */
});
/* assert on the output */

This ensures that you're testing the behavior the user would see in the browser. Learn more at https://reactjs.org/link/wrap-tests-with-act
    at TestComponent (C:\xampp\htdocs\Studiotreiax_1\node_modules\@testing-library\react\dist\pure.js:281:5)

 [32mÔ£ô[39m src/__tests__/hooks/useAdvancedUI.test.ts[2m > [22museAdvancedUI Hook[2m > [22mA├º├Áes Throttled e Debounced[2m > [22mdeve throttle a├º├Áes frequentes[32m 135[2mms[22m[39m
stderr | src/__tests__/hooks/useAdvancedUI.test.ts > useAdvancedUI Hook > A├º├Áes Throttled e Debounced > deve debounce a├º├Áes de busca
Warning: An update to TestComponent inside a test was not wrapped in act(...).

When testing, code that causes React state updates should be wrapped into act(...):

act(() => {
  /* fire events that update state */
});
/* assert on the output */

This ensures that you're testing the behavior the user would see in the browser. Learn more at https://reactjs.org/link/wrap-tests-with-act
    at TestComponent (C:\xampp\htdocs\Studiotreiax_1\node_modules\@testing-library\react\dist\pure.js:281:5)

stderr | src/__tests__/hooks/useAdvancedUI.test.ts > useAdvancedUI Hook > A├º├Áes Throttled e Debounced > deve debounce a├º├Áes de busca
Warning: An update to TestComponent inside a test was not wrapped in act(...).

When testing, code that causes React state updates should be wrapped into act(...):

act(() => {
  /* fire events that update state */
});
/* assert on the output */

This ensures that you're testing the behavior the user would see in the browser. Learn more at https://reactjs.org/link/wrap-tests-with-act
    at TestComponent (C:\xampp\htdocs\Studiotreiax_1\node_modules\@testing-library\react\dist\pure.js:281:5)

stderr | src/__tests__/hooks/useAdvancedUI.test.ts > useAdvancedUI Hook > A├º├Áes Throttled e Debounced > deve debounce a├º├Áes de busca
Warning: An update to TestComponent inside a test was not wrapped in act(...).

When testing, code that causes React state updates should be wrapped into act(...):

act(() => {
  /* fire events that update state */
});
/* assert on the output */

This ensures that you're testing the behavior the user would see in the browser. Learn more at https://reactjs.org/link/wrap-tests-with-act
    at TestComponent (C:\xampp\htdocs\Studiotreiax_1\node_modules\@testing-library\react\dist\pure.js:281:5)

stderr | src/__tests__/hooks/useAdvancedUI.test.ts > useAdvancedUI Hook > A├º├Áes Throttled e Debounced > deve debounce a├º├Áes de busca
Warning: An update to TestComponent inside a test was not wrapped in act(...).

When testing, code that causes React state updates should be wrapped into act(...):

act(() => {
  /* fire events that update state */
});
/* assert on the output */

This ensures that you're testing the behavior the user would see in the browser. Learn more at https://reactjs.org/link/wrap-tests-with-act
    at TestComponent (C:\xampp\htdocs\Studiotreiax_1\node_modules\@testing-library\react\dist\pure.js:281:5)

 [32mÔ£ô[39m src/__tests__/hooks/useAdvancedUI.test.ts[2m > [22museAdvancedUI Hook[2m > [22mA├º├Áes Throttled e Debounced[2m > [22mdeve debounce a├º├Áes de busca[33m 376[2mms[22m[39m
 [32mÔ£ô[39m src/__tests__/hooks/useAdvancedUI.test.ts[2m > [22museAdvancedUI Hook[2m > [22mSa├║de do Sistema[2m > [22mdeve calcular sa├║de do sistema baseado em m├®tricas[32m 13[2mms[22m[39m
 [32mÔ£ô[39m src/__tests__/hooks/useAdvancedUI.test.ts[2m > [22museAdvancedUI Hook[2m > [22mSa├║de do Sistema[2m > [22mdeve fornecer recomenda├º├Áes baseadas no estado[32m 9[2mms[22m[39m
 [32mÔ£ô[39m src/__tests__/hooks/useAdvancedUI.test.ts[2m > [22museAdvancedUI Hook[2m > [22mTratamento de Erros[2m > [22mdeve lidar com erros ao criar componente[32m 7[2mms[22m[39m
 [32mÔ£ô[39m src/__tests__/hooks/useAdvancedUI.test.ts[2m > [22museAdvancedUI Hook[2m > [22mTratamento de Erros[2m > [22mdeve manter estado consistente ap├│s erro[32m 8[2mms[22m[39m
 [32mÔ£ô[39m src/__tests__/components/RealTimeCollaborationManager.test.tsx[2m > [22mRealTimeCollaborationManager Component[2m > [22mRenderiza├º├úo B├ísica[2m > [22mdeve renderizar o componente sem erros[33m 327[2mms[22m[39m
 [32mÔ£ô[39m src/__tests__/components/RealTimeCollaborationManager.test.tsx[2m > [22mRealTimeCollaborationManager Component[2m > [22mRenderiza├º├úo B├ísica[2m > [22mdeve exibir as abas principais[33m 433[2mms[22m[39m
 [32mÔ£ô[39m src/tests/Avatar3DSystem.test.ts[2m > [22mAvatar3DSystem[2m > [22mConfigura├º├úo de Avatares[2m > [22mdeve permitir diferentes tipos de corpo[33m 1018[2mms[22m[39m
 [32mÔ£ô[39m src/tests/Avatar3DSystem.test.ts[2m > [22mAvatar3DSystem[2m > [22mConfigura├º├úo de Avatares[2m > [22mdeve suportar diferentes g├¬neros[33m 1007[2mms[22m[39m
 [32mÔ£ô[39m src/tests/Avatar3DSystem.test.ts[2m > [22mAvatar3DSystem[2m > [22mGerenciamento de Cenas[2m > [22mdeve criar uma nova cena 3D[33m 1006[2mms[22m[39m
 [32mÔ£ô[39m src/tests/Avatar3DSystem.test.ts[2m > [22mAvatar3DSystem[2m > [22mGerenciamento de Cenas[2m > [22mdeve configurar ambiente padr├úo da cena[33m 1013[2mms[22m[39m
 [32mÔ£ô[39m src/services/__tests__/realtimeService.test.ts[2m > [22mRealtimeService[2m > [22mBasic Functionality[2m > [22mshould exist and have required methods[32m 7[2mms[22m[39m
 [32mÔ£ô[39m src/tests/Avatar3DSystem.test.ts[2m > [22mAvatar3DSystem[2m > [22mGerenciamento de Cenas[2m > [22mdeve definir cena ativa[33m 1002[2mms[22m[39m
[90mstdout[2m | src/services/__tests__/realtimeService.test.ts[2m > [22m[2mRealtimeService[2m > [22m[2mBasic Functionality[2m > [22m[2mshould connect successfully
[22m[39m[Realtime] Conex├úo estabelecida

[90mstdout[2m | src/services/__tests__/realtimeService.test.ts[2m > [22m[2mRealtimeService[2m > [22m[2mBasic Functionality[2m > [22m[2mshould connect successfully
[22m[39m[Realtime] Conex├úo encerrada: [33m1000[39m Desconex├úo solicitada
[Realtime] Tentativa de reconex├úo 1/5 em 1000ms

 [32mÔ£ô[39m src/services/__tests__/realtimeService.test.ts[2m > [22mRealtimeService[2m > [22mBasic Functionality[2m > [22mshould connect successfully[33m 518[2mms[22m[39m
 [32mÔ£ô[39m src/services/__tests__/realtimeService.test.ts[2m > [22mRealtimeService[2m > [22mBasic Functionality[2m > [22mshould send messages without throwing[32m 3[2mms[22m[39m
 [32mÔ£ô[39m src/services/__tests__/realtimeService.test.ts[2m > [22mRealtimeService[2m > [22mBasic Functionality[2m > [22mshould disconnect without throwing[32m 1[2mms[22m[39m
 [32mÔ£ô[39m src/services/__tests__/realtimeService.test.ts[2m > [22mRealtimeService[2m > [22mEvent Handling[2m > [22mshould handle event listeners[32m 1[2mms[22m[39m
 [32mÔ£ô[39m src/tests/Avatar3DSystem.test.ts[2m > [22mAvatar3DSystem[2m > [22mGerenciamento de Cenas[2m > [22mdeve adicionar avatar ├á cena[33m 1009[2mms[22m[39m
[90mstdout[2m | debug-test.test.js[2m > [22m[2mDebug updatePreferences behavior[2m > [22m[2mshould update preferences correctly
[22m[39mStarting debug test...
Initial notifications: [33mtrue[39m
Initial preferences: [90mundefined[39m

[90mstdout[2m | debug-test.test.js[2m > [22m[2mDebug updatePreferences behavior[2m > [22m[2mshould update preferences correctly
[22m[39mAfter update notifications: [33mfalse[39m
After update preferences: [90mundefined[39m

 [32mÔ£ô[39m src/test/unit/useTestAutomation.test.ts[2m > [22museTestAutomation[2m > [22mshould initialize with default state[32m 65[2mms[22m[39m
 [32mÔ£ô[39m src/test/unit/useTestAutomation.test.ts[2m > [22museTestAutomation[2m > [22mshould start test execution[32m 10[2mms[22m[39m
 [32mÔ£ô[39m src/test/unit/useTestAutomation.test.ts[2m > [22museTestAutomation[2m > [22mshould stop test execution[32m 10[2mms[22m[39m
 [32mÔ£ô[39m src/test/unit/useTestAutomation.test.ts[2m > [22museTestAutomation[2m > [22mshould generate test reports[32m 9[2mms[22m[39m
 [32mÔ£ô[39m src/test/unit/useTestAutomation.test.ts[2m > [22museTestAutomation[2m > [22mshould export test results[32m 7[2mms[22m[39m
 [32mÔ£ô[39m src/test/unit/useTestAutomation.test.ts[2m > [22museTestAutomation[2m > [22mshould schedule tests[32m 6[2mms[22m[39m
 [32mÔ£ô[39m src/test/unit/useTestAutomation.test.ts[2m > [22museTestAutomation[2m > [22mshould update settings[32m 7[2mms[22m[39m
 [32mÔ£ô[39m src/test/unit/useTestAutomation.test.ts[2m > [22museTestAutomation[2m > [22mshould filter tests by type[32m 5[2mms[22m[39m
 [32mÔ£ô[39m src/test/unit/useTestAutomation.test.ts[2m > [22museTestAutomation[2m > [22mshould filter tests by status[32m 7[2mms[22m[39m
 [32mÔ£ô[39m src/test/unit/useTestAutomation.test.ts[2m > [22museTestAutomation[2m > [22mshould calculate correct metrics[32m 7[2mms[22m[39m
 [32mÔ£ô[39m src/test/unit/useTestAutomation.test.ts[2m > [22museTestAutomation[2m > [22mshould have valid coverage data[32m 6[2mms[22m[39m
 [32mÔ£ô[39m src/test/unit/useTestAutomation.test.ts[2m > [22museTestAutomation[2m > [22mshould generate appropriate alerts[32m 8[2mms[22m[39m
 [32mÔ£ô[39m src/test/unit/useTestAutomation.test.ts[2m > [22museTestAutomation[2m > [22mshould have valid report data[32m 9[2mms[22m[39m
 [32mÔ£ô[39m src/test/unit/useTestAutomation.test.ts[2m > [22museTestAutomation[2m > [22mshould persist settings in localStorage[32m 8[2mms[22m[39m
 [32mÔ£ô[39m src/test/unit/useTestAutomation.test.ts[2m > [22museTestAutomation[2m > [22mshould load settings from localStorage on initialization[32m 4[2mms[22m[39m
[90mstdout[2m | debug-test.test.js[2m > [22m[2mDebug updatePreferences behavior[2m > [22m[2mshould update preferences correctly
[22m[39mAfter wait notifications: [33mfalse[39m
After wait preferences: [90mundefined[39m

 [32mÔ£ô[39m debug-test.test.js[2m > [22mDebug updatePreferences behavior[2m > [22mshould update preferences correctly[33m 321[2mms[22m[39m
 [32mÔ£ô[39m src/tests/Avatar3DSystem.test.ts[2m > [22mAvatar3DSystem[2m > [22mSistema de Anima├º├Áes[2m > [22mdeve criar anima├º├úo personalizada[33m 1012[2mms[22m[39m
 [32mÔ£ô[39m src/tests/Avatar3DSystem.test.ts[2m > [22mAvatar3DSystem[2m > [22mSistema de Anima├º├Áes[2m > [22mdeve reproduzir anima├º├úo em avatar[33m 1003[2mms[22m[39m
 [32mÔ£ô[39m src/tests/Avatar3DSystem.test.ts[2m > [22mAvatar3DSystem[2m > [22mSistema de Anima├º├Áes[2m > [22mdeve enfileirar m├║ltiplas anima├º├Áes[33m 1002[2mms[22m[39m
 [32mÔ£ô[39m src/tests/Avatar3DSystem.test.ts[2m > [22mAvatar3DSystem[2m > [22mRenderiza├º├úo e Performance[2m > [22mdeve renderizar frame e retornar ImageData[33m 1037[2mms[22m[39m
 [32mÔ£ô[39m src/tests/Avatar3DSystem.test.ts[2m > [22mAvatar3DSystem[2m > [22mRenderiza├º├úo e Performance[2m > [22mdeve atualizar posi├º├úo do avatar[33m 1018[2mms[22m[39m
 [32mÔ£ô[39m src/tests/EditorIntegration.test.tsx[2m > [22mEditor Module Integration Tests[2m > [22mComponent Rendering[2m > [22mdeve renderizar o EditorWorkspace corretamente[32m 106[2mms[22m[39m
 [32mÔ£ô[39m src/tests/EditorIntegration.test.tsx[2m > [22mEditor Module Integration Tests[2m > [22mComponent Rendering[2m > [22mdeve renderizar o RemotionRenderer corretamente[32m 18[2mms[22m[39m
 [32mÔ£ô[39m src/tests/EditorIntegration.test.tsx[2m > [22mEditor Module Integration Tests[2m > [22mComponent Rendering[2m > [22mdeve renderizar o AdvancedTimeline corretamente[32m 14[2mms[22m[39m
 [32mÔ£ô[39m src/tests/EditorIntegration.test.tsx[2m > [22mEditor Module Integration Tests[2m > [22mComponent Rendering[2m > [22mdeve renderizar o TTSAvatarSync corretamente[32m 11[2mms[22m[39m
 [32mÔ£ô[39m src/tests/EditorIntegration.test.tsx[2m > [22mEditor Module Integration Tests[2m > [22mStore Integration[2m > [22mdeve inicializar o store corretamente[32m 3[2mms[22m[39m
 [32mÔ£ô[39m src/tests/EditorIntegration.test.tsx[2m > [22mEditor Module Integration Tests[2m > [22mCache Manager[2m > [22mdeve retornar estat├¡sticas do cache[32m 1[2mms[22m[39m
 [32mÔ£ô[39m src/tests/EditorIntegration.test.tsx[2m > [22mEditor Module Integration Tests[2m > [22mModule Structure Validation[2m > [22mdeve validar que todos os componentes principais est├úo dispon├¡veis[32m 1[2mms[22m[39m
 [32mÔ£ô[39m src/tests/EditorIntegration.test.tsx[2m > [22mEditor Module Integration Tests[2m > [22mModule Structure Validation[2m > [22mdeve validar que as fun├º├Áes do store s├úo cham├íveis[32m 4[2mms[22m[39m
 [32mÔ£ô[39m src/tests/EditorIntegration.test.tsx[2m > [22mEditor Module Integration Tests[2m > [22mPerformance Tests[2m > [22mdeve renderizar componentes rapidamente[32m 7[2mms[22m[39m
 [32mÔ£ô[39m src/tests/EditorIntegration.test.tsx[2m > [22mEditor Module Integration Tests[2m > [22mPerformance Tests[2m > [22mdeve ter cache manager com boa performance[32m 1[2mms[22m[39m
 [32mÔ£ô[39m src/tests/Avatar3DSystem.test.ts[2m > [22mAvatar3DSystem[2m > [22mGerenciamento de Recursos[2m > [22mdeve retornar lista de configura├º├Áes de avatares[33m 1012[2mms[22m[39m
 [31m├ù[39m src/tests/Avatar3DSystem.test.ts[2m > [22mAvatar3DSystem[2m > [22mGerenciamento de Recursos[2m > [22mdeve retornar lista de cenas[33m 1020[2mms[22m[39m
[31m   ÔåÆ expected 'scene-1758312403840' not to be 'scene-1758312403840' // Object.is equality[39m
 [32mÔ£ô[39m src/__tests__/hooks/useAdvancedUI.simple.test.ts[2m > [22museAdvancedUI Hook - Teste Simples[2m > [22mdeve inicializar sem erros de hooks[32m 95[2mms[22m[39m
 [32mÔ£ô[39m src/__tests__/hooks/useAdvancedUI.simple.test.ts[2m > [22museAdvancedUI Hook - Teste Simples[2m > [22mdeve manter hooks consistentes em re-renders[32m 16[2mms[22m[39m
 [32mÔ£ô[39m src/__tests__/hooks/useAdvancedUI.simple.test.ts[2m > [22museAdvancedUI Hook - Teste Simples[2m > [22mdeve executar a├º├úo simples sem erro de hooks[32m 15[2mms[22m[39m
 [32mÔ£ô[39m src/tests/pptx-video-pipeline.test.ts[2m > [22mPPTX ÔåÆ Video Pipeline Integration Tests[2m > [22mUpload PPTX Stage[2m > [22mdeve fazer upload de arquivo PPTX com sucesso[32m 124[2mms[22m[39m
 [32mÔ£ô[39m src/tests/pptx-video-pipeline.test.ts[2m > [22mPPTX ÔåÆ Video Pipeline Integration Tests[2m > [22mUpload PPTX Stage[2m > [22mdeve extrair slides do PPTX corretamente[32m 5[2mms[22m[39m
 [32mÔ£ô[39m src/tests/pptx-video-pipeline.test.ts[2m > [22mPPTX ÔåÆ Video Pipeline Integration Tests[2m > [22mContent Processing Stage[2m > [22mdeve processar conte├║do dos slides para TTS[32m 2[2mms[22m[39m
 [32mÔ£ô[39m src/tests/pptx-video-pipeline.test.ts[2m > [22mPPTX ÔåÆ Video Pipeline Integration Tests[2m > [22mContent Processing Stage[2m > [22mdeve gerar avatares com sincroniza├º├úo labial[32m 2[2mms[22m[39m
 [32mÔ£ô[39m src/tests/pptx-video-pipeline.test.ts[2m > [22mPPTX ÔåÆ Video Pipeline Integration Tests[2m > [22mVideo Generation Stage[2m > [22mdeve criar composi├º├úo de v├¡deo com todos os elementos[32m 2[2mms[22m[39m
 [32mÔ£ô[39m src/tests/pptx-video-pipeline.test.ts[2m > [22mPPTX ÔåÆ Video Pipeline Integration Tests[2m > [22mVideo Generation Stage[2m > [22mdeve renderizar v├¡deo final[32m 1[2mms[22m[39m
 [32mÔ£ô[39m src/tests/pptx-video-pipeline.test.ts[2m > [22mPPTX ÔåÆ Video Pipeline Integration Tests[2m > [22mEnd-to-End Pipeline[2m > [22mdeve executar pipeline completo PPTX ÔåÆ V├¡deo[32m 4[2mms[22m[39m
 [32mÔ£ô[39m src/tests/pptx-video-pipeline.test.ts[2m > [22mPPTX ÔåÆ Video Pipeline Integration Tests[2m > [22mEnd-to-End Pipeline[2m > [22mdeve monitorar progresso durante o pipeline[32m 9[2mms[22m[39m
 [32mÔ£ô[39m src/tests/pptx-video-pipeline.test.ts[2m > [22mPPTX ÔåÆ Video Pipeline Integration Tests[2m > [22mError Handling[2m > [22mdeve tratar erro de upload de arquivo[32m 5[2mms[22m[39m
 [32mÔ£ô[39m src/tests/pptx-video-pipeline.test.ts[2m > [22mPPTX ÔåÆ Video Pipeline Integration Tests[2m > [22mError Handling[2m > [22mdeve tratar erro de gera├º├úo de TTS[32m 1[2mms[22m[39m
 [32mÔ£ô[39m src/tests/pptx-video-pipeline.test.ts[2m > [22mPPTX ÔåÆ Video Pipeline Integration Tests[2m > [22mError Handling[2m > [22mdeve tratar erro de renderiza├º├úo de v├¡deo[32m 1[2mms[22m[39m
 [32mÔ£ô[39m src/tests/pptx-video-pipeline.test.ts[2m > [22mPPTX ÔåÆ Video Pipeline Integration Tests[2m > [22mPerformance Tests[2m > [22mdeve processar pipeline em tempo aceit├ível[32m 24[2mms[22m[39m
 [32mÔ£ô[39m src/tests/pptx-video-pipeline.test.ts[2m > [22mPPTX ÔåÆ Video Pipeline Integration Tests[2m > [22mPerformance Tests[2m > [22mdeve gerenciar mem├│ria eficientemente[32m 1[2mms[22m[39m
 [32mÔ£ô[39m src/tests/Avatar3DSystem.test.ts[2m > [22mAvatar3DSystem[2m > [22mGerenciamento de Recursos[2m > [22mdeve retornar lista de anima├º├Áes[33m 1013[2mms[22m[39m
 [32mÔ£ô[39m src/tests/Avatar3DSystem.test.ts[2m > [22mAvatar3DSystem[2m > [22mLimpeza e Dispose[2m > [22mdeve fazer dispose corretamente[33m 1014[2mms[22m[39m
 [32mÔ£ô[39m src/tests/Avatar3DSystem.test.ts[2m > [22mAvatar3DSystem[2m > [22mLimpeza e Dispose[2m > [22mdeve permitir reinicializa├º├úo ap├│s dispose[33m 2034[2mms[22m[39m
 [32mÔ£ô[39m src/__tests__/simple.test.tsx[2m > [22mTeste Simples do Ambiente[2m > [22mdeve renderizar o componente simples[32m 112[2mms[22m[39m
 [32mÔ£ô[39m src/__tests__/simple.test.tsx[2m > [22mTeste Simples do Ambiente[2m > [22mdeve executar um teste b├ísico de matem├ítica[32m 2[2mms[22m[39m
 [32mÔ£ô[39m src/__tests__/simple.test.tsx[2m > [22mTeste Simples do Ambiente[2m > [22mdeve testar arrays[32m 5[2mms[22m[39m
 [32mÔ£ô[39m src/tests/Avatar3DSystem.test.ts[2m > [22mAvatar3DSystem[2m > [22mCasos Edge e Tratamento de Erros[2m > [22mdeve tratar erro ao adicionar avatar inexistente ├á cena[33m 1015[2mms[22m[39m
 [32mÔ£ô[39m src/tests/Avatar3DSystem.test.ts[2m > [22mAvatar3DSystem[2m > [22mCasos Edge e Tratamento de Erros[2m > [22mdeve tratar erro ao adicionar avatar ├á cena inexistente[33m 1016[2mms[22m[39m
17:06:50 [vite] warning: This assignment will throw because "ttsLogger" is an import
75 |      } as any;
76 |      
77 |      (ttsLogger as any) = mockLogger;
   |       ^
78 |      
79 |      // Create service instance

  Plugin: vite:esbuild
  File: C:/xampp/htdocs/Studiotreiax_1/src/services/__tests__/fallback-tts-service.test.ts
 [32mÔ£ô[39m src/services/__tests__/fallback-tts-service.test.ts[2m > [22mFallbackTTSService[2m > [22mConstructor[2m > [22mshould initialize with provided config[32m 9[2mms[22m[39m
 [32mÔ£ô[39m src/services/__tests__/fallback-tts-service.test.ts[2m > [22mFallbackTTSService[2m > [22mConstructor[2m > [22mshould create enhanced TTS service instance[32m 9[2mms[22m[39m
 [32mÔ£ô[39m src/services/__tests__/fallback-tts-service.test.ts[2m > [22mFallbackTTSService[2m > [22msynthesize[2m > [22mshould successfully synthesize with primary provider (ElevenLabs)[32m 6[2mms[22m[39m
 [32mÔ£ô[39m src/services/__tests__/fallback-tts-service.test.ts[2m > [22mFallbackTTSService[2m > [22msynthesize[2m > [22mshould fallback to Google Cloud when ElevenLabs fails[32m 9[2mms[22m[39m
 [32mÔ£ô[39m src/services/__tests__/fallback-tts-service.test.ts[2m > [22mFallbackTTSService[2m > [22msynthesize[2m > [22mshould fail when both providers fail[32m 4[2mms[22m[39m
 [32mÔ£ô[39m src/services/__tests__/fallback-tts-service.test.ts[2m > [22mFallbackTTSService[2m > [22msynthesize[2m > [22mshould handle empty text input[32m 4[2mms[22m[39m
 [32mÔ£ô[39m src/services/__tests__/fallback-tts-service.test.ts[2m > [22mFallbackTTSService[2m > [22msynthesize[2m > [22mshould handle very long text input[32m 4[2mms[22m[39m
 [32mÔ£ô[39m src/services/__tests__/fallback-tts-service.test.ts[2m > [22mFallbackTTSService[2m > [22msynthesizeWithProvider[2m > [22mshould synthesize with specific provider[32m 6[2mms[22m[39m
 [32mÔ£ô[39m src/services/__tests__/fallback-tts-service.test.ts[2m > [22mFallbackTTSService[2m > [22msynthesizeWithProvider[2m > [22mshould fail when specific provider fails[32m 4[2mms[22m[39m
 [32mÔ£ô[39m src/services/__tests__/fallback-tts-service.test.ts[2m > [22mFallbackTTSService[2m > [22mhealthCheck[2m > [22mshould return healthy status when both providers work[32m 6[2mms[22m[39m
 [32mÔ£ô[39m src/services/__tests__/fallback-tts-service.test.ts[2m > [22mFallbackTTSService[2m > [22mhealthCheck[2m > [22mshould return partial health when one provider fails[32m 6[2mms[22m[39m
 [32mÔ£ô[39m src/services/__tests__/fallback-tts-service.test.ts[2m > [22mFallbackTTSService[2m > [22mhealthCheck[2m > [22mshould return unhealthy when both providers fail[32m 4[2mms[22m[39m
 [32mÔ£ô[39m src/services/__tests__/fallback-tts-service.test.ts[2m > [22mFallbackTTSService[2m > [22mgetMetrics[2m > [22mshould return basic metrics[32m 11[2mms[22m[39m
 [32mÔ£ô[39m src/services/__tests__/fallback-tts-service.test.ts[2m > [22mFallbackTTSService[2m > [22mclearCache[2m > [22mshould clear cache through enhanced TTS service[32m 5[2mms[22m[39m
 [32mÔ£ô[39m src/services/__tests__/fallback-tts-service.test.ts[2m > [22mFallbackTTSService[2m > [22mEdge Cases[2m > [22mshould handle network timeout gracefully[32m 3[2mms[22m[39m
 [32mÔ£ô[39m src/services/__tests__/fallback-tts-service.test.ts[2m > [22mFallbackTTSService[2m > [22mEdge Cases[2m > [22mshould handle malformed API responses[32m 3[2mms[22m[39m
 [32mÔ£ô[39m src/services/__tests__/fallback-tts-service.test.ts[2m > [22mFallbackTTSService[2m > [22mEdge Cases[2m > [22mshould handle special characters in text[32m 3[2mms[22m[39m
 [32mÔ£ô[39m src/services/__tests__/fallback-tts-service.test.ts[2m > [22mFallbackTTSService[2m > [22mEdge Cases[2m > [22mshould handle concurrent synthesis requests[32m 5[2mms[22m[39m
 [32mÔ£ô[39m src/services/__tests__/fallback-tts-service.test.ts[2m > [22mFallbackTTSService[2m > [22mConfiguration Validation[2m > [22mshould handle missing ElevenLabs config[32m 5[2mms[22m[39m
 [32mÔ£ô[39m src/services/__tests__/fallback-tts-service.test.ts[2m > [22mFallbackTTSService[2m > [22mConfiguration Validation[2m > [22mshould handle missing Google Cloud config[32m 3[2mms[22m[39m
 [32mÔ£ô[39m src/services/__tests__/fallback-tts-service.test.ts[2m > [22mFallbackTTSService[2m > [22mConfiguration Validation[2m > [22mshould handle disabled fallback[32m 3[2mms[22m[39m
 [32mÔ£ô[39m src/services/__tests__/fallback-tts-service.test.ts[2m > [22mFallbackTTSService Integration[2m > [22mshould work with real-like scenarios[32m 1[2mms[22m[39m
 [32mÔ£ô[39m src/tests/Avatar3DSystem.test.ts[2m > [22mAvatar3DSystem[2m > [22mCasos Edge e Tratamento de Erros[2m > [22mdeve tratar tentativa de definir cena ativa inexistente[33m 1016[2mms[22m[39m
 [32mÔ£ô[39m src/tests/Avatar3DSystem.test.ts[2m > [22mAvatar3DSystem[2m > [22mCasos Edge e Tratamento de Erros[2m > [22mdeve retornar null para getCurrentMetrics quando n├úo inicializado[33m 1013[2mms[22m[39m
 [32mÔ£ô[39m src/hooks/useAdvancedUI.simplified.test.ts[2m > [22museAdvancedUISimplified[2m > [22mshould initialize correctly[32m 68[2mms[22m[39m
 [32mÔ£ô[39m src/hooks/useAdvancedUI.simplified.test.ts[2m > [22museAdvancedUISimplified[2m > [22mshould provide computed values[32m 7[2mms[22m[39m
 [32mÔ£ô[39m src/hooks/useAdvancedUI.simplified.test.ts[2m > [22museAdvancedUISimplified[2m > [22mshould provide theme actions[32m 8[2mms[22m[39m
 [32mÔ£ô[39m src/hooks/useAdvancedUI.simplified.test.ts[2m > [22museAdvancedUISimplified[2m > [22mshould provide component actions[32m 8[2mms[22m[39m
 [32mÔ£ô[39m src/hooks/useAdvancedUI.simplified.test.ts[2m > [22museAdvancedUISimplified[2m > [22mshould provide layout and animation actions[32m 9[2mms[22m[39m
 [32mÔ£ô[39m src/hooks/useAdvancedUI.simplified.test.ts[2m > [22museAdvancedUISimplified[2m > [22mshould provide preferences action[32m 9[2mms[22m[39m
 [32mÔ£ô[39m src/hooks/useAdvancedUI.simplified.test.ts[2m > [22museAdvancedUISimplified[2m > [22mshould handle consistent hook calls[32m 12[2mms[22m[39m
 [32mÔ£ô[39m src/hooks/useAdvancedUI.simplified.test.ts[2m > [22museAdvancedUISimplified[2m > [22mshould maintain stable references[32m 7[2mms[22m[39m
 [32mÔ£ô[39m src/__tests__/hooks/useAdvancedUI.minimal.test.ts[2m > [22museAdvancedUIMinimal Hook[2m > [22mdeve inicializar sem erros de hooks[32m 59[2mms[22m[39m
 [32mÔ£ô[39m src/__tests__/hooks/useAdvancedUI.minimal.test.ts[2m > [22museAdvancedUIMinimal Hook[2m > [22mdeve manter hooks consistentes em re-renders[32m 9[2mms[22m[39m
 [32mÔ£ô[39m src/__tests__/hooks/useAdvancedUI.minimal.test.ts[2m > [22museAdvancedUIMinimal Hook[2m > [22mdeve executar a├º├úo simples sem erro de hooks[32m 10[2mms[22m[39m

ÔÄ»ÔÄ»ÔÄ»ÔÄ»ÔÄ»ÔÄ» Failed Suites 21 ÔÄ»ÔÄ»ÔÄ»ÔÄ»ÔÄ»ÔÄ»

 FAIL  src/tests/api.test.ts [ src/tests/api.test.ts ]
Error: Failed to resolve import "supertest" from "src/tests/api.test.ts". Does the file exist?
  Plugin: vite:import-analysis
  File: C:/xampp/htdocs/Studiotreiax_1/src/tests/api.test.ts:7:20
  1  |  import { describe, it, expect, beforeEach, afterEach, vi, beforeAll, afterAll } from "vitest";
  2  |  import request from "supertest";
     |                       ^
  3  |  import VideoEditorAPI from "../../api/VideoEditorAPI";
  4  |  import VideoEditorAPIClient from "../../api/VideoEditorAPIClient";
 ÔØ» TransformPluginContext._formatError node_modules/vite/dist/node/chunks/dep-D_zLpgQd.js:49258:41
 ÔØ» TransformPluginContext.error node_modules/vite/dist/node/chunks/dep-D_zLpgQd.js:49253:16
 ÔØ» normalizeUrl node_modules/vite/dist/node/chunks/dep-D_zLpgQd.js:64306:23
 ÔØ» node_modules/vite/dist/node/chunks/dep-D_zLpgQd.js:64438:39
 ÔØ» TransformPluginContext.transform node_modules/vite/dist/node/chunks/dep-D_zLpgQd.js:64365:7
 ÔØ» PluginContainer.transform node_modules/vite/dist/node/chunks/dep-D_zLpgQd.js:49099:18
 ÔØ» loadAndTransform node_modules/vite/dist/node/chunks/dep-D_zLpgQd.js:51977:27

ÔÄ»ÔÄ»ÔÄ»ÔÄ»ÔÄ»ÔÄ»ÔÄ»ÔÄ»ÔÄ»ÔÄ»ÔÄ»ÔÄ»ÔÄ»ÔÄ»ÔÄ»ÔÄ»ÔÄ»ÔÄ»ÔÄ»ÔÄ»ÔÄ»ÔÄ»[1/449]ÔÄ»

 FAIL  src/tests/collaboration.test.ts [ src/tests/collaboration.test.ts ]
Error: Failed to resolve import "../../lib/collaboration/CollaborationManager" from "src/tests/collaboration.test.ts". Does the file exist?
  Plugin: vite:import-analysis
  File: C:/xampp/htdocs/Studiotreiax_1/src/tests/collaboration.test.ts:12:7
  1  |  import { describe, it, expect, beforeEach, afterEach, vi } from "vitest";
  2  |  import CollaborationManager from "../../lib/collaboration/CollaborationManager";
     |                                    ^
  3  |  const mockPeerConnection = {
  4  |    createOffer: vi.fn().mockResolvedValue({ type: "offer", sdp: "mock-offer" }),
 ÔØ» TransformPluginContext._formatError node_modules/vite/dist/node/chunks/dep-D_zLpgQd.js:49258:41
 ÔØ» TransformPluginContext.error node_modules/vite/dist/node/chunks/dep-D_zLpgQd.js:49253:16
 ÔØ» normalizeUrl node_modules/vite/dist/node/chunks/dep-D_zLpgQd.js:64306:23
 ÔØ» node_modules/vite/dist/node/chunks/dep-D_zLpgQd.js:64438:39
 ÔØ» TransformPluginContext.transform node_modules/vite/dist/node/chunks/dep-D_zLpgQd.js:64365:7
 ÔØ» PluginContainer.transform node_modules/vite/dist/node/chunks/dep-D_zLpgQd.js:49099:18
 ÔØ» loadAndTransform node_modules/vite/dist/node/chunks/dep-D_zLpgQd.js:51977:27

ÔÄ»ÔÄ»ÔÄ»ÔÄ»ÔÄ»ÔÄ»ÔÄ»ÔÄ»ÔÄ»ÔÄ»ÔÄ»ÔÄ»ÔÄ»ÔÄ»ÔÄ»ÔÄ»ÔÄ»ÔÄ»ÔÄ»ÔÄ»ÔÄ»ÔÄ»[2/449]ÔÄ»

 FAIL  src/tests/pptx-upload.test.ts [ src/tests/pptx-upload.test.ts ]
ReferenceError: userLimitsService is not defined
 ÔØ» src/services/user-limits.service.ts:384:16
    382| }
    383| 
    384| export default 
       |                ^
 ÔØ» src/tests/pptx-upload.test.ts:3:1

ÔÄ»ÔÄ»ÔÄ»ÔÄ»ÔÄ»ÔÄ»ÔÄ»ÔÄ»ÔÄ»ÔÄ»ÔÄ»ÔÄ»ÔÄ»ÔÄ»ÔÄ»ÔÄ»ÔÄ»ÔÄ»ÔÄ»ÔÄ»ÔÄ»ÔÄ»[3/449]ÔÄ»

 FAIL  src/tests/tts-integration.test.ts > TTS Integration Tests
TypeError: ttsService.initialize is not a function
 ÔØ» src/tests/tts-integration.test.ts:21:22
     19|   beforeAll(async () => {
     20|     // Initialize TTS service
     21|     await ttsService.initialize();
       |                      ^
     22|   });
     23| 

ÔÄ»ÔÄ»ÔÄ»ÔÄ»ÔÄ»ÔÄ»ÔÄ»ÔÄ»ÔÄ»ÔÄ»ÔÄ»ÔÄ»ÔÄ»ÔÄ»ÔÄ»ÔÄ»ÔÄ»ÔÄ»ÔÄ»ÔÄ»ÔÄ»ÔÄ»[4/449]ÔÄ»

 FAIL  src/tests/virtualization-performance.test.ts [ src/tests/virtualization-performance.test.ts ]
Error: Transform failed with 1 error:
C:/xampp/htdocs/Studiotreiax_1/src/tests/virtualization-performance.test.ts:57:4: ERROR: Expected ">" but found "config"
  Plugin: vite:esbuild
  File: C:/xampp/htdocs/Studiotreiax_1/src/tests/virtualization-performance.test.ts:57:4
  
  Expected ">" but found "config"
  55 |  const TestWrapper: React.FC<{ children: React.ReactNode }> = ({ children }) => (
  56 |    <VirtualizationProvider
  57 |      config={{
     |      ^
  58 |        enableMetrics: true,
  59 |        enableDebug: false,
  
 ÔØ» failureErrorWithLog node_modules/esbuild/lib/main.js:1472:15
 ÔØ» node_modules/esbuild/lib/main.js:755:50
 ÔØ» responseCallbacks.<computed> node_modules/esbuild/lib/main.js:622:9
 ÔØ» handleIncomingPacket node_modules/esbuild/lib/main.js:677:12
 ÔØ» Socket.readFromStdout node_modules/esbuild/lib/main.js:600:7

ÔÄ»ÔÄ»ÔÄ»ÔÄ»ÔÄ»ÔÄ»ÔÄ»ÔÄ»ÔÄ»ÔÄ»ÔÄ»ÔÄ»ÔÄ»ÔÄ»ÔÄ»ÔÄ»ÔÄ»ÔÄ»ÔÄ»ÔÄ»ÔÄ»ÔÄ»[5/449]ÔÄ»

 FAIL  src/__tests__/pptx-system.test.ts [ src/__tests__/pptx-system.test.ts ]
Error: Failed to resolve import "../lib/pptx/pptx-cache-manager" from "src/__tests__/pptx-system.test.ts". Does the file exist?
  Plugin: vite:import-analysis
  File: C:/xampp/htdocs/Studiotreiax_1/src/__tests__/pptx-system.test.ts:11:33
  3  |  import { PPTXSanitizer } from "../lib/pptx/pptx-sanitizer";
  4  |  import { PPTXWorkerPool } from "../lib/pptx/pptx-worker-pool";
  5  |  import { PPTXCacheManager } from "../lib/pptx/pptx-cache-manager";
     |                                    ^
  6  |  import { PPTXMemoryManager } from "../lib/pptx/pptx-memory-manager";
  7  |  import { PPTXErrorHandler } from "../lib/pptx/pptx-error-handler";
 ÔØ» TransformPluginContext._formatError node_modules/vite/dist/node/chunks/dep-D_zLpgQd.js:49258:41
 ÔØ» TransformPluginContext.error node_modules/vite/dist/node/chunks/dep-D_zLpgQd.js:49253:16
 ÔØ» normalizeUrl node_modules/vite/dist/node/chunks/dep-D_zLpgQd.js:64306:23
 ÔØ» node_modules/vite/dist/node/chunks/dep-D_zLpgQd.js:64438:39
 ÔØ» TransformPluginContext.transform node_modules/vite/dist/node/chunks/dep-D_zLpgQd.js:64365:7
 ÔØ» PluginContainer.transform node_modules/vite/dist/node/chunks/dep-D_zLpgQd.js:49099:18
 ÔØ» loadAndTransform node_modules/vite/dist/node/chunks/dep-D_zLpgQd.js:51977:27

ÔÄ»ÔÄ»ÔÄ»ÔÄ»ÔÄ»ÔÄ»ÔÄ»ÔÄ»ÔÄ»ÔÄ»ÔÄ»ÔÄ»ÔÄ»ÔÄ»ÔÄ»ÔÄ»ÔÄ»ÔÄ»ÔÄ»ÔÄ»ÔÄ»ÔÄ»[6/449]ÔÄ»

 FAIL  src/core/__tests__/commandManager.test.ts [ src/core/__tests__/commandManager.test.ts ]
ReferenceError: jest is not defined
 ÔØ» src/core/__tests__/commandManager.test.ts:5:1
      3| 
      4| // Mock EventSystem
      5| jest.mock('../eventSystem', () => ({
       | ^
      6|   EventSystem: {
      7|     getInstance: jest.fn().mockReturnValue({

ÔÄ»ÔÄ»ÔÄ»ÔÄ»ÔÄ»ÔÄ»ÔÄ»ÔÄ»ÔÄ»ÔÄ»ÔÄ»ÔÄ»ÔÄ»ÔÄ»ÔÄ»ÔÄ»ÔÄ»ÔÄ»ÔÄ»ÔÄ»ÔÄ»ÔÄ»[7/449]ÔÄ»

 FAIL  src/hooks/__tests__/useCollaboration.test.ts [ src/hooks/__tests__/useCollaboration.test.ts ]
ReferenceError: jest is not defined
 ÔØ» src/hooks/__tests__/useCollaboration.test.ts:5:1
      3| 
      4| // Mock dependencies
      5| jest.mock('../../services/collaborationEngine', () => ({
       | ^
      6|   collaborationEngine: {
      7|     initialize: jest.fn(),

ÔÄ»ÔÄ»ÔÄ»ÔÄ»ÔÄ»ÔÄ»ÔÄ»ÔÄ»ÔÄ»ÔÄ»ÔÄ»ÔÄ»ÔÄ»ÔÄ»ÔÄ»ÔÄ»ÔÄ»ÔÄ»ÔÄ»ÔÄ»ÔÄ»ÔÄ»[8/449]ÔÄ»

 FAIL  src/hooks/__tests__/useCommandManager.test.tsx [ src/hooks/__tests__/useCommandManager.test.tsx ]
ReferenceError: jest is not defined
 ÔØ» src/hooks/__tests__/useCommandManager.test.tsx:6:1
      4| 
      5| // Mock CommandManager
      6| jest.mock('../../core/commandManager', () => {
       | ^
      7|   const mockInstance = {
      8|     execute: jest.fn(),

ÔÄ»ÔÄ»ÔÄ»ÔÄ»ÔÄ»ÔÄ»ÔÄ»ÔÄ»ÔÄ»ÔÄ»ÔÄ»ÔÄ»ÔÄ»ÔÄ»ÔÄ»ÔÄ»ÔÄ»ÔÄ»ÔÄ»ÔÄ»ÔÄ»ÔÄ»[9/449]ÔÄ»

 FAIL  src/test/e2e/app.spec.ts [ src/test/e2e/app.spec.ts ]
Error: Playwright Test did not expect test.describe() to be called here.
Most common reasons include:
- You are calling test.describe() in a configuration file.
- You are calling test.describe() in a file that is imported by the configuration file.
- You have two different versions of @playwright/test. This usually happens
  when one of the dependencies in your package.json depends on @playwright/test.
 ÔØ» TestTypeImpl._currentSuite node_modules/playwright/lib/common/testType.js:74:13
 ÔØ» TestTypeImpl._describe node_modules/playwright/lib/common/testType.js:114:24
 ÔØ» Function.describe node_modules/playwright/lib/transform/transform.js:275:12
 ÔØ» src/test/e2e/app.spec.ts:3:6
      1| import { test, expect } from '@playwright/test';
      2| 
      3| test.describe('Application E2E Tests', () => {
       |      ^
      4|   test.beforeEach(async ({ page }) => {
      5|     // Navigate to the app before each test

ÔÄ»ÔÄ»ÔÄ»ÔÄ»ÔÄ»ÔÄ»ÔÄ»ÔÄ»ÔÄ»ÔÄ»ÔÄ»ÔÄ»ÔÄ»ÔÄ»ÔÄ»ÔÄ»ÔÄ»ÔÄ»ÔÄ»ÔÄ»ÔÄ»[10/449]ÔÄ»

 FAIL  src/services/__tests__/collaborationEngine.test.ts [ src/services/__tests__/collaborationEngine.test.ts ]
ReferenceError: jest is not defined
 ÔØ» src/services/__tests__/collaborationEngine.test.ts:5:1
      3| 
      4| // Mock dependencies
      5| jest.mock('../realtimeService', () => ({
       | ^
      6|   realtimeService: {
      7|     sendMessage: jest.fn(),

ÔÄ»ÔÄ»ÔÄ»ÔÄ»ÔÄ»ÔÄ»ÔÄ»ÔÄ»ÔÄ»ÔÄ»ÔÄ»ÔÄ»ÔÄ»ÔÄ»ÔÄ»ÔÄ»ÔÄ»ÔÄ»ÔÄ»ÔÄ»ÔÄ»[11/449]ÔÄ»

 FAIL  src/services/__tests__/presenceManager.test.ts [ src/services/__tests__/presenceManager.test.ts ]
ReferenceError: jest is not defined
 ÔØ» src/services/__tests__/presenceManager.test.ts:5:1
      3| 
      4| // Mock dependencies
      5| jest.mock('../realtimeService', () => ({
       | ^
      6|   realtimeService: {
      7|     sendMessage: jest.fn(),

ÔÄ»ÔÄ»ÔÄ»ÔÄ»ÔÄ»ÔÄ»ÔÄ»ÔÄ»ÔÄ»ÔÄ»ÔÄ»ÔÄ»ÔÄ»ÔÄ»ÔÄ»ÔÄ»ÔÄ»ÔÄ»ÔÄ»ÔÄ»ÔÄ»[12/449]ÔÄ»

 FAIL  src/__tests__/components/PPTXUploadTest.test.tsx [ src/__tests__/components/PPTXUploadTest.test.tsx ]
TypeError: this.initializeCompression is not a function
 ÔØ» new CacheService src/services/cache.service.ts:78:10
     76|     this.config = { ...DEFAULT_CONFIG, ...config }
     77|     this.initializeRedis()
     78|     this.initializeCompression()
       |          ^
     79|     this.startCleanupInterval()
     80|   }
 ÔØ» Function.getInstance src/services/cache.service.ts:84:31
 ÔØ» src/services/cache.service.ts:458:42
 ÔØ» src/__tests__/components/PPTXUploadTest.test.tsx:9:31

ÔÄ»ÔÄ»ÔÄ»ÔÄ»ÔÄ»ÔÄ»ÔÄ»ÔÄ»ÔÄ»ÔÄ»ÔÄ»ÔÄ»ÔÄ»ÔÄ»ÔÄ»ÔÄ»ÔÄ»ÔÄ»ÔÄ»ÔÄ»ÔÄ»[13/449]ÔÄ»

 FAIL  src/__tests__/hooks/useRealTimeCollaboration.test.ts [ src/__tests__/hooks/useRealTimeCollaboration.test.ts ]
Error: Failed to resolve import "../setup" from "src/__tests__/hooks/useRealTimeCollaboration.test.ts". Does the file exist?
  Plugin: vite:import-analysis
  File: C:/xampp/htdocs/Studiotreiax_1/src/__tests__/hooks/useRealTimeCollaboration.test.ts:8:30
  2  |  import { describe, it, expect, vi, beforeEach } from "vitest";
  3  |  import { useRealTimeCollaboration } from "../../hooks/useRealTimeCollaboration";
  4  |  import { mockWebSocket } from "../setup";
     |                                 ^
  5  |  describe("useRealTimeCollaboration Hook", () => {
  6  |    beforeEach(() => {
 ÔØ» TransformPluginContext._formatError node_modules/vite/dist/node/chunks/dep-D_zLpgQd.js:49258:41
 ÔØ» TransformPluginContext.error node_modules/vite/dist/node/chunks/dep-D_zLpgQd.js:49253:16
 ÔØ» normalizeUrl node_modules/vite/dist/node/chunks/dep-D_zLpgQd.js:64306:23
 ÔØ» node_modules/vite/dist/node/chunks/dep-D_zLpgQd.js:64438:39
 ÔØ» TransformPluginContext.transform node_modules/vite/dist/node/chunks/dep-D_zLpgQd.js:64365:7
 ÔØ» PluginContainer.transform node_modules/vite/dist/node/chunks/dep-D_zLpgQd.js:49099:18
 ÔØ» loadAndTransform node_modules/vite/dist/node/chunks/dep-D_zLpgQd.js:51977:27

ÔÄ»ÔÄ»ÔÄ»ÔÄ»ÔÄ»ÔÄ»ÔÄ»ÔÄ»ÔÄ»ÔÄ»ÔÄ»ÔÄ»ÔÄ»ÔÄ»ÔÄ»ÔÄ»ÔÄ»ÔÄ»ÔÄ»ÔÄ»ÔÄ»[14/449]ÔÄ»

 FAIL  src/__tests__/hooks/useWebWorkers.test.ts [ src/__tests__/hooks/useWebWorkers.test.ts ]
Error: Failed to resolve import "../setup" from "src/__tests__/hooks/useWebWorkers.test.ts". Does the file exist?
  Plugin: vite:import-analysis
  File: C:/xampp/htdocs/Studiotreiax_1/src/__tests__/hooks/useWebWorkers.test.ts:8:27
  2  |  import { describe, it, expect, vi, beforeEach } from "vitest";
  3  |  import { useWebWorkers } from "../../hooks/useWebWorkers";
  4  |  import { mockWorker } from "../setup";
     |                              ^
  5  |  describe("useWebWorkers Hook", () => {
  6  |    beforeEach(() => {
 ÔØ» TransformPluginContext._formatError node_modules/vite/dist/node/chunks/dep-D_zLpgQd.js:49258:41
 ÔØ» TransformPluginContext.error node_modules/vite/dist/node/chunks/dep-D_zLpgQd.js:49253:16
 ÔØ» normalizeUrl node_modules/vite/dist/node/chunks/dep-D_zLpgQd.js:64306:23
 ÔØ» node_modules/vite/dist/node/chunks/dep-D_zLpgQd.js:64438:39
 ÔØ» TransformPluginContext.transform node_modules/vite/dist/node/chunks/dep-D_zLpgQd.js:64365:7
 ÔØ» PluginContainer.transform node_modules/vite/dist/node/chunks/dep-D_zLpgQd.js:49099:18
 ÔØ» loadAndTransform node_modules/vite/dist/node/chunks/dep-D_zLpgQd.js:51977:27

ÔÄ»ÔÄ»ÔÄ»ÔÄ»ÔÄ»ÔÄ»ÔÄ»ÔÄ»ÔÄ»ÔÄ»ÔÄ»ÔÄ»ÔÄ»ÔÄ»ÔÄ»ÔÄ»ÔÄ»ÔÄ»ÔÄ»ÔÄ»ÔÄ»[15/449]ÔÄ»

 FAIL  src/__tests__/services/pptx-upload.test.ts [ src/__tests__/services/pptx-upload.test.ts ]
TypeError: this.initializeCompression is not a function
 ÔØ» new CacheService src/services/cache.service.ts:78:10
     76|     this.config = { ...DEFAULT_CONFIG, ...config }
     77|     this.initializeRedis()
     78|     this.initializeCompression()
       |          ^
     79|     this.startCleanupInterval()
     80|   }
 ÔØ» Function.getInstance src/services/cache.service.ts:84:31
 ÔØ» src/services/cache.service.ts:458:42
 ÔØ» src/__tests__/services/pptx-upload.test.ts:2:31

ÔÄ»ÔÄ»ÔÄ»ÔÄ»ÔÄ»ÔÄ»ÔÄ»ÔÄ»ÔÄ»ÔÄ»ÔÄ»ÔÄ»ÔÄ»ÔÄ»ÔÄ»ÔÄ»ÔÄ»ÔÄ»ÔÄ»ÔÄ»ÔÄ»[16/449]ÔÄ»

 FAIL  src/__tests__/services/simple-test.test.ts [ src/__tests__/services/simple-test.test.ts ]
TypeError: this.initializeCompression is not a function
 ÔØ» new CacheService src/services/cache.service.ts:78:10
     76|     this.config = { ...DEFAULT_CONFIG, ...config }
     77|     this.initializeRedis()
     78|     this.initializeCompression()
       |          ^
     79|     this.startCleanupInterval()
     80|   }
 ÔØ» Function.getInstance src/services/cache.service.ts:84:31
 ÔØ» src/services/cache.service.ts:458:42
 ÔØ» src/__tests__/services/simple-test.test.ts:2:31

ÔÄ»ÔÄ»ÔÄ»ÔÄ»ÔÄ»ÔÄ»ÔÄ»ÔÄ»ÔÄ»ÔÄ»ÔÄ»ÔÄ»ÔÄ»ÔÄ»ÔÄ»ÔÄ»ÔÄ»ÔÄ»ÔÄ»ÔÄ»ÔÄ»[17/449]ÔÄ»

 FAIL  src/components/collaboration/__tests__/CollaborationHub.test.tsx [ src/components/collaboration/__tests__/CollaborationHub.test.tsx ]
ReferenceError: jest is not defined
 ÔØ» src/components/collaboration/__tests__/CollaborationHub.test.tsx:7:1
      5| 
      6| // Mock the useCollaboration hook
      7| jest.mock('../../../hooks/useCollaboration');
       | ^
      8| const mockUseCollaboration = useCollaboration as jest.MockedFunction<tÔÇª
      9| 

ÔÄ»ÔÄ»ÔÄ»ÔÄ»ÔÄ»ÔÄ»ÔÄ»ÔÄ»ÔÄ»ÔÄ»ÔÄ»ÔÄ»ÔÄ»ÔÄ»ÔÄ»ÔÄ»ÔÄ»ÔÄ»ÔÄ»ÔÄ»ÔÄ»[18/449]ÔÄ»

 FAIL  src/components/collaboration/__tests__/RealtimeSync.test.tsx [ src/components/collaboration/__tests__/RealtimeSync.test.tsx ]
ReferenceError: jest is not defined
 ÔØ» src/components/collaboration/__tests__/RealtimeSync.test.tsx:7:1
      5| 
      6| // Mock the useCollaboration hook
      7| jest.mock('../../../hooks/useCollaboration');
       | ^
      8| const mockUseCollaboration = useCollaboration as jest.MockedFunction<tÔÇª
      9| 

ÔÄ»ÔÄ»ÔÄ»ÔÄ»ÔÄ»ÔÄ»ÔÄ»ÔÄ»ÔÄ»ÔÄ»ÔÄ»ÔÄ»ÔÄ»ÔÄ»ÔÄ»ÔÄ»ÔÄ»ÔÄ»ÔÄ»ÔÄ»ÔÄ»[19/449]ÔÄ»

 FAIL  src/lib/pptx/__tests__/multi-layer-cache.test.ts [ src/lib/pptx/__tests__/multi-layer-cache.test.ts ]
Error: Transform failed with 1 error:
C:/xampp/htdocs/Studiotreiax_1/src/lib/pptx/__tests__/multi-layer-cache.test.ts:120:36: ERROR: Unexpected end of file
  Plugin: vite:esbuild
  File: C:/xampp/htdocs/Studiotreiax_1/src/lib/pptx/__tests__/multi-layer-cache.test.ts:120:36
  
  Unexpected end of file
  118|        
  119|        // Simula passagem do tempo
  120|        mockTime += 1500; // 1.5 segun
     |                                      ^
  
 ÔØ» failureErrorWithLog node_modules/esbuild/lib/main.js:1472:15
 ÔØ» node_modules/esbuild/lib/main.js:755:50
 ÔØ» responseCallbacks.<computed> node_modules/esbuild/lib/main.js:622:9
 ÔØ» handleIncomingPacket node_modules/esbuild/lib/main.js:677:12
 ÔØ» Socket.readFromStdout node_modules/esbuild/lib/main.js:600:7

ÔÄ»ÔÄ»ÔÄ»ÔÄ»ÔÄ»ÔÄ»ÔÄ»ÔÄ»ÔÄ»ÔÄ»ÔÄ»ÔÄ»ÔÄ»ÔÄ»ÔÄ»ÔÄ»ÔÄ»ÔÄ»ÔÄ»ÔÄ»ÔÄ»[20/449]ÔÄ»

 FAIL  src/__tests__/lib/audio/AudioProcessingEngine.test.ts [ src/__tests__/lib/audio/AudioProcessingEngine.test.ts ]
ReferenceError: jest is not defined
 ÔØ» src/__tests__/lib/audio/AudioProcessingEngine.test.ts:11:15
      9|   sampleRate: 44100,
     10|   state: 'running',
     11|   createGain: jest.fn(() => ({
       |               ^
     12|     gain: { value: 1 },
     13|     connect: jest.fn(),

ÔÄ»ÔÄ»ÔÄ»ÔÄ»ÔÄ»ÔÄ»ÔÄ»ÔÄ»ÔÄ»ÔÄ»ÔÄ»ÔÄ»ÔÄ»ÔÄ»ÔÄ»ÔÄ»ÔÄ»ÔÄ»ÔÄ»ÔÄ»ÔÄ»[21/449]ÔÄ»


ÔÄ»ÔÄ»ÔÄ»ÔÄ»ÔÄ»ÔÄ» Failed Tests 377 ÔÄ»ÔÄ»ÔÄ»ÔÄ»ÔÄ»ÔÄ»

 FAIL  src/tests/automated-services.test.ts > Automated Services Tests > Performance Tests > deve processar TTS em tempo aceit├ível
AssertionError: expected NaN to be less than 100
 ÔØ» src/tests/automated-services.test.ts:334:30
    332|       
    333|       // TTS deve processar em menos de 100ms (mock)
    334|       expect(processingTime).toBeLessThan(100);
       |                              ^
    335|     });
    336|     

ÔÄ»ÔÄ»ÔÄ»ÔÄ»ÔÄ»ÔÄ»ÔÄ»ÔÄ»ÔÄ»ÔÄ»ÔÄ»ÔÄ»ÔÄ»ÔÄ»ÔÄ»ÔÄ»ÔÄ»ÔÄ»ÔÄ»ÔÄ»ÔÄ»[22/449]ÔÄ»

 FAIL  src/tests/automated-services.test.ts > Automated Services Tests > Performance Tests > deve gerar avatar em tempo aceit├ível
AssertionError: expected NaN to be less than 200
 ÔØ» src/tests/automated-services.test.ts:349:30
    347|       
    348|       // Avatar deve gerar em menos de 200ms (mock)
    349|       expect(processingTime).toBeLessThan(200);
       |                              ^
    350|     });
    351|     

ÔÄ»ÔÄ»ÔÄ»ÔÄ»ÔÄ»ÔÄ»ÔÄ»ÔÄ»ÔÄ»ÔÄ»ÔÄ»ÔÄ»ÔÄ»ÔÄ»ÔÄ»ÔÄ»ÔÄ»ÔÄ»ÔÄ»ÔÄ»ÔÄ»[23/449]ÔÄ»

 FAIL  src/tests/automated-services.test.ts > Automated Services Tests > Performance Tests > deve renderizar v├¡deo em tempo aceit├ível
AssertionError: expected NaN to be less than 300
 ÔØ» src/tests/automated-services.test.ts:361:30
    359|       
    360|       // Render deve completar em menos de 300ms (mock)
    361|       expect(processingTime).toBeLessThan(300);
       |                              ^
    362|     });
    363|   });

ÔÄ»ÔÄ»ÔÄ»ÔÄ»ÔÄ»ÔÄ»ÔÄ»ÔÄ»ÔÄ»ÔÄ»ÔÄ»ÔÄ»ÔÄ»ÔÄ»ÔÄ»ÔÄ»ÔÄ»ÔÄ»ÔÄ»ÔÄ»ÔÄ»[24/449]ÔÄ»

 FAIL  src/tests/Avatar3DSystem.test.ts > Avatar3DSystem > Gerenciamento de Recursos > deve retornar lista de cenas
AssertionError: expected 'scene-1758312403840' not to be 'scene-1758312403840' // Object.is equality
 ÔØ» src/tests/Avatar3DSystem.test.ts:444:28
    442|       expect(sceneId1).toBeDefined();
    443|       expect(sceneId2).toBeDefined();
    444|       expect(sceneId1).not.toBe(sceneId2); // IDs devem ser diferentes
       |                            ^
    445| 
    446|       const scenes = avatarSystem.getScenes();

ÔÄ»ÔÄ»ÔÄ»ÔÄ»ÔÄ»ÔÄ»ÔÄ»ÔÄ»ÔÄ»ÔÄ»ÔÄ»ÔÄ»ÔÄ»ÔÄ»ÔÄ»ÔÄ»ÔÄ»ÔÄ»ÔÄ»ÔÄ»ÔÄ»[25/449]ÔÄ»

 FAIL  src/tests/AvatarPerformanceMonitor.test.ts > AvatarPerformanceMonitor > Coleta de M├®tricas > deve coletar m├®tricas atuais
AssertionError: expected 0 to be greater than 0
 ÔØ» src/tests/AvatarPerformanceMonitor.test.ts:96:35
     94|       if (metrics) {
     95|         expect(metrics.fps).toBeGreaterThan(0);
     96|         expect(metrics.frameTime).toBeGreaterThan(0);
       |                                   ^
     97|         expect(metrics.memoryUsage).toBeGreaterThan(0);
     98|         expect(metrics.timestamp).toBeGreaterThan(0);

ÔÄ»ÔÄ»ÔÄ»ÔÄ»ÔÄ»ÔÄ»ÔÄ»ÔÄ»ÔÄ»ÔÄ»ÔÄ»ÔÄ»ÔÄ»ÔÄ»ÔÄ»ÔÄ»ÔÄ»ÔÄ»ÔÄ»ÔÄ»ÔÄ»[26/449]ÔÄ»

 FAIL  src/tests/AvatarPerformanceMonitor.test.ts > AvatarPerformanceMonitor > Sugest├Áes de Otimiza├º├úo > deve sugerir otimiza├º├Áes para uso de mem├│ria
AssertionError: expected 0 to be greater than 0
 ÔØ» src/tests/AvatarPerformanceMonitor.test.ts:230:47
    228|       );
    229|       
    230|       expect(memoryRelatedSuggestions.length).toBeGreaterThan(0);
       |                                               ^
    231|     });
    232|   });

ÔÄ»ÔÄ»ÔÄ»ÔÄ»ÔÄ»ÔÄ»ÔÄ»ÔÄ»ÔÄ»ÔÄ»ÔÄ»ÔÄ»ÔÄ»ÔÄ»ÔÄ»ÔÄ»ÔÄ»ÔÄ»ÔÄ»ÔÄ»ÔÄ»[27/449]ÔÄ»

 FAIL  src/tests/gpt4-vision.test.ts > GPT-4 Vision Service > should handle API errors gracefully
AssertionError: promise resolved "{ fileName: 'test.pptx', ÔÇª(8) }" instead of rejecting

- Expected
+ Received

- Error {
-   "message": "rejected promise",
+ {
+   "analysisMetadata": {
+     "analysisDate": "2025-09-19T20:05:34.481Z",
+     "confidenceThreshold": 70,
+     "modelUsed": "gpt-4-vision-preview",
+     "tokensUsed": 300,
+   },
+   "detectedNRs": [
+     {
+       "confidence": 85,
+       "keyTopics": [
+         "EPI",
+         "seguran├ºa",
+       ],
+       "nr": "NR-06",
+       "reasoning": "Detectado uso de EPIs",
+       "relevantSlides": [
+         1,
+         2,
+       ],
+       "riskLevel": "medium",
+       "suggestedTemplates": [
+         "epi-template",
+       ],
+       "title": "Equipamento de Prote├º├úo Individual",
+     },
+   ],
+   "extractedText": [
+     "Test content",
+   ],
+   "fileName": "test.pptx",
+   "overallCompliance": 81,
+   "processingTime": 0.007,
+   "recommendations": [],
+   "slideImages": [
+     "",
+   ],
+   "totalSlides": 1,
  }

 ÔØ» src/tests/gpt4-vision.test.ts:118:5
    116|     await expect(
    117|       service.analyzePPTXWithVision(mockSlideContents, 'test.pptx')
    118|     ).rejects.toThrow('API Error')
       |     ^
    119|   })
    120| 

ÔÄ»ÔÄ»ÔÄ»ÔÄ»ÔÄ»ÔÄ»ÔÄ»ÔÄ»ÔÄ»ÔÄ»ÔÄ»ÔÄ»ÔÄ»ÔÄ»ÔÄ»ÔÄ»ÔÄ»ÔÄ»ÔÄ»ÔÄ»ÔÄ»[28/449]ÔÄ»

 FAIL  src/tests/PipelineIntegration.test.ts > Pipeline PPTXÔåÆV├¡deo Integration Tests > deve iniciar pipeline com arquivo PPTX v├ílido
AssertionError: expected false to be true // Object.is equality

- Expected
+ Received

- true
+ false

 ÔØ» src/tests/PipelineIntegration.test.ts:68:30
     66|     const response = await pipelineApiService.startPipeline(testFile)
     67|     
     68|     expect(response.success).toBe(true)
       |                              ^
     69|     expect(response.data).toBeDefined()
     70|     expect(response.data?.jobId).toBeDefined()

ÔÄ»ÔÄ»ÔÄ»ÔÄ»ÔÄ»ÔÄ»ÔÄ»ÔÄ»ÔÄ»ÔÄ»ÔÄ»ÔÄ»ÔÄ»ÔÄ»ÔÄ»ÔÄ»ÔÄ»ÔÄ»ÔÄ»ÔÄ»ÔÄ»[29/449]ÔÄ»

 FAIL  src/tests/PipelineIntegration.test.ts > Pipeline PPTXÔåÆV├¡deo Integration Tests > deve retornar status do job corretamente
AssertionError: Job ID n├úo dispon├¡vel para teste
 ÔØ» src/tests/PipelineIntegration.test.ts:77:14
     75|   it('deve retornar status do job corretamente', async () => {
     76|     if (!testJobId) {
     77|       expect.fail('Job ID n├úo dispon├¡vel para teste')
       |              ^
     78|     }
     79| 

ÔÄ»ÔÄ»ÔÄ»ÔÄ»ÔÄ»ÔÄ»ÔÄ»ÔÄ»ÔÄ»ÔÄ»ÔÄ»ÔÄ»ÔÄ»ÔÄ»ÔÄ»ÔÄ»ÔÄ»ÔÄ»ÔÄ»ÔÄ»ÔÄ»[30/449]ÔÄ»

 FAIL  src/tests/PipelineIntegration.test.ts > Pipeline PPTXÔåÆV├¡deo Integration Tests > deve monitorar progresso do job
AssertionError: Job ID n├úo dispon├¡vel para teste
 ÔØ» src/tests/PipelineIntegration.test.ts:90:14
     88|   it('deve monitorar progresso do job', async () => {
     89|     if (!testJobId) {
     90|       expect.fail('Job ID n├úo dispon├¡vel para teste')
       |              ^
     91|     }
     92| 

ÔÄ»ÔÄ»ÔÄ»ÔÄ»ÔÄ»ÔÄ»ÔÄ»ÔÄ»ÔÄ»ÔÄ»ÔÄ»ÔÄ»ÔÄ»ÔÄ»ÔÄ»ÔÄ»ÔÄ»ÔÄ»ÔÄ»ÔÄ»ÔÄ»[31/449]ÔÄ»

 FAIL  src/tests/pptx-validation-flow.test.ts > PPTX to Video Pipeline - Complete Flow Validation > Complete Pipeline Flow > should successfully process PPTX file through entire pipeline
AssertionError: expected "spy" to be called with arguments: [ 10, 'upload' ]

Number of calls: 0

 ÔØ» src/tests/pptx-validation-flow.test.ts:275:51
    273|       const uploadResult = await mockPPTXService.uploadFile(mockPPTXFiÔÇª
    274|       expect(uploadResult.success).toBe(true);
    275|       expect(mockMonitoringService.trackProgress).toHaveBeenCalledWithÔÇª
       |                                                   ^
    276|       
    277|       const parseResult = await mockPPTXService.parseSlides(uploadResuÔÇª

ÔÄ»ÔÄ»ÔÄ»ÔÄ»ÔÄ»ÔÄ»ÔÄ»ÔÄ»ÔÄ»ÔÄ»ÔÄ»ÔÄ»ÔÄ»ÔÄ»ÔÄ»ÔÄ»ÔÄ»ÔÄ»ÔÄ»ÔÄ»ÔÄ»[32/449]ÔÄ»

 FAIL  src/tests/pptx-validation-flow.test.ts > PPTX to Video Pipeline - Complete Flow Validation > Complete Pipeline Flow > should handle errors gracefully at each stage
AssertionError: expected "spy" to be called with arguments: [ Error: Upload failed, 'upload' ]

Number of calls: 0

 ÔØ» src/tests/pptx-validation-flow.test.ts:351:52
    349|       } catch (error) {
    350|         expect(error.message).toBe('Upload failed');
    351|         expect(mockMonitoringService.reportErrors).toHaveBeenCalledWitÔÇª
       |                                                    ^
    352|       }
    353|       

ÔÄ»ÔÄ»ÔÄ»ÔÄ»ÔÄ»ÔÄ»ÔÄ»ÔÄ»ÔÄ»ÔÄ»ÔÄ»ÔÄ»ÔÄ»ÔÄ»ÔÄ»ÔÄ»ÔÄ»ÔÄ»ÔÄ»ÔÄ»ÔÄ»[33/449]ÔÄ»

 FAIL  src/tests/pptx-validation-flow.test.ts > PPTX to Video Pipeline - Complete Flow Validation > Complete Pipeline Flow > should handle large presentations efficiently
AssertionError: expected [ { id: 'slide-1', ÔÇª(6) }, ÔÇª(57) ] to have a length of 50 but got 58

- Expected
+ Received

- 50
+ 58

 ÔØ» src/tests/pptx-validation-flow.test.ts:482:39
    480|       
    481|       expect(processedBatches).toHaveLength(5);
    482|       expect(processedBatches.flat()).toHaveLength(50);
       |                                       ^
    483|       
    484|       const endTime = Date.now();

ÔÄ»ÔÄ»ÔÄ»ÔÄ»ÔÄ»ÔÄ»ÔÄ»ÔÄ»ÔÄ»ÔÄ»ÔÄ»ÔÄ»ÔÄ»ÔÄ»ÔÄ»ÔÄ»ÔÄ»ÔÄ»ÔÄ»ÔÄ»ÔÄ»[34/449]ÔÄ»

 FAIL  src/tests/pptx-validation-flow.test.ts > PPTX to Video Pipeline - Complete Flow Validation > Complete Pipeline Flow > should provide accurate progress tracking
AssertionError: expected [] to have a length of 7 but got +0

- Expected
+ Received

- 7
+ 0

 ÔØ» src/tests/pptx-validation-flow.test.ts:550:31
    548|       
    549|       // Verify progress tracking
    550|       expect(progressUpdates).toHaveLength(7);
       |                               ^
    551|       expect(progressUpdates[0]).toEqual({ progress: 10, stage: 'uploaÔÇª
    552|       expect(progressUpdates[1]).toEqual({ progress: 20, stage: 'parsiÔÇª

ÔÄ»ÔÄ»ÔÄ»ÔÄ»ÔÄ»ÔÄ»ÔÄ»ÔÄ»ÔÄ»ÔÄ»ÔÄ»ÔÄ»ÔÄ»ÔÄ»ÔÄ»ÔÄ»ÔÄ»ÔÄ»ÔÄ»ÔÄ»ÔÄ»[35/449]ÔÄ»

 FAIL  src/tests/pptx-validation-flow.test.ts > PPTX to Video Pipeline - Complete Flow Validation > Edge Cases and Stress Tests > should handle memory constraints
AssertionError: expected 'Should have thrown file size error' to be 'File too large' // Object.is equality

Expected: "File too large"
Received: "Should have thrown file size error"

 ÔØ» src/tests/pptx-validation-flow.test.ts:628:31
    626|         expect.fail('Should have thrown file size error');
    627|       } catch (error) {
    628|         expect(error.message).toBe('File too large');
       |                               ^
    629|       }
    630|     });

ÔÄ»ÔÄ»ÔÄ»ÔÄ»ÔÄ»ÔÄ»ÔÄ»ÔÄ»ÔÄ»ÔÄ»ÔÄ»ÔÄ»ÔÄ»ÔÄ»ÔÄ»ÔÄ»ÔÄ»ÔÄ»ÔÄ»ÔÄ»ÔÄ»[36/449]ÔÄ»

 FAIL  src/tests/pptx-validation-flow.test.ts > PPTX to Video Pipeline - Complete Flow Validation > Edge Cases and Stress Tests > should handle concurrent processing requests
AssertionError: expected "spy" to be called 5 times, but got 0 times
 ÔØ» src/tests/pptx-validation-flow.test.ts:649:51
    647|       
    648|       // Verify all uploads were tracked
    649|       expect(mockMonitoringService.trackProgress).toHaveBeenCalledTimeÔÇª
       |                                                   ^
    650|     });
    651|   });

ÔÄ»ÔÄ»ÔÄ»ÔÄ»ÔÄ»ÔÄ»ÔÄ»ÔÄ»ÔÄ»ÔÄ»ÔÄ»ÔÄ»ÔÄ»ÔÄ»ÔÄ»ÔÄ»ÔÄ»ÔÄ»ÔÄ»ÔÄ»ÔÄ»[37/449]ÔÄ»

 FAIL  src/tests/tts-integration.test.ts > TTS Performance Tests > should complete synthesis within reasonable time
AssertionError: expected false to be true // Object.is equality

- Expected
+ Received

- true
+ false

 ÔØ» src/tests/tts-integration.test.ts:298:30
    296|     const duration = endTime - startTime;
    297|     
    298|     expect(response.success).toBe(true);
       |                              ^
    299|     expect(duration).toBeLessThan(10000); // Should complete within 10ÔÇª
    300|   }, 15000);

ÔÄ»ÔÄ»ÔÄ»ÔÄ»ÔÄ»ÔÄ»ÔÄ»ÔÄ»ÔÄ»ÔÄ»ÔÄ»ÔÄ»ÔÄ»ÔÄ»ÔÄ»ÔÄ»ÔÄ»ÔÄ»ÔÄ»ÔÄ»ÔÄ»[38/449]ÔÄ»

 FAIL  src/__tests__/pptx-basic.test.ts > PPTX Studio System - Valida├º├úo B├ísica > Ambiente de Teste > deve ter todas as depend├¬ncias globais configuradas
AssertionError: expected undefined to be defined
 ÔØ» src/__tests__/pptx-basic.test.ts:15:29
     13|       expect(global.DOMParser).toBeDefined();
     14|       expect(global.XMLSerializer).toBeDefined();
     15|       expect(global.Worker).toBeDefined();
       |                             ^
     16|     });
     17| 

ÔÄ»ÔÄ»ÔÄ»ÔÄ»ÔÄ»ÔÄ»ÔÄ»ÔÄ»ÔÄ»ÔÄ»ÔÄ»ÔÄ»ÔÄ»ÔÄ»ÔÄ»ÔÄ»ÔÄ»ÔÄ»ÔÄ»ÔÄ»ÔÄ»[39/449]ÔÄ»

 FAIL  src/__tests__/pptx-basic.test.ts > PPTX Studio System - Valida├º├úo B├ísica > Ambiente de Teste > deve ter utilit├írios de teste dispon├¡veis
AssertionError: expected undefined to be an instance of Function
 ÔØ» src/__tests__/pptx-basic.test.ts:27:47
     25|     it('deve ter utilit├írios de teste dispon├¡veis', () => {
     26|       expect(global.testUtils).toBeDefined();
     27|       expect(global.testUtils.createMockFile).toBeInstanceOf(Function);
       |                                               ^
     28|       expect(global.testUtils.wait).toBeInstanceOf(Function);
     29|       expect(global.testUtils.mockConsole).toBeInstanceOf(Function);

ÔÄ»ÔÄ»ÔÄ»ÔÄ»ÔÄ»ÔÄ»ÔÄ»ÔÄ»ÔÄ»ÔÄ»ÔÄ»ÔÄ»ÔÄ»ÔÄ»ÔÄ»ÔÄ»ÔÄ»ÔÄ»ÔÄ»ÔÄ»ÔÄ»[40/449]ÔÄ»

 FAIL  src/__tests__/pptx-basic.test.ts > PPTX Studio System - Valida├º├úo B├ísica > Cria├º├úo de Arquivos Mock > deve criar arquivo PPTX mock v├ílido
TypeError: global.testUtils.createMockFile is not a function
 ÔØ» src/__tests__/pptx-basic.test.ts:35:37
     33|   describe('Cria├º├úo de Arquivos Mock', () => {
     34|     it('deve criar arquivo PPTX mock v├ílido', () => {
     35|       const file = global.testUtils.createMockFile('test.pptx', 1024);
       |                                     ^
     36|       
     37|       expect(file).toBeInstanceOf(File);

ÔÄ»ÔÄ»ÔÄ»ÔÄ»ÔÄ»ÔÄ»ÔÄ»ÔÄ»ÔÄ»ÔÄ»ÔÄ»ÔÄ»ÔÄ»ÔÄ»ÔÄ»ÔÄ»ÔÄ»ÔÄ»ÔÄ»ÔÄ»ÔÄ»[41/449]ÔÄ»

 FAIL  src/__tests__/pptx-basic.test.ts > PPTX Studio System - Valida├º├úo B├ísica > Cria├º├úo de Arquivos Mock > deve processar arrayBuffer do arquivo mock
TypeError: global.testUtils.createMockFile is not a function
 ÔØ» src/__tests__/pptx-basic.test.ts:44:37
     42| 
     43|     it('deve processar arrayBuffer do arquivo mock', async () => {
     44|       const file = global.testUtils.createMockFile('test.pptx', 512);
       |                                     ^
     45|       const buffer = await file.arrayBuffer();
     46|       

ÔÄ»ÔÄ»ÔÄ»ÔÄ»ÔÄ»ÔÄ»ÔÄ»ÔÄ»ÔÄ»ÔÄ»ÔÄ»ÔÄ»ÔÄ»ÔÄ»ÔÄ»ÔÄ»ÔÄ»ÔÄ»ÔÄ»ÔÄ»ÔÄ»[42/449]ÔÄ»

 FAIL  src/__tests__/pptx-basic.test.ts > PPTX Studio System - Valida├º├úo B├ísica > Processamento XML Mock > deve serializar XML
TypeError: Failed to execute 'serializeToString' on 'XMLSerializer': parameter 1 is not of type 'Node'.
 ÔØ» Object.exports.convert node_modules/jsdom/lib/jsdom/living/generated/Node.js:25:9
 ÔØ» XMLSerializer.serializeToString node_modules/jsdom/lib/jsdom/living/generated/XMLSerializer.js:111:23
 ÔØ» src/__tests__/pptx-basic.test.ts:65:33
     63|       const serializer = new XMLSerializer();
     64|       const mockNode = { nodeType: 1, nodeName: 'test' } as any;
     65|       const result = serializer.serializeToString(mockNode);
       |                                 ^
     66|       
     67|       expect(result).toBe('<mock>serialized xml</mock>');

ÔÄ»ÔÄ»ÔÄ»ÔÄ»ÔÄ»ÔÄ»ÔÄ»ÔÄ»ÔÄ»ÔÄ»ÔÄ»ÔÄ»ÔÄ»ÔÄ»ÔÄ»ÔÄ»ÔÄ»ÔÄ»ÔÄ»ÔÄ»ÔÄ»[43/449]ÔÄ»

 FAIL  src/__tests__/pptx-basic.test.ts > PPTX Studio System - Valida├º├úo B├ísica > Worker Mock > deve criar worker e processar mensagens
ReferenceError: Worker is not defined
 ÔØ» src/__tests__/pptx-basic.test.ts:73:22
     71|   describe('Worker Mock', () => {
     72|     it('deve criar worker e processar mensagens', (done) => {
     73|       const worker = new Worker('test-worker.js');
       |                      ^
     74|       
     75|       worker.onmessage = (event) => {

ÔÄ»ÔÄ»ÔÄ»ÔÄ»ÔÄ»ÔÄ»ÔÄ»ÔÄ»ÔÄ»ÔÄ»ÔÄ»ÔÄ»ÔÄ»ÔÄ»ÔÄ»ÔÄ»ÔÄ»ÔÄ»ÔÄ»ÔÄ»ÔÄ»[44/449]ÔÄ»

 FAIL  src/__tests__/pptx-basic.test.ts > PPTX Studio System - Valida├º├úo B├ísica > Canvas Mock > deve criar canvas e obter contexto 2d
TypeError: Invalid constructor, the constructor is not part of the custom element registry
 ÔØ» HTMLConstructor node_modules/jsdom/lib/jsdom/living/helpers/html-constructor.js:20:11
 ÔØ» new HTMLCanvasElement node_modules/jsdom/lib/jsdom/living/generated/HTMLCanvasElement.js:98:14
 ÔØ» src/__tests__/pptx-basic.test.ts:87:22
     85|   describe('Canvas Mock', () => {
     86|     it('deve criar canvas e obter contexto 2d', () => {
     87|       const canvas = new HTMLCanvasElement();
       |                      ^
     88|       const ctx = canvas.getContext('2d');
     89|       

ÔÄ»ÔÄ»ÔÄ»ÔÄ»ÔÄ»ÔÄ»ÔÄ»ÔÄ»ÔÄ»ÔÄ»ÔÄ»ÔÄ»ÔÄ»ÔÄ»ÔÄ»ÔÄ»ÔÄ»ÔÄ»ÔÄ»ÔÄ»ÔÄ»[45/449]ÔÄ»

 FAIL  src/__tests__/pptx-basic.test.ts > PPTX Studio System - Valida├º├úo B├ísica > Canvas Mock > deve gerar dados de imagem
TypeError: Invalid constructor, the constructor is not part of the custom element registry
 ÔØ» HTMLConstructor node_modules/jsdom/lib/jsdom/living/helpers/html-constructor.js:20:11
 ÔØ» new HTMLCanvasElement node_modules/jsdom/lib/jsdom/living/generated/HTMLCanvasElement.js:98:14
 ÔØ» src/__tests__/pptx-basic.test.ts:98:22
     96| 
     97|     it('deve gerar dados de imagem', () => {
     98|       const canvas = new HTMLCanvasElement();
       |                      ^
     99|       const dataURL = canvas.toDataURL();
    100|       

ÔÄ»ÔÄ»ÔÄ»ÔÄ»ÔÄ»ÔÄ»ÔÄ»ÔÄ»ÔÄ»ÔÄ»ÔÄ»ÔÄ»ÔÄ»ÔÄ»ÔÄ»ÔÄ»ÔÄ»ÔÄ»ÔÄ»ÔÄ»ÔÄ»[46/449]ÔÄ»

 FAIL  src/__tests__/pptx-basic.test.ts > PPTX Studio System - Valida├º├úo B├ísica > IndexedDB Mock > deve simular abertura de banco de dados
ReferenceError: indexedDB is not defined
 ÔØ» src/__tests__/pptx-basic.test.ts:116:23
    114|   describe('IndexedDB Mock', () => {
    115|     it('deve simular abertura de banco de dados', () => {
    116|       const request = indexedDB.open('test-db', 1);
       |                       ^
    117|       
    118|       expect(request).toBeDefined();

ÔÄ»ÔÄ»ÔÄ»ÔÄ»ÔÄ»ÔÄ»ÔÄ»ÔÄ»ÔÄ»ÔÄ»ÔÄ»ÔÄ»ÔÄ»ÔÄ»ÔÄ»ÔÄ»ÔÄ»ÔÄ»ÔÄ»ÔÄ»ÔÄ»[47/449]ÔÄ»

 FAIL  src/__tests__/pptx-basic.test.ts > PPTX Studio System - Valida├º├úo B├ísica > Utilidades de Tempo > deve aguardar tempo espec├¡fico
TypeError: global.testUtils.wait is not a function
 ÔØ» src/__tests__/pptx-basic.test.ts:127:30
    125|     it('deve aguardar tempo espec├¡fico', async () => {
    126|       const start = Date.now();
    127|       await global.testUtils.wait(100);
       |                              ^
    128|       const end = Date.now();
    129|       

ÔÄ»ÔÄ»ÔÄ»ÔÄ»ÔÄ»ÔÄ»ÔÄ»ÔÄ»ÔÄ»ÔÄ»ÔÄ»ÔÄ»ÔÄ»ÔÄ»ÔÄ»ÔÄ»ÔÄ»ÔÄ»ÔÄ»ÔÄ»ÔÄ»[48/449]ÔÄ»

 FAIL  src/__tests__/pptx-basic.test.ts > PPTX Studio System - Valida├º├úo B├ísica > Valida├º├úo de Performance > deve medir tempo de execu├º├úo de opera├º├Áes
TypeError: global.testUtils.wait is not a function
 ÔØ» src/__tests__/pptx-basic.test.ts:183:30
    181|       
    182|       // Simular opera├º├úo complexa
    183|       await global.testUtils.wait(50);
       |                              ^
    184|       
    185|       const end = performance.now();

ÔÄ»ÔÄ»ÔÄ»ÔÄ»ÔÄ»ÔÄ»ÔÄ»ÔÄ»ÔÄ»ÔÄ»ÔÄ»ÔÄ»ÔÄ»ÔÄ»ÔÄ»ÔÄ»ÔÄ»ÔÄ»ÔÄ»ÔÄ»ÔÄ»[49/449]ÔÄ»

 FAIL  src/__tests__/pptx-basic.test.ts > PPTX Studio System - Valida├º├úo B├ísica > Sistema de Logs e Debug > deve capturar logs do console
TypeError: global.testUtils.mockConsole is not a function
 ÔØ» src/__tests__/pptx-basic.test.ts:203:47
    201|   describe('Sistema de Logs e Debug', () => {
    202|     it('deve capturar logs do console', () => {
    203|       const restoreConsole = global.testUtils.mockConsole();
       |                                               ^
    204|       
    205|       console.log('Test log message');

ÔÄ»ÔÄ»ÔÄ»ÔÄ»ÔÄ»ÔÄ»ÔÄ»ÔÄ»ÔÄ»ÔÄ»ÔÄ»ÔÄ»ÔÄ»ÔÄ»ÔÄ»ÔÄ»ÔÄ»ÔÄ»ÔÄ»ÔÄ»ÔÄ»[50/449]ÔÄ»

 FAIL  src/__tests__/pptx-basic.test.ts > PPTX Studio System - Valida├º├úo B├ísica > Integra├º├úo B├ísica > deve processar pipeline completo de teste
TypeError: global.testUtils.createMockFile is not a function
 ÔØ» src/__tests__/pptx-basic.test.ts:220:37
    218|     it('deve processar pipeline completo de teste', async () => {
    219|       // 1. Criar arquivo mock
    220|       const file = global.testUtils.createMockFile('test.pptx', 2048);
       |                                     ^
    221|       
    222|       // 2. Simular leitura

ÔÄ»ÔÄ»ÔÄ»ÔÄ»ÔÄ»ÔÄ»ÔÄ»ÔÄ»ÔÄ»ÔÄ»ÔÄ»ÔÄ»ÔÄ»ÔÄ»ÔÄ»ÔÄ»ÔÄ»ÔÄ»ÔÄ»ÔÄ»ÔÄ»[51/449]ÔÄ»

 FAIL  src/core/__tests__/eventSystem.test.ts > EventSystem > should subscribe and emit events
ReferenceError: jest is not defined
 ÔØ» src/core/__tests__/eventSystem.test.ts:23:21
     21| 
     22|   it('should subscribe and emit events', () => {
     23|     const handler = jest.fn();
       |                     ^
     24|     const payload = { level: 1.5 };
     25| 

ÔÄ»ÔÄ»ÔÄ»ÔÄ»ÔÄ»ÔÄ»ÔÄ»ÔÄ»ÔÄ»ÔÄ»ÔÄ»ÔÄ»ÔÄ»ÔÄ»ÔÄ»ÔÄ»ÔÄ»ÔÄ»ÔÄ»ÔÄ»ÔÄ»[52/449]ÔÄ»

 FAIL  src/core/__tests__/eventSystem.test.ts > EventSystem > should unsubscribe from events
ReferenceError: jest is not defined
 ÔØ» src/core/__tests__/eventSystem.test.ts:34:21
     32| 
     33|   it('should unsubscribe from events', () => {
     34|     const handler = jest.fn();
       |                     ^
     35|     const payload = { level: 1.5 };
     36| 

ÔÄ»ÔÄ»ÔÄ»ÔÄ»ÔÄ»ÔÄ»ÔÄ»ÔÄ»ÔÄ»ÔÄ»ÔÄ»ÔÄ»ÔÄ»ÔÄ»ÔÄ»ÔÄ»ÔÄ»ÔÄ»ÔÄ»ÔÄ»ÔÄ»[53/449]ÔÄ»

 FAIL  src/core/__tests__/eventSystem.test.ts > EventSystem > should handle multiple subscribers
ReferenceError: jest is not defined
 ÔØ» src/core/__tests__/eventSystem.test.ts:45:22
     43| 
     44|   it('should handle multiple subscribers', () => {
     45|     const handler1 = jest.fn();
       |                      ^
     46|     const handler2 = jest.fn();
     47|     const payload = { level: 1.5 };

ÔÄ»ÔÄ»ÔÄ»ÔÄ»ÔÄ»ÔÄ»ÔÄ»ÔÄ»ÔÄ»ÔÄ»ÔÄ»ÔÄ»ÔÄ»ÔÄ»ÔÄ»ÔÄ»ÔÄ»ÔÄ»ÔÄ»ÔÄ»ÔÄ»[54/449]ÔÄ»

 FAIL  src/core/__tests__/eventSystem.test.ts > EventSystem > should return unsubscribe function from subscribe
ReferenceError: jest is not defined
 ÔØ» src/core/__tests__/eventSystem.test.ts:58:21
     56| 
     57|   it('should return unsubscribe function from subscribe', () => {
     58|     const handler = jest.fn();
       |                     ^
     59|     const payload = { level: 1.5 };
     60| 

ÔÄ»ÔÄ»ÔÄ»ÔÄ»ÔÄ»ÔÄ»ÔÄ»ÔÄ»ÔÄ»ÔÄ»ÔÄ»ÔÄ»ÔÄ»ÔÄ»ÔÄ»ÔÄ»ÔÄ»ÔÄ»ÔÄ»ÔÄ»ÔÄ»[55/449]ÔÄ»

 FAIL  src/core/__tests__/eventSystem.test.ts > EventSystem > should handle errors in event handlers
ReferenceError: jest is not defined
 ÔØ» src/core/__tests__/eventSystem.test.ts:69:26
     67| 
     68|   it('should handle errors in event handlers', () => {
     69|     const consoleError = jest.spyOn(console, 'error').mockImplementatiÔÇª
       |                          ^
     70|     const handler = () => {
     71|       throw new Error('Test error');

ÔÄ»ÔÄ»ÔÄ»ÔÄ»ÔÄ»ÔÄ»ÔÄ»ÔÄ»ÔÄ»ÔÄ»ÔÄ»ÔÄ»ÔÄ»ÔÄ»ÔÄ»ÔÄ»ÔÄ»ÔÄ»ÔÄ»ÔÄ»ÔÄ»[56/449]ÔÄ»

 FAIL  src/core/__tests__/eventSystem.test.ts > EventSystem > should debounce events
ReferenceError: jest is not defined
 ÔØ» src/core/__tests__/eventSystem.test.ts:82:5
     80| 
     81|   it('should debounce events', () => {
     82|     jest.useFakeTimers();
       |     ^
     83|     const handler = jest.fn();
     84|     const payload = { level: 1.5 };

ÔÄ»ÔÄ»ÔÄ»ÔÄ»ÔÄ»ÔÄ»ÔÄ»ÔÄ»ÔÄ»ÔÄ»ÔÄ»ÔÄ»ÔÄ»ÔÄ»ÔÄ»ÔÄ»ÔÄ»ÔÄ»ÔÄ»ÔÄ»ÔÄ»[57/449]ÔÄ»

 FAIL  src/core/__tests__/eventSystem.test.ts > EventSystem > should get correct handler count
ReferenceError: jest is not defined
 ÔØ» src/core/__tests__/eventSystem.test.ts:102:22
    100| 
    101|   it('should get correct handler count', () => {
    102|     const handler1 = jest.fn();
       |                      ^
    103|     const handler2 = jest.fn();
    104| 

ÔÄ»ÔÄ»ÔÄ»ÔÄ»ÔÄ»ÔÄ»ÔÄ»ÔÄ»ÔÄ»ÔÄ»ÔÄ»ÔÄ»ÔÄ»ÔÄ»ÔÄ»ÔÄ»ÔÄ»ÔÄ»ÔÄ»ÔÄ»ÔÄ»[58/449]ÔÄ»

 FAIL  src/core/__tests__/eventSystem.test.ts > EventSystem > should remove all handlers
ReferenceError: jest is not defined
 ÔØ» src/core/__tests__/eventSystem.test.ts:118:22
    116| 
    117|   it('should remove all handlers', () => {
    118|     const handler1 = jest.fn();
       |                      ^
    119|     const handler2 = jest.fn();
    120| 

ÔÄ»ÔÄ»ÔÄ»ÔÄ»ÔÄ»ÔÄ»ÔÄ»ÔÄ»ÔÄ»ÔÄ»ÔÄ»ÔÄ»ÔÄ»ÔÄ»ÔÄ»ÔÄ»ÔÄ»ÔÄ»ÔÄ»ÔÄ»ÔÄ»[59/449]ÔÄ»

 FAIL  src/hooks/__tests__/useEventSystem.test.tsx > useEventSystem > should subscribe and emit events
ReferenceError: jest is not defined
 ÔØ» src/hooks/__tests__/useEventSystem.test.tsx:22:21
     20|   it('should subscribe and emit events', () => {
     21|     const { result } = renderHook(() => useEventSystem());
     22|     const handler = jest.fn();
       |                     ^
     23|     const payload = { level: 1.5 };
     24| 

ÔÄ»ÔÄ»ÔÄ»ÔÄ»ÔÄ»ÔÄ»ÔÄ»ÔÄ»ÔÄ»ÔÄ»ÔÄ»ÔÄ»ÔÄ»ÔÄ»ÔÄ»ÔÄ»ÔÄ»ÔÄ»ÔÄ»ÔÄ»ÔÄ»[60/449]ÔÄ»

 FAIL  src/hooks/__tests__/useEventSystem.test.tsx > useEventSystem > should handle debounced events
ReferenceError: jest is not defined
 ÔØ» src/hooks/__tests__/useEventSystem.test.tsx:35:5
     33| 
     34|   it('should handle debounced events', () => {
     35|     jest.useFakeTimers();
       |     ^
     36|     const { result } = renderHook(() => useEventSystem());
     37|     const handler = jest.fn();

ÔÄ»ÔÄ»ÔÄ»ÔÄ»ÔÄ»ÔÄ»ÔÄ»ÔÄ»ÔÄ»ÔÄ»ÔÄ»ÔÄ»ÔÄ»ÔÄ»ÔÄ»ÔÄ»ÔÄ»ÔÄ»ÔÄ»ÔÄ»ÔÄ»[61/449]ÔÄ»

 FAIL  src/hooks/__tests__/useEventSystem.test.tsx > useEventSystem > should unsubscribe when component unmounts
ReferenceError: jest is not defined
 ÔØ» src/hooks/__tests__/useEventSystem.test.tsx:60:21
     58| 
     59|   it('should unsubscribe when component unmounts', () => {
     60|     const handler = jest.fn();
       |                     ^
     61|     const payload = { level: 1.5 };
     62| 

ÔÄ»ÔÄ»ÔÄ»ÔÄ»ÔÄ»ÔÄ»ÔÄ»ÔÄ»ÔÄ»ÔÄ»ÔÄ»ÔÄ»ÔÄ»ÔÄ»ÔÄ»ÔÄ»ÔÄ»ÔÄ»ÔÄ»ÔÄ»ÔÄ»[62/449]ÔÄ»

 FAIL  src/hooks/__tests__/useEventSystem.test.tsx > useEventSystem > should handle multiple subscriptions
ReferenceError: jest is not defined
 ÔØ» src/hooks/__tests__/useEventSystem.test.tsx:86:22
     84| 
     85|   it('should handle multiple subscriptions', () => {
     86|     const handler1 = jest.fn();
       |                      ^
     87|     const handler2 = jest.fn();
     88|     const payload = { level: 1.5 };

ÔÄ»ÔÄ»ÔÄ»ÔÄ»ÔÄ»ÔÄ»ÔÄ»ÔÄ»ÔÄ»ÔÄ»ÔÄ»ÔÄ»ÔÄ»ÔÄ»ÔÄ»ÔÄ»ÔÄ»ÔÄ»ÔÄ»ÔÄ»ÔÄ»[63/449]ÔÄ»

 FAIL  src/hooks/__tests__/useEventSystem.test.tsx > useEventSystem > should maintain subscription during rerenders
ReferenceError: jest is not defined
 ÔØ» src/hooks/__tests__/useEventSystem.test.tsx:103:21
    101| 
    102|   it('should maintain subscription during rerenders', () => {
    103|     const handler = jest.fn();
       |                     ^
    104|     const payload = { level: 1.5 };
    105| 

ÔÄ»ÔÄ»ÔÄ»ÔÄ»ÔÄ»ÔÄ»ÔÄ»ÔÄ»ÔÄ»ÔÄ»ÔÄ»ÔÄ»ÔÄ»ÔÄ»ÔÄ»ÔÄ»ÔÄ»ÔÄ»ÔÄ»ÔÄ»ÔÄ»[64/449]ÔÄ»

 FAIL  src/hooks/__tests__/useEventSystem.test.tsx > useEventSystem > should handle errors in event handlers
ReferenceError: jest is not defined
 ÔØ» src/hooks/__tests__/useEventSystem.test.tsx:125:26
    123| 
    124|   it('should handle errors in event handlers', () => {
    125|     const consoleError = jest.spyOn(console, 'error').mockImplementatiÔÇª
       |                          ^
    126|     const errorHandler = () => {
    127|       throw new Error('Test error');

ÔÄ»ÔÄ»ÔÄ»ÔÄ»ÔÄ»ÔÄ»ÔÄ»ÔÄ»ÔÄ»ÔÄ»ÔÄ»ÔÄ»ÔÄ»ÔÄ»ÔÄ»ÔÄ»ÔÄ»ÔÄ»ÔÄ»ÔÄ»ÔÄ»[65/449]ÔÄ»

 FAIL  src/test/unit/TestAutomationPanel.test.tsx > TestAutomationPanel > should switch between tabs correctly
 FAIL  src/test/unit/TestAutomationPanel.test.tsx > TestAutomationPanel > should display test list in Testes tab
 FAIL  src/test/unit/TestAutomationPanel.test.tsx > TestAutomationPanel > should filter tests by type
TypeError: Cannot read properties of undefined (reading 'itemHeight')
 ÔØ» Module.useVirtualization src/hooks/useVirtualization.ts:56:5
     54| ): [VirtualizationState, VirtualizationActions] {
     55|   const {
     56|     itemHeight = 50,
       |     ^
     57|     containerHeight,
     58|     overscan = 5,
 ÔØ» src/components/ui/VirtualizedList.tsx:91:7
 ÔØ» renderWithHooks node_modules/react-dom/cjs/react-dom.development.js:16305:18
 ÔØ» updateFunctionComponent node_modules/react-dom/cjs/react-dom.development.js:19588:20
 ÔØ» updateSimpleMemoComponent node_modules/react-dom/cjs/react-dom.development.js:19425:10
 ÔØ» updateMemoComponent node_modules/react-dom/cjs/react-dom.development.js:19284:14
 ÔØ» beginWork node_modules/react-dom/cjs/react-dom.development.js:21673:16
 ÔØ» beginWork$1 node_modules/react-dom/cjs/react-dom.development.js:27426:14
 ÔØ» performUnitOfWork node_modules/react-dom/cjs/react-dom.development.js:26560:12
 ÔØ» workLoopSync node_modules/react-dom/cjs/react-dom.development.js:26466:5

ÔÄ»ÔÄ»ÔÄ»ÔÄ»ÔÄ»ÔÄ»ÔÄ»ÔÄ»ÔÄ»ÔÄ»ÔÄ»ÔÄ»ÔÄ»ÔÄ»ÔÄ»ÔÄ»ÔÄ»ÔÄ»ÔÄ»ÔÄ»ÔÄ»[66/449]ÔÄ»

 FAIL  src/utils/__tests__/commandManager.test.ts > CommandManager > Command Execution > should execute commands correctly
ReferenceError: jest is not defined
 ÔØ» src/utils/__tests__/commandManager.test.ts:52:27
     50|   describe('Command Execution', () => {
     51|     it('should execute commands correctly', () => {
     52|       const mockExecute = jest.fn();
       |                           ^
     53|       const command = new MockCommand('test-1', 'Test Command', mockExÔÇª
     54| 

ÔÄ»ÔÄ»ÔÄ»ÔÄ»ÔÄ»ÔÄ»ÔÄ»ÔÄ»ÔÄ»ÔÄ»ÔÄ»ÔÄ»ÔÄ»ÔÄ»ÔÄ»ÔÄ»ÔÄ»ÔÄ»ÔÄ»ÔÄ»ÔÄ»[67/449]ÔÄ»

 FAIL  src/utils/__tests__/commandManager.test.ts > CommandManager > Command Execution > should not execute commands that cannot be executed
ReferenceError: jest is not defined
 ÔØ» src/utils/__tests__/commandManager.test.ts:63:7
     61|     it('should not execute commands that cannot be executed', () => {
     62|       const command = new MockCommand('test-2', 'Invalid Command');
     63|       jest.spyOn(command, 'canExecute').mockReturnValue(false);
       |       ^
     64| 
     65|       const result = commandManager.execute(command);

ÔÄ»ÔÄ»ÔÄ»ÔÄ»ÔÄ»ÔÄ»ÔÄ»ÔÄ»ÔÄ»ÔÄ»ÔÄ»ÔÄ»ÔÄ»ÔÄ»ÔÄ»ÔÄ»ÔÄ»ÔÄ»ÔÄ»ÔÄ»ÔÄ»[68/449]ÔÄ»

 FAIL  src/utils/__tests__/commandManager.test.ts > CommandManager > Command Execution > should add executed commands to history
AssertionError: expected [] to have a length of 1 but got +0

- Expected
+ Received

- 1
+ 0

 ÔØ» src/utils/__tests__/commandManager.test.ts:77:23
     75|       
     76|       const history = commandManager.getHistory();
     77|       expect(history).toHaveLength(1);
       |                       ^
     78|       expect(history[0]).toBe(command);
     79|     });

ÔÄ»ÔÄ»ÔÄ»ÔÄ»ÔÄ»ÔÄ»ÔÄ»ÔÄ»ÔÄ»ÔÄ»ÔÄ»ÔÄ»ÔÄ»ÔÄ»ÔÄ»ÔÄ»ÔÄ»ÔÄ»ÔÄ»ÔÄ»ÔÄ»[69/449]ÔÄ»

 FAIL  src/utils/__tests__/commandManager.test.ts > CommandManager > Undo Functionality > should undo the last executed command
ReferenceError: jest is not defined
 ÔØ» src/utils/__tests__/commandManager.test.ts:84:24
     82|   describe('Undo Functionality', () => {
     83|     it('should undo the last executed command', () => {
     84|       const mockUndo = jest.fn();
       |                        ^
     85|       const command = new MockCommand('undo-1', 'Undo Test', undefinedÔÇª
     86|       

ÔÄ»ÔÄ»ÔÄ»ÔÄ»ÔÄ»ÔÄ»ÔÄ»ÔÄ»ÔÄ»ÔÄ»ÔÄ»ÔÄ»ÔÄ»ÔÄ»ÔÄ»ÔÄ»ÔÄ»ÔÄ»ÔÄ»ÔÄ»ÔÄ»[70/449]ÔÄ»

 FAIL  src/utils/__tests__/commandManager.test.ts > CommandManager > Undo Functionality > should return false when there are no commands to undo
AssertionError: expected Promise{ÔÇª} to be false // Object.is equality

- Expected: 
false

+ Received: 
Promise {}

 ÔØ» src/utils/__tests__/commandManager.test.ts:97:22
     95|     it('should return false when there are no commands to undo', () =>ÔÇª
     96|       const result = commandManager.undo();
     97|       expect(result).toBe(false);
       |                      ^
     98|     });
     99| 

ÔÄ»ÔÄ»ÔÄ»ÔÄ»ÔÄ»ÔÄ»ÔÄ»ÔÄ»ÔÄ»ÔÄ»ÔÄ»ÔÄ»ÔÄ»ÔÄ»ÔÄ»ÔÄ»ÔÄ»ÔÄ»ÔÄ»ÔÄ»ÔÄ»[71/449]ÔÄ»

 FAIL  src/utils/__tests__/commandManager.test.ts > CommandManager > Undo Functionality > should not undo commands that cannot be undone
ReferenceError: jest is not defined
 ÔØ» src/utils/__tests__/commandManager.test.ts:102:7
    100|     it('should not undo commands that cannot be undone', () => {
    101|       const command = new MockCommand('no-undo', 'No Undo Command');
    102|       jest.spyOn(command, 'canUndo').mockReturnValue(false);
       |       ^
    103|       
    104|       commandManager.execute(command);

ÔÄ»ÔÄ»ÔÄ»ÔÄ»ÔÄ»ÔÄ»ÔÄ»ÔÄ»ÔÄ»ÔÄ»ÔÄ»ÔÄ»ÔÄ»ÔÄ»ÔÄ»ÔÄ»ÔÄ»ÔÄ»ÔÄ»ÔÄ»ÔÄ»[72/449]ÔÄ»

 FAIL  src/utils/__tests__/commandManager.test.ts > CommandManager > Redo Functionality > should redo previously undone commands
ReferenceError: jest is not defined
 ÔØ» src/utils/__tests__/commandManager.test.ts:114:27
    112|   describe('Redo Functionality', () => {
    113|     it('should redo previously undone commands', () => {
    114|       const mockExecute = jest.fn();
       |                           ^
    115|       const command = new MockCommand('redo-1', 'Redo Test', mockExecuÔÇª
    116|       

ÔÄ»ÔÄ»ÔÄ»ÔÄ»ÔÄ»ÔÄ»ÔÄ»ÔÄ»ÔÄ»ÔÄ»ÔÄ»ÔÄ»ÔÄ»ÔÄ»ÔÄ»ÔÄ»ÔÄ»ÔÄ»ÔÄ»ÔÄ»ÔÄ»[73/449]ÔÄ»

 FAIL  src/utils/__tests__/commandManager.test.ts > CommandManager > Redo Functionality > should return false when there are no commands to redo
AssertionError: expected Promise{ÔÇª} to be false // Object.is equality

- Expected: 
false

+ Received: 
Promise {}

 ÔØ» src/utils/__tests__/commandManager.test.ts:129:22
    127|     it('should return false when there are no commands to redo', () =>ÔÇª
    128|       const result = commandManager.redo();
    129|       expect(result).toBe(false);
       |                      ^
    130|     });
    131| 

ÔÄ»ÔÄ»ÔÄ»ÔÄ»ÔÄ»ÔÄ»ÔÄ»ÔÄ»ÔÄ»ÔÄ»ÔÄ»ÔÄ»ÔÄ»ÔÄ»ÔÄ»ÔÄ»ÔÄ»ÔÄ»ÔÄ»ÔÄ»ÔÄ»[74/449]ÔÄ»

 FAIL  src/utils/__tests__/commandManager.test.ts > CommandManager > Redo Functionality > should clear redo stack when new command is executed
AssertionError: expected Promise{ÔÇª} to be false // Object.is equality

- Expected: 
false

+ Received: 
Promise {}

 ÔØ» src/utils/__tests__/commandManager.test.ts:141:26
    139|       
    140|       const redoResult = commandManager.redo();
    141|       expect(redoResult).toBe(false);
       |                          ^
    142|     });
    143|   });

ÔÄ»ÔÄ»ÔÄ»ÔÄ»ÔÄ»ÔÄ»ÔÄ»ÔÄ»ÔÄ»ÔÄ»ÔÄ»ÔÄ»ÔÄ»ÔÄ»ÔÄ»ÔÄ»ÔÄ»ÔÄ»ÔÄ»ÔÄ»ÔÄ»[75/449]ÔÄ»

 FAIL  src/utils/__tests__/commandManager.test.ts > CommandManager > Batch Operations > should execute multiple commands in batch
AssertionError: expected false to be true // Object.is equality

- Expected
+ Received

- true
+ false

 ÔØ» src/utils/__tests__/commandManager.test.ts:156:30
    154|       
    155|       commands.forEach(cmd => {
    156|         expect(cmd.executed).toBe(true);
       |                              ^
    157|       });
    158|       
 ÔØ» src/utils/__tests__/commandManager.test.ts:155:16

ÔÄ»ÔÄ»ÔÄ»ÔÄ»ÔÄ»ÔÄ»ÔÄ»ÔÄ»ÔÄ»ÔÄ»ÔÄ»ÔÄ»ÔÄ»ÔÄ»ÔÄ»ÔÄ»ÔÄ»ÔÄ»ÔÄ»ÔÄ»ÔÄ»[76/449]ÔÄ»

 FAIL  src/utils/__tests__/commandManager.test.ts > CommandManager > Batch Operations > should stop batch execution on first failure
ReferenceError: jest is not defined
 ÔØ» src/utils/__tests__/commandManager.test.ts:168:7
    166|       const command3 = new MockCommand('batch-not-executed', 'Not ExecÔÇª
    167|       
    168|       jest.spyOn(command2, 'canExecute').mockReturnValue(false);
       |       ^
    169|       
    170|       const results = commandManager.executeBatch([command1, command2,ÔÇª

ÔÄ»ÔÄ»ÔÄ»ÔÄ»ÔÄ»ÔÄ»ÔÄ»ÔÄ»ÔÄ»ÔÄ»ÔÄ»ÔÄ»ÔÄ»ÔÄ»ÔÄ»ÔÄ»ÔÄ»ÔÄ»ÔÄ»ÔÄ»ÔÄ»[77/449]ÔÄ»

 FAIL  src/utils/__tests__/commandManager.test.ts > CommandManager > History Management > should respect maximum history size
AssertionError: expected [] to have a length of 5 but got +0

- Expected
+ Received

- 5
+ 0

 ÔØ» src/utils/__tests__/commandManager.test.ts:191:23
    189|       
    190|       const history = commandManager.getHistory();
    191|       expect(history).toHaveLength(maxSize);
       |                       ^
    192|     });
    193| 

ÔÄ»ÔÄ»ÔÄ»ÔÄ»ÔÄ»ÔÄ»ÔÄ»ÔÄ»ÔÄ»ÔÄ»ÔÄ»ÔÄ»ÔÄ»ÔÄ»ÔÄ»ÔÄ»ÔÄ»ÔÄ»ÔÄ»ÔÄ»ÔÄ»[78/449]ÔÄ»

 FAIL  src/utils/__tests__/commandManager.test.ts > CommandManager > State Queries > should correctly report undo/redo availability
AssertionError: expected false to be true // Object.is equality

- Expected
+ Received

- true
+ false

 ÔØ» src/utils/__tests__/commandManager.test.ts:215:40
    213|       commandManager.execute(command);
    214|       
    215|       expect(commandManager.canUndo()).toBe(true);
       |                                        ^
    216|       expect(commandManager.canRedo()).toBe(false);
    217|       

ÔÄ»ÔÄ»ÔÄ»ÔÄ»ÔÄ»ÔÄ»ÔÄ»ÔÄ»ÔÄ»ÔÄ»ÔÄ»ÔÄ»ÔÄ»ÔÄ»ÔÄ»ÔÄ»ÔÄ»ÔÄ»ÔÄ»ÔÄ»ÔÄ»[79/449]ÔÄ»

 FAIL  src/utils/__tests__/commandManager.test.ts > CommandManager > Performance Metrics > should track command execution metrics
TypeError: commandManager.getMetrics is not a function
 ÔØ» src/utils/__tests__/commandManager.test.ts:231:38
    229|       commandManager.execute(command);
    230|       
    231|       const metrics = commandManager.getMetrics();
       |                                      ^
    232|       expect(metrics.totalCommands).toBe(1);
    233|       expect(metrics.totalExecutions).toBe(1);

ÔÄ»ÔÄ»ÔÄ»ÔÄ»ÔÄ»ÔÄ»ÔÄ»ÔÄ»ÔÄ»ÔÄ»ÔÄ»ÔÄ»ÔÄ»ÔÄ»ÔÄ»ÔÄ»ÔÄ»ÔÄ»ÔÄ»ÔÄ»ÔÄ»[80/449]ÔÄ»

 FAIL  src/utils/__tests__/eventSystem.test.ts > EditorEventSystem > Event Subscription and Emission > should subscribe and emit events correctly
ReferenceError: jest is not defined
 ÔØ» src/utils/__tests__/eventSystem.test.ts:26:27
     24|   describe('Event Subscription and Emission', () => {
     25|     it('should subscribe and emit events correctly', () => {
     26|       const mockHandler = jest.fn();
       |                           ^
     27|       const testEvent: EditorEvent = {
     28|         type: 'canvas:element:add',

ÔÄ»ÔÄ»ÔÄ»ÔÄ»ÔÄ»ÔÄ»ÔÄ»ÔÄ»ÔÄ»ÔÄ»ÔÄ»ÔÄ»ÔÄ»ÔÄ»ÔÄ»ÔÄ»ÔÄ»ÔÄ»ÔÄ»ÔÄ»ÔÄ»[81/449]ÔÄ»

 FAIL  src/utils/__tests__/eventSystem.test.ts > EditorEventSystem > Event Subscription and Emission > should handle multiple subscribers for the same event
ReferenceError: jest is not defined
 ÔØ» src/utils/__tests__/eventSystem.test.ts:47:24
     45| 
     46|     it('should handle multiple subscribers for the same event', () => {
     47|       const handler1 = jest.fn();
       |                        ^
     48|       const handler2 = jest.fn();
     49|       const payload = { test: 'data' };

ÔÄ»ÔÄ»ÔÄ»ÔÄ»ÔÄ»ÔÄ»ÔÄ»ÔÄ»ÔÄ»ÔÄ»ÔÄ»ÔÄ»ÔÄ»ÔÄ»ÔÄ»ÔÄ»ÔÄ»ÔÄ»ÔÄ»ÔÄ»ÔÄ»[82/449]ÔÄ»

 FAIL  src/utils/__tests__/eventSystem.test.ts > EditorEventSystem > Event Subscription and Emission > should unsubscribe events correctly
ReferenceError: jest is not defined
 ÔØ» src/utils/__tests__/eventSystem.test.ts:60:27
     58| 
     59|     it('should unsubscribe events correctly', () => {
     60|       const mockHandler = jest.fn();
       |                           ^
     61|       
     62|       const unsubscribe = eventSystem.on('canvas:element:remove', mockÔÇª

ÔÄ»ÔÄ»ÔÄ»ÔÄ»ÔÄ»ÔÄ»ÔÄ»ÔÄ»ÔÄ»ÔÄ»ÔÄ»ÔÄ»ÔÄ»ÔÄ»ÔÄ»ÔÄ»ÔÄ»ÔÄ»ÔÄ»ÔÄ»ÔÄ»[83/449]ÔÄ»

 FAIL  src/utils/__tests__/eventSystem.test.ts > EditorEventSystem > Event Priority > should handle high priority events first
TypeError: Cannot read properties of undefined (reading 'HIGH')
 ÔØ» src/utils/__tests__/eventSystem.test.ts:80:24
     78|       eventSystem.on('test:priority', () => {
     79|         executionOrder.push('high');
     80|       }, EventPriority.HIGH);
       |                        ^
     81|       
     82|       eventSystem.emit('test:priority', {});

ÔÄ»ÔÄ»ÔÄ»ÔÄ»ÔÄ»ÔÄ»ÔÄ»ÔÄ»ÔÄ»ÔÄ»ÔÄ»ÔÄ»ÔÄ»ÔÄ»ÔÄ»ÔÄ»ÔÄ»ÔÄ»ÔÄ»ÔÄ»ÔÄ»[84/449]ÔÄ»

 FAIL  src/utils/__tests__/eventSystem.test.ts > EditorEventSystem > Batch Processing > should process batched events
ReferenceError: jest is not defined
 ÔØ» src/utils/__tests__/eventSystem.test.ts:94:27
     92|   describe('Batch Processing', () => {
     93|     it('should process batched events', () => {
     94|       const mockHandler = jest.fn();
       |                           ^
     95|       eventSystem.on('batch:test', mockHandler);
     96| 

ÔÄ»ÔÄ»ÔÄ»ÔÄ»ÔÄ»ÔÄ»ÔÄ»ÔÄ»ÔÄ»ÔÄ»ÔÄ»ÔÄ»ÔÄ»ÔÄ»ÔÄ»ÔÄ»ÔÄ»ÔÄ»ÔÄ»ÔÄ»ÔÄ»[85/449]ÔÄ»

 FAIL  src/utils/__tests__/eventSystem.test.ts > EditorEventSystem > Performance Monitoring > should track event metrics
ReferenceError: jest is not defined
 ÔØ» src/utils/__tests__/eventSystem.test.ts:108:27
    106|   describe('Performance Monitoring', () => {
    107|     it('should track event metrics', () => {
    108|       const mockHandler = jest.fn();
       |                           ^
    109|       eventSystem.on('performance:test', mockHandler);
    110|       

ÔÄ»ÔÄ»ÔÄ»ÔÄ»ÔÄ»ÔÄ»ÔÄ»ÔÄ»ÔÄ»ÔÄ»ÔÄ»ÔÄ»ÔÄ»ÔÄ»ÔÄ»ÔÄ»ÔÄ»ÔÄ»ÔÄ»ÔÄ»ÔÄ»[86/449]ÔÄ»

 FAIL  src/utils/__tests__/eventSystem.test.ts > EditorEventSystem > Performance Monitoring > should measure average processing time
ReferenceError: jest is not defined
 ÔØ» src/utils/__tests__/eventSystem.test.ts:119:27
    117| 
    118|     it('should measure average processing time', () => {
    119|       const slowHandler = jest.fn(() => {
       |                           ^
    120|         // Simulate slow processing
    121|         const start = Date.now();

ÔÄ»ÔÄ»ÔÄ»ÔÄ»ÔÄ»ÔÄ»ÔÄ»ÔÄ»ÔÄ»ÔÄ»ÔÄ»ÔÄ»ÔÄ»ÔÄ»ÔÄ»ÔÄ»ÔÄ»ÔÄ»ÔÄ»ÔÄ»ÔÄ»[87/449]ÔÄ»

 FAIL  src/utils/__tests__/eventSystem.test.ts > EditorEventSystem > Error Handling > should handle errors in event handlers gracefully
ReferenceError: jest is not defined
 ÔØ» src/utils/__tests__/eventSystem.test.ts:135:28
    133|   describe('Error Handling', () => {
    134|     it('should handle errors in event handlers gracefully', () => {
    135|       const errorHandler = jest.fn(() => {
       |                            ^
    136|         throw new Error('Test error');
    137|       });

ÔÄ»ÔÄ»ÔÄ»ÔÄ»ÔÄ»ÔÄ»ÔÄ»ÔÄ»ÔÄ»ÔÄ»ÔÄ»ÔÄ»ÔÄ»ÔÄ»ÔÄ»ÔÄ»ÔÄ»ÔÄ»ÔÄ»ÔÄ»ÔÄ»[88/449]ÔÄ»

 FAIL  src/utils/__tests__/performanceMonitor.test.ts > PerformanceMonitor > Metrics Collection > should track memory samples correctly
AssertionError: expected 0 to be greater than 0
 ÔØ» src/utils/__tests__/performanceMonitor.test.ts:208:30
    206| 
    207|       const history = performanceMonitor.getMemoryHistory();
    208|       expect(history.length).toBeGreaterThan(0);
       |                              ^
    209|       expect(Math.max(...history)).toBeLessThanOrEqual(1); // Should bÔÇª
    210| 

ÔÄ»ÔÄ»ÔÄ»ÔÄ»ÔÄ»ÔÄ»ÔÄ»ÔÄ»ÔÄ»ÔÄ»ÔÄ»ÔÄ»ÔÄ»ÔÄ»ÔÄ»ÔÄ»ÔÄ»ÔÄ»ÔÄ»ÔÄ»ÔÄ»[89/449]ÔÄ»

 FAIL  src/utils/__tests__/performanceMonitor.test.ts > PerformanceMonitor > Warning Callbacks > should trigger FPS warning callback
AssertionError: expected "spy" to be called with arguments: [ Any<Number> ]

Number of calls: 0

 ÔØ» src/utils/__tests__/performanceMonitor.test.ts:291:31
    289|       vi.runOnlyPendingTimers();
    290| 
    291|       expect(warningCallback).toHaveBeenCalledWith(expect.any(Number));
       |                               ^
    292|       expect(warningCallback).toHaveBeenCalledWith(15); // Should be cÔÇª
    293| 

ÔÄ»ÔÄ»ÔÄ»ÔÄ»ÔÄ»ÔÄ»ÔÄ»ÔÄ»ÔÄ»ÔÄ»ÔÄ»ÔÄ»ÔÄ»ÔÄ»ÔÄ»ÔÄ»ÔÄ»ÔÄ»ÔÄ»ÔÄ»ÔÄ»[90/449]ÔÄ»

 FAIL  src/services/__tests__/auto-correction.service.test.ts > AutoCorrectionService > correctSlide > should correct text content issues
AssertionError: expected false to be true // Object.is equality

- Expected
+ Received

- true
+ false

 ÔØ» src/services/__tests__/auto-correction.service.test.ts:29:30
     27|       const result = await correctionService.correctSlide(slideWithIssÔÇª
     28|       
     29|       expect(result.success).toBe(true);
       |                              ^
     30|       expect(result.correctedSlide?.title).toBe('untrimmed title');
     31|       expect(result.correctedSlide?.content).toBe('Content with multipÔÇª

ÔÄ»ÔÄ»ÔÄ»ÔÄ»ÔÄ»ÔÄ»ÔÄ»ÔÄ»ÔÄ»ÔÄ»ÔÄ»ÔÄ»ÔÄ»ÔÄ»ÔÄ»ÔÄ»ÔÄ»ÔÄ»ÔÄ»ÔÄ»ÔÄ»[91/449]ÔÄ»

 FAIL  src/services/__tests__/auto-correction.service.test.ts > AutoCorrectionService > correctSlide > should fix image properties
AssertionError: expected false to be true // Object.is equality

- Expected
+ Received

- true
+ false

 ÔØ» src/services/__tests__/auto-correction.service.test.ts:59:30
     57|       const result = await correctionService.correctSlide(slideWithImaÔÇª
     58|       
     59|       expect(result.success).toBe(true);
       |                              ^
     60|       expect(result.correctedSlide?.images[0].width).toBeGreaterThan(0ÔÇª
     61|       expect(result.correctedSlide?.images[0].height).toBeGreaterThan(ÔÇª

ÔÄ»ÔÄ»ÔÄ»ÔÄ»ÔÄ»ÔÄ»ÔÄ»ÔÄ»ÔÄ»ÔÄ»ÔÄ»ÔÄ»ÔÄ»ÔÄ»ÔÄ»ÔÄ»ÔÄ»ÔÄ»ÔÄ»ÔÄ»ÔÄ»[92/449]ÔÄ»

 FAIL  src/services/__tests__/auto-correction.service.test.ts > AutoCorrectionService > correctSlide > should handle slides with no issues
AssertionError: expected false to be true // Object.is equality

- Expected
+ Received

- true
+ false

 ÔØ» src/services/__tests__/auto-correction.service.test.ts:89:30
     87|       const result = await correctionService.correctSlide(validSlide);
     88|       
     89|       expect(result.success).toBe(true);
       |                              ^
     90|       expect(result.corrections).toHaveLength(0);
     91|       expect(result.correctedSlide).toEqual(validSlide);

ÔÄ»ÔÄ»ÔÄ»ÔÄ»ÔÄ»ÔÄ»ÔÄ»ÔÄ»ÔÄ»ÔÄ»ÔÄ»ÔÄ»ÔÄ»ÔÄ»ÔÄ»ÔÄ»ÔÄ»ÔÄ»ÔÄ»ÔÄ»ÔÄ»[93/449]ÔÄ»

 FAIL  src/services/__tests__/auto-correction.service.test.ts > AutoCorrectionService > correctSlides > should correct multiple slides in batch
TypeError: correctionService.correctSlides is not a function
 ÔØ» src/services/__tests__/auto-correction.service.test.ts:120:47
    118|       ];
    119| 
    120|       const results = await correctionService.correctSlides(slidesWithÔÇª
       |                                               ^
    121|       
    122|       expect(results).toHaveLength(2);

ÔÄ»ÔÄ»ÔÄ»ÔÄ»ÔÄ»ÔÄ»ÔÄ»ÔÄ»ÔÄ»ÔÄ»ÔÄ»ÔÄ»ÔÄ»ÔÄ»ÔÄ»ÔÄ»ÔÄ»ÔÄ»ÔÄ»ÔÄ»ÔÄ»[94/449]ÔÄ»

 FAIL  src/services/__tests__/auto-correction.service.test.ts > AutoCorrectionService > addCustomRule > should add and apply custom correction rules
AssertionError: expected false to be true // Object.is equality

- Expected
+ Received

- true
+ false

 ÔØ» src/services/__tests__/auto-correction.service.test.ts:153:30
    151|       const result = await correctionService.correctSlide(slide);
    152|       
    153|       expect(result.success).toBe(true);
       |                              ^
    154|       expect(result.correctedSlide?.title).toBe('LOWERCASE TITLE');
    155|       expect(result.corrections.some(c => c.ruleId === 'uppercase-titlÔÇª

ÔÄ»ÔÄ»ÔÄ»ÔÄ»ÔÄ»ÔÄ»ÔÄ»ÔÄ»ÔÄ»ÔÄ»ÔÄ»ÔÄ»ÔÄ»ÔÄ»ÔÄ»ÔÄ»ÔÄ»ÔÄ»ÔÄ»ÔÄ»ÔÄ»[95/449]ÔÄ»

 FAIL  src/services/__tests__/auto-correction.service.test.ts > AutoCorrectionService > createBackup and restoreFromBackup > should create and restore slide backups
TypeError: correctionService.createBackup is not a function
 ÔØ» src/services/__tests__/auto-correction.service.test.ts:172:42
    170|       };
    171| 
    172|       const backupId = correctionService.createBackup(originalSlide);
       |                                          ^
    173|       expect(backupId).toBeTruthy();
    174| 

ÔÄ»ÔÄ»ÔÄ»ÔÄ»ÔÄ»ÔÄ»ÔÄ»ÔÄ»ÔÄ»ÔÄ»ÔÄ»ÔÄ»ÔÄ»ÔÄ»ÔÄ»ÔÄ»ÔÄ»ÔÄ»ÔÄ»ÔÄ»ÔÄ»[96/449]ÔÄ»

 FAIL  src/services/__tests__/auto-correction.service.test.ts > AutoCorrectionService > createBackup and restoreFromBackup > should return null for invalid backup ID
TypeError: correctionService.restoreFromBackup is not a function
 ÔØ» src/services/__tests__/auto-correction.service.test.ts:180:47
    178| 
    179|     it('should return null for invalid backup ID', () => {
    180|       const restoredSlide = correctionService.restoreFromBackup('invalÔÇª
       |                                               ^
    181|       expect(restoredSlide).toBeNull();
    182|     });

ÔÄ»ÔÄ»ÔÄ»ÔÄ»ÔÄ»ÔÄ»ÔÄ»ÔÄ»ÔÄ»ÔÄ»ÔÄ»ÔÄ»ÔÄ»ÔÄ»ÔÄ»ÔÄ»ÔÄ»ÔÄ»ÔÄ»ÔÄ»ÔÄ»[97/449]ÔÄ»

 FAIL  src/services/__tests__/auto-correction.service.test.ts > AutoCorrectionService > getStats > should track correction statistics
AssertionError: expected undefined to be 1 // Object.is equality

- Expected: 
1

+ Received: 
undefined

 ÔØ» src/services/__tests__/auto-correction.service.test.ts:203:37
    201|       
    202|       expect(stats.totalCorrections).toBeGreaterThan(0);
    203|       expect(stats.slidesProcessed).toBe(1);
       |                                     ^
    204|       expect(stats.successRate).toBe(100);
    205|     });

ÔÄ»ÔÄ»ÔÄ»ÔÄ»ÔÄ»ÔÄ»ÔÄ»ÔÄ»ÔÄ»ÔÄ»ÔÄ»ÔÄ»ÔÄ»ÔÄ»ÔÄ»ÔÄ»ÔÄ»ÔÄ»ÔÄ»ÔÄ»ÔÄ»[98/449]ÔÄ»

 FAIL  src/services/__tests__/complex-elements-extractor.test.ts > ComplexElementsExtractor > extractTables > should extract table data correctly
AssertionError: expected Promise{ÔÇª} to have property 'length'
 ÔØ» src/services/__tests__/complex-elements-extractor.test.ts:32:22
     30|       const result = extractor.extractTables([mockTableElement as any]ÔÇª
     31|       
     32|       expect(result).toHaveLength(1);
       |                      ^
     33|       
     34|       const table = result[0];

ÔÄ»ÔÄ»ÔÄ»ÔÄ»ÔÄ»ÔÄ»ÔÄ»ÔÄ»ÔÄ»ÔÄ»ÔÄ»ÔÄ»ÔÄ»ÔÄ»ÔÄ»ÔÄ»ÔÄ»ÔÄ»ÔÄ»ÔÄ»ÔÄ»[99/449]ÔÄ»

 FAIL  src/services/__tests__/complex-elements-extractor.test.ts > ComplexElementsExtractor > extractTables > should handle tables without headers
AssertionError: expected Promise{ÔÇª} to have property 'length'
 ÔØ» src/services/__tests__/complex-elements-extractor.test.ts:62:22
     60|       const result = extractor.extractTables([mockTableElement as any]ÔÇª
     61|       
     62|       expect(result).toHaveLength(1);
       |                      ^
     63|       
     64|       const table = result[0];

ÔÄ»ÔÄ»ÔÄ»ÔÄ»ÔÄ»ÔÄ»ÔÄ»ÔÄ»ÔÄ»ÔÄ»ÔÄ»ÔÄ»ÔÄ»ÔÄ»ÔÄ»ÔÄ»ÔÄ»ÔÄ»ÔÄ»ÔÄ»[100/449]ÔÄ»

 FAIL  src/services/__tests__/complex-elements-extractor.test.ts > ComplexElementsExtractor > extractTables > should extract table styling information
AssertionError: expected Promise{ÔÇª} to have property 'length'
 ÔØ» src/services/__tests__/complex-elements-extractor.test.ts:93:22
     91|       const result = extractor.extractTables([mockTableElement as any]ÔÇª
     92|       
     93|       expect(result).toHaveLength(1);
       |                      ^
     94|       
     95|       const table = result[0];

ÔÄ»ÔÄ»ÔÄ»ÔÄ»ÔÄ»ÔÄ»ÔÄ»ÔÄ»ÔÄ»ÔÄ»ÔÄ»ÔÄ»ÔÄ»ÔÄ»ÔÄ»ÔÄ»ÔÄ»ÔÄ»ÔÄ»ÔÄ»[101/449]ÔÄ»

 FAIL  src/services/__tests__/complex-elements-extractor.test.ts > ComplexElementsExtractor > extractCharts > should extract chart data correctly
AssertionError: expected Promise{ÔÇª} to have property 'length'
 ÔØ» src/services/__tests__/complex-elements-extractor.test.ts:131:22
    129|       const result = extractor.extractCharts([mockChartElement as any]ÔÇª
    130|       
    131|       expect(result).toHaveLength(1);
       |                      ^
    132|       
    133|       const chart = result[0];

ÔÄ»ÔÄ»ÔÄ»ÔÄ»ÔÄ»ÔÄ»ÔÄ»ÔÄ»ÔÄ»ÔÄ»ÔÄ»ÔÄ»ÔÄ»ÔÄ»ÔÄ»ÔÄ»ÔÄ»ÔÄ»ÔÄ»ÔÄ»[102/449]ÔÄ»

 FAIL  src/services/__tests__/complex-elements-extractor.test.ts > ComplexElementsExtractor > extractCharts > should handle different chart types
AssertionError: expected Promise{ÔÇª} to have property 'length'
 ÔØ» src/services/__tests__/complex-elements-extractor.test.ts:160:24
    158|         const result = extractor.extractCharts([mockChartElement as anÔÇª
    159|         
    160|         expect(result).toHaveLength(1);
       |                        ^
    161|         expect(result[0].type).toBe(type);
    162|         expect(result[0].title).toBe(`${type} Chart`);
 ÔØ» src/services/__tests__/complex-elements-extractor.test.ts:144:18

ÔÄ»ÔÄ»ÔÄ»ÔÄ»ÔÄ»ÔÄ»ÔÄ»ÔÄ»ÔÄ»ÔÄ»ÔÄ»ÔÄ»ÔÄ»ÔÄ»ÔÄ»ÔÄ»ÔÄ»ÔÄ»ÔÄ»ÔÄ»[103/449]ÔÄ»

 FAIL  src/services/__tests__/complex-elements-extractor.test.ts > ComplexElementsExtractor > extractCharts > should extract chart configuration options
AssertionError: expected Promise{ÔÇª} to have property 'length'
 ÔØ» src/services/__tests__/complex-elements-extractor.test.ts:192:22
    190|       const result = extractor.extractCharts([mockChartElement as any]ÔÇª
    191|       
    192|       expect(result).toHaveLength(1);
       |                      ^
    193|       
    194|       const chart = result[0];

ÔÄ»ÔÄ»ÔÄ»ÔÄ»ÔÄ»ÔÄ»ÔÄ»ÔÄ»ÔÄ»ÔÄ»ÔÄ»ÔÄ»ÔÄ»ÔÄ»ÔÄ»ÔÄ»ÔÄ»ÔÄ»ÔÄ»ÔÄ»[104/449]ÔÄ»

 FAIL  src/services/__tests__/complex-elements-extractor.test.ts > ComplexElementsExtractor > extractSmartArt > should extract SmartArt hierarchy correctly
AssertionError: expected Promise{ÔÇª} to have property 'length'
 ÔØ» src/services/__tests__/complex-elements-extractor.test.ts:239:22
    237|       const result = extractor.extractSmartArt([mockSmartArtElement asÔÇª
    238|       
    239|       expect(result).toHaveLength(1);
       |                      ^
    240|       
    241|       const smartArt = result[0];

ÔÄ»ÔÄ»ÔÄ»ÔÄ»ÔÄ»ÔÄ»ÔÄ»ÔÄ»ÔÄ»ÔÄ»ÔÄ»ÔÄ»ÔÄ»ÔÄ»ÔÄ»ÔÄ»ÔÄ»ÔÄ»ÔÄ»ÔÄ»[105/449]ÔÄ»

 FAIL  src/services/__tests__/complex-elements-extractor.test.ts > ComplexElementsExtractor > extractSmartArt > should extract process SmartArt correctly
AssertionError: expected Promise{ÔÇª} to have property 'length'
 ÔØ» src/services/__tests__/complex-elements-extractor.test.ts:308:22
    306|       const result = extractor.extractSmartArt([mockSmartArtElement asÔÇª
    307|       
    308|       expect(result).toHaveLength(1);
       |                      ^
    309|       
    310|       const smartArt = result[0];

ÔÄ»ÔÄ»ÔÄ»ÔÄ»ÔÄ»ÔÄ»ÔÄ»ÔÄ»ÔÄ»ÔÄ»ÔÄ»ÔÄ»ÔÄ»ÔÄ»ÔÄ»ÔÄ»ÔÄ»ÔÄ»ÔÄ»ÔÄ»[106/449]ÔÄ»

 FAIL  src/services/__tests__/complex-elements-extractor.test.ts > ComplexElementsExtractor > extractSmartArt > should extract relationships between SmartArt nodes
AssertionError: expected Promise{ÔÇª} to have property 'length'
 ÔØ» src/services/__tests__/complex-elements-extractor.test.ts:364:22
    362|       const result = extractor.extractSmartArt([mockSmartArtElement asÔÇª
    363|       
    364|       expect(result).toHaveLength(1);
       |                      ^
    365|       
    366|       const smartArt = result[0];

ÔÄ»ÔÄ»ÔÄ»ÔÄ»ÔÄ»ÔÄ»ÔÄ»ÔÄ»ÔÄ»ÔÄ»ÔÄ»ÔÄ»ÔÄ»ÔÄ»ÔÄ»ÔÄ»ÔÄ»ÔÄ»ÔÄ»ÔÄ»[107/449]ÔÄ»

 FAIL  src/services/__tests__/complex-elements-extractor.test.ts > ComplexElementsExtractor > extractAll > should extract all complex elements from a slide
TypeError: extractor.extractAll is not a function
 ÔØ» src/services/__tests__/complex-elements-extractor.test.ts:415:32
    413|       };
    414| 
    415|       const result = extractor.extractAll(mockSlideElement as any);
       |                                ^
    416|       
    417|       expect(result.tables).toHaveLength(1);

ÔÄ»ÔÄ»ÔÄ»ÔÄ»ÔÄ»ÔÄ»ÔÄ»ÔÄ»ÔÄ»ÔÄ»ÔÄ»ÔÄ»ÔÄ»ÔÄ»ÔÄ»ÔÄ»ÔÄ»ÔÄ»ÔÄ»ÔÄ»[108/449]ÔÄ»

 FAIL  src/services/__tests__/complex-elements-extractor.test.ts > ComplexElementsExtractor > validation > should validate table structure
TypeError: extractor.validateTable is not a function
 ÔØ» src/services/__tests__/complex-elements-extractor.test.ts:442:24
    440|       };
    441| 
    442|       expect(extractor.validateTable(validTable)).toBe(true);
       |                        ^
    443|       expect(extractor.validateTable(invalidTable as TableElement)).toÔÇª
    444|     });

ÔÄ»ÔÄ»ÔÄ»ÔÄ»ÔÄ»ÔÄ»ÔÄ»ÔÄ»ÔÄ»ÔÄ»ÔÄ»ÔÄ»ÔÄ»ÔÄ»ÔÄ»ÔÄ»ÔÄ»ÔÄ»ÔÄ»ÔÄ»[109/449]ÔÄ»

 FAIL  src/services/__tests__/complex-elements-extractor.test.ts > ComplexElementsExtractor > validation > should validate chart structure
TypeError: extractor.validateChart is not a function
 ÔØ» src/services/__tests__/complex-elements-extractor.test.ts:463:24
    461|       };
    462| 
    463|       expect(extractor.validateChart(validChart)).toBe(true);
       |                        ^
    464|       expect(extractor.validateChart(invalidChart as ChartElement)).toÔÇª
    465|     });

ÔÄ»ÔÄ»ÔÄ»ÔÄ»ÔÄ»ÔÄ»ÔÄ»ÔÄ»ÔÄ»ÔÄ»ÔÄ»ÔÄ»ÔÄ»ÔÄ»ÔÄ»ÔÄ»ÔÄ»ÔÄ»ÔÄ»ÔÄ»[110/449]ÔÄ»

 FAIL  src/services/__tests__/complex-elements-extractor.test.ts > ComplexElementsExtractor > validation > should validate SmartArt structure
TypeError: extractor.validateSmartArt is not a function
 ÔØ» src/services/__tests__/complex-elements-extractor.test.ts:484:24
    482|       };
    483| 
    484|       expect(extractor.validateSmartArt(validSmartArt)).toBe(true);
       |                        ^
    485|       expect(extractor.validateSmartArt(invalidSmartArt as SmartArtEleÔÇª
    486|     });

ÔÄ»ÔÄ»ÔÄ»ÔÄ»ÔÄ»ÔÄ»ÔÄ»ÔÄ»ÔÄ»ÔÄ»ÔÄ»ÔÄ»ÔÄ»ÔÄ»ÔÄ»ÔÄ»ÔÄ»ÔÄ»ÔÄ»ÔÄ»[111/449]ÔÄ»

 FAIL  src/services/__tests__/complex-elements-extractor.test.ts > ComplexElementsExtractor > error handling > should handle malformed table elements gracefully
AssertionError: expected Promise{ÔÇª} to have property 'length'
 ÔØ» src/services/__tests__/complex-elements-extractor.test.ts:498:22
    496| 
    497|       const result = extractor.extractTables([malformedElement as any]ÔÇª
    498|       expect(result).toHaveLength(0);
       |                      ^
    499|     });
    500| 

ÔÄ»ÔÄ»ÔÄ»ÔÄ»ÔÄ»ÔÄ»ÔÄ»ÔÄ»ÔÄ»ÔÄ»ÔÄ»ÔÄ»ÔÄ»ÔÄ»ÔÄ»ÔÄ»ÔÄ»ÔÄ»ÔÄ»ÔÄ»[112/449]ÔÄ»

 FAIL  src/services/__tests__/complex-elements-extractor.test.ts > ComplexElementsExtractor > error handling > should handle invalid chart data gracefully
AssertionError: expected Promise{ÔÇª} to have property 'length'
 ÔØ» src/services/__tests__/complex-elements-extractor.test.ts:514:22
    512| 
    513|       const result = extractor.extractCharts([invalidChartElement as aÔÇª
    514|       expect(result).toHaveLength(0);
       |                      ^
    515|     });
    516| 

ÔÄ»ÔÄ»ÔÄ»ÔÄ»ÔÄ»ÔÄ»ÔÄ»ÔÄ»ÔÄ»ÔÄ»ÔÄ»ÔÄ»ÔÄ»ÔÄ»ÔÄ»ÔÄ»ÔÄ»ÔÄ»ÔÄ»ÔÄ»[113/449]ÔÄ»

 FAIL  src/services/__tests__/complex-elements-extractor.test.ts > ComplexElementsExtractor > error handling > should handle missing SmartArt nodes gracefully
AssertionError: expected Promise{ÔÇª} to have property 'length'
 ÔØ» src/services/__tests__/complex-elements-extractor.test.ts:525:22
    523| 
    524|       const result = extractor.extractSmartArt([emptySmartArtElement aÔÇª
    525|       expect(result).toHaveLength(1);
       |                      ^
    526|       expect(result[0].nodes).toHaveLength(0);
    527|     });

ÔÄ»ÔÄ»ÔÄ»ÔÄ»ÔÄ»ÔÄ»ÔÄ»ÔÄ»ÔÄ»ÔÄ»ÔÄ»ÔÄ»ÔÄ»ÔÄ»ÔÄ»ÔÄ»ÔÄ»ÔÄ»ÔÄ»ÔÄ»[114/449]ÔÄ»

 FAIL  src/services/__tests__/conflictResolver.test.ts > ConflictResolver > Conflict Detection > should detect no conflicts for different elements
TypeError: conflictResolver.detectConflicts is not a function
 ÔØ» src/services/__tests__/conflictResolver.test.ts:25:42
     23|       };
     24| 
     25|       const conflicts = conflictResolver.detectConflicts([action1], [aÔÇª
       |                                          ^
     26|       expect(conflicts).toHaveLength(0);
     27|     });

ÔÄ»ÔÄ»ÔÄ»ÔÄ»ÔÄ»ÔÄ»ÔÄ»ÔÄ»ÔÄ»ÔÄ»ÔÄ»ÔÄ»ÔÄ»ÔÄ»ÔÄ»ÔÄ»ÔÄ»ÔÄ»ÔÄ»ÔÄ»[115/449]ÔÄ»

 FAIL  src/services/__tests__/conflictResolver.test.ts > ConflictResolver > Conflict Detection > should detect conflicts for same element different properties
TypeError: conflictResolver.detectConflicts is not a function
 ÔØ» src/services/__tests__/conflictResolver.test.ts:48:42
     46|       };
     47| 
     48|       const conflicts = conflictResolver.detectConflicts([action1], [aÔÇª
       |                                          ^
     49|       expect(conflicts).toHaveLength(0); // Different properties, no cÔÇª
     50|     });

ÔÄ»ÔÄ»ÔÄ»ÔÄ»ÔÄ»ÔÄ»ÔÄ»ÔÄ»ÔÄ»ÔÄ»ÔÄ»ÔÄ»ÔÄ»ÔÄ»ÔÄ»ÔÄ»ÔÄ»ÔÄ»ÔÄ»ÔÄ»[116/449]ÔÄ»

 FAIL  src/services/__tests__/conflictResolver.test.ts > ConflictResolver > Conflict Detection > should detect conflicts for same element same property
TypeError: conflictResolver.detectConflicts is not a function
 ÔØ» src/services/__tests__/conflictResolver.test.ts:71:42
     69|       };
     70| 
     71|       const conflicts = conflictResolver.detectConflicts([action1], [aÔÇª
       |                                          ^
     72|       expect(conflicts).toHaveLength(1);
     73|       expect(conflicts[0]).toMatchObject({

ÔÄ»ÔÄ»ÔÄ»ÔÄ»ÔÄ»ÔÄ»ÔÄ»ÔÄ»ÔÄ»ÔÄ»ÔÄ»ÔÄ»ÔÄ»ÔÄ»ÔÄ»ÔÄ»ÔÄ»ÔÄ»ÔÄ»ÔÄ»[117/449]ÔÄ»

 FAIL  src/services/__tests__/conflictResolver.test.ts > ConflictResolver > Conflict Detection > should detect timeline position conflicts
TypeError: conflictResolver.detectConflicts is not a function
 ÔØ» src/services/__tests__/conflictResolver.test.ts:101:42
     99|       };
    100| 
    101|       const conflicts = conflictResolver.detectConflicts([action1], [aÔÇª
       |                                          ^
    102|       expect(conflicts).toHaveLength(1);
    103|       expect(conflicts[0].type).toBe('timeline_overlap');

ÔÄ»ÔÄ»ÔÄ»ÔÄ»ÔÄ»ÔÄ»ÔÄ»ÔÄ»ÔÄ»ÔÄ»ÔÄ»ÔÄ»ÔÄ»ÔÄ»ÔÄ»ÔÄ»ÔÄ»ÔÄ»ÔÄ»ÔÄ»[118/449]ÔÄ»

 FAIL  src/services/__tests__/conflictResolver.test.ts > ConflictResolver > Conflict Detection > should detect deletion conflicts
TypeError: conflictResolver.detectConflicts is not a function
 ÔØ» src/services/__tests__/conflictResolver.test.ts:125:42
    123|       };
    124| 
    125|       const conflicts = conflictResolver.detectConflicts([action1], [aÔÇª
       |                                          ^
    126|       expect(conflicts).toHaveLength(1);
    127|       expect(conflicts[0].type).toBe('deletion_conflict');

ÔÄ»ÔÄ»ÔÄ»ÔÄ»ÔÄ»ÔÄ»ÔÄ»ÔÄ»ÔÄ»ÔÄ»ÔÄ»ÔÄ»ÔÄ»ÔÄ»ÔÄ»ÔÄ»ÔÄ»ÔÄ»ÔÄ»ÔÄ»[119/449]ÔÄ»

 FAIL  src/services/__tests__/conflictResolver.test.ts > ConflictResolver > Conflict Resolution > should resolve property conflict with last-writer-wins
TypeError: conflictResolver.resolveConflict is not a function
 ÔØ» src/services/__tests__/conflictResolver.test.ts:151:43
    149|       };
    150| 
    151|       const resolution = conflictResolver.resolveConflict(localAction,ÔÇª
       |                                           ^
    152|       
    153|       expect(resolution.strategy).toBe('last_writer_wins');

ÔÄ»ÔÄ»ÔÄ»ÔÄ»ÔÄ»ÔÄ»ÔÄ»ÔÄ»ÔÄ»ÔÄ»ÔÄ»ÔÄ»ÔÄ»ÔÄ»ÔÄ»ÔÄ»ÔÄ»ÔÄ»ÔÄ»ÔÄ»[120/449]ÔÄ»

 FAIL  src/services/__tests__/conflictResolver.test.ts > ConflictResolver > Conflict Resolution > should resolve property conflict with merge strategy
TypeError: conflictResolver.resolveConflict is not a function
 ÔØ» src/services/__tests__/conflictResolver.test.ts:177:43
    175|       };
    176| 
    177|       const resolution = conflictResolver.resolveConflict(localAction,ÔÇª
       |                                           ^
    178|       
    179|       expect(resolution.strategy).toBe('merge');

ÔÄ»ÔÄ»ÔÄ»ÔÄ»ÔÄ»ÔÄ»ÔÄ»ÔÄ»ÔÄ»ÔÄ»ÔÄ»ÔÄ»ÔÄ»ÔÄ»ÔÄ»ÔÄ»ÔÄ»ÔÄ»ÔÄ»ÔÄ»[121/449]ÔÄ»

 FAIL  src/services/__tests__/conflictResolver.test.ts > ConflictResolver > Conflict Resolution > should resolve timeline overlap with auto-adjust
TypeError: conflictResolver.resolveConflict is not a function
 ÔØ» src/services/__tests__/conflictResolver.test.ts:208:43
    206|       };
    207| 
    208|       const resolution = conflictResolver.resolveConflict(localAction,ÔÇª
       |                                           ^
    209|       
    210|       expect(resolution.strategy).toBe('auto_adjust');

ÔÄ»ÔÄ»ÔÄ»ÔÄ»ÔÄ»ÔÄ»ÔÄ»ÔÄ»ÔÄ»ÔÄ»ÔÄ»ÔÄ»ÔÄ»ÔÄ»ÔÄ»ÔÄ»ÔÄ»ÔÄ»ÔÄ»ÔÄ»[122/449]ÔÄ»

 FAIL  src/services/__tests__/conflictResolver.test.ts > ConflictResolver > Conflict Resolution > should handle deletion conflict with keep_existing
TypeError: conflictResolver.resolveConflict is not a function
 ÔØ» src/services/__tests__/conflictResolver.test.ts:234:43
    232|       };
    233| 
    234|       const resolution = conflictResolver.resolveConflict(localAction,ÔÇª
       |                                           ^
    235|       
    236|       expect(resolution.strategy).toBe('keep_existing');

ÔÄ»ÔÄ»ÔÄ»ÔÄ»ÔÄ»ÔÄ»ÔÄ»ÔÄ»ÔÄ»ÔÄ»ÔÄ»ÔÄ»ÔÄ»ÔÄ»ÔÄ»ÔÄ»ÔÄ»ÔÄ»ÔÄ»ÔÄ»[123/449]ÔÄ»

 FAIL  src/services/__tests__/conflictResolver.test.ts > ConflictResolver > Conflict Resolution > should handle deletion conflict with accept_deletion
TypeError: conflictResolver.resolveConflict is not a function
 ÔØ» src/services/__tests__/conflictResolver.test.ts:260:43
    258|       };
    259| 
    260|       const resolution = conflictResolver.resolveConflict(localAction,ÔÇª
       |                                           ^
    261|       
    262|       expect(resolution.strategy).toBe('accept_deletion');

ÔÄ»ÔÄ»ÔÄ»ÔÄ»ÔÄ»ÔÄ»ÔÄ»ÔÄ»ÔÄ»ÔÄ»ÔÄ»ÔÄ»ÔÄ»ÔÄ»ÔÄ»ÔÄ»ÔÄ»ÔÄ»ÔÄ»ÔÄ»[124/449]ÔÄ»

 FAIL  src/services/__tests__/conflictResolver.test.ts > ConflictResolver > Conflict Resolution > should fail resolution for unsupported strategy
TypeError: conflictResolver.resolveConflict is not a function
 ÔØ» src/services/__tests__/conflictResolver.test.ts:286:43
    284|       };
    285| 
    286|       const resolution = conflictResolver.resolveConflict(localAction,ÔÇª
       |                                           ^
    287|       
    288|       expect(resolution.success).toBe(false);

ÔÄ»ÔÄ»ÔÄ»ÔÄ»ÔÄ»ÔÄ»ÔÄ»ÔÄ»ÔÄ»ÔÄ»ÔÄ»ÔÄ»ÔÄ»ÔÄ»ÔÄ»ÔÄ»ÔÄ»ÔÄ»ÔÄ»ÔÄ»[125/449]ÔÄ»

 FAIL  src/services/__tests__/conflictResolver.test.ts > ConflictResolver > Automatic Resolution > should auto-resolve simple property conflicts
TypeError: conflictResolver.autoResolve is not a function
 ÔØ» src/services/__tests__/conflictResolver.test.ts:320:44
    318|       }];
    319| 
    320|       const resolutions = conflictResolver.autoResolve(conflicts);
       |                                            ^
    321|       
    322|       expect(resolutions).toHaveLength(1);

ÔÄ»ÔÄ»ÔÄ»ÔÄ»ÔÄ»ÔÄ»ÔÄ»ÔÄ»ÔÄ»ÔÄ»ÔÄ»ÔÄ»ÔÄ»ÔÄ»ÔÄ»ÔÄ»ÔÄ»ÔÄ»ÔÄ»ÔÄ»[126/449]ÔÄ»

 FAIL  src/services/__tests__/conflictResolver.test.ts > ConflictResolver > Automatic Resolution > should auto-resolve timeline overlaps
TypeError: conflictResolver.autoResolve is not a function
 ÔØ» src/services/__tests__/conflictResolver.test.ts:353:44
    351|       }];
    352| 
    353|       const resolutions = conflictResolver.autoResolve(conflicts);
       |                                            ^
    354|       
    355|       expect(resolutions).toHaveLength(1);

ÔÄ»ÔÄ»ÔÄ»ÔÄ»ÔÄ»ÔÄ»ÔÄ»ÔÄ»ÔÄ»ÔÄ»ÔÄ»ÔÄ»ÔÄ»ÔÄ»ÔÄ»ÔÄ»ÔÄ»ÔÄ»ÔÄ»ÔÄ»[127/449]ÔÄ»

 FAIL  src/services/__tests__/conflictResolver.test.ts > ConflictResolver > Automatic Resolution > should not auto-resolve high-severity deletion conflicts
TypeError: conflictResolver.autoResolve is not a function
 ÔØ» src/services/__tests__/conflictResolver.test.ts:385:44
    383|       }];
    384| 
    385|       const resolutions = conflictResolver.autoResolve(conflicts);
       |                                            ^
    386|       
    387|       expect(resolutions).toHaveLength(0); // High-severity conflicts ÔÇª

ÔÄ»ÔÄ»ÔÄ»ÔÄ»ÔÄ»ÔÄ»ÔÄ»ÔÄ»ÔÄ»ÔÄ»ÔÄ»ÔÄ»ÔÄ»ÔÄ»ÔÄ»ÔÄ»ÔÄ»ÔÄ»ÔÄ»ÔÄ»[128/449]ÔÄ»

 FAIL  src/services/__tests__/conflictResolver.test.ts > ConflictResolver > Conflict Analysis > should analyze conflict severity
TypeError: conflictResolver.analyzeSeverity is not a function
 ÔØ» src/services/__tests__/conflictResolver.test.ts:410:31
    408|       };
    409| 
    410|       expect(conflictResolver.analyzeSeverity(propertyConflict)).toBe(ÔÇª
       |                               ^
    411|       expect(conflictResolver.analyzeSeverity(timelineConflict)).toBe(ÔÇª
    412|       expect(conflictResolver.analyzeSeverity(deletionConflict)).toBe(ÔÇª

ÔÄ»ÔÄ»ÔÄ»ÔÄ»ÔÄ»ÔÄ»ÔÄ»ÔÄ»ÔÄ»ÔÄ»ÔÄ»ÔÄ»ÔÄ»ÔÄ»ÔÄ»ÔÄ»ÔÄ»ÔÄ»ÔÄ»ÔÄ»[129/449]ÔÄ»

 FAIL  src/services/__tests__/conflictResolver.test.ts > ConflictResolver > Conflict Analysis > should get conflict statistics
TypeError: conflictResolver.getConflictStats is not a function
 ÔØ» src/services/__tests__/conflictResolver.test.ts:423:38
    421|       ] as any[];
    422| 
    423|       const stats = conflictResolver.getConflictStats(conflicts);
       |                                      ^
    424|       
    425|       expect(stats).toEqual({

ÔÄ»ÔÄ»ÔÄ»ÔÄ»ÔÄ»ÔÄ»ÔÄ»ÔÄ»ÔÄ»ÔÄ»ÔÄ»ÔÄ»ÔÄ»ÔÄ»ÔÄ»ÔÄ»ÔÄ»ÔÄ»ÔÄ»ÔÄ»[130/449]ÔÄ»

 FAIL  src/services/__tests__/format-preservation.service.test.ts > FormatPreservationService > preserveFormatting > should preserve complete element formatting
AssertionError: expected undefined to be 'test-element' // Object.is equality

- Expected: 
"test-element"

+ Received: 
undefined

 ÔØ» src/services/__tests__/format-preservation.service.test.ts:47:32
     45|       const result = service.preserveFormatting(mockElement as any);
     46|       
     47|       expect(result.elementId).toBe('test-element');
       |                                ^
     48|       expect(result.font.family).toBe('Arial, sans-serif');
     49|       expect(result.font.size).toBe('16px');

ÔÄ»ÔÄ»ÔÄ»ÔÄ»ÔÄ»ÔÄ»ÔÄ»ÔÄ»ÔÄ»ÔÄ»ÔÄ»ÔÄ»ÔÄ»ÔÄ»ÔÄ»ÔÄ»ÔÄ»ÔÄ»ÔÄ»ÔÄ»[131/449]ÔÄ»

 FAIL  src/services/__tests__/format-preservation.service.test.ts > FormatPreservationService > preserveFormatting > should handle elements with minimal styling
AssertionError: expected undefined to be 'minimal-element' // Object.is equality

- Expected: 
"minimal-element"

+ Received: 
undefined

 ÔØ» src/services/__tests__/format-preservation.service.test.ts:80:32
     78|       const result = service.preserveFormatting(mockElement as any);
     79|       
     80|       expect(result.elementId).toBe('minimal-element');
       |                                ^
     81|       expect(result.font.family).toBe('');
     82|       expect(result.colors.text).toBe('');

ÔÄ»ÔÄ»ÔÄ»ÔÄ»ÔÄ»ÔÄ»ÔÄ»ÔÄ»ÔÄ»ÔÄ»ÔÄ»ÔÄ»ÔÄ»ÔÄ»ÔÄ»ÔÄ»ÔÄ»ÔÄ»ÔÄ»ÔÄ»[132/449]ÔÄ»

 FAIL  src/services/__tests__/format-preservation.service.test.ts > FormatPreservationService > preserveFormatting > should extract complex border styling
TypeError: Cannot read properties of undefined (reading 'width')
 ÔØ» src/services/__tests__/format-preservation.service.test.ts:109:28
    107|       const result = service.preserveFormatting(mockElement as any);
    108|       
    109|       expect(result.border.width).toBe('2px');
       |                            ^
    110|       expect(result.border.style).toBe('dashed');
    111|       expect(result.border.color).toBe('#ff0000');

ÔÄ»ÔÄ»ÔÄ»ÔÄ»ÔÄ»ÔÄ»ÔÄ»ÔÄ»ÔÄ»ÔÄ»ÔÄ»ÔÄ»ÔÄ»ÔÄ»ÔÄ»ÔÄ»ÔÄ»ÔÄ»ÔÄ»ÔÄ»[133/449]ÔÄ»

 FAIL  src/services/__tests__/format-preservation.service.test.ts > FormatPreservationService > generateCSS > should generate complete CSS from preserved formatting
TypeError: formatting is not iterable
 ÔØ» FormatPreservationService.generateCSS src/services/format-preservation.service.ts:377:26
    375|     let css = '/* CSS Gerado automaticamente para preserva├º├úo de formaÔÇª
    376| 
    377|     for (const format of formatting) {
       |                          ^
    378|       css += this.generateElementCSS(format);
    379|     }
 ÔØ» src/services/__tests__/format-preservation.service.test.ts:168:27

ÔÄ»ÔÄ»ÔÄ»ÔÄ»ÔÄ»ÔÄ»ÔÄ»ÔÄ»ÔÄ»ÔÄ»ÔÄ»ÔÄ»ÔÄ»ÔÄ»ÔÄ»ÔÄ»ÔÄ»ÔÄ»ÔÄ»ÔÄ»[134/449]ÔÄ»

 FAIL  src/services/__tests__/format-preservation.service.test.ts > FormatPreservationService > generateCSS > should generate minimal CSS for basic formatting
TypeError: formatting is not iterable
 ÔØ» FormatPreservationService.generateCSS src/services/format-preservation.service.ts:377:26
    375|     let css = '/* CSS Gerado automaticamente para preserva├º├úo de formaÔÇª
    376| 
    377|     for (const format of formatting) {
       |                          ^
    378|       css += this.generateElementCSS(format);
    379|     }
 ÔØ» src/services/__tests__/format-preservation.service.test.ts:217:27

ÔÄ»ÔÄ»ÔÄ»ÔÄ»ÔÄ»ÔÄ»ÔÄ»ÔÄ»ÔÄ»ÔÄ»ÔÄ»ÔÄ»ÔÄ»ÔÄ»ÔÄ»ÔÄ»ÔÄ»ÔÄ»ÔÄ»ÔÄ»[135/449]ÔÄ»

 FAIL  src/services/__tests__/format-preservation.service.test.ts > FormatPreservationService > generateCSS > should handle CSS class generation
TypeError: formatting is not iterable
 ÔØ» FormatPreservationService.generateCSS src/services/format-preservation.service.ts:377:26
    375|     let css = '/* CSS Gerado automaticamente para preserva├º├úo de formaÔÇª
    376| 
    377|     for (const format of formatting) {
       |                          ^
    378|       css += this.generateElementCSS(format);
    379|     }
 ÔØ» src/services/__tests__/format-preservation.service.test.ts:263:27

ÔÄ»ÔÄ»ÔÄ»ÔÄ»ÔÄ»ÔÄ»ÔÄ»ÔÄ»ÔÄ»ÔÄ»ÔÄ»ÔÄ»ÔÄ»ÔÄ»ÔÄ»ÔÄ»ÔÄ»ÔÄ»ÔÄ»ÔÄ»[136/449]ÔÄ»

 FAIL  src/services/__tests__/format-preservation.service.test.ts > FormatPreservationService > extractFontFormat > should extract complete font formatting
TypeError: service.extractFontFormat is not a function
 ÔØ» src/services/__tests__/format-preservation.service.test.ts:292:30
    290|       };
    291| 
    292|       const result = service.extractFontFormat(mockElement as any);
       |                              ^
    293|       
    294|       expect(result.family).toBe('Times New Roman, serif');

ÔÄ»ÔÄ»ÔÄ»ÔÄ»ÔÄ»ÔÄ»ÔÄ»ÔÄ»ÔÄ»ÔÄ»ÔÄ»ÔÄ»ÔÄ»ÔÄ»ÔÄ»ÔÄ»ÔÄ»ÔÄ»ÔÄ»ÔÄ»[137/449]ÔÄ»

 FAIL  src/services/__tests__/format-preservation.service.test.ts > FormatPreservationService > extractFontFormat > should handle missing font properties
TypeError: service.extractFontFormat is not a function
 ÔØ» src/services/__tests__/format-preservation.service.test.ts:312:30
    310|       };
    311| 
    312|       const result = service.extractFontFormat(mockElement as any);
       |                              ^
    313|       
    314|       expect(result.family).toBe('');

ÔÄ»ÔÄ»ÔÄ»ÔÄ»ÔÄ»ÔÄ»ÔÄ»ÔÄ»ÔÄ»ÔÄ»ÔÄ»ÔÄ»ÔÄ»ÔÄ»ÔÄ»ÔÄ»ÔÄ»ÔÄ»ÔÄ»ÔÄ»[138/449]ÔÄ»

 FAIL  src/services/__tests__/format-preservation.service.test.ts > FormatPreservationService > extractColorFormat > should extract color formatting
TypeError: service.extractColorFormat is not a function
 ÔØ» src/services/__tests__/format-preservation.service.test.ts:331:30
    329|       };
    330| 
    331|       const result = service.extractColorFormat(mockElement as any);
       |                              ^
    332|       
    333|       expect(result.text).toBe('rgb(255, 0, 0)');

ÔÄ»ÔÄ»ÔÄ»ÔÄ»ÔÄ»ÔÄ»ÔÄ»ÔÄ»ÔÄ»ÔÄ»ÔÄ»ÔÄ»ÔÄ»ÔÄ»ÔÄ»ÔÄ»ÔÄ»ÔÄ»ÔÄ»ÔÄ»[139/449]ÔÄ»

 FAIL  src/services/__tests__/format-preservation.service.test.ts > FormatPreservationService > extractColorFormat > should handle missing color properties
TypeError: service.extractColorFormat is not a function
 ÔØ» src/services/__tests__/format-preservation.service.test.ts:345:30
    343|       };
    344| 
    345|       const result = service.extractColorFormat(mockElement as any);
       |                              ^
    346|       
    347|       expect(result.text).toBe('#333333');

ÔÄ»ÔÄ»ÔÄ»ÔÄ»ÔÄ»ÔÄ»ÔÄ»ÔÄ»ÔÄ»ÔÄ»ÔÄ»ÔÄ»ÔÄ»ÔÄ»ÔÄ»ÔÄ»ÔÄ»ÔÄ»ÔÄ»ÔÄ»[140/449]ÔÄ»

 FAIL  src/services/__tests__/format-preservation.service.test.ts > FormatPreservationService > extractLayoutFormat > should extract layout formatting
TypeError: service.extractLayoutFormat is not a function
 ÔØ» src/services/__tests__/format-preservation.service.test.ts:380:30
    378|       };
    379| 
    380|       const result = service.extractLayoutFormat(mockElement as any);
       |                              ^
    381|       
    382|       expect(result.width).toBe('250px');

ÔÄ»ÔÄ»ÔÄ»ÔÄ»ÔÄ»ÔÄ»ÔÄ»ÔÄ»ÔÄ»ÔÄ»ÔÄ»ÔÄ»ÔÄ»ÔÄ»ÔÄ»ÔÄ»ÔÄ»ÔÄ»ÔÄ»ÔÄ»[141/449]ÔÄ»

 FAIL  src/services/__tests__/format-preservation.service.test.ts > FormatPreservationService > optimizeFormatting > should remove redundant formatting properties
TypeError: service.optimizeFormatting is not a function
 ÔØ» src/services/__tests__/format-preservation.service.test.ts:432:33
    430|       };
    431| 
    432|       const optimized = service.optimizeFormatting(formatting);
       |                                 ^
    433|       
    434|       expect(optimized.font.weight).toBeUndefined();

ÔÄ»ÔÄ»ÔÄ»ÔÄ»ÔÄ»ÔÄ»ÔÄ»ÔÄ»ÔÄ»ÔÄ»ÔÄ»ÔÄ»ÔÄ»ÔÄ»ÔÄ»ÔÄ»ÔÄ»ÔÄ»ÔÄ»ÔÄ»[142/449]ÔÄ»

 FAIL  src/services/__tests__/format-preservation.service.test.ts > FormatPreservationService > optimizeFormatting > should preserve significant formatting properties
TypeError: service.optimizeFormatting is not a function
 ÔØ» src/services/__tests__/format-preservation.service.test.ts:478:33
    476|       };
    477| 
    478|       const optimized = service.optimizeFormatting(formatting);
       |                                 ^
    479|       
    480|       expect(optimized.font.family).toBe('Helvetica');

ÔÄ»ÔÄ»ÔÄ»ÔÄ»ÔÄ»ÔÄ»ÔÄ»ÔÄ»ÔÄ»ÔÄ»ÔÄ»ÔÄ»ÔÄ»ÔÄ»ÔÄ»ÔÄ»ÔÄ»ÔÄ»ÔÄ»ÔÄ»[143/449]ÔÄ»

 FAIL  src/services/__tests__/format-preservation.service.test.ts > FormatPreservationService > error handling > should handle null elements gracefully
AssertionError: expected undefined to be '' // Object.is equality

- Expected: 
""

+ Received: 
undefined

 ÔØ» src/services/__tests__/format-preservation.service.test.ts:494:32
    492|       const result = service.preserveFormatting(null as any);
    493|       
    494|       expect(result.elementId).toBe('');
       |                                ^
    495|       expect(result.font.family).toBe('');
    496|       expect(result.colors.text).toBe('');

ÔÄ»ÔÄ»ÔÄ»ÔÄ»ÔÄ»ÔÄ»ÔÄ»ÔÄ»ÔÄ»ÔÄ»ÔÄ»ÔÄ»ÔÄ»ÔÄ»ÔÄ»ÔÄ»ÔÄ»ÔÄ»ÔÄ»ÔÄ»[144/449]ÔÄ»

 FAIL  src/services/__tests__/format-preservation.service.test.ts > FormatPreservationService > error handling > should handle elements without style property
AssertionError: expected undefined to be 'no-style-element' // Object.is equality

- Expected: 
"no-style-element"

+ Received: 
undefined

 ÔØ» src/services/__tests__/format-preservation.service.test.ts:516:32
    514|       const result = service.preserveFormatting(mockElement as any);
    515|       
    516|       expect(result.elementId).toBe('no-style-element');
       |                                ^
    517|       expect(result.layout.width).toBe('100px');
    518|       expect(result.layout.height).toBe('50px');

ÔÄ»ÔÄ»ÔÄ»ÔÄ»ÔÄ»ÔÄ»ÔÄ»ÔÄ»ÔÄ»ÔÄ»ÔÄ»ÔÄ»ÔÄ»ÔÄ»ÔÄ»ÔÄ»ÔÄ»ÔÄ»ÔÄ»ÔÄ»[145/449]ÔÄ»

 FAIL  src/services/__tests__/format-preservation.service.test.ts > FormatPreservationService > error handling > should handle invalid CSS values
TypeError: Cannot read properties of undefined (reading 'size')
 ÔØ» src/services/__tests__/format-preservation.service.test.ts:544:26
    542|       const result = service.preserveFormatting(mockElement as any);
    543|       
    544|       expect(result.font.size).toBe('invalid-size');
       |                          ^
    545|       expect(result.colors.text).toBe('not-a-color');
    546|       expect(result.layout.width).toBe('auto');

ÔÄ»ÔÄ»ÔÄ»ÔÄ»ÔÄ»ÔÄ»ÔÄ»ÔÄ»ÔÄ»ÔÄ»ÔÄ»ÔÄ»ÔÄ»ÔÄ»ÔÄ»ÔÄ»ÔÄ»ÔÄ»ÔÄ»ÔÄ»[146/449]ÔÄ»

 FAIL  src/services/__tests__/format-preservation.service.test.ts > FormatPreservationService > performance > should handle large numbers of elements efficiently
AssertionError: expected undefined to be 'element-0' // Object.is equality

- Expected: 
"element-0"

+ Received: 
undefined

 ÔØ» src/services/__tests__/format-preservation.service.test.ts:581:34
    579|       
    580|       results.forEach((result, i) => {
    581|         expect(result.elementId).toBe(`element-${i}`);
       |                                  ^
    582|         expect(result.font.size).toBe(`${12 + i % 8}px`);
    583|       });
 ÔØ» src/services/__tests__/format-preservation.service.test.ts:580:15

ÔÄ»ÔÄ»ÔÄ»ÔÄ»ÔÄ»ÔÄ»ÔÄ»ÔÄ»ÔÄ»ÔÄ»ÔÄ»ÔÄ»ÔÄ»ÔÄ»ÔÄ»ÔÄ»ÔÄ»ÔÄ»ÔÄ»ÔÄ»[147/449]ÔÄ»

 FAIL  src/services/__tests__/multi-layer-cache.test.ts > MultiLayerCache > set and get operations > should store and retrieve data from memory cache
ReferenceError: indexedDB is not defined
 ÔØ» src/services/multi-layer-cache.ts:452:23
    450|   private async initDB(): Promise<void> {
    451|     return new Promise((resolve, reject) => {
    452|       const request = indexedDB.open(this.dbName, this.version);
       |                       ^
    453|       
    454|       request.onerror = () => reject(request.error);
 ÔØ» IndexedDBCache.initDB src/services/multi-layer-cache.ts:451:12
 ÔØ» IndexedDBCache.set src/services/multi-layer-cache.ts:517:18
 ÔØ» MultiLayerCache.set src/services/multi-layer-cache.ts:702:31
 ÔØ» src/services/__tests__/multi-layer-cache.test.ts:22:19

ÔÄ»ÔÄ»ÔÄ»ÔÄ»ÔÄ»ÔÄ»ÔÄ»ÔÄ»ÔÄ»ÔÄ»ÔÄ»ÔÄ»ÔÄ»ÔÄ»ÔÄ»ÔÄ»ÔÄ»ÔÄ»ÔÄ»ÔÄ»[148/449]ÔÄ»

 FAIL  src/services/__tests__/multi-layer-cache.test.ts > MultiLayerCache > set and get operations > should store and retrieve data from memory cache
 FAIL  src/services/__tests__/multi-layer-cache.test.ts > MultiLayerCache > set and get operations > should handle complex objects
 FAIL  src/services/__tests__/multi-layer-cache.test.ts > MultiLayerCache > set and get operations > should return null for non-existent keys
 FAIL  src/services/__tests__/multi-layer-cache.test.ts > MultiLayerCache > TTL (Time To Live) > should expire data after TTL
 FAIL  src/services/__tests__/multi-layer-cache.test.ts > MultiLayerCache > cache layers > should promote data from lower to higher layers on access
 FAIL  src/services/__tests__/multi-layer-cache.test.ts > MultiLayerCache > cache layers > should fall back to lower layers when data not in higher layers
 FAIL  src/services/__tests__/multi-layer-cache.test.ts > MultiLayerCache > eviction policies > should evict least recently used items when cache is full
 FAIL  src/services/__tests__/multi-layer-cache.test.ts > MultiLayerCache > batch operations > should handle batch set operations
 FAIL  src/services/__tests__/multi-layer-cache.test.ts > MultiLayerCache > batch operations > should handle batch get operations
 FAIL  src/services/__tests__/multi-layer-cache.test.ts > MultiLayerCache > delete operations > should delete data from all layers
 FAIL  src/services/__tests__/multi-layer-cache.test.ts > MultiLayerCache > delete operations > should handle batch delete operations
 FAIL  src/services/__tests__/multi-layer-cache.test.ts > MultiLayerCache > statistics and monitoring > should track cache statistics
 FAIL  src/services/__tests__/multi-layer-cache.test.ts > MultiLayerCache > statistics and monitoring > should provide layer-specific statistics
 FAIL  src/services/__tests__/multi-layer-cache.test.ts > MultiLayerCache > synchronization > should synchronize data across layers
 FAIL  src/services/__tests__/multi-layer-cache.test.ts > MultiLayerCache > error handling > should handle storage quota exceeded gracefully
 FAIL  src/services/__tests__/multi-layer-cache.test.ts > MultiLayerCache > error handling > should handle corrupted data gracefully
ReferenceError: indexedDB is not defined
 ÔØ» src/services/multi-layer-cache.ts:452:23
    450|   private async initDB(): Promise<void> {
    451|     return new Promise((resolve, reject) => {
    452|       const request = indexedDB.open(this.dbName, this.version);
       |                       ^
    453|       
    454|       request.onerror = () => reject(request.error);
 ÔØ» IndexedDBCache.initDB src/services/multi-layer-cache.ts:451:12
 ÔØ» IndexedDBCache.clear src/services/multi-layer-cache.ts:569:18
 ÔØ» MultiLayerCache.clear src/services/multi-layer-cache.ts:723:27
 ÔØ» src/services/__tests__/multi-layer-cache.test.ts:15:17

ÔÄ»ÔÄ»ÔÄ»ÔÄ»ÔÄ»ÔÄ»ÔÄ»ÔÄ»ÔÄ»ÔÄ»ÔÄ»ÔÄ»ÔÄ»ÔÄ»ÔÄ»ÔÄ»ÔÄ»ÔÄ»ÔÄ»ÔÄ»[149/449]ÔÄ»

 FAIL  src/services/__tests__/multi-layer-cache.test.ts > MultiLayerCache > set and get operations > should handle complex objects
ReferenceError: indexedDB is not defined
 ÔØ» src/services/multi-layer-cache.ts:452:23
    450|   private async initDB(): Promise<void> {
    451|     return new Promise((resolve, reject) => {
    452|       const request = indexedDB.open(this.dbName, this.version);
       |                       ^
    453|       
    454|       request.onerror = () => reject(request.error);
 ÔØ» IndexedDBCache.initDB src/services/multi-layer-cache.ts:451:12
 ÔØ» IndexedDBCache.set src/services/multi-layer-cache.ts:517:18
 ÔØ» MultiLayerCache.set src/services/multi-layer-cache.ts:702:31
 ÔØ» src/services/__tests__/multi-layer-cache.test.ts:44:19

ÔÄ»ÔÄ»ÔÄ»ÔÄ»ÔÄ»ÔÄ»ÔÄ»ÔÄ»ÔÄ»ÔÄ»ÔÄ»ÔÄ»ÔÄ»ÔÄ»ÔÄ»ÔÄ»ÔÄ»ÔÄ»ÔÄ»ÔÄ»[150/449]ÔÄ»

 FAIL  src/services/__tests__/multi-layer-cache.test.ts > MultiLayerCache > set and get operations > should return null for non-existent keys
ReferenceError: indexedDB is not defined
 ÔØ» src/services/multi-layer-cache.ts:452:23
    450|   private async initDB(): Promise<void> {
    451|     return new Promise((resolve, reject) => {
    452|       const request = indexedDB.open(this.dbName, this.version);
       |                       ^
    453|       
    454|       request.onerror = () => reject(request.error);
 ÔØ» IndexedDBCache.initDB src/services/multi-layer-cache.ts:451:12
 ÔØ» IndexedDBCache.get src/services/multi-layer-cache.ts:475:18
 ÔØ» MultiLayerCache.get src/services/multi-layer-cache.ts:672:38
 ÔØ» src/services/__tests__/multi-layer-cache.test.ts:51:34

ÔÄ»ÔÄ»ÔÄ»ÔÄ»ÔÄ»ÔÄ»ÔÄ»ÔÄ»ÔÄ»ÔÄ»ÔÄ»ÔÄ»ÔÄ»ÔÄ»ÔÄ»ÔÄ»ÔÄ»ÔÄ»ÔÄ»ÔÄ»[151/449]ÔÄ»

 FAIL  src/services/__tests__/multi-layer-cache.test.ts > MultiLayerCache > TTL (Time To Live) > should expire data after TTL
ReferenceError: indexedDB is not defined
 ÔØ» src/services/multi-layer-cache.ts:452:23
    450|   private async initDB(): Promise<void> {
    451|     return new Promise((resolve, reject) => {
    452|       const request = indexedDB.open(this.dbName, this.version);
       |                       ^
    453|       
    454|       request.onerror = () => reject(request.error);
 ÔØ» IndexedDBCache.initDB src/services/multi-layer-cache.ts:451:12
 ÔØ» IndexedDBCache.set src/services/multi-layer-cache.ts:517:18
 ÔØ» MultiLayerCache.set src/services/multi-layer-cache.ts:702:31
 ÔØ» src/services/__tests__/multi-layer-cache.test.ts:64:27

ÔÄ»ÔÄ»ÔÄ»ÔÄ»ÔÄ»ÔÄ»ÔÄ»ÔÄ»ÔÄ»ÔÄ»ÔÄ»ÔÄ»ÔÄ»ÔÄ»ÔÄ»ÔÄ»ÔÄ»ÔÄ»ÔÄ»ÔÄ»[152/449]ÔÄ»

 FAIL  src/services/__tests__/multi-layer-cache.test.ts > MultiLayerCache > cache layers > should promote data from lower to higher layers on access
TypeError: LocalStorageCache is not a constructor
 ÔØ» src/services/__tests__/multi-layer-cache.test.ts:84:33
     82|     it('should promote data from lower to higher layers on access', asÔÇª
     83|       // Manually set data in localStorage only
     84|       const localStorageCache = new LocalStorageCache({ maxSize: 50, tÔÇª
       |                                 ^
     85|       await localStorageCache.set('promote-key', 'promote-data');
     86|       

ÔÄ»ÔÄ»ÔÄ»ÔÄ»ÔÄ»ÔÄ»ÔÄ»ÔÄ»ÔÄ»ÔÄ»ÔÄ»ÔÄ»ÔÄ»ÔÄ»ÔÄ»ÔÄ»ÔÄ»ÔÄ»ÔÄ»ÔÄ»[153/449]ÔÄ»

 FAIL  src/services/__tests__/multi-layer-cache.test.ts > MultiLayerCache > cache layers > should fall back to lower layers when data not in higher layers
TypeError: IndexedDBCache is not a constructor
 ÔØ» src/services/__tests__/multi-layer-cache.test.ts:99:30
     97|     it('should fall back to lower layers when data not in higher layerÔÇª
     98|       // Set data directly in IndexedDB
     99|       const indexedDBCache = new IndexedDBCache({ maxSize: 200, ttl: 2ÔÇª
       |                              ^
    100|       await indexedDBCache.set('fallback-key', 'fallback-data');
    101|       

ÔÄ»ÔÄ»ÔÄ»ÔÄ»ÔÄ»ÔÄ»ÔÄ»ÔÄ»ÔÄ»ÔÄ»ÔÄ»ÔÄ»ÔÄ»ÔÄ»ÔÄ»ÔÄ»ÔÄ»ÔÄ»ÔÄ»ÔÄ»[154/449]ÔÄ»

 FAIL  src/services/__tests__/multi-layer-cache.test.ts > MultiLayerCache > eviction policies > should evict least recently used items when cache is full
ReferenceError: indexedDB is not defined
 ÔØ» src/services/multi-layer-cache.ts:452:23
    450|   private async initDB(): Promise<void> {
    451|     return new Promise((resolve, reject) => {
    452|       const request = indexedDB.open(this.dbName, this.version);
       |                       ^
    453|       
    454|       request.onerror = () => reject(request.error);
 ÔØ» IndexedDBCache.initDB src/services/multi-layer-cache.ts:451:12
 ÔØ» IndexedDBCache.set src/services/multi-layer-cache.ts:517:18
 ÔØ» MultiLayerCache.set src/services/multi-layer-cache.ts:702:31
 ÔØ» src/services/__tests__/multi-layer-cache.test.ts:117:24

ÔÄ»ÔÄ»ÔÄ»ÔÄ»ÔÄ»ÔÄ»ÔÄ»ÔÄ»ÔÄ»ÔÄ»ÔÄ»ÔÄ»ÔÄ»ÔÄ»ÔÄ»ÔÄ»ÔÄ»ÔÄ»ÔÄ»ÔÄ»[155/449]ÔÄ»

 FAIL  src/services/__tests__/multi-layer-cache.test.ts > MultiLayerCache > batch operations > should handle batch set operations
TypeError: cache.setMany is not a function
 ÔØ» src/services/__tests__/multi-layer-cache.test.ts:142:19
    140|       };
    141|       
    142|       await cache.setMany(batchData);
       |                   ^
    143|       
    144|       for (const [key, expectedValue] of Object.entries(batchData)) {

ÔÄ»ÔÄ»ÔÄ»ÔÄ»ÔÄ»ÔÄ»ÔÄ»ÔÄ»ÔÄ»ÔÄ»ÔÄ»ÔÄ»ÔÄ»ÔÄ»ÔÄ»ÔÄ»ÔÄ»ÔÄ»ÔÄ»ÔÄ»[156/449]ÔÄ»

 FAIL  src/services/__tests__/multi-layer-cache.test.ts > MultiLayerCache > batch operations > should handle batch get operations
ReferenceError: indexedDB is not defined
 ÔØ» src/services/multi-layer-cache.ts:452:23
    450|   private async initDB(): Promise<void> {
    451|     return new Promise((resolve, reject) => {
    452|       const request = indexedDB.open(this.dbName, this.version);
       |                       ^
    453|       
    454|       request.onerror = () => reject(request.error);
 ÔØ» IndexedDBCache.initDB src/services/multi-layer-cache.ts:451:12
 ÔØ» IndexedDBCache.set src/services/multi-layer-cache.ts:517:18
 ÔØ» MultiLayerCache.set src/services/multi-layer-cache.ts:702:31
 ÔØ» src/services/__tests__/multi-layer-cache.test.ts:152:19

ÔÄ»ÔÄ»ÔÄ»ÔÄ»ÔÄ»ÔÄ»ÔÄ»ÔÄ»ÔÄ»ÔÄ»ÔÄ»ÔÄ»ÔÄ»ÔÄ»ÔÄ»ÔÄ»ÔÄ»ÔÄ»ÔÄ»ÔÄ»[157/449]ÔÄ»

 FAIL  src/services/__tests__/multi-layer-cache.test.ts > MultiLayerCache > delete operations > should delete data from all layers
ReferenceError: indexedDB is not defined
 ÔØ» src/services/multi-layer-cache.ts:452:23
    450|   private async initDB(): Promise<void> {
    451|     return new Promise((resolve, reject) => {
    452|       const request = indexedDB.open(this.dbName, this.version);
       |                       ^
    453|       
    454|       request.onerror = () => reject(request.error);
 ÔØ» IndexedDBCache.initDB src/services/multi-layer-cache.ts:451:12
 ÔØ» IndexedDBCache.set src/services/multi-layer-cache.ts:517:18
 ÔØ» MultiLayerCache.set src/services/multi-layer-cache.ts:702:31
 ÔØ» src/services/__tests__/multi-layer-cache.test.ts:168:19

ÔÄ»ÔÄ»ÔÄ»ÔÄ»ÔÄ»ÔÄ»ÔÄ»ÔÄ»ÔÄ»ÔÄ»ÔÄ»ÔÄ»ÔÄ»ÔÄ»ÔÄ»ÔÄ»ÔÄ»ÔÄ»ÔÄ»ÔÄ»[158/449]ÔÄ»

 FAIL  src/services/__tests__/multi-layer-cache.test.ts > MultiLayerCache > delete operations > should handle batch delete operations
ReferenceError: indexedDB is not defined
 ÔØ» src/services/multi-layer-cache.ts:452:23
    450|   private async initDB(): Promise<void> {
    451|     return new Promise((resolve, reject) => {
    452|       const request = indexedDB.open(this.dbName, this.version);
       |                       ^
    453|       
    454|       request.onerror = () => reject(request.error);
 ÔØ» IndexedDBCache.initDB src/services/multi-layer-cache.ts:451:12
 ÔØ» IndexedDBCache.set src/services/multi-layer-cache.ts:517:18
 ÔØ» MultiLayerCache.set src/services/multi-layer-cache.ts:702:31
 ÔØ» src/services/__tests__/multi-layer-cache.test.ts:181:19

ÔÄ»ÔÄ»ÔÄ»ÔÄ»ÔÄ»ÔÄ»ÔÄ»ÔÄ»ÔÄ»ÔÄ»ÔÄ»ÔÄ»ÔÄ»ÔÄ»ÔÄ»ÔÄ»ÔÄ»ÔÄ»ÔÄ»ÔÄ»[159/449]ÔÄ»

 FAIL  src/services/__tests__/multi-layer-cache.test.ts > MultiLayerCache > statistics and monitoring > should track cache statistics
ReferenceError: indexedDB is not defined
 ÔØ» src/services/multi-layer-cache.ts:452:23
    450|   private async initDB(): Promise<void> {
    451|     return new Promise((resolve, reject) => {
    452|       const request = indexedDB.open(this.dbName, this.version);
       |                       ^
    453|       
    454|       request.onerror = () => reject(request.error);
 ÔØ» IndexedDBCache.initDB src/services/multi-layer-cache.ts:451:12
 ÔØ» IndexedDBCache.set src/services/multi-layer-cache.ts:517:18
 ÔØ» MultiLayerCache.set src/services/multi-layer-cache.ts:702:31
 ÔØ» src/services/__tests__/multi-layer-cache.test.ts:195:19

ÔÄ»ÔÄ»ÔÄ»ÔÄ»ÔÄ»ÔÄ»ÔÄ»ÔÄ»ÔÄ»ÔÄ»ÔÄ»ÔÄ»ÔÄ»ÔÄ»ÔÄ»ÔÄ»ÔÄ»ÔÄ»ÔÄ»ÔÄ»[160/449]ÔÄ»

 FAIL  src/services/__tests__/multi-layer-cache.test.ts > MultiLayerCache > statistics and monitoring > should provide layer-specific statistics
ReferenceError: indexedDB is not defined
 ÔØ» src/services/multi-layer-cache.ts:452:23
    450|   private async initDB(): Promise<void> {
    451|     return new Promise((resolve, reject) => {
    452|       const request = indexedDB.open(this.dbName, this.version);
       |                       ^
    453|       
    454|       request.onerror = () => reject(request.error);
 ÔØ» IndexedDBCache.initDB src/services/multi-layer-cache.ts:451:12
 ÔØ» IndexedDBCache.set src/services/multi-layer-cache.ts:517:18
 ÔØ» MultiLayerCache.set src/services/multi-layer-cache.ts:702:31
 ÔØ» src/services/__tests__/multi-layer-cache.test.ts:210:19

ÔÄ»ÔÄ»ÔÄ»ÔÄ»ÔÄ»ÔÄ»ÔÄ»ÔÄ»ÔÄ»ÔÄ»ÔÄ»ÔÄ»ÔÄ»ÔÄ»ÔÄ»ÔÄ»ÔÄ»ÔÄ»ÔÄ»ÔÄ»[161/449]ÔÄ»

 FAIL  src/services/__tests__/multi-layer-cache.test.ts > MultiLayerCache > synchronization > should synchronize data across layers
ReferenceError: indexedDB is not defined
 ÔØ» src/services/multi-layer-cache.ts:452:23
    450|   private async initDB(): Promise<void> {
    451|     return new Promise((resolve, reject) => {
    452|       const request = indexedDB.open(this.dbName, this.version);
       |                       ^
    453|       
    454|       request.onerror = () => reject(request.error);
 ÔØ» IndexedDBCache.initDB src/services/multi-layer-cache.ts:451:12
 ÔØ» IndexedDBCache.set src/services/multi-layer-cache.ts:517:18
 ÔØ» MultiLayerCache.set src/services/multi-layer-cache.ts:702:31
 ÔØ» src/services/__tests__/multi-layer-cache.test.ts:224:19

ÔÄ»ÔÄ»ÔÄ»ÔÄ»ÔÄ»ÔÄ»ÔÄ»ÔÄ»ÔÄ»ÔÄ»ÔÄ»ÔÄ»ÔÄ»ÔÄ»ÔÄ»ÔÄ»ÔÄ»ÔÄ»ÔÄ»ÔÄ»[162/449]ÔÄ»

 FAIL  src/services/__tests__/multi-layer-cache.test.ts > MultiLayerCache > error handling > should handle storage quota exceeded gracefully
AssertionError: promise rejected "ReferenceError: indexedDB is not defined" instead of resolving
 ÔØ» src/services/__tests__/multi-layer-cache.test.ts:250:66
    248|       
    249|       // Should not throw error, but handle gracefully
    250|       await expect(quotaExceededCache.set('large-key', largeData)).resÔÇª
       |                                                                  ^
    251|       
    252|       await quotaExceededCache.clear();

Caused by: ReferenceError: indexedDB is not defined
 ÔØ» src/services/multi-layer-cache.ts:452:23
 ÔØ» IndexedDBCache.initDB src/services/multi-layer-cache.ts:451:12
 ÔØ» IndexedDBCache.set src/services/multi-layer-cache.ts:517:18
 ÔØ» MultiLayerCache.set src/services/multi-layer-cache.ts:702:31
 ÔØ» src/services/__tests__/multi-layer-cache.test.ts:250:39

ÔÄ»ÔÄ»ÔÄ»ÔÄ»ÔÄ»ÔÄ»ÔÄ»ÔÄ»ÔÄ»ÔÄ»ÔÄ»ÔÄ»ÔÄ»ÔÄ»ÔÄ»ÔÄ»ÔÄ»ÔÄ»ÔÄ»ÔÄ»[163/449]ÔÄ»

 FAIL  src/services/__tests__/multi-layer-cache.test.ts > MultiLayerCache > error handling > should handle corrupted data gracefully
ReferenceError: indexedDB is not defined
 ÔØ» src/services/multi-layer-cache.ts:452:23
    450|   private async initDB(): Promise<void> {
    451|     return new Promise((resolve, reject) => {
    452|       const request = indexedDB.open(this.dbName, this.version);
       |                       ^
    453|       
    454|       request.onerror = () => reject(request.error);
 ÔØ» IndexedDBCache.initDB src/services/multi-layer-cache.ts:451:12
 ÔØ» IndexedDBCache.get src/services/multi-layer-cache.ts:475:18
 ÔØ» MultiLayerCache.get src/services/multi-layer-cache.ts:672:38
 ÔØ» src/services/__tests__/multi-layer-cache.test.ts:262:34

ÔÄ»ÔÄ»ÔÄ»ÔÄ»ÔÄ»ÔÄ»ÔÄ»ÔÄ»ÔÄ»ÔÄ»ÔÄ»ÔÄ»ÔÄ»ÔÄ»ÔÄ»ÔÄ»ÔÄ»ÔÄ»ÔÄ»ÔÄ»[164/449]ÔÄ»

 FAIL  src/services/__tests__/multi-layer-cache.test.ts > Individual Cache Layers > MemoryCache > should store and retrieve data in memory
 FAIL  src/services/__tests__/multi-layer-cache.test.ts > Individual Cache Layers > MemoryCache > should respect memory size limits
TypeError: MemoryCache is not a constructor
 ÔØ» src/services/__tests__/multi-layer-cache.test.ts:273:21
    271|     
    272|     beforeEach(() => {
    273|       memoryCache = new MemoryCache({ maxSize: 10, ttl: 5000 });
       |                     ^
    274|     });
    275| 

ÔÄ»ÔÄ»ÔÄ»ÔÄ»ÔÄ»ÔÄ»ÔÄ»ÔÄ»ÔÄ»ÔÄ»ÔÄ»ÔÄ»ÔÄ»ÔÄ»ÔÄ»ÔÄ»ÔÄ»ÔÄ»ÔÄ»ÔÄ»[165/449]ÔÄ»

 FAIL  src/services/__tests__/multi-layer-cache.test.ts > Individual Cache Layers > LocalStorageCache > should store and retrieve data in localStorage
TypeError: LocalStorageCache is not a constructor
 ÔØ» src/services/__tests__/multi-layer-cache.test.ts:299:27
    297|     
    298|     beforeEach(() => {
    299|       localStorageCache = new LocalStorageCache({ maxSize: 10, ttl: 50ÔÇª
       |                           ^
    300|     });
    301| 

ÔÄ»ÔÄ»ÔÄ»ÔÄ»ÔÄ»ÔÄ»ÔÄ»ÔÄ»ÔÄ»ÔÄ»ÔÄ»ÔÄ»ÔÄ»ÔÄ»ÔÄ»ÔÄ»ÔÄ»ÔÄ»ÔÄ»ÔÄ»[166/449]ÔÄ»

 FAIL  src/services/__tests__/multi-layer-cache.test.ts > Individual Cache Layers > IndexedDBCache > should store and retrieve data in IndexedDB
TypeError: IndexedDBCache is not a constructor
 ÔØ» src/services/__tests__/multi-layer-cache.test.ts:324:24
    322|     
    323|     beforeEach(() => {
    324|       indexedDBCache = new IndexedDBCache({ maxSize: 10, ttl: 5000 });
       |                        ^
    325|     });
    326| 

ÔÄ»ÔÄ»ÔÄ»ÔÄ»ÔÄ»ÔÄ»ÔÄ»ÔÄ»ÔÄ»ÔÄ»ÔÄ»ÔÄ»ÔÄ»ÔÄ»ÔÄ»ÔÄ»ÔÄ»ÔÄ»ÔÄ»ÔÄ»[167/449]ÔÄ»

 FAIL  src/services/__tests__/parallel-processor.test.ts > ParallelProcessor > processTask > should process a validation task successfully
TypeError: processor.processTask is not a function
 ÔØ» src/services/__tests__/parallel-processor.test.ts:42:38
     40|       };
     41| 
     42|       const result = await processor.processTask(task);
       |                                      ^
     43|       
     44|       expect(result.success).toBe(true);

ÔÄ»ÔÄ»ÔÄ»ÔÄ»ÔÄ»ÔÄ»ÔÄ»ÔÄ»ÔÄ»ÔÄ»ÔÄ»ÔÄ»ÔÄ»ÔÄ»ÔÄ»ÔÄ»ÔÄ»ÔÄ»ÔÄ»ÔÄ»[168/449]ÔÄ»

 FAIL  src/services/__tests__/parallel-processor.test.ts > ParallelProcessor > processTask > should process a validation task successfully
 FAIL  src/services/__tests__/parallel-processor.test.ts > ParallelProcessor > processTask > should process a correction task successfully
 FAIL  src/services/__tests__/parallel-processor.test.ts > ParallelProcessor > processTask > should handle content extraction tasks
 FAIL  src/services/__tests__/parallel-processor.test.ts > ParallelProcessor > processBatch > should process multiple tasks in parallel
 FAIL  src/services/__tests__/parallel-processor.test.ts > ParallelProcessor > processBatch > should handle batch processing with mixed task types
 FAIL  src/services/__tests__/parallel-processor.test.ts > ParallelProcessor > getStats > should track processing statistics
 FAIL  src/services/__tests__/parallel-processor.test.ts > ParallelProcessor > worker management > should scale workers based on queue size
 FAIL  src/services/__tests__/parallel-processor.test.ts > ParallelProcessor > error handling > should handle task timeouts gracefully
 FAIL  src/services/__tests__/parallel-processor.test.ts > ParallelProcessor > error handling > should retry failed tasks
TypeError: processor.shutdown is not a function
 ÔØ» src/services/__tests__/parallel-processor.test.ts:15:21
     13| 
     14|   afterEach(async () => {
     15|     await processor.shutdown();
       |                     ^
     16|   });
     17| 

ÔÄ»ÔÄ»ÔÄ»ÔÄ»ÔÄ»ÔÄ»ÔÄ»ÔÄ»ÔÄ»ÔÄ»ÔÄ»ÔÄ»ÔÄ»ÔÄ»ÔÄ»ÔÄ»ÔÄ»ÔÄ»ÔÄ»ÔÄ»[169/449]ÔÄ»

 FAIL  src/services/__tests__/parallel-processor.test.ts > ParallelProcessor > processTask > should process a correction task successfully
TypeError: processor.processTask is not a function
 ÔØ» src/services/__tests__/parallel-processor.test.ts:72:38
     70|       };
     71| 
     72|       const result = await processor.processTask(task);
       |                                      ^
     73|       
     74|       expect(result.success).toBe(true);

ÔÄ»ÔÄ»ÔÄ»ÔÄ»ÔÄ»ÔÄ»ÔÄ»ÔÄ»ÔÄ»ÔÄ»ÔÄ»ÔÄ»ÔÄ»ÔÄ»ÔÄ»ÔÄ»ÔÄ»ÔÄ»ÔÄ»ÔÄ»[170/449]ÔÄ»

 FAIL  src/services/__tests__/parallel-processor.test.ts > ParallelProcessor > processTask > should handle content extraction tasks
TypeError: processor.processTask is not a function
 ÔØ» src/services/__tests__/parallel-processor.test.ts:101:38
     99|       };
    100| 
    101|       const result = await processor.processTask(task);
       |                                      ^
    102|       
    103|       expect(result.success).toBe(true);

ÔÄ»ÔÄ»ÔÄ»ÔÄ»ÔÄ»ÔÄ»ÔÄ»ÔÄ»ÔÄ»ÔÄ»ÔÄ»ÔÄ»ÔÄ»ÔÄ»ÔÄ»ÔÄ»ÔÄ»ÔÄ»ÔÄ»ÔÄ»[171/449]ÔÄ»

 FAIL  src/services/__tests__/parallel-processor.test.ts > ParallelProcessor > processBatch > should process multiple tasks in parallel
TypeError: processor.processBatch is not a function
 ÔØ» src/services/__tests__/parallel-processor.test.ts:147:39
    145|       ];
    146| 
    147|       const results = await processor.processBatch(tasks);
       |                                       ^
    148|       
    149|       expect(results).toHaveLength(2);

ÔÄ»ÔÄ»ÔÄ»ÔÄ»ÔÄ»ÔÄ»ÔÄ»ÔÄ»ÔÄ»ÔÄ»ÔÄ»ÔÄ»ÔÄ»ÔÄ»ÔÄ»ÔÄ»ÔÄ»ÔÄ»ÔÄ»ÔÄ»[172/449]ÔÄ»

 FAIL  src/services/__tests__/parallel-processor.test.ts > ParallelProcessor > processBatch > should handle batch processing with mixed task types
TypeError: processor.processBatch is not a function
 ÔØ» src/services/__tests__/parallel-processor.test.ts:175:39
    173|       ];
    174| 
    175|       const results = await processor.processBatch(tasks);
       |                                       ^
    176|       
    177|       expect(results).toHaveLength(3);

ÔÄ»ÔÄ»ÔÄ»ÔÄ»ÔÄ»ÔÄ»ÔÄ»ÔÄ»ÔÄ»ÔÄ»ÔÄ»ÔÄ»ÔÄ»ÔÄ»ÔÄ»ÔÄ»ÔÄ»ÔÄ»ÔÄ»ÔÄ»[173/449]ÔÄ»

 FAIL  src/services/__tests__/parallel-processor.test.ts > ParallelProcessor > getStats > should track processing statistics
TypeError: processor.processTask is not a function
 ÔØ» src/services/__tests__/parallel-processor.test.ts:191:23
    189|       };
    190| 
    191|       await processor.processTask(task);
       |                       ^
    192|       
    193|       const stats = processor.getStats();

ÔÄ»ÔÄ»ÔÄ»ÔÄ»ÔÄ»ÔÄ»ÔÄ»ÔÄ»ÔÄ»ÔÄ»ÔÄ»ÔÄ»ÔÄ»ÔÄ»ÔÄ»ÔÄ»ÔÄ»ÔÄ»ÔÄ»ÔÄ»[174/449]ÔÄ»

 FAIL  src/services/__tests__/parallel-processor.test.ts > ParallelProcessor > worker management > should scale workers based on queue size
TypeError: processor.getStats is not a function
 ÔØ» src/services/__tests__/parallel-processor.test.ts:205:38
    203|   describe('worker management', () => {
    204|     it('should scale workers based on queue size', async () => {
    205|       const initialStats = processor.getStats();
       |                                      ^
    206|       
    207|       // Add multiple tasks to trigger worker scaling

ÔÄ»ÔÄ»ÔÄ»ÔÄ»ÔÄ»ÔÄ»ÔÄ»ÔÄ»ÔÄ»ÔÄ»ÔÄ»ÔÄ»ÔÄ»ÔÄ»ÔÄ»ÔÄ»ÔÄ»ÔÄ»ÔÄ»ÔÄ»[175/449]ÔÄ»

 FAIL  src/services/__tests__/parallel-processor.test.ts > ParallelProcessor > error handling > should handle task timeouts gracefully
TypeError: shortTimeoutProcessor.processTask is not a function
 ÔØ» src/services/__tests__/parallel-processor.test.ts:242:50
    240|       };
    241| 
    242|       const result = await shortTimeoutProcessor.processTask(task);
       |                                                  ^
    243|       
    244|       expect(result.success).toBe(false);

ÔÄ»ÔÄ»ÔÄ»ÔÄ»ÔÄ»ÔÄ»ÔÄ»ÔÄ»ÔÄ»ÔÄ»ÔÄ»ÔÄ»ÔÄ»ÔÄ»ÔÄ»ÔÄ»ÔÄ»ÔÄ»ÔÄ»ÔÄ»[176/449]ÔÄ»

 FAIL  src/services/__tests__/parallel-processor.test.ts > ParallelProcessor > error handling > should retry failed tasks
TypeError: retryProcessor.processTask is not a function
 ÔØ» src/services/__tests__/parallel-processor.test.ts:265:43
    263|       };
    264| 
    265|       const result = await retryProcessor.processTask(task);
       |                                           ^
    266|       
    267|       // Should eventually fail after retries

ÔÄ»ÔÄ»ÔÄ»ÔÄ»ÔÄ»ÔÄ»ÔÄ»ÔÄ»ÔÄ»ÔÄ»ÔÄ»ÔÄ»ÔÄ»ÔÄ»ÔÄ»ÔÄ»ÔÄ»ÔÄ»ÔÄ»ÔÄ»[177/449]ÔÄ»

 FAIL  src/services/__tests__/progress-indicator.service.test.ts > ProgressIndicatorService > startProgress > should initialize progress with default steps
 FAIL  src/services/__tests__/progress-indicator.service.test.ts > ProgressIndicatorService > startProgress > should emit progress event on start
 FAIL  src/services/__tests__/progress-indicator.service.test.ts > ProgressIndicatorService > updateStep > should update current step progress
 FAIL  src/services/__tests__/progress-indicator.service.test.ts > ProgressIndicatorService > updateStep > should calculate overall progress correctly
 FAIL  src/services/__tests__/progress-indicator.service.test.ts > ProgressIndicatorService > updateStep > should emit progress events on updates
 FAIL  src/services/__tests__/progress-indicator.service.test.ts > ProgressIndicatorService > nextStep > should advance to next step
 FAIL  src/services/__tests__/progress-indicator.service.test.ts > ProgressIndicatorService > nextStep > should complete progress when reaching last step
 FAIL  src/services/__tests__/progress-indicator.service.test.ts > ProgressIndicatorService > addMetric > should add performance metrics
 FAIL  src/services/__tests__/progress-indicator.service.test.ts > ProgressIndicatorService > addMetric > should update existing metrics
 FAIL  src/services/__tests__/progress-indicator.service.test.ts > ProgressIndicatorService > error handling > should handle step errors
 FAIL  src/services/__tests__/progress-indicator.service.test.ts > ProgressIndicatorService > error handling > should emit error events
 FAIL  src/services/__tests__/progress-indicator.service.test.ts > ProgressIndicatorService > time estimation > should calculate estimated time remaining
 FAIL  src/services/__tests__/progress-indicator.service.test.ts > ProgressIndicatorService > time estimation > should update elapsed time
 FAIL  src/services/__tests__/progress-indicator.service.test.ts > ProgressIndicatorService > pause and resume > should pause progress tracking
 FAIL  src/services/__tests__/progress-indicator.service.test.ts > ProgressIndicatorService > pause and resume > should resume progress tracking
 FAIL  src/services/__tests__/progress-indicator.service.test.ts > ProgressIndicatorService > pause and resume > should not update elapsed time when paused
 FAIL  src/services/__tests__/progress-indicator.service.test.ts > ProgressIndicatorService > reset > should reset progress to initial state
 FAIL  src/services/__tests__/progress-indicator.service.test.ts > ProgressIndicatorService > batch operations > should handle batch progress updates
 FAIL  src/services/__tests__/progress-indicator.service.test.ts > ProgressIndicatorService > performance metrics > should track processing speed metrics
 FAIL  src/services/__tests__/progress-indicator.service.test.ts > ProgressIndicatorService > performance metrics > should calculate throughput metrics
ReferenceError: jest is not defined
 ÔØ» src/services/__tests__/progress-indicator.service.test.ts:8:5
      6|   
      7|   beforeEach(() => {
      8|     mockCallback = jest.fn();
       |     ^
      9|     progressService = new ProgressIndicatorService({
     10|       enableDetailedLogging: true,

ÔÄ»ÔÄ»ÔÄ»ÔÄ»ÔÄ»ÔÄ»ÔÄ»ÔÄ»ÔÄ»ÔÄ»ÔÄ»ÔÄ»ÔÄ»ÔÄ»ÔÄ»ÔÄ»ÔÄ»ÔÄ»ÔÄ»ÔÄ»[178/449]ÔÄ»

 FAIL  src/services/__tests__/progress-indicator.service.test.ts > ProgressIndicatorService > startProgress > should initialize progress with default steps
 FAIL  src/services/__tests__/progress-indicator.service.test.ts > ProgressIndicatorService > startProgress > should emit progress event on start
 FAIL  src/services/__tests__/progress-indicator.service.test.ts > ProgressIndicatorService > updateStep > should update current step progress
 FAIL  src/services/__tests__/progress-indicator.service.test.ts > ProgressIndicatorService > updateStep > should calculate overall progress correctly
 FAIL  src/services/__tests__/progress-indicator.service.test.ts > ProgressIndicatorService > updateStep > should emit progress events on updates
 FAIL  src/services/__tests__/progress-indicator.service.test.ts > ProgressIndicatorService > nextStep > should advance to next step
 FAIL  src/services/__tests__/progress-indicator.service.test.ts > ProgressIndicatorService > nextStep > should complete progress when reaching last step
 FAIL  src/services/__tests__/progress-indicator.service.test.ts > ProgressIndicatorService > addMetric > should add performance metrics
 FAIL  src/services/__tests__/progress-indicator.service.test.ts > ProgressIndicatorService > addMetric > should update existing metrics
 FAIL  src/services/__tests__/progress-indicator.service.test.ts > ProgressIndicatorService > error handling > should handle step errors
 FAIL  src/services/__tests__/progress-indicator.service.test.ts > ProgressIndicatorService > error handling > should emit error events
 FAIL  src/services/__tests__/progress-indicator.service.test.ts > ProgressIndicatorService > time estimation > should calculate estimated time remaining
 FAIL  src/services/__tests__/progress-indicator.service.test.ts > ProgressIndicatorService > time estimation > should update elapsed time
 FAIL  src/services/__tests__/progress-indicator.service.test.ts > ProgressIndicatorService > pause and resume > should pause progress tracking
 FAIL  src/services/__tests__/progress-indicator.service.test.ts > ProgressIndicatorService > pause and resume > should resume progress tracking
 FAIL  src/services/__tests__/progress-indicator.service.test.ts > ProgressIndicatorService > pause and resume > should not update elapsed time when paused
 FAIL  src/services/__tests__/progress-indicator.service.test.ts > ProgressIndicatorService > reset > should reset progress to initial state
 FAIL  src/services/__tests__/progress-indicator.service.test.ts > ProgressIndicatorService > batch operations > should handle batch progress updates
 FAIL  src/services/__tests__/progress-indicator.service.test.ts > ProgressIndicatorService > performance metrics > should track processing speed metrics
 FAIL  src/services/__tests__/progress-indicator.service.test.ts > ProgressIndicatorService > performance metrics > should calculate throughput metrics
TypeError: Cannot read properties of undefined (reading 'reset')
 ÔØ» src/services/__tests__/progress-indicator.service.test.ts:17:21
     15| 
     16|   afterEach(() => {
     17|     progressService.reset();
       |                     ^
     18|   });
     19| 

ÔÄ»ÔÄ»ÔÄ»ÔÄ»ÔÄ»ÔÄ»ÔÄ»ÔÄ»ÔÄ»ÔÄ»ÔÄ»ÔÄ»ÔÄ»ÔÄ»ÔÄ»ÔÄ»ÔÄ»ÔÄ»ÔÄ»ÔÄ»[179/449]ÔÄ»

 FAIL  src/services/__tests__/slide-data-validator.test.ts > SlideDataValidator > validateSlide > should validate a valid slide successfully
AssertionError: expected undefined to be true // Object.is equality

- Expected: 
true

+ Received: 
undefined

 ÔØ» src/services/__tests__/slide-data-validator.test.ts:35:30
     33|       const result = validator.validateSlide(validSlide);
     34|       
     35|       expect(result.isValid).toBe(true);
       |                              ^
     36|       expect(result.errors).toHaveLength(0);
     37|       expect(result.warnings).toHaveLength(0);

ÔÄ»ÔÄ»ÔÄ»ÔÄ»ÔÄ»ÔÄ»ÔÄ»ÔÄ»ÔÄ»ÔÄ»ÔÄ»ÔÄ»ÔÄ»ÔÄ»ÔÄ»ÔÄ»ÔÄ»ÔÄ»ÔÄ»ÔÄ»[180/449]ÔÄ»

 FAIL  src/services/__tests__/slide-data-validator.test.ts > SlideDataValidator > validateSlide > should detect missing required fields
AssertionError: expected undefined to be false // Object.is equality

- Expected: 
false

+ Received: 
undefined

 ÔØ» src/services/__tests__/slide-data-validator.test.ts:48:30
     46|       const result = validator.validateSlide(invalidSlide as SlideDataÔÇª
     47|       
     48|       expect(result.isValid).toBe(false);
       |                              ^
     49|       expect(result.errors.length).toBeGreaterThan(0);
     50|       expect(result.errors.some(e => e.field === 'title')).toBe(true);

ÔÄ»ÔÄ»ÔÄ»ÔÄ»ÔÄ»ÔÄ»ÔÄ»ÔÄ»ÔÄ»ÔÄ»ÔÄ»ÔÄ»ÔÄ»ÔÄ»ÔÄ»ÔÄ»ÔÄ»ÔÄ»ÔÄ»ÔÄ»[181/449]ÔÄ»

 FAIL  src/services/__tests__/slide-data-validator.test.ts > SlideDataValidator > validateSlide > should validate image properties
AssertionError: expected undefined to be false // Object.is equality

- Expected: 
false

+ Received: 
undefined

 ÔØ» src/services/__tests__/slide-data-validator.test.ts:78:30
     76|       const result = validator.validateSlide(slideWithInvalidImage);
     77|       
     78|       expect(result.isValid).toBe(false);
       |                              ^
     79|       expect(result.errors.some(e => e.field === 'images[0].src')).toBÔÇª
     80|       expect(result.errors.some(e => e.field === 'images[0].width')).tÔÇª

ÔÄ»ÔÄ»ÔÄ»ÔÄ»ÔÄ»ÔÄ»ÔÄ»ÔÄ»ÔÄ»ÔÄ»ÔÄ»ÔÄ»ÔÄ»ÔÄ»ÔÄ»ÔÄ»ÔÄ»ÔÄ»ÔÄ»ÔÄ»[182/449]ÔÄ»

 FAIL  src/services/__tests__/slide-data-validator.test.ts > SlideDataValidator > validateSlides > should validate multiple slides
AssertionError: expected Promise{ÔÇª} to have property 'length'
 ÔØ» src/services/__tests__/slide-data-validator.test.ts:112:23
    110|       const results = validator.validateSlides(slides);
    111|       
    112|       expect(results).toHaveLength(2);
       |                       ^
    113|       expect(results.every(r => r.isValid)).toBe(true);
    114|     });

ÔÄ»ÔÄ»ÔÄ»ÔÄ»ÔÄ»ÔÄ»ÔÄ»ÔÄ»ÔÄ»ÔÄ»ÔÄ»ÔÄ»ÔÄ»ÔÄ»ÔÄ»ÔÄ»ÔÄ»ÔÄ»ÔÄ»ÔÄ»[183/449]ÔÄ»

 FAIL  src/services/__tests__/slide-data-validator.test.ts > SlideDataValidator > addCustomRule > should add and apply custom validation rules
AssertionError: expected undefined to be false // Object.is equality

- Expected: 
false

+ Received: 
undefined

 ÔØ» src/services/__tests__/slide-data-validator.test.ts:142:30
    140|       const result = validator.validateSlide(slideWithShortTitle);
    141|       
    142|       expect(result.isValid).toBe(false);
       |                              ^
    143|       expect(result.errors.some(e => e.ruleId === 'custom-title-lengthÔÇª
    144|     });

ÔÄ»ÔÄ»ÔÄ»ÔÄ»ÔÄ»ÔÄ»ÔÄ»ÔÄ»ÔÄ»ÔÄ»ÔÄ»ÔÄ»ÔÄ»ÔÄ»ÔÄ»ÔÄ»ÔÄ»ÔÄ»ÔÄ»ÔÄ»[184/449]ÔÄ»

 FAIL  src/services/__tests__/slide-data-validator.test.ts > SlideDataValidator > generateReport > should generate a comprehensive validation report
TypeError: validator.generateReport is not a function
 ÔØ» src/services/__tests__/slide-data-validator.test.ts:172:32
    170|       ];
    171| 
    172|       const report = validator.generateReport(slides);
       |                                ^
    173|       
    174|       expect(report.totalSlides).toBe(2);

ÔÄ»ÔÄ»ÔÄ»ÔÄ»ÔÄ»ÔÄ»ÔÄ»ÔÄ»ÔÄ»ÔÄ»ÔÄ»ÔÄ»ÔÄ»ÔÄ»ÔÄ»ÔÄ»ÔÄ»ÔÄ»ÔÄ»ÔÄ»[185/449]ÔÄ»

 FAIL  src/services/__tests__/tts-logger.test.ts > TTSLogger > Specialized Logging Methods > should log health checks
AssertionError: expected false to be true // Object.is equality

- Expected
+ Received

- true
+ false

 ÔØ» src/services/__tests__/tts-logger.test.ts:195:41
    193|       // Success log
    194|       expect(logs[1].action).toBe('health_check');
    195|       expect(logs[1].metadata?.success).toBe(true);
       |                                         ^
    196|       
    197|       // Failure log

ÔÄ»ÔÄ»ÔÄ»ÔÄ»ÔÄ»ÔÄ»ÔÄ»ÔÄ»ÔÄ»ÔÄ»ÔÄ»ÔÄ»ÔÄ»ÔÄ»ÔÄ»ÔÄ»ÔÄ»ÔÄ»ÔÄ»ÔÄ»[186/449]ÔÄ»

 FAIL  src/services/__tests__/tts-logger.test.ts > TTSLogger > Log Management > should maintain maximum log limit
AssertionError: expected 'Message 2' to be 'Message 4' // Object.is equality

Expected: "Message 4"
Received: "Message 2"

 ÔØ» src/services/__tests__/tts-logger.test.ts:216:31
    214|       expect(logs).toHaveLength(3);
    215|       // Should keep the most recent logs
    216|       expect(logs[0].message).toBe('Message 4');
       |                               ^
    217|       expect(logs[2].message).toBe('Message 2');
    218|     });

ÔÄ»ÔÄ»ÔÄ»ÔÄ»ÔÄ»ÔÄ»ÔÄ»ÔÄ»ÔÄ»ÔÄ»ÔÄ»ÔÄ»ÔÄ»ÔÄ»ÔÄ»ÔÄ»ÔÄ»ÔÄ»ÔÄ»ÔÄ»[187/449]ÔÄ»

 FAIL  src/services/__tests__/tts-logger.test.ts > TTSLogger > Log Filtering > should filter by date
AssertionError: expected [ { ÔÇª(7) }, { ÔÇª(7) }, { ÔÇª(7) }, ÔÇª(2) ] to have a length of +0 but got 5

- Expected
+ Received

- 0
+ 5

 ÔØ» src/services/__tests__/tts-logger.test.ts:268:26
    266|       const futureDate = new Date('2024-01-01T13:00:00.000Z');
    267|       const recentLogs = logger.getLogs({ since: futureDate });
    268|       expect(recentLogs).toHaveLength(0);
       |                          ^
    269|       
    270|       const pastDate = new Date('2024-01-01T11:00:00.000Z');

ÔÄ»ÔÄ»ÔÄ»ÔÄ»ÔÄ»ÔÄ»ÔÄ»ÔÄ»ÔÄ»ÔÄ»ÔÄ»ÔÄ»ÔÄ»ÔÄ»ÔÄ»ÔÄ»ÔÄ»ÔÄ»ÔÄ»ÔÄ»[188/449]ÔÄ»

 FAIL  src/services/__tests__/tts-logger.test.ts > TTSLogger > Console Output > should output to console when enabled
AssertionError: expected "spy" to be called with arguments: [ StringContaining "Ôä╣´©Å", ÔÇª(2) ]

Number of calls: 0

 ÔØ» src/services/__tests__/tts-logger.test.ts:387:31
    385|       logger.info('test', 'action', 'Test message');
    386|       
    387|       expect(consoleMock.log).toHaveBeenCalledWith(
       |                               ^
    388|         expect.stringContaining('Ôä╣´©Å'),
    389|         'Test message',

ÔÄ»ÔÄ»ÔÄ»ÔÄ»ÔÄ»ÔÄ»ÔÄ»ÔÄ»ÔÄ»ÔÄ»ÔÄ»ÔÄ»ÔÄ»ÔÄ»ÔÄ»ÔÄ»ÔÄ»ÔÄ»ÔÄ»ÔÄ»[189/449]ÔÄ»

 FAIL  src/services/__tests__/tts-logger.test.ts > TTSLogger > Console Output > should use appropriate console methods for different levels
AssertionError: expected "spy" to be called at least once
 ÔØ» src/services/__tests__/tts-logger.test.ts:401:33
    399|       expect(consoleMock.error).toHaveBeenCalled();
    400|       expect(consoleMock.warn).toHaveBeenCalled();
    401|       expect(consoleMock.debug).toHaveBeenCalled();
       |                                 ^
    402|     });
    403| 

ÔÄ»ÔÄ»ÔÄ»ÔÄ»ÔÄ»ÔÄ»ÔÄ»ÔÄ»ÔÄ»ÔÄ»ÔÄ»ÔÄ»ÔÄ»ÔÄ»ÔÄ»ÔÄ»ÔÄ»ÔÄ»ÔÄ»ÔÄ»[190/449]ÔÄ»

 FAIL  src/__tests__/components/AdvancedUIManager.test.tsx > AdvancedUIManager Component > Renderiza├º├úo > deve renderizar o componente corretamente
TestingLibraryElementError: Unable to find an element with the text: Gerenciamento avan├ºado de interface. This could be because the text is broken up by multiple elements. In this case, you can provide a function for your text matcher to make your matcher more flexible.

Ignored nodes: comments, script, style
<body>
  <div>
    <div
      class="bg-white rounded-lg shadow-lg "
    >
      <div
        class="p-6 border-b border-gray-200"
      >
        <div
          class="flex items-center justify-between"
        >
          <div
            class="flex items-center space-x-3"
          >
            <div
              class="p-2 bg-blue-100 rounded-lg"
            >
              <svg
                class="lucide lucide-layers h-6 w-6 text-blue-600"
                fill="none"
                height="24"
                stroke="currentColor"
                stroke-linecap="round"
                stroke-linejoin="round"
                stroke-width="2"
                viewBox="0 0 24 24"
                width="24"
                xmlns="http://www.w3.org/2000/svg"
              >
                <path
                  d="m12.83 2.18a2 2 0 0 0-1.66 0L2.6 6.08a1 1 0 0 0 0 1.83l8.58 3.91a2 2 0 0 0 1.66 0l8.58-3.9a1 1 0 0 0 0-1.83Z"
                />
                <path
                  d="m22 17.65-9.17 4.16a2 2 0 0 1-1.66 0L2 17.65"
                />
                <path
                  d="m22 12.65-9.17 4.16a2 2 0 0 1-1.66 0L2 12.65"
                />
              </svg>
            </div>
            <div>
              <h2
                class="text-xl font-semibold text-gray-900"
              >
                Advanced UI Manager
              </h2>
              <p
                class="text-sm text-gray-600"
              >
                Gerencie componentes, tours e temas da interface
              </p>
            </div>
          </div>
          <div
            class="flex items-center space-x-2"
          >
            <div
              class="flex items-center space-x-1 px-2 py-1 rounded-full text-xs bg-green-100 text-green-800"
            >
              <svg
                class="lucide lucide-check-circle h-3 w-3"
                fill="none"
                height="24"
                stroke="currentColor"
                stroke-linecap="round"
                stroke-linejoin="round"
                stroke-width="2"
                viewBox="0 0 24 24"
                width="24"
                xmlns="http://www.w3.org/2000/svg"
              >
                <path
                  d="M22 11.08V12a10 10 0 1 1-5.93-9.14"
                />
                <path
                  d="m9 11 3 3L22 4"
                />
              </svg>
              <span>
                Saud├ível
              </span>
            </div>
            <button
              class="p-2 text-gray-400 hover:text-gray-600"
            >
              <svg
                class="lucide lucide-maximize2 h-4 w-4"
                fill="none"
                height="24"
                stroke="currentColor"
                stroke-linecap="round"
                stroke-linejoin="round"
                stroke-width="2"
                viewBox="0 0 24 24"
                width="24"
                xmlns="http://www.w3.org/2000/svg"
              >
                <polyline
                  points="15 3 21 3 21 9"
                />
                <polyline
                  points="9 21 3 21 3 15"
                />
                <line
                  x1="21"
                  x2="14"
                  y1="3"
                  y2="10"
                />
                <line
                  x1="3"
                  x2="10"
                  y1="21"
                  y2="14"
                />
              </svg>
            </button>
          </div>
        </div>
      </div>
      <div
        class="p-6"
      >
        <div
          class="grid grid-cols-1 md:grid-cols-2 lg:grid-cols-4 gap-4"
        >
          <div
            class="bg-white border border-gray-200 rounded-lg p-4 hover:shadow-md transition-shadow cursor-pointer"
          >
            <div
              class="flex items-center justify-between"
            >
              <div
                class="p-2 bg-blue-50 rounded-lg"
              >
                <svg
                  class="lucide lucide-layers h-5 w-5 text-blue-600"
                  fill="none"
                  height="24"
                  stroke="currentColor"
                  stroke-linecap="round"
                  stroke-linejoin="round"
                  stroke-width="2"
                  viewBox="0 0 24 24"
                  width="24"
                  xmlns="http://www.w3.org/2000/svg"
                >
                  <path
                    d="m12.83 2.18a2 2 0 0 0-1.66 0L2.6 6.08a1 1 0 0 0 0 1.83l8.58 3.91a2 2 0 0 0 1.66 0l8.58-3.9a1 1 0 0 0 0-1.83Z"
                  />
                  <path
                    d="m22 17.65-9.17 4.16a2 2 0 0 1-1.66 0L2 17.65"
                  />
                ...
 ÔØ» Object.getElementError node_modules/@testing-library/dom/dist/config.js:37:19
 ÔØ» node_modules/@testing-library/dom/dist/query-helpers.js:76:38
 ÔØ» node_modules/@testing-library/dom/dist/query-helpers.js:52:17
 ÔØ» node_modules/@testing-library/dom/dist/query-helpers.js:95:19
 ÔØ» src/__tests__/components/AdvancedUIManager.test.tsx:172:21
    170|       
    171|       expect(screen.getByText('Advanced UI Manager')).toBeInTheDocumenÔÇª
    172|       expect(screen.getByText('Gerenciamento avan├ºado de interface')).ÔÇª
       |                     ^
    173|     });
    174| 

ÔÄ»ÔÄ»ÔÄ»ÔÄ»ÔÄ»ÔÄ»ÔÄ»ÔÄ»ÔÄ»ÔÄ»ÔÄ»ÔÄ»ÔÄ»ÔÄ»ÔÄ»ÔÄ»ÔÄ»ÔÄ»ÔÄ»ÔÄ»[191/449]ÔÄ»

 FAIL  src/__tests__/components/AdvancedUIManager.test.tsx > AdvancedUIManager Component > Renderiza├º├úo > deve renderizar cards de status
TestingLibraryElementError: Unable to find an element with the text: Total de Componentes. This could be because the text is broken up by multiple elements. In this case, you can provide a function for your text matcher to make your matcher more flexible.

Ignored nodes: comments, script, style
<body>
  <div>
    <div
      class="bg-white rounded-lg shadow-lg "
    >
      <div
        class="p-6 border-b border-gray-200"
      >
        <div
          class="flex items-center justify-between"
        >
          <div
            class="flex items-center space-x-3"
          >
            <div
              class="p-2 bg-blue-100 rounded-lg"
            >
              <svg
                class="lucide lucide-layers h-6 w-6 text-blue-600"
                fill="none"
                height="24"
                stroke="currentColor"
                stroke-linecap="round"
                stroke-linejoin="round"
                stroke-width="2"
                viewBox="0 0 24 24"
                width="24"
                xmlns="http://www.w3.org/2000/svg"
              >
                <path
                  d="m12.83 2.18a2 2 0 0 0-1.66 0L2.6 6.08a1 1 0 0 0 0 1.83l8.58 3.91a2 2 0 0 0 1.66 0l8.58-3.9a1 1 0 0 0 0-1.83Z"
                />
                <path
                  d="m22 17.65-9.17 4.16a2 2 0 0 1-1.66 0L2 17.65"
                />
                <path
                  d="m22 12.65-9.17 4.16a2 2 0 0 1-1.66 0L2 12.65"
                />
              </svg>
            </div>
            <div>
              <h2
                class="text-xl font-semibold text-gray-900"
              >
                Advanced UI Manager
              </h2>
              <p
                class="text-sm text-gray-600"
              >
                Gerencie componentes, tours e temas da interface
              </p>
            </div>
          </div>
          <div
            class="flex items-center space-x-2"
          >
            <div
              class="flex items-center space-x-1 px-2 py-1 rounded-full text-xs bg-green-100 text-green-800"
            >
              <svg
                class="lucide lucide-check-circle h-3 w-3"
                fill="none"
                height="24"
                stroke="currentColor"
                stroke-linecap="round"
                stroke-linejoin="round"
                stroke-width="2"
                viewBox="0 0 24 24"
                width="24"
                xmlns="http://www.w3.org/2000/svg"
              >
                <path
                  d="M22 11.08V12a10 10 0 1 1-5.93-9.14"
                />
                <path
                  d="m9 11 3 3L22 4"
                />
              </svg>
              <span>
                Saud├ível
              </span>
            </div>
            <button
              class="p-2 text-gray-400 hover:text-gray-600"
            >
              <svg
                class="lucide lucide-maximize2 h-4 w-4"
                fill="none"
                height="24"
                stroke="currentColor"
                stroke-linecap="round"
                stroke-linejoin="round"
                stroke-width="2"
                viewBox="0 0 24 24"
                width="24"
                xmlns="http://www.w3.org/2000/svg"
              >
                <polyline
                  points="15 3 21 3 21 9"
                />
                <polyline
                  points="9 21 3 21 3 15"
                />
                <line
                  x1="21"
                  x2="14"
                  y1="3"
                  y2="10"
                />
                <line
                  x1="3"
                  x2="10"
                  y1="21"
                  y2="14"
                />
              </svg>
            </button>
          </div>
        </div>
      </div>
      <div
        class="p-6"
      >
        <div
          class="grid grid-cols-1 md:grid-cols-2 lg:grid-cols-4 gap-4"
        >
          <div
            class="bg-white border border-gray-200 rounded-lg p-4 hover:shadow-md transition-shadow cursor-pointer"
          >
            <div
              class="flex items-center justify-between"
            >
              <div
                class="p-2 bg-blue-50 rounded-lg"
              >
                <svg
                  class="lucide lucide-layers h-5 w-5 text-blue-600"
                  fill="none"
                  height="24"
                  stroke="currentColor"
                  stroke-linecap="round"
                  stroke-linejoin="round"
                  stroke-width="2"
                  viewBox="0 0 24 24"
                  width="24"
                  xmlns="http://www.w3.org/2000/svg"
                >
                  <path
                    d="m12.83 2.18a2 2 0 0 0-1.66 0L2.6 6.08a1 1 0 0 0 0 1.83l8.58 3.91a2 2 0 0 0 1.66 0l8.58-3.9a1 1 0 0 0 0-1.83Z"
                  />
                  <path
                    d="m22 17.65-9.17 4.16a2 2 0 0 1-1.66 0L2 17.65"
                  />
                ...
 ÔØ» Object.getElementError node_modules/@testing-library/dom/dist/config.js:37:19
 ÔØ» node_modules/@testing-library/dom/dist/query-helpers.js:76:38
 ÔØ» node_modules/@testing-library/dom/dist/query-helpers.js:52:17
 ÔØ» node_modules/@testing-library/dom/dist/query-helpers.js:95:19
 ÔØ» src/__tests__/components/AdvancedUIManager.test.tsx:189:21
    187|       render(<AdvancedUIManager />);
    188|       
    189|       expect(screen.getByText('Total de Componentes')).toBeInTheDocumeÔÇª
       |                     ^
    190|       expect(screen.getByText('Tours Ativos')).toBeInTheDocument();
    191|       expect(screen.getByText('Sa├║de do Sistema')).toBeInTheDocument();

ÔÄ»ÔÄ»ÔÄ»ÔÄ»ÔÄ»ÔÄ»ÔÄ»ÔÄ»ÔÄ»ÔÄ»ÔÄ»ÔÄ»ÔÄ»ÔÄ»ÔÄ»ÔÄ»ÔÄ»ÔÄ»ÔÄ»ÔÄ»[192/449]ÔÄ»

 FAIL  src/__tests__/components/AdvancedUIManager.test.tsx > AdvancedUIManager Component > Renderiza├º├úo > deve renderizar barra de busca e filtros
TestingLibraryElementError: Unable to find an element with the placeholder text of: Buscar...

Ignored nodes: comments, script, style
<body>
  <div>
    <div
      class="bg-white rounded-lg shadow-lg "
    >
      <div
        class="p-6 border-b border-gray-200"
      >
        <div
          class="flex items-center justify-between"
        >
          <div
            class="flex items-center space-x-3"
          >
            <div
              class="p-2 bg-blue-100 rounded-lg"
            >
              <svg
                class="lucide lucide-layers h-6 w-6 text-blue-600"
                fill="none"
                height="24"
                stroke="currentColor"
                stroke-linecap="round"
                stroke-linejoin="round"
                stroke-width="2"
                viewBox="0 0 24 24"
                width="24"
                xmlns="http://www.w3.org/2000/svg"
              >
                <path
                  d="m12.83 2.18a2 2 0 0 0-1.66 0L2.6 6.08a1 1 0 0 0 0 1.83l8.58 3.91a2 2 0 0 0 1.66 0l8.58-3.9a1 1 0 0 0 0-1.83Z"
                />
                <path
                  d="m22 17.65-9.17 4.16a2 2 0 0 1-1.66 0L2 17.65"
                />
                <path
                  d="m22 12.65-9.17 4.16a2 2 0 0 1-1.66 0L2 12.65"
                />
              </svg>
            </div>
            <div>
              <h2
                class="text-xl font-semibold text-gray-900"
              >
                Advanced UI Manager
              </h2>
              <p
                class="text-sm text-gray-600"
              >
                Gerencie componentes, tours e temas da interface
              </p>
            </div>
          </div>
          <div
            class="flex items-center space-x-2"
          >
            <div
              class="flex items-center space-x-1 px-2 py-1 rounded-full text-xs bg-green-100 text-green-800"
            >
              <svg
                class="lucide lucide-check-circle h-3 w-3"
                fill="none"
                height="24"
                stroke="currentColor"
                stroke-linecap="round"
                stroke-linejoin="round"
                stroke-width="2"
                viewBox="0 0 24 24"
                width="24"
                xmlns="http://www.w3.org/2000/svg"
              >
                <path
                  d="M22 11.08V12a10 10 0 1 1-5.93-9.14"
                />
                <path
                  d="m9 11 3 3L22 4"
                />
              </svg>
              <span>
                Saud├ível
              </span>
            </div>
            <button
              class="p-2 text-gray-400 hover:text-gray-600"
            >
              <svg
                class="lucide lucide-maximize2 h-4 w-4"
                fill="none"
                height="24"
                stroke="currentColor"
                stroke-linecap="round"
                stroke-linejoin="round"
                stroke-width="2"
                viewBox="0 0 24 24"
                width="24"
                xmlns="http://www.w3.org/2000/svg"
              >
                <polyline
                  points="15 3 21 3 21 9"
                />
                <polyline
                  points="9 21 3 21 3 15"
                />
                <line
                  x1="21"
                  x2="14"
                  y1="3"
                  y2="10"
                />
                <line
                  x1="3"
                  x2="10"
                  y1="21"
                  y2="14"
                />
              </svg>
            </button>
          </div>
        </div>
      </div>
      <div
        class="p-6"
      >
        <div
          class="grid grid-cols-1 md:grid-cols-2 lg:grid-cols-4 gap-4"
        >
          <div
            class="bg-white border border-gray-200 rounded-lg p-4 hover:shadow-md transition-shadow cursor-pointer"
          >
            <div
              class="flex items-center justify-between"
            >
              <div
                class="p-2 bg-blue-50 rounded-lg"
              >
                <svg
                  class="lucide lucide-layers h-5 w-5 text-blue-600"
                  fill="none"
                  height="24"
                  stroke="currentColor"
                  stroke-linecap="round"
                  stroke-linejoin="round"
                  stroke-width="2"
                  viewBox="0 0 24 24"
                  width="24"
                  xmlns="http://www.w3.org/2000/svg"
                >
                  <path
                    d="m12.83 2.18a2 2 0 0 0-1.66 0L2.6 6.08a1 1 0 0 0 0 1.83l8.58 3.91a2 2 0 0 0 1.66 0l8.58-3.9a1 1 0 0 0 0-1.83Z"
                  />
                  <path
                    d="m22 17.65-9.17 4.16a2 2 0 0 1-1.66 0L2 17.65"
                  />
                ...
 ÔØ» Object.getElementError node_modules/@testing-library/dom/dist/config.js:37:19
 ÔØ» node_modules/@testing-library/dom/dist/query-helpers.js:76:38
 ÔØ» node_modules/@testing-library/dom/dist/query-helpers.js:52:17
 ÔØ» node_modules/@testing-library/dom/dist/query-helpers.js:95:19
 ÔØ» src/__tests__/components/AdvancedUIManager.test.tsx:197:21
    195|       render(<AdvancedUIManager />);
    196|       
    197|       expect(screen.getByPlaceholderText('Buscar...')).toBeInTheDocumeÔÇª
       |                     ^
    198|       expect(screen.getByText('Filtros')).toBeInTheDocument();
    199|     });

ÔÄ»ÔÄ»ÔÄ»ÔÄ»ÔÄ»ÔÄ»ÔÄ»ÔÄ»ÔÄ»ÔÄ»ÔÄ»ÔÄ»ÔÄ»ÔÄ»ÔÄ»ÔÄ»ÔÄ»ÔÄ»ÔÄ»ÔÄ»[193/449]ÔÄ»

 FAIL  src/__tests__/components/AdvancedUIManager.test.tsx > AdvancedUIManager Component > Navega├º├úo entre Abas > deve alternar entre abas
TestingLibraryElementError: Unable to find an element with the text: Nenhum tema encontrado. This could be because the text is broken up by multiple elements. In this case, you can provide a function for your text matcher to make your matcher more flexible.

Ignored nodes: comments, script, style
<body>
  <div>
    <div
      class="bg-white rounded-lg shadow-lg "
    >
      <div
        class="p-6 border-b border-gray-200"
      >
        <div
          class="flex items-center justify-between"
        >
          <div
            class="flex items-center space-x-3"
          >
            <div
              class="p-2 bg-blue-100 rounded-lg"
            >
              <svg
                class="lucide lucide-layers h-6 w-6 text-blue-600"
                fill="none"
                height="24"
                stroke="currentColor"
                stroke-linecap="round"
                stroke-linejoin="round"
                stroke-width="2"
                viewBox="0 0 24 24"
                width="24"
                xmlns="http://www.w3.org/2000/svg"
              >
                <path
                  d="m12.83 2.18a2 2 0 0 0-1.66 0L2.6 6.08a1 1 0 0 0 0 1.83l8.58 3.91a2 2 0 0 0 1.66 0l8.58-3.9a1 1 0 0 0 0-1.83Z"
                />
                <path
                  d="m22 17.65-9.17 4.16a2 2 0 0 1-1.66 0L2 17.65"
                />
                <path
                  d="m22 12.65-9.17 4.16a2 2 0 0 1-1.66 0L2 12.65"
                />
              </svg>
            </div>
            <div>
              <h2
                class="text-xl font-semibold text-gray-900"
              >
                Advanced UI Manager
              </h2>
              <p
                class="text-sm text-gray-600"
              >
                Gerencie componentes, tours e temas da interface
              </p>
            </div>
          </div>
          <div
            class="flex items-center space-x-2"
          >
            <div
              class="flex items-center space-x-1 px-2 py-1 rounded-full text-xs bg-green-100 text-green-800"
            >
              <svg
                class="lucide lucide-check-circle h-3 w-3"
                fill="none"
                height="24"
                stroke="currentColor"
                stroke-linecap="round"
                stroke-linejoin="round"
                stroke-width="2"
                viewBox="0 0 24 24"
                width="24"
                xmlns="http://www.w3.org/2000/svg"
              >
                <path
                  d="M22 11.08V12a10 10 0 1 1-5.93-9.14"
                />
                <path
                  d="m9 11 3 3L22 4"
                />
              </svg>
              <span>
                Saud├ível
              </span>
            </div>
            <button
              class="p-2 text-gray-400 hover:text-gray-600"
            >
              <svg
                class="lucide lucide-maximize2 h-4 w-4"
                fill="none"
                height="24"
                stroke="currentColor"
                stroke-linecap="round"
                stroke-linejoin="round"
                stroke-width="2"
                viewBox="0 0 24 24"
                width="24"
                xmlns="http://www.w3.org/2000/svg"
              >
                <polyline
                  points="15 3 21 3 21 9"
                />
                <polyline
                  points="9 21 3 21 3 15"
                />
                <line
                  x1="21"
                  x2="14"
                  y1="3"
                  y2="10"
                />
                <line
                  x1="3"
                  x2="10"
                  y1="21"
                  y2="14"
                />
              </svg>
            </button>
          </div>
        </div>
      </div>
      <div
        class="p-6"
      >
        <div
          class="grid grid-cols-1 md:grid-cols-2 lg:grid-cols-4 gap-4"
        >
          <div
            class="bg-white border border-gray-200 rounded-lg p-4 hover:shadow-md transition-shadow cursor-pointer"
          >
            <div
              class="flex items-center justify-between"
            >
              <div
                class="p-2 bg-blue-50 rounded-lg"
              >
                <svg
                  class="lucide lucide-layers h-5 w-5 text-blue-600"
                  fill="none"
                  height="24"
                  stroke="currentColor"
                  stroke-linecap="round"
                  stroke-linejoin="round"
                  stroke-width="2"
                  viewBox="0 0 24 24"
                  width="24"
                  xmlns="http://www.w3.org/2000/svg"
                >
                  <path
                    d="m12.83 2.18a2 2 0 0 0-1.66 0L2.6 6.08a1 1 0 0 0 0 1.83l8.58 3.91a2 2 0 0 0 1.66 0l8.58-3.9a1 1 0 0 0 0-1.83Z"
                  />
                  <path
                    d="m22 17.65-9.17 4.16a2 2 0 0 1-1.66 0L2 17.65"
                  />
                ...

Ignored nodes: comments, script, style
<html>
  <head />
  <body>
    <div>
      <div
        class="bg-white rounded-lg shadow-lg "
      >
        <div
          class="p-6 border-b border-gray-200"
        >
          <div
            class="flex items-center justify-between"
          >
            <div
              class="flex items-center space-x-3"
            >
              <div
                class="p-2 bg-blue-100 rounded-lg"
              >
                <svg
                  class="lucide lucide-layers h-6 w-6 text-blue-600"
                  fill="none"
                  height="24"
                  stroke="currentColor"
                  stroke-linecap="round"
                  stroke-linejoin="round"
                  stroke-width="2"
                  viewBox="0 0 24 24"
                  width="24"
                  xmlns="http://www.w3.org/2000/svg"
                >
                  <path
                    d="m12.83 2.18a2 2 0 0 0-1.66 0L2.6 6.08a1 1 0 0 0 0 1.83l8.58 3.91a2 2 0 0 0 1.66 0l8.58-3.9a1 1 0 0 0 0-1.83Z"
                  />
                  <path
                    d="m22 17.65-9.17 4.16a2 2 0 0 1-1.66 0L2 17.65"
                  />
                  <path
                    d="m22 12.65-9.17 4.16a2 2 0 0 1-1.66 0L2 12.65"
                  />
                </svg>
              </div>
              <div>
                <h2
                  class="text-xl font-semibold text-gray-900"
                >
                  Advanced UI Manager
                </h2>
                <p
                  class="text-sm text-gray-600"
                >
                  Gerencie componentes, tours e temas da interface
                </p>
              </div>
            </div>
            <div
              class="flex items-center space-x-2"
            >
              <div
                class="flex items-center space-x-1 px-2 py-1 rounded-full text-xs bg-green-100 text-green-800"
              >
                <svg
                  class="lucide lucide-check-circle h-3 w-3"
                  fill="none"
                  height="24"
                  stroke="currentColor"
                  stroke-linecap="round"
                  stroke-linejoin="round"
                  stroke-width="2"
                  viewBox="0 0 24 24"
                  width="24"
                  xmlns="http://www.w3.org/2000/svg"
                >
                  <path
                    d="M22 11.08V12a10 10 0 1 1-5.93-9.14"
                  />
                  <path
                    d="m9 11 3 3L22 4"
                  />
                </svg>
                <span>
                  Saud├ível
                </span>
              </div>
              <button
                class="p-2 text-gray-400 hover:text-gray-600"
              >
                <svg
                  class="lucide lucide-maximize2 h-4 w-4"
                  fill="none"
                  height="24"
                  stroke="currentColor"
                  stroke-linecap="round"
                  stroke-linejoin="round"
                  stroke-width="2"
                  viewBox="0 0 24 24"
                  width="24"
                  xmlns="http://www.w3.org/2000/svg"
                >
                  <polyline
                    points="15 3 21 3 21 9"
                  />
                  <polyline
                    points="9 21 3 21 3 15"
                  />
                  <line
                    x1="21"
                    x2="14"
                    y1="3"
                    y2="10"
                  />
                  <line
                    x1="3"
                    x2="10"
                    y1="21"
                    y2="14"
                  />
                </svg>
              </button>
            </div>
          </div>
        </div>
        <div
          class="p-6"
        >
          <div
            class="grid grid-cols-1 md:grid-cols-2 lg:grid-cols-4 gap-4"
          >
            <div
              class="bg-white border border-gray-200 rounded-lg p-4 hover:shadow-md transition-shadow cursor-pointer"
            >
              <div
                class="flex items-center justify-between"
              >
                <div
                  class="p-2 bg-blue-50 rounded-lg"
                >
                  <svg
                    class="lucide lucide-layers h-5 w-5 text-blue-600"
                    fill="none"
                    height="24"
                    stroke="currentColor"
                    stroke-linecap="round"
                    stroke-linejoin="round"
                    stroke-width="2"
                    viewBox="0 0 24 24"
                    width="24"
                    xmlns="http://www.w3.org/2000/svg"
                  >
                    <path
                    ...
 ÔØ» Proxy.waitForWrapper node_modules/@testing-library/dom/dist/wait-for.js:166:27
 ÔØ» src/__tests__/components/AdvancedUIManager.test.tsx:220:13
    218|       // Clicar na aba Temas
    219|       fireEvent.click(screen.getByText('Temas'));
    220|       await waitFor(() => {
       |             ^
    221|         expect(screen.getByText('Nenhum tema encontrado')).toBeInTheDoÔÇª
    222|       });

ÔÄ»ÔÄ»ÔÄ»ÔÄ»ÔÄ»ÔÄ»ÔÄ»ÔÄ»ÔÄ»ÔÄ»ÔÄ»ÔÄ»ÔÄ»ÔÄ»ÔÄ»ÔÄ»ÔÄ»ÔÄ»ÔÄ»ÔÄ»[194/449]ÔÄ»

 FAIL  src/__tests__/components/AdvancedUIManager.test.tsx > AdvancedUIManager Component > Funcionalidades de Busca e Filtro > deve executar busca
TestingLibraryElementError: Unable to find an element with the placeholder text of: Buscar...

Ignored nodes: comments, script, style
<body>
  <div>
    <div
      class="bg-white rounded-lg shadow-lg "
    >
      <div
        class="p-6 border-b border-gray-200"
      >
        <div
          class="flex items-center justify-between"
        >
          <div
            class="flex items-center space-x-3"
          >
            <div
              class="p-2 bg-blue-100 rounded-lg"
            >
              <svg
                class="lucide lucide-layers h-6 w-6 text-blue-600"
                fill="none"
                height="24"
                stroke="currentColor"
                stroke-linecap="round"
                stroke-linejoin="round"
                stroke-width="2"
                viewBox="0 0 24 24"
                width="24"
                xmlns="http://www.w3.org/2000/svg"
              >
                <path
                  d="m12.83 2.18a2 2 0 0 0-1.66 0L2.6 6.08a1 1 0 0 0 0 1.83l8.58 3.91a2 2 0 0 0 1.66 0l8.58-3.9a1 1 0 0 0 0-1.83Z"
                />
                <path
                  d="m22 17.65-9.17 4.16a2 2 0 0 1-1.66 0L2 17.65"
                />
                <path
                  d="m22 12.65-9.17 4.16a2 2 0 0 1-1.66 0L2 12.65"
                />
              </svg>
            </div>
            <div>
              <h2
                class="text-xl font-semibold text-gray-900"
              >
                Advanced UI Manager
              </h2>
              <p
                class="text-sm text-gray-600"
              >
                Gerencie componentes, tours e temas da interface
              </p>
            </div>
          </div>
          <div
            class="flex items-center space-x-2"
          >
            <div
              class="flex items-center space-x-1 px-2 py-1 rounded-full text-xs bg-green-100 text-green-800"
            >
              <svg
                class="lucide lucide-check-circle h-3 w-3"
                fill="none"
                height="24"
                stroke="currentColor"
                stroke-linecap="round"
                stroke-linejoin="round"
                stroke-width="2"
                viewBox="0 0 24 24"
                width="24"
                xmlns="http://www.w3.org/2000/svg"
              >
                <path
                  d="M22 11.08V12a10 10 0 1 1-5.93-9.14"
                />
                <path
                  d="m9 11 3 3L22 4"
                />
              </svg>
              <span>
                Saud├ível
              </span>
            </div>
            <button
              class="p-2 text-gray-400 hover:text-gray-600"
            >
              <svg
                class="lucide lucide-maximize2 h-4 w-4"
                fill="none"
                height="24"
                stroke="currentColor"
                stroke-linecap="round"
                stroke-linejoin="round"
                stroke-width="2"
                viewBox="0 0 24 24"
                width="24"
                xmlns="http://www.w3.org/2000/svg"
              >
                <polyline
                  points="15 3 21 3 21 9"
                />
                <polyline
                  points="9 21 3 21 3 15"
                />
                <line
                  x1="21"
                  x2="14"
                  y1="3"
                  y2="10"
                />
                <line
                  x1="3"
                  x2="10"
                  y1="21"
                  y2="14"
                />
              </svg>
            </button>
          </div>
        </div>
      </div>
      <div
        class="p-6"
      >
        <div
          class="grid grid-cols-1 md:grid-cols-2 lg:grid-cols-4 gap-4"
        >
          <div
            class="bg-white border border-gray-200 rounded-lg p-4 hover:shadow-md transition-shadow cursor-pointer"
          >
            <div
              class="flex items-center justify-between"
            >
              <div
                class="p-2 bg-blue-50 rounded-lg"
              >
                <svg
                  class="lucide lucide-layers h-5 w-5 text-blue-600"
                  fill="none"
                  height="24"
                  stroke="currentColor"
                  stroke-linecap="round"
                  stroke-linejoin="round"
                  stroke-width="2"
                  viewBox="0 0 24 24"
                  width="24"
                  xmlns="http://www.w3.org/2000/svg"
                >
                  <path
                    d="m12.83 2.18a2 2 0 0 0-1.66 0L2.6 6.08a1 1 0 0 0 0 1.83l8.58 3.91a2 2 0 0 0 1.66 0l8.58-3.9a1 1 0 0 0 0-1.83Z"
                  />
                  <path
                    d="m22 17.65-9.17 4.16a2 2 0 0 1-1.66 0L2 17.65"
                  />
                ...
 ÔØ» Object.getElementError node_modules/@testing-library/dom/dist/config.js:37:19
 ÔØ» node_modules/@testing-library/dom/dist/query-helpers.js:76:38
 ÔØ» node_modules/@testing-library/dom/dist/query-helpers.js:52:17
 ÔØ» node_modules/@testing-library/dom/dist/query-helpers.js:95:19
 ÔØ» src/__tests__/components/AdvancedUIManager.test.tsx:240:34
    238|       render(<AdvancedUIManager />);
    239|       
    240|       const searchInput = screen.getByPlaceholderText('Buscar...');
       |                                  ^
    241|       fireEvent.change(searchInput, { target: { value: 'modal' } });
    242|       

ÔÄ»ÔÄ»ÔÄ»ÔÄ»ÔÄ»ÔÄ»ÔÄ»ÔÄ»ÔÄ»ÔÄ»ÔÄ»ÔÄ»ÔÄ»ÔÄ»ÔÄ»ÔÄ»ÔÄ»ÔÄ»ÔÄ»ÔÄ»[195/449]ÔÄ»

 FAIL  src/__tests__/components/AdvancedUIManager.test.tsx > AdvancedUIManager Component > Funcionalidades de Busca e Filtro > deve limpar filtros
TestingLibraryElementError: Unable to find an element with the text: Limpar. This could be because the text is broken up by multiple elements. In this case, you can provide a function for your text matcher to make your matcher more flexible.

Ignored nodes: comments, script, style
<body>
  <div>
    <div
      class="bg-white rounded-lg shadow-lg "
    >
      <div
        class="p-6 border-b border-gray-200"
      >
        <div
          class="flex items-center justify-between"
        >
          <div
            class="flex items-center space-x-3"
          >
            <div
              class="p-2 bg-blue-100 rounded-lg"
            >
              <svg
                class="lucide lucide-layers h-6 w-6 text-blue-600"
                fill="none"
                height="24"
                stroke="currentColor"
                stroke-linecap="round"
                stroke-linejoin="round"
                stroke-width="2"
                viewBox="0 0 24 24"
                width="24"
                xmlns="http://www.w3.org/2000/svg"
              >
                <path
                  d="m12.83 2.18a2 2 0 0 0-1.66 0L2.6 6.08a1 1 0 0 0 0 1.83l8.58 3.91a2 2 0 0 0 1.66 0l8.58-3.9a1 1 0 0 0 0-1.83Z"
                />
                <path
                  d="m22 17.65-9.17 4.16a2 2 0 0 1-1.66 0L2 17.65"
                />
                <path
                  d="m22 12.65-9.17 4.16a2 2 0 0 1-1.66 0L2 12.65"
                />
              </svg>
            </div>
            <div>
              <h2
                class="text-xl font-semibold text-gray-900"
              >
                Advanced UI Manager
              </h2>
              <p
                class="text-sm text-gray-600"
              >
                Gerencie componentes, tours e temas da interface
              </p>
            </div>
          </div>
          <div
            class="flex items-center space-x-2"
          >
            <div
              class="flex items-center space-x-1 px-2 py-1 rounded-full text-xs bg-green-100 text-green-800"
            >
              <svg
                class="lucide lucide-check-circle h-3 w-3"
                fill="none"
                height="24"
                stroke="currentColor"
                stroke-linecap="round"
                stroke-linejoin="round"
                stroke-width="2"
                viewBox="0 0 24 24"
                width="24"
                xmlns="http://www.w3.org/2000/svg"
              >
                <path
                  d="M22 11.08V12a10 10 0 1 1-5.93-9.14"
                />
                <path
                  d="m9 11 3 3L22 4"
                />
              </svg>
              <span>
                Saud├ível
              </span>
            </div>
            <button
              class="p-2 text-gray-400 hover:text-gray-600"
            >
              <svg
                class="lucide lucide-maximize2 h-4 w-4"
                fill="none"
                height="24"
                stroke="currentColor"
                stroke-linecap="round"
                stroke-linejoin="round"
                stroke-width="2"
                viewBox="0 0 24 24"
                width="24"
                xmlns="http://www.w3.org/2000/svg"
              >
                <polyline
                  points="15 3 21 3 21 9"
                />
                <polyline
                  points="9 21 3 21 3 15"
                />
                <line
                  x1="21"
                  x2="14"
                  y1="3"
                  y2="10"
                />
                <line
                  x1="3"
                  x2="10"
                  y1="21"
                  y2="14"
                />
              </svg>
            </button>
          </div>
        </div>
      </div>
      <div
        class="p-6"
      >
        <div
          class="grid grid-cols-1 md:grid-cols-2 lg:grid-cols-4 gap-4"
        >
          <div
            class="bg-white border border-gray-200 rounded-lg p-4 hover:shadow-md transition-shadow cursor-pointer"
          >
            <div
              class="flex items-center justify-between"
            >
              <div
                class="p-2 bg-blue-50 rounded-lg"
              >
                <svg
                  class="lucide lucide-layers h-5 w-5 text-blue-600"
                  fill="none"
                  height="24"
                  stroke="currentColor"
                  stroke-linecap="round"
                  stroke-linejoin="round"
                  stroke-width="2"
                  viewBox="0 0 24 24"
                  width="24"
                  xmlns="http://www.w3.org/2000/svg"
                >
                  <path
                    d="m12.83 2.18a2 2 0 0 0-1.66 0L2.6 6.08a1 1 0 0 0 0 1.83l8.58 3.91a2 2 0 0 0 1.66 0l8.58-3.9a1 1 0 0 0 0-1.83Z"
                  />
                  <path
                    d="m22 17.65-9.17 4.16a2 2 0 0 1-1.66 0L2 17.65"
                  />
                ...
 ÔØ» Object.getElementError node_modules/@testing-library/dom/dist/config.js:37:19
 ÔØ» node_modules/@testing-library/dom/dist/query-helpers.js:76:38
 ÔØ» node_modules/@testing-library/dom/dist/query-helpers.js:52:17
 ÔØ» node_modules/@testing-library/dom/dist/query-helpers.js:95:19
 ÔØ» src/__tests__/components/AdvancedUIManager.test.tsx:253:34
    251|       render(<AdvancedUIManager />);
    252|       
    253|       const clearButton = screen.getByText('Limpar');
       |                                  ^
    254|       fireEvent.click(clearButton);
    255|       

ÔÄ»ÔÄ»ÔÄ»ÔÄ»ÔÄ»ÔÄ»ÔÄ»ÔÄ»ÔÄ»ÔÄ»ÔÄ»ÔÄ»ÔÄ»ÔÄ»ÔÄ»ÔÄ»ÔÄ»ÔÄ»ÔÄ»ÔÄ»[196/449]ÔÄ»

 FAIL  src/__tests__/components/AdvancedUIManager.test.tsx > AdvancedUIManager Component > Cria├º├úo de Componentes > deve abrir dialog de cria├º├úo de componente
TestingLibraryElementError: Unable to find an element with the text: Criar Novo Componente. This could be because the text is broken up by multiple elements. In this case, you can provide a function for your text matcher to make your matcher more flexible.

Ignored nodes: comments, script, style
<body>
  <div>
    <div
      class="bg-white rounded-lg shadow-lg "
    >
      <div
        class="p-6 border-b border-gray-200"
      >
        <div
          class="flex items-center justify-between"
        >
          <div
            class="flex items-center space-x-3"
          >
            <div
              class="p-2 bg-blue-100 rounded-lg"
            >
              <svg
                class="lucide lucide-layers h-6 w-6 text-blue-600"
                fill="none"
                height="24"
                stroke="currentColor"
                stroke-linecap="round"
                stroke-linejoin="round"
                stroke-width="2"
                viewBox="0 0 24 24"
                width="24"
                xmlns="http://www.w3.org/2000/svg"
              >
                <path
                  d="m12.83 2.18a2 2 0 0 0-1.66 0L2.6 6.08a1 1 0 0 0 0 1.83l8.58 3.91a2 2 0 0 0 1.66 0l8.58-3.9a1 1 0 0 0 0-1.83Z"
                />
                <path
                  d="m22 17.65-9.17 4.16a2 2 0 0 1-1.66 0L2 17.65"
                />
                <path
                  d="m22 12.65-9.17 4.16a2 2 0 0 1-1.66 0L2 12.65"
                />
              </svg>
            </div>
            <div>
              <h2
                class="text-xl font-semibold text-gray-900"
              >
                Advanced UI Manager
              </h2>
              <p
                class="text-sm text-gray-600"
              >
                Gerencie componentes, tours e temas da interface
              </p>
            </div>
          </div>
          <div
            class="flex items-center space-x-2"
          >
            <div
              class="flex items-center space-x-1 px-2 py-1 rounded-full text-xs bg-green-100 text-green-800"
            >
              <svg
                class="lucide lucide-check-circle h-3 w-3"
                fill="none"
                height="24"
                stroke="currentColor"
                stroke-linecap="round"
                stroke-linejoin="round"
                stroke-width="2"
                viewBox="0 0 24 24"
                width="24"
                xmlns="http://www.w3.org/2000/svg"
              >
                <path
                  d="M22 11.08V12a10 10 0 1 1-5.93-9.14"
                />
                <path
                  d="m9 11 3 3L22 4"
                />
              </svg>
              <span>
                Saud├ível
              </span>
            </div>
            <button
              class="p-2 text-gray-400 hover:text-gray-600"
            >
              <svg
                class="lucide lucide-maximize2 h-4 w-4"
                fill="none"
                height="24"
                stroke="currentColor"
                stroke-linecap="round"
                stroke-linejoin="round"
                stroke-width="2"
                viewBox="0 0 24 24"
                width="24"
                xmlns="http://www.w3.org/2000/svg"
              >
                <polyline
                  points="15 3 21 3 21 9"
                />
                <polyline
                  points="9 21 3 21 3 15"
                />
                <line
                  x1="21"
                  x2="14"
                  y1="3"
                  y2="10"
                />
                <line
                  x1="3"
                  x2="10"
                  y1="21"
                  y2="14"
                />
              </svg>
            </button>
          </div>
        </div>
      </div>
      <div
        class="p-6"
      >
        <div
          class="grid grid-cols-1 md:grid-cols-2 lg:grid-cols-4 gap-4"
        >
          <div
            class="bg-white border border-gray-200 rounded-lg p-4 hover:shadow-md transition-shadow cursor-pointer"
          >
            <div
              class="flex items-center justify-between"
            >
              <div
                class="p-2 bg-blue-50 rounded-lg"
              >
                <svg
                  class="lucide lucide-layers h-5 w-5 text-blue-600"
                  fill="none"
                  height="24"
                  stroke="currentColor"
                  stroke-linecap="round"
                  stroke-linejoin="round"
                  stroke-width="2"
                  viewBox="0 0 24 24"
                  width="24"
                  xmlns="http://www.w3.org/2000/svg"
                >
                  <path
                    d="m12.83 2.18a2 2 0 0 0-1.66 0L2.6 6.08a1 1 0 0 0 0 1.83l8.58 3.91a2 2 0 0 0 1.66 0l8.58-3.9a1 1 0 0 0 0-1.83Z"
                  />
                  <path
                    d="m22 17.65-9.17 4.16a2 2 0 0 1-1.66 0L2 17.65"
                  />
                ...

Ignored nodes: comments, script, style
<html>
  <head />
  <body>
    <div>
      <div
        class="bg-white rounded-lg shadow-lg "
      >
        <div
          class="p-6 border-b border-gray-200"
        >
          <div
            class="flex items-center justify-between"
          >
            <div
              class="flex items-center space-x-3"
            >
              <div
                class="p-2 bg-blue-100 rounded-lg"
              >
                <svg
                  class="lucide lucide-layers h-6 w-6 text-blue-600"
                  fill="none"
                  height="24"
                  stroke="currentColor"
                  stroke-linecap="round"
                  stroke-linejoin="round"
                  stroke-width="2"
                  viewBox="0 0 24 24"
                  width="24"
                  xmlns="http://www.w3.org/2000/svg"
                >
                  <path
                    d="m12.83 2.18a2 2 0 0 0-1.66 0L2.6 6.08a1 1 0 0 0 0 1.83l8.58 3.91a2 2 0 0 0 1.66 0l8.58-3.9a1 1 0 0 0 0-1.83Z"
                  />
                  <path
                    d="m22 17.65-9.17 4.16a2 2 0 0 1-1.66 0L2 17.65"
                  />
                  <path
                    d="m22 12.65-9.17 4.16a2 2 0 0 1-1.66 0L2 12.65"
                  />
                </svg>
              </div>
              <div>
                <h2
                  class="text-xl font-semibold text-gray-900"
                >
                  Advanced UI Manager
                </h2>
                <p
                  class="text-sm text-gray-600"
                >
                  Gerencie componentes, tours e temas da interface
                </p>
              </div>
            </div>
            <div
              class="flex items-center space-x-2"
            >
              <div
                class="flex items-center space-x-1 px-2 py-1 rounded-full text-xs bg-green-100 text-green-800"
              >
                <svg
                  class="lucide lucide-check-circle h-3 w-3"
                  fill="none"
                  height="24"
                  stroke="currentColor"
                  stroke-linecap="round"
                  stroke-linejoin="round"
                  stroke-width="2"
                  viewBox="0 0 24 24"
                  width="24"
                  xmlns="http://www.w3.org/2000/svg"
                >
                  <path
                    d="M22 11.08V12a10 10 0 1 1-5.93-9.14"
                  />
                  <path
                    d="m9 11 3 3L22 4"
                  />
                </svg>
                <span>
                  Saud├ível
                </span>
              </div>
              <button
                class="p-2 text-gray-400 hover:text-gray-600"
              >
                <svg
                  class="lucide lucide-maximize2 h-4 w-4"
                  fill="none"
                  height="24"
                  stroke="currentColor"
                  stroke-linecap="round"
                  stroke-linejoin="round"
                  stroke-width="2"
                  viewBox="0 0 24 24"
                  width="24"
                  xmlns="http://www.w3.org/2000/svg"
                >
                  <polyline
                    points="15 3 21 3 21 9"
                  />
                  <polyline
                    points="9 21 3 21 3 15"
                  />
                  <line
                    x1="21"
                    x2="14"
                    y1="3"
                    y2="10"
                  />
                  <line
                    x1="3"
                    x2="10"
                    y1="21"
                    y2="14"
                  />
                </svg>
              </button>
            </div>
          </div>
        </div>
        <div
          class="p-6"
        >
          <div
            class="grid grid-cols-1 md:grid-cols-2 lg:grid-cols-4 gap-4"
          >
            <div
              class="bg-white border border-gray-200 rounded-lg p-4 hover:shadow-md transition-shadow cursor-pointer"
            >
              <div
                class="flex items-center justify-between"
              >
                <div
                  class="p-2 bg-blue-50 rounded-lg"
                >
                  <svg
                    class="lucide lucide-layers h-5 w-5 text-blue-600"
                    fill="none"
                    height="24"
                    stroke="currentColor"
                    stroke-linecap="round"
                    stroke-linejoin="round"
                    stroke-width="2"
                    viewBox="0 0 24 24"
                    width="24"
                    xmlns="http://www.w3.org/2000/svg"
                  >
                    <path
                    ...
 ÔØ» Proxy.waitForWrapper node_modules/@testing-library/dom/dist/wait-for.js:166:27
 ÔØ» src/__tests__/components/AdvancedUIManager.test.tsx:271:13
    269|       fireEvent.click(createButton);
    270|       
    271|       await waitFor(() => {
       |             ^
    272|         expect(screen.getByText('Criar Novo Componente')).toBeInTheDocÔÇª
    273|       });

ÔÄ»ÔÄ»ÔÄ»ÔÄ»ÔÄ»ÔÄ»ÔÄ»ÔÄ»ÔÄ»ÔÄ»ÔÄ»ÔÄ»ÔÄ»ÔÄ»ÔÄ»ÔÄ»ÔÄ»ÔÄ»ÔÄ»ÔÄ»[197/449]ÔÄ»

 FAIL  src/__tests__/components/AdvancedUIManager.test.tsx > AdvancedUIManager Component > Cria├º├úo de Componentes > deve criar componente com dados v├ílidos
TestingLibraryElementError: Unable to find an element with the text: Criar Novo Componente. This could be because the text is broken up by multiple elements. In this case, you can provide a function for your text matcher to make your matcher more flexible.

Ignored nodes: comments, script, style
<body>
  <div>
    <div
      class="bg-white rounded-lg shadow-lg "
    >
      <div
        class="p-6 border-b border-gray-200"
      >
        <div
          class="flex items-center justify-between"
        >
          <div
            class="flex items-center space-x-3"
          >
            <div
              class="p-2 bg-blue-100 rounded-lg"
            >
              <svg
                class="lucide lucide-layers h-6 w-6 text-blue-600"
                fill="none"
                height="24"
                stroke="currentColor"
                stroke-linecap="round"
                stroke-linejoin="round"
                stroke-width="2"
                viewBox="0 0 24 24"
                width="24"
                xmlns="http://www.w3.org/2000/svg"
              >
                <path
                  d="m12.83 2.18a2 2 0 0 0-1.66 0L2.6 6.08a1 1 0 0 0 0 1.83l8.58 3.91a2 2 0 0 0 1.66 0l8.58-3.9a1 1 0 0 0 0-1.83Z"
                />
                <path
                  d="m22 17.65-9.17 4.16a2 2 0 0 1-1.66 0L2 17.65"
                />
                <path
                  d="m22 12.65-9.17 4.16a2 2 0 0 1-1.66 0L2 12.65"
                />
              </svg>
            </div>
            <div>
              <h2
                class="text-xl font-semibold text-gray-900"
              >
                Advanced UI Manager
              </h2>
              <p
                class="text-sm text-gray-600"
              >
                Gerencie componentes, tours e temas da interface
              </p>
            </div>
          </div>
          <div
            class="flex items-center space-x-2"
          >
            <div
              class="flex items-center space-x-1 px-2 py-1 rounded-full text-xs bg-green-100 text-green-800"
            >
              <svg
                class="lucide lucide-check-circle h-3 w-3"
                fill="none"
                height="24"
                stroke="currentColor"
                stroke-linecap="round"
                stroke-linejoin="round"
                stroke-width="2"
                viewBox="0 0 24 24"
                width="24"
                xmlns="http://www.w3.org/2000/svg"
              >
                <path
                  d="M22 11.08V12a10 10 0 1 1-5.93-9.14"
                />
                <path
                  d="m9 11 3 3L22 4"
                />
              </svg>
              <span>
                Saud├ível
              </span>
            </div>
            <button
              class="p-2 text-gray-400 hover:text-gray-600"
            >
              <svg
                class="lucide lucide-maximize2 h-4 w-4"
                fill="none"
                height="24"
                stroke="currentColor"
                stroke-linecap="round"
                stroke-linejoin="round"
                stroke-width="2"
                viewBox="0 0 24 24"
                width="24"
                xmlns="http://www.w3.org/2000/svg"
              >
                <polyline
                  points="15 3 21 3 21 9"
                />
                <polyline
                  points="9 21 3 21 3 15"
                />
                <line
                  x1="21"
                  x2="14"
                  y1="3"
                  y2="10"
                />
                <line
                  x1="3"
                  x2="10"
                  y1="21"
                  y2="14"
                />
              </svg>
            </button>
          </div>
        </div>
      </div>
      <div
        class="p-6"
      >
        <div
          class="grid grid-cols-1 md:grid-cols-2 lg:grid-cols-4 gap-4"
        >
          <div
            class="bg-white border border-gray-200 rounded-lg p-4 hover:shadow-md transition-shadow cursor-pointer"
          >
            <div
              class="flex items-center justify-between"
            >
              <div
                class="p-2 bg-blue-50 rounded-lg"
              >
                <svg
                  class="lucide lucide-layers h-5 w-5 text-blue-600"
                  fill="none"
                  height="24"
                  stroke="currentColor"
                  stroke-linecap="round"
                  stroke-linejoin="round"
                  stroke-width="2"
                  viewBox="0 0 24 24"
                  width="24"
                  xmlns="http://www.w3.org/2000/svg"
                >
                  <path
                    d="m12.83 2.18a2 2 0 0 0-1.66 0L2.6 6.08a1 1 0 0 0 0 1.83l8.58 3.91a2 2 0 0 0 1.66 0l8.58-3.9a1 1 0 0 0 0-1.83Z"
                  />
                  <path
                    d="m22 17.65-9.17 4.16a2 2 0 0 1-1.66 0L2 17.65"
                  />
                ...

Ignored nodes: comments, script, style
<html>
  <head />
  <body>
    <div>
      <div
        class="bg-white rounded-lg shadow-lg "
      >
        <div
          class="p-6 border-b border-gray-200"
        >
          <div
            class="flex items-center justify-between"
          >
            <div
              class="flex items-center space-x-3"
            >
              <div
                class="p-2 bg-blue-100 rounded-lg"
              >
                <svg
                  class="lucide lucide-layers h-6 w-6 text-blue-600"
                  fill="none"
                  height="24"
                  stroke="currentColor"
                  stroke-linecap="round"
                  stroke-linejoin="round"
                  stroke-width="2"
                  viewBox="0 0 24 24"
                  width="24"
                  xmlns="http://www.w3.org/2000/svg"
                >
                  <path
                    d="m12.83 2.18a2 2 0 0 0-1.66 0L2.6 6.08a1 1 0 0 0 0 1.83l8.58 3.91a2 2 0 0 0 1.66 0l8.58-3.9a1 1 0 0 0 0-1.83Z"
                  />
                  <path
                    d="m22 17.65-9.17 4.16a2 2 0 0 1-1.66 0L2 17.65"
                  />
                  <path
                    d="m22 12.65-9.17 4.16a2 2 0 0 1-1.66 0L2 12.65"
                  />
                </svg>
              </div>
              <div>
                <h2
                  class="text-xl font-semibold text-gray-900"
                >
                  Advanced UI Manager
                </h2>
                <p
                  class="text-sm text-gray-600"
                >
                  Gerencie componentes, tours e temas da interface
                </p>
              </div>
            </div>
            <div
              class="flex items-center space-x-2"
            >
              <div
                class="flex items-center space-x-1 px-2 py-1 rounded-full text-xs bg-green-100 text-green-800"
              >
                <svg
                  class="lucide lucide-check-circle h-3 w-3"
                  fill="none"
                  height="24"
                  stroke="currentColor"
                  stroke-linecap="round"
                  stroke-linejoin="round"
                  stroke-width="2"
                  viewBox="0 0 24 24"
                  width="24"
                  xmlns="http://www.w3.org/2000/svg"
                >
                  <path
                    d="M22 11.08V12a10 10 0 1 1-5.93-9.14"
                  />
                  <path
                    d="m9 11 3 3L22 4"
                  />
                </svg>
                <span>
                  Saud├ível
                </span>
              </div>
              <button
                class="p-2 text-gray-400 hover:text-gray-600"
              >
                <svg
                  class="lucide lucide-maximize2 h-4 w-4"
                  fill="none"
                  height="24"
                  stroke="currentColor"
                  stroke-linecap="round"
                  stroke-linejoin="round"
                  stroke-width="2"
                  viewBox="0 0 24 24"
                  width="24"
                  xmlns="http://www.w3.org/2000/svg"
                >
                  <polyline
                    points="15 3 21 3 21 9"
                  />
                  <polyline
                    points="9 21 3 21 3 15"
                  />
                  <line
                    x1="21"
                    x2="14"
                    y1="3"
                    y2="10"
                  />
                  <line
                    x1="3"
                    x2="10"
                    y1="21"
                    y2="14"
                  />
                </svg>
              </button>
            </div>
          </div>
        </div>
        <div
          class="p-6"
        >
          <div
            class="grid grid-cols-1 md:grid-cols-2 lg:grid-cols-4 gap-4"
          >
            <div
              class="bg-white border border-gray-200 rounded-lg p-4 hover:shadow-md transition-shadow cursor-pointer"
            >
              <div
                class="flex items-center justify-between"
              >
                <div
                  class="p-2 bg-blue-50 rounded-lg"
                >
                  <svg
                    class="lucide lucide-layers h-5 w-5 text-blue-600"
                    fill="none"
                    height="24"
                    stroke="currentColor"
                    stroke-linecap="round"
                    stroke-linejoin="round"
                    stroke-width="2"
                    viewBox="0 0 24 24"
                    width="24"
                    xmlns="http://www.w3.org/2000/svg"
                  >
                    <path
                    ...
 ÔØ» Proxy.waitForWrapper node_modules/@testing-library/dom/dist/wait-for.js:166:27
 ÔØ» src/__tests__/components/AdvancedUIManager.test.tsx:283:13
    281|       fireEvent.click(screen.getByText('Criar Componente'));
    282|       
    283|       await waitFor(() => {
       |             ^
    284|         expect(screen.getByText('Criar Novo Componente')).toBeInTheDocÔÇª
    285|       });

ÔÄ»ÔÄ»ÔÄ»ÔÄ»ÔÄ»ÔÄ»ÔÄ»ÔÄ»ÔÄ»ÔÄ»ÔÄ»ÔÄ»ÔÄ»ÔÄ»ÔÄ»ÔÄ»ÔÄ»ÔÄ»ÔÄ»ÔÄ»[198/449]ÔÄ»

 FAIL  src/__tests__/components/AdvancedUIManager.test.tsx > AdvancedUIManager Component > Cria├º├úo de Componentes > deve validar campos obrigat├│rios
TestingLibraryElementError: Unable to find an element with the text: Criar Novo Componente. This could be because the text is broken up by multiple elements. In this case, you can provide a function for your text matcher to make your matcher more flexible.

Ignored nodes: comments, script, style
<body>
  <div>
    <div
      class="bg-white rounded-lg shadow-lg "
    >
      <div
        class="p-6 border-b border-gray-200"
      >
        <div
          class="flex items-center justify-between"
        >
          <div
            class="flex items-center space-x-3"
          >
            <div
              class="p-2 bg-blue-100 rounded-lg"
            >
              <svg
                class="lucide lucide-layers h-6 w-6 text-blue-600"
                fill="none"
                height="24"
                stroke="currentColor"
                stroke-linecap="round"
                stroke-linejoin="round"
                stroke-width="2"
                viewBox="0 0 24 24"
                width="24"
                xmlns="http://www.w3.org/2000/svg"
              >
                <path
                  d="m12.83 2.18a2 2 0 0 0-1.66 0L2.6 6.08a1 1 0 0 0 0 1.83l8.58 3.91a2 2 0 0 0 1.66 0l8.58-3.9a1 1 0 0 0 0-1.83Z"
                />
                <path
                  d="m22 17.65-9.17 4.16a2 2 0 0 1-1.66 0L2 17.65"
                />
                <path
                  d="m22 12.65-9.17 4.16a2 2 0 0 1-1.66 0L2 12.65"
                />
              </svg>
            </div>
            <div>
              <h2
                class="text-xl font-semibold text-gray-900"
              >
                Advanced UI Manager
              </h2>
              <p
                class="text-sm text-gray-600"
              >
                Gerencie componentes, tours e temas da interface
              </p>
            </div>
          </div>
          <div
            class="flex items-center space-x-2"
          >
            <div
              class="flex items-center space-x-1 px-2 py-1 rounded-full text-xs bg-green-100 text-green-800"
            >
              <svg
                class="lucide lucide-check-circle h-3 w-3"
                fill="none"
                height="24"
                stroke="currentColor"
                stroke-linecap="round"
                stroke-linejoin="round"
                stroke-width="2"
                viewBox="0 0 24 24"
                width="24"
                xmlns="http://www.w3.org/2000/svg"
              >
                <path
                  d="M22 11.08V12a10 10 0 1 1-5.93-9.14"
                />
                <path
                  d="m9 11 3 3L22 4"
                />
              </svg>
              <span>
                Saud├ível
              </span>
            </div>
            <button
              class="p-2 text-gray-400 hover:text-gray-600"
            >
              <svg
                class="lucide lucide-maximize2 h-4 w-4"
                fill="none"
                height="24"
                stroke="currentColor"
                stroke-linecap="round"
                stroke-linejoin="round"
                stroke-width="2"
                viewBox="0 0 24 24"
                width="24"
                xmlns="http://www.w3.org/2000/svg"
              >
                <polyline
                  points="15 3 21 3 21 9"
                />
                <polyline
                  points="9 21 3 21 3 15"
                />
                <line
                  x1="21"
                  x2="14"
                  y1="3"
                  y2="10"
                />
                <line
                  x1="3"
                  x2="10"
                  y1="21"
                  y2="14"
                />
              </svg>
            </button>
          </div>
        </div>
      </div>
      <div
        class="p-6"
      >
        <div
          class="grid grid-cols-1 md:grid-cols-2 lg:grid-cols-4 gap-4"
        >
          <div
            class="bg-white border border-gray-200 rounded-lg p-4 hover:shadow-md transition-shadow cursor-pointer"
          >
            <div
              class="flex items-center justify-between"
            >
              <div
                class="p-2 bg-blue-50 rounded-lg"
              >
                <svg
                  class="lucide lucide-layers h-5 w-5 text-blue-600"
                  fill="none"
                  height="24"
                  stroke="currentColor"
                  stroke-linecap="round"
                  stroke-linejoin="round"
                  stroke-width="2"
                  viewBox="0 0 24 24"
                  width="24"
                  xmlns="http://www.w3.org/2000/svg"
                >
                  <path
                    d="m12.83 2.18a2 2 0 0 0-1.66 0L2.6 6.08a1 1 0 0 0 0 1.83l8.58 3.91a2 2 0 0 0 1.66 0l8.58-3.9a1 1 0 0 0 0-1.83Z"
                  />
                  <path
                    d="m22 17.65-9.17 4.16a2 2 0 0 1-1.66 0L2 17.65"
                  />
                ...

Ignored nodes: comments, script, style
<html>
  <head />
  <body>
    <div>
      <div
        class="bg-white rounded-lg shadow-lg "
      >
        <div
          class="p-6 border-b border-gray-200"
        >
          <div
            class="flex items-center justify-between"
          >
            <div
              class="flex items-center space-x-3"
            >
              <div
                class="p-2 bg-blue-100 rounded-lg"
              >
                <svg
                  class="lucide lucide-layers h-6 w-6 text-blue-600"
                  fill="none"
                  height="24"
                  stroke="currentColor"
                  stroke-linecap="round"
                  stroke-linejoin="round"
                  stroke-width="2"
                  viewBox="0 0 24 24"
                  width="24"
                  xmlns="http://www.w3.org/2000/svg"
                >
                  <path
                    d="m12.83 2.18a2 2 0 0 0-1.66 0L2.6 6.08a1 1 0 0 0 0 1.83l8.58 3.91a2 2 0 0 0 1.66 0l8.58-3.9a1 1 0 0 0 0-1.83Z"
                  />
                  <path
                    d="m22 17.65-9.17 4.16a2 2 0 0 1-1.66 0L2 17.65"
                  />
                  <path
                    d="m22 12.65-9.17 4.16a2 2 0 0 1-1.66 0L2 12.65"
                  />
                </svg>
              </div>
              <div>
                <h2
                  class="text-xl font-semibold text-gray-900"
                >
                  Advanced UI Manager
                </h2>
                <p
                  class="text-sm text-gray-600"
                >
                  Gerencie componentes, tours e temas da interface
                </p>
              </div>
            </div>
            <div
              class="flex items-center space-x-2"
            >
              <div
                class="flex items-center space-x-1 px-2 py-1 rounded-full text-xs bg-green-100 text-green-800"
              >
                <svg
                  class="lucide lucide-check-circle h-3 w-3"
                  fill="none"
                  height="24"
                  stroke="currentColor"
                  stroke-linecap="round"
                  stroke-linejoin="round"
                  stroke-width="2"
                  viewBox="0 0 24 24"
                  width="24"
                  xmlns="http://www.w3.org/2000/svg"
                >
                  <path
                    d="M22 11.08V12a10 10 0 1 1-5.93-9.14"
                  />
                  <path
                    d="m9 11 3 3L22 4"
                  />
                </svg>
                <span>
                  Saud├ível
                </span>
              </div>
              <button
                class="p-2 text-gray-400 hover:text-gray-600"
              >
                <svg
                  class="lucide lucide-maximize2 h-4 w-4"
                  fill="none"
                  height="24"
                  stroke="currentColor"
                  stroke-linecap="round"
                  stroke-linejoin="round"
                  stroke-width="2"
                  viewBox="0 0 24 24"
                  width="24"
                  xmlns="http://www.w3.org/2000/svg"
                >
                  <polyline
                    points="15 3 21 3 21 9"
                  />
                  <polyline
                    points="9 21 3 21 3 15"
                  />
                  <line
                    x1="21"
                    x2="14"
                    y1="3"
                    y2="10"
                  />
                  <line
                    x1="3"
                    x2="10"
                    y1="21"
                    y2="14"
                  />
                </svg>
              </button>
            </div>
          </div>
        </div>
        <div
          class="p-6"
        >
          <div
            class="grid grid-cols-1 md:grid-cols-2 lg:grid-cols-4 gap-4"
          >
            <div
              class="bg-white border border-gray-200 rounded-lg p-4 hover:shadow-md transition-shadow cursor-pointer"
            >
              <div
                class="flex items-center justify-between"
              >
                <div
                  class="p-2 bg-blue-50 rounded-lg"
                >
                  <svg
                    class="lucide lucide-layers h-5 w-5 text-blue-600"
                    fill="none"
                    height="24"
                    stroke="currentColor"
                    stroke-linecap="round"
                    stroke-linejoin="round"
                    stroke-width="2"
                    viewBox="0 0 24 24"
                    width="24"
                    xmlns="http://www.w3.org/2000/svg"
                  >
                    <path
                    ...
 ÔØ» Proxy.waitForWrapper node_modules/@testing-library/dom/dist/wait-for.js:166:27
 ÔØ» src/__tests__/components/AdvancedUIManager.test.tsx:315:13
    313|       fireEvent.click(screen.getByText('Criar Componente'));
    314|       
    315|       await waitFor(() => {
       |             ^
    316|         expect(screen.getByText('Criar Novo Componente')).toBeInTheDocÔÇª
    317|       });

ÔÄ»ÔÄ»ÔÄ»ÔÄ»ÔÄ»ÔÄ»ÔÄ»ÔÄ»ÔÄ»ÔÄ»ÔÄ»ÔÄ»ÔÄ»ÔÄ»ÔÄ»ÔÄ»ÔÄ»ÔÄ»ÔÄ»ÔÄ»[199/449]ÔÄ»

 FAIL  src/__tests__/components/AdvancedUIManager.test.tsx > AdvancedUIManager Component > Cria├º├úo de Tours > deve abrir dialog de cria├º├úo de tour
TestingLibraryElementError: Unable to find an element with the text: Criar Novo Tour. This could be because the text is broken up by multiple elements. In this case, you can provide a function for your text matcher to make your matcher more flexible.

Ignored nodes: comments, script, style
<body>
  <div>
    <div
      class="bg-white rounded-lg shadow-lg "
    >
      <div
        class="p-6 border-b border-gray-200"
      >
        <div
          class="flex items-center justify-between"
        >
          <div
            class="flex items-center space-x-3"
          >
            <div
              class="p-2 bg-blue-100 rounded-lg"
            >
              <svg
                class="lucide lucide-layers h-6 w-6 text-blue-600"
                fill="none"
                height="24"
                stroke="currentColor"
                stroke-linecap="round"
                stroke-linejoin="round"
                stroke-width="2"
                viewBox="0 0 24 24"
                width="24"
                xmlns="http://www.w3.org/2000/svg"
              >
                <path
                  d="m12.83 2.18a2 2 0 0 0-1.66 0L2.6 6.08a1 1 0 0 0 0 1.83l8.58 3.91a2 2 0 0 0 1.66 0l8.58-3.9a1 1 0 0 0 0-1.83Z"
                />
                <path
                  d="m22 17.65-9.17 4.16a2 2 0 0 1-1.66 0L2 17.65"
                />
                <path
                  d="m22 12.65-9.17 4.16a2 2 0 0 1-1.66 0L2 12.65"
                />
              </svg>
            </div>
            <div>
              <h2
                class="text-xl font-semibold text-gray-900"
              >
                Advanced UI Manager
              </h2>
              <p
                class="text-sm text-gray-600"
              >
                Gerencie componentes, tours e temas da interface
              </p>
            </div>
          </div>
          <div
            class="flex items-center space-x-2"
          >
            <div
              class="flex items-center space-x-1 px-2 py-1 rounded-full text-xs bg-green-100 text-green-800"
            >
              <svg
                class="lucide lucide-check-circle h-3 w-3"
                fill="none"
                height="24"
                stroke="currentColor"
                stroke-linecap="round"
                stroke-linejoin="round"
                stroke-width="2"
                viewBox="0 0 24 24"
                width="24"
                xmlns="http://www.w3.org/2000/svg"
              >
                <path
                  d="M22 11.08V12a10 10 0 1 1-5.93-9.14"
                />
                <path
                  d="m9 11 3 3L22 4"
                />
              </svg>
              <span>
                Saud├ível
              </span>
            </div>
            <button
              class="p-2 text-gray-400 hover:text-gray-600"
            >
              <svg
                class="lucide lucide-maximize2 h-4 w-4"
                fill="none"
                height="24"
                stroke="currentColor"
                stroke-linecap="round"
                stroke-linejoin="round"
                stroke-width="2"
                viewBox="0 0 24 24"
                width="24"
                xmlns="http://www.w3.org/2000/svg"
              >
                <polyline
                  points="15 3 21 3 21 9"
                />
                <polyline
                  points="9 21 3 21 3 15"
                />
                <line
                  x1="21"
                  x2="14"
                  y1="3"
                  y2="10"
                />
                <line
                  x1="3"
                  x2="10"
                  y1="21"
                  y2="14"
                />
              </svg>
            </button>
          </div>
        </div>
      </div>
      <div
        class="p-6"
      >
        <div
          class="grid grid-cols-1 md:grid-cols-2 lg:grid-cols-4 gap-4"
        >
          <div
            class="bg-white border border-gray-200 rounded-lg p-4 hover:shadow-md transition-shadow cursor-pointer"
          >
            <div
              class="flex items-center justify-between"
            >
              <div
                class="p-2 bg-blue-50 rounded-lg"
              >
                <svg
                  class="lucide lucide-layers h-5 w-5 text-blue-600"
                  fill="none"
                  height="24"
                  stroke="currentColor"
                  stroke-linecap="round"
                  stroke-linejoin="round"
                  stroke-width="2"
                  viewBox="0 0 24 24"
                  width="24"
                  xmlns="http://www.w3.org/2000/svg"
                >
                  <path
                    d="m12.83 2.18a2 2 0 0 0-1.66 0L2.6 6.08a1 1 0 0 0 0 1.83l8.58 3.91a2 2 0 0 0 1.66 0l8.58-3.9a1 1 0 0 0 0-1.83Z"
                  />
                  <path
                    d="m22 17.65-9.17 4.16a2 2 0 0 1-1.66 0L2 17.65"
                  />
                ...

Ignored nodes: comments, script, style
<html>
  <head />
  <body>
    <div>
      <div
        class="bg-white rounded-lg shadow-lg "
      >
        <div
          class="p-6 border-b border-gray-200"
        >
          <div
            class="flex items-center justify-between"
          >
            <div
              class="flex items-center space-x-3"
            >
              <div
                class="p-2 bg-blue-100 rounded-lg"
              >
                <svg
                  class="lucide lucide-layers h-6 w-6 text-blue-600"
                  fill="none"
                  height="24"
                  stroke="currentColor"
                  stroke-linecap="round"
                  stroke-linejoin="round"
                  stroke-width="2"
                  viewBox="0 0 24 24"
                  width="24"
                  xmlns="http://www.w3.org/2000/svg"
                >
                  <path
                    d="m12.83 2.18a2 2 0 0 0-1.66 0L2.6 6.08a1 1 0 0 0 0 1.83l8.58 3.91a2 2 0 0 0 1.66 0l8.58-3.9a1 1 0 0 0 0-1.83Z"
                  />
                  <path
                    d="m22 17.65-9.17 4.16a2 2 0 0 1-1.66 0L2 17.65"
                  />
                  <path
                    d="m22 12.65-9.17 4.16a2 2 0 0 1-1.66 0L2 12.65"
                  />
                </svg>
              </div>
              <div>
                <h2
                  class="text-xl font-semibold text-gray-900"
                >
                  Advanced UI Manager
                </h2>
                <p
                  class="text-sm text-gray-600"
                >
                  Gerencie componentes, tours e temas da interface
                </p>
              </div>
            </div>
            <div
              class="flex items-center space-x-2"
            >
              <div
                class="flex items-center space-x-1 px-2 py-1 rounded-full text-xs bg-green-100 text-green-800"
              >
                <svg
                  class="lucide lucide-check-circle h-3 w-3"
                  fill="none"
                  height="24"
                  stroke="currentColor"
                  stroke-linecap="round"
                  stroke-linejoin="round"
                  stroke-width="2"
                  viewBox="0 0 24 24"
                  width="24"
                  xmlns="http://www.w3.org/2000/svg"
                >
                  <path
                    d="M22 11.08V12a10 10 0 1 1-5.93-9.14"
                  />
                  <path
                    d="m9 11 3 3L22 4"
                  />
                </svg>
                <span>
                  Saud├ível
                </span>
              </div>
              <button
                class="p-2 text-gray-400 hover:text-gray-600"
              >
                <svg
                  class="lucide lucide-maximize2 h-4 w-4"
                  fill="none"
                  height="24"
                  stroke="currentColor"
                  stroke-linecap="round"
                  stroke-linejoin="round"
                  stroke-width="2"
                  viewBox="0 0 24 24"
                  width="24"
                  xmlns="http://www.w3.org/2000/svg"
                >
                  <polyline
                    points="15 3 21 3 21 9"
                  />
                  <polyline
                    points="9 21 3 21 3 15"
                  />
                  <line
                    x1="21"
                    x2="14"
                    y1="3"
                    y2="10"
                  />
                  <line
                    x1="3"
                    x2="10"
                    y1="21"
                    y2="14"
                  />
                </svg>
              </button>
            </div>
          </div>
        </div>
        <div
          class="p-6"
        >
          <div
            class="grid grid-cols-1 md:grid-cols-2 lg:grid-cols-4 gap-4"
          >
            <div
              class="bg-white border border-gray-200 rounded-lg p-4 hover:shadow-md transition-shadow cursor-pointer"
            >
              <div
                class="flex items-center justify-between"
              >
                <div
                  class="p-2 bg-blue-50 rounded-lg"
                >
                  <svg
                    class="lucide lucide-layers h-5 w-5 text-blue-600"
                    fill="none"
                    height="24"
                    stroke="currentColor"
                    stroke-linecap="round"
                    stroke-linejoin="round"
                    stroke-width="2"
                    viewBox="0 0 24 24"
                    width="24"
                    xmlns="http://www.w3.org/2000/svg"
                  >
                    <path
                    ...
 ÔØ» Proxy.waitForWrapper node_modules/@testing-library/dom/dist/wait-for.js:166:27
 ÔØ» src/__tests__/components/AdvancedUIManager.test.tsx:338:13
    336|       fireEvent.click(createButton);
    337|       
    338|       await waitFor(() => {
       |             ^
    339|         expect(screen.getByText('Criar Novo Tour')).toBeInTheDocument(ÔÇª
    340|       });

ÔÄ»ÔÄ»ÔÄ»ÔÄ»ÔÄ»ÔÄ»ÔÄ»ÔÄ»ÔÄ»ÔÄ»ÔÄ»ÔÄ»ÔÄ»ÔÄ»ÔÄ»ÔÄ»ÔÄ»ÔÄ»ÔÄ»ÔÄ»[200/449]ÔÄ»

 FAIL  src/__tests__/components/AdvancedUIManager.test.tsx > AdvancedUIManager Component > Cria├º├úo de Tours > deve criar tour com steps
TestingLibraryElementError: Unable to find an element with the text: Criar Novo Tour. This could be because the text is broken up by multiple elements. In this case, you can provide a function for your text matcher to make your matcher more flexible.

Ignored nodes: comments, script, style
<body>
  <div>
    <div
      class="bg-white rounded-lg shadow-lg "
    >
      <div
        class="p-6 border-b border-gray-200"
      >
        <div
          class="flex items-center justify-between"
        >
          <div
            class="flex items-center space-x-3"
          >
            <div
              class="p-2 bg-blue-100 rounded-lg"
            >
              <svg
                class="lucide lucide-layers h-6 w-6 text-blue-600"
                fill="none"
                height="24"
                stroke="currentColor"
                stroke-linecap="round"
                stroke-linejoin="round"
                stroke-width="2"
                viewBox="0 0 24 24"
                width="24"
                xmlns="http://www.w3.org/2000/svg"
              >
                <path
                  d="m12.83 2.18a2 2 0 0 0-1.66 0L2.6 6.08a1 1 0 0 0 0 1.83l8.58 3.91a2 2 0 0 0 1.66 0l8.58-3.9a1 1 0 0 0 0-1.83Z"
                />
                <path
                  d="m22 17.65-9.17 4.16a2 2 0 0 1-1.66 0L2 17.65"
                />
                <path
                  d="m22 12.65-9.17 4.16a2 2 0 0 1-1.66 0L2 12.65"
                />
              </svg>
            </div>
            <div>
              <h2
                class="text-xl font-semibold text-gray-900"
              >
                Advanced UI Manager
              </h2>
              <p
                class="text-sm text-gray-600"
              >
                Gerencie componentes, tours e temas da interface
              </p>
            </div>
          </div>
          <div
            class="flex items-center space-x-2"
          >
            <div
              class="flex items-center space-x-1 px-2 py-1 rounded-full text-xs bg-green-100 text-green-800"
            >
              <svg
                class="lucide lucide-check-circle h-3 w-3"
                fill="none"
                height="24"
                stroke="currentColor"
                stroke-linecap="round"
                stroke-linejoin="round"
                stroke-width="2"
                viewBox="0 0 24 24"
                width="24"
                xmlns="http://www.w3.org/2000/svg"
              >
                <path
                  d="M22 11.08V12a10 10 0 1 1-5.93-9.14"
                />
                <path
                  d="m9 11 3 3L22 4"
                />
              </svg>
              <span>
                Saud├ível
              </span>
            </div>
            <button
              class="p-2 text-gray-400 hover:text-gray-600"
            >
              <svg
                class="lucide lucide-maximize2 h-4 w-4"
                fill="none"
                height="24"
                stroke="currentColor"
                stroke-linecap="round"
                stroke-linejoin="round"
                stroke-width="2"
                viewBox="0 0 24 24"
                width="24"
                xmlns="http://www.w3.org/2000/svg"
              >
                <polyline
                  points="15 3 21 3 21 9"
                />
                <polyline
                  points="9 21 3 21 3 15"
                />
                <line
                  x1="21"
                  x2="14"
                  y1="3"
                  y2="10"
                />
                <line
                  x1="3"
                  x2="10"
                  y1="21"
                  y2="14"
                />
              </svg>
            </button>
          </div>
        </div>
      </div>
      <div
        class="p-6"
      >
        <div
          class="grid grid-cols-1 md:grid-cols-2 lg:grid-cols-4 gap-4"
        >
          <div
            class="bg-white border border-gray-200 rounded-lg p-4 hover:shadow-md transition-shadow cursor-pointer"
          >
            <div
              class="flex items-center justify-between"
            >
              <div
                class="p-2 bg-blue-50 rounded-lg"
              >
                <svg
                  class="lucide lucide-layers h-5 w-5 text-blue-600"
                  fill="none"
                  height="24"
                  stroke="currentColor"
                  stroke-linecap="round"
                  stroke-linejoin="round"
                  stroke-width="2"
                  viewBox="0 0 24 24"
                  width="24"
                  xmlns="http://www.w3.org/2000/svg"
                >
                  <path
                    d="m12.83 2.18a2 2 0 0 0-1.66 0L2.6 6.08a1 1 0 0 0 0 1.83l8.58 3.91a2 2 0 0 0 1.66 0l8.58-3.9a1 1 0 0 0 0-1.83Z"
                  />
                  <path
                    d="m22 17.65-9.17 4.16a2 2 0 0 1-1.66 0L2 17.65"
                  />
                ...

Ignored nodes: comments, script, style
<html>
  <head />
  <body>
    <div>
      <div
        class="bg-white rounded-lg shadow-lg "
      >
        <div
          class="p-6 border-b border-gray-200"
        >
          <div
            class="flex items-center justify-between"
          >
            <div
              class="flex items-center space-x-3"
            >
              <div
                class="p-2 bg-blue-100 rounded-lg"
              >
                <svg
                  class="lucide lucide-layers h-6 w-6 text-blue-600"
                  fill="none"
                  height="24"
                  stroke="currentColor"
                  stroke-linecap="round"
                  stroke-linejoin="round"
                  stroke-width="2"
                  viewBox="0 0 24 24"
                  width="24"
                  xmlns="http://www.w3.org/2000/svg"
                >
                  <path
                    d="m12.83 2.18a2 2 0 0 0-1.66 0L2.6 6.08a1 1 0 0 0 0 1.83l8.58 3.91a2 2 0 0 0 1.66 0l8.58-3.9a1 1 0 0 0 0-1.83Z"
                  />
                  <path
                    d="m22 17.65-9.17 4.16a2 2 0 0 1-1.66 0L2 17.65"
                  />
                  <path
                    d="m22 12.65-9.17 4.16a2 2 0 0 1-1.66 0L2 12.65"
                  />
                </svg>
              </div>
              <div>
                <h2
                  class="text-xl font-semibold text-gray-900"
                >
                  Advanced UI Manager
                </h2>
                <p
                  class="text-sm text-gray-600"
                >
                  Gerencie componentes, tours e temas da interface
                </p>
              </div>
            </div>
            <div
              class="flex items-center space-x-2"
            >
              <div
                class="flex items-center space-x-1 px-2 py-1 rounded-full text-xs bg-green-100 text-green-800"
              >
                <svg
                  class="lucide lucide-check-circle h-3 w-3"
                  fill="none"
                  height="24"
                  stroke="currentColor"
                  stroke-linecap="round"
                  stroke-linejoin="round"
                  stroke-width="2"
                  viewBox="0 0 24 24"
                  width="24"
                  xmlns="http://www.w3.org/2000/svg"
                >
                  <path
                    d="M22 11.08V12a10 10 0 1 1-5.93-9.14"
                  />
                  <path
                    d="m9 11 3 3L22 4"
                  />
                </svg>
                <span>
                  Saud├ível
                </span>
              </div>
              <button
                class="p-2 text-gray-400 hover:text-gray-600"
              >
                <svg
                  class="lucide lucide-maximize2 h-4 w-4"
                  fill="none"
                  height="24"
                  stroke="currentColor"
                  stroke-linecap="round"
                  stroke-linejoin="round"
                  stroke-width="2"
                  viewBox="0 0 24 24"
                  width="24"
                  xmlns="http://www.w3.org/2000/svg"
                >
                  <polyline
                    points="15 3 21 3 21 9"
                  />
                  <polyline
                    points="9 21 3 21 3 15"
                  />
                  <line
                    x1="21"
                    x2="14"
                    y1="3"
                    y2="10"
                  />
                  <line
                    x1="3"
                    x2="10"
                    y1="21"
                    y2="14"
                  />
                </svg>
              </button>
            </div>
          </div>
        </div>
        <div
          class="p-6"
        >
          <div
            class="grid grid-cols-1 md:grid-cols-2 lg:grid-cols-4 gap-4"
          >
            <div
              class="bg-white border border-gray-200 rounded-lg p-4 hover:shadow-md transition-shadow cursor-pointer"
            >
              <div
                class="flex items-center justify-between"
              >
                <div
                  class="p-2 bg-blue-50 rounded-lg"
                >
                  <svg
                    class="lucide lucide-layers h-5 w-5 text-blue-600"
                    fill="none"
                    height="24"
                    stroke="currentColor"
                    stroke-linecap="round"
                    stroke-linejoin="round"
                    stroke-width="2"
                    viewBox="0 0 24 24"
                    width="24"
                    xmlns="http://www.w3.org/2000/svg"
                  >
                    <path
                    ...
 ÔØ» Proxy.waitForWrapper node_modules/@testing-library/dom/dist/wait-for.js:166:27
 ÔØ» src/__tests__/components/AdvancedUIManager.test.tsx:350:13
    348|       fireEvent.click(screen.getByText('Criar Tour'));
    349|       
    350|       await waitFor(() => {
       |             ^
    351|         expect(screen.getByText('Criar Novo Tour')).toBeInTheDocument(ÔÇª
    352|       });

ÔÄ»ÔÄ»ÔÄ»ÔÄ»ÔÄ»ÔÄ»ÔÄ»ÔÄ»ÔÄ»ÔÄ»ÔÄ»ÔÄ»ÔÄ»ÔÄ»ÔÄ»ÔÄ»ÔÄ»ÔÄ»ÔÄ»ÔÄ»[201/449]ÔÄ»

 FAIL  src/__tests__/components/AdvancedUIManager.test.tsx > AdvancedUIManager Component > Cria├º├úo de Temas > deve abrir dialog de cria├º├úo de tema
TestingLibraryElementError: Unable to find an element with the text: Criar Tema. This could be because the text is broken up by multiple elements. In this case, you can provide a function for your text matcher to make your matcher more flexible.

Ignored nodes: comments, script, style
<body>
  <div>
    <div
      class="bg-white rounded-lg shadow-lg "
    >
      <div
        class="p-6 border-b border-gray-200"
      >
        <div
          class="flex items-center justify-between"
        >
          <div
            class="flex items-center space-x-3"
          >
            <div
              class="p-2 bg-blue-100 rounded-lg"
            >
              <svg
                class="lucide lucide-layers h-6 w-6 text-blue-600"
                fill="none"
                height="24"
                stroke="currentColor"
                stroke-linecap="round"
                stroke-linejoin="round"
                stroke-width="2"
                viewBox="0 0 24 24"
                width="24"
                xmlns="http://www.w3.org/2000/svg"
              >
                <path
                  d="m12.83 2.18a2 2 0 0 0-1.66 0L2.6 6.08a1 1 0 0 0 0 1.83l8.58 3.91a2 2 0 0 0 1.66 0l8.58-3.9a1 1 0 0 0 0-1.83Z"
                />
                <path
                  d="m22 17.65-9.17 4.16a2 2 0 0 1-1.66 0L2 17.65"
                />
                <path
                  d="m22 12.65-9.17 4.16a2 2 0 0 1-1.66 0L2 12.65"
                />
              </svg>
            </div>
            <div>
              <h2
                class="text-xl font-semibold text-gray-900"
              >
                Advanced UI Manager
              </h2>
              <p
                class="text-sm text-gray-600"
              >
                Gerencie componentes, tours e temas da interface
              </p>
            </div>
          </div>
          <div
            class="flex items-center space-x-2"
          >
            <div
              class="flex items-center space-x-1 px-2 py-1 rounded-full text-xs bg-green-100 text-green-800"
            >
              <svg
                class="lucide lucide-check-circle h-3 w-3"
                fill="none"
                height="24"
                stroke="currentColor"
                stroke-linecap="round"
                stroke-linejoin="round"
                stroke-width="2"
                viewBox="0 0 24 24"
                width="24"
                xmlns="http://www.w3.org/2000/svg"
              >
                <path
                  d="M22 11.08V12a10 10 0 1 1-5.93-9.14"
                />
                <path
                  d="m9 11 3 3L22 4"
                />
              </svg>
              <span>
                Saud├ível
              </span>
            </div>
            <button
              class="p-2 text-gray-400 hover:text-gray-600"
            >
              <svg
                class="lucide lucide-maximize2 h-4 w-4"
                fill="none"
                height="24"
                stroke="currentColor"
                stroke-linecap="round"
                stroke-linejoin="round"
                stroke-width="2"
                viewBox="0 0 24 24"
                width="24"
                xmlns="http://www.w3.org/2000/svg"
              >
                <polyline
                  points="15 3 21 3 21 9"
                />
                <polyline
                  points="9 21 3 21 3 15"
                />
                <line
                  x1="21"
                  x2="14"
                  y1="3"
                  y2="10"
                />
                <line
                  x1="3"
                  x2="10"
                  y1="21"
                  y2="14"
                />
              </svg>
            </button>
          </div>
        </div>
      </div>
      <div
        class="p-6"
      >
        <div
          class="grid grid-cols-1 md:grid-cols-2 lg:grid-cols-4 gap-4"
        >
          <div
            class="bg-white border border-gray-200 rounded-lg p-4 hover:shadow-md transition-shadow cursor-pointer"
          >
            <div
              class="flex items-center justify-between"
            >
              <div
                class="p-2 bg-blue-50 rounded-lg"
              >
                <svg
                  class="lucide lucide-layers h-5 w-5 text-blue-600"
                  fill="none"
                  height="24"
                  stroke="currentColor"
                  stroke-linecap="round"
                  stroke-linejoin="round"
                  stroke-width="2"
                  viewBox="0 0 24 24"
                  width="24"
                  xmlns="http://www.w3.org/2000/svg"
                >
                  <path
                    d="m12.83 2.18a2 2 0 0 0-1.66 0L2.6 6.08a1 1 0 0 0 0 1.83l8.58 3.91a2 2 0 0 0 1.66 0l8.58-3.9a1 1 0 0 0 0-1.83Z"
                  />
                  <path
                    d="m22 17.65-9.17 4.16a2 2 0 0 1-1.66 0L2 17.65"
                  />
                ...
 ÔØ» Object.getElementError node_modules/@testing-library/dom/dist/config.js:37:19
 ÔØ» node_modules/@testing-library/dom/dist/query-helpers.js:76:38
 ÔØ» node_modules/@testing-library/dom/dist/query-helpers.js:52:17
 ÔØ» node_modules/@testing-library/dom/dist/query-helpers.js:95:19
 ÔØ» src/__tests__/components/AdvancedUIManager.test.tsx:379:35
    377|       
    378|       // Clicar no bot├úo de criar
    379|       const createButton = screen.getByText('Criar Tema');
       |                                   ^
    380|       fireEvent.click(createButton);
    381|       

ÔÄ»ÔÄ»ÔÄ»ÔÄ»ÔÄ»ÔÄ»ÔÄ»ÔÄ»ÔÄ»ÔÄ»ÔÄ»ÔÄ»ÔÄ»ÔÄ»ÔÄ»ÔÄ»ÔÄ»ÔÄ»ÔÄ»ÔÄ»[202/449]ÔÄ»

 FAIL  src/__tests__/components/AdvancedUIManager.test.tsx > AdvancedUIManager Component > Cria├º├úo de Temas > deve criar tema com cores personalizadas
TestingLibraryElementError: Unable to find an element with the text: Criar Tema. This could be because the text is broken up by multiple elements. In this case, you can provide a function for your text matcher to make your matcher more flexible.

Ignored nodes: comments, script, style
<body>
  <div>
    <div
      class="bg-white rounded-lg shadow-lg "
    >
      <div
        class="p-6 border-b border-gray-200"
      >
        <div
          class="flex items-center justify-between"
        >
          <div
            class="flex items-center space-x-3"
          >
            <div
              class="p-2 bg-blue-100 rounded-lg"
            >
              <svg
                class="lucide lucide-layers h-6 w-6 text-blue-600"
                fill="none"
                height="24"
                stroke="currentColor"
                stroke-linecap="round"
                stroke-linejoin="round"
                stroke-width="2"
                viewBox="0 0 24 24"
                width="24"
                xmlns="http://www.w3.org/2000/svg"
              >
                <path
                  d="m12.83 2.18a2 2 0 0 0-1.66 0L2.6 6.08a1 1 0 0 0 0 1.83l8.58 3.91a2 2 0 0 0 1.66 0l8.58-3.9a1 1 0 0 0 0-1.83Z"
                />
                <path
                  d="m22 17.65-9.17 4.16a2 2 0 0 1-1.66 0L2 17.65"
                />
                <path
                  d="m22 12.65-9.17 4.16a2 2 0 0 1-1.66 0L2 12.65"
                />
              </svg>
            </div>
            <div>
              <h2
                class="text-xl font-semibold text-gray-900"
              >
                Advanced UI Manager
              </h2>
              <p
                class="text-sm text-gray-600"
              >
                Gerencie componentes, tours e temas da interface
              </p>
            </div>
          </div>
          <div
            class="flex items-center space-x-2"
          >
            <div
              class="flex items-center space-x-1 px-2 py-1 rounded-full text-xs bg-green-100 text-green-800"
            >
              <svg
                class="lucide lucide-check-circle h-3 w-3"
                fill="none"
                height="24"
                stroke="currentColor"
                stroke-linecap="round"
                stroke-linejoin="round"
                stroke-width="2"
                viewBox="0 0 24 24"
                width="24"
                xmlns="http://www.w3.org/2000/svg"
              >
                <path
                  d="M22 11.08V12a10 10 0 1 1-5.93-9.14"
                />
                <path
                  d="m9 11 3 3L22 4"
                />
              </svg>
              <span>
                Saud├ível
              </span>
            </div>
            <button
              class="p-2 text-gray-400 hover:text-gray-600"
            >
              <svg
                class="lucide lucide-maximize2 h-4 w-4"
                fill="none"
                height="24"
                stroke="currentColor"
                stroke-linecap="round"
                stroke-linejoin="round"
                stroke-width="2"
                viewBox="0 0 24 24"
                width="24"
                xmlns="http://www.w3.org/2000/svg"
              >
                <polyline
                  points="15 3 21 3 21 9"
                />
                <polyline
                  points="9 21 3 21 3 15"
                />
                <line
                  x1="21"
                  x2="14"
                  y1="3"
                  y2="10"
                />
                <line
                  x1="3"
                  x2="10"
                  y1="21"
                  y2="14"
                />
              </svg>
            </button>
          </div>
        </div>
      </div>
      <div
        class="p-6"
      >
        <div
          class="grid grid-cols-1 md:grid-cols-2 lg:grid-cols-4 gap-4"
        >
          <div
            class="bg-white border border-gray-200 rounded-lg p-4 hover:shadow-md transition-shadow cursor-pointer"
          >
            <div
              class="flex items-center justify-between"
            >
              <div
                class="p-2 bg-blue-50 rounded-lg"
              >
                <svg
                  class="lucide lucide-layers h-5 w-5 text-blue-600"
                  fill="none"
                  height="24"
                  stroke="currentColor"
                  stroke-linecap="round"
                  stroke-linejoin="round"
                  stroke-width="2"
                  viewBox="0 0 24 24"
                  width="24"
                  xmlns="http://www.w3.org/2000/svg"
                >
                  <path
                    d="m12.83 2.18a2 2 0 0 0-1.66 0L2.6 6.08a1 1 0 0 0 0 1.83l8.58 3.91a2 2 0 0 0 1.66 0l8.58-3.9a1 1 0 0 0 0-1.83Z"
                  />
                  <path
                    d="m22 17.65-9.17 4.16a2 2 0 0 1-1.66 0L2 17.65"
                  />
                ...
 ÔØ» Object.getElementError node_modules/@testing-library/dom/dist/config.js:37:19
 ÔØ» node_modules/@testing-library/dom/dist/query-helpers.js:76:38
 ÔØ» node_modules/@testing-library/dom/dist/query-helpers.js:52:17
 ÔØ» node_modules/@testing-library/dom/dist/query-helpers.js:95:19
 ÔØ» src/__tests__/components/AdvancedUIManager.test.tsx:392:30
    390|       // Abrir dialog
    391|       fireEvent.click(screen.getByText('Temas'));
    392|       fireEvent.click(screen.getByText('Criar Tema'));
       |                              ^
    393|       
    394|       await waitFor(() => {

ÔÄ»ÔÄ»ÔÄ»ÔÄ»ÔÄ»ÔÄ»ÔÄ»ÔÄ»ÔÄ»ÔÄ»ÔÄ»ÔÄ»ÔÄ»ÔÄ»ÔÄ»ÔÄ»ÔÄ»ÔÄ»ÔÄ»ÔÄ»[203/449]ÔÄ»

 FAIL  src/__tests__/components/AdvancedUIManager.test.tsx > AdvancedUIManager Component > Configura├º├Áes > deve renderizar configura├º├Áes na aba correspondente
 FAIL  src/__tests__/components/AdvancedUIManager.test.tsx > AdvancedUIManager Component > Configura├º├Áes > deve atualizar configura├º├Áes
 FAIL  src/__tests__/components/AdvancedUIManager.test.tsx > AdvancedUIManager Component > Configura├º├Áes > deve resetar configura├º├Áes
TypeError: Cannot read properties of undefined (reading 'highContrast')
 ÔØ» AdvancedUIManager src/components/ui/AdvancedUIManager.tsx:1091:55
    1089|                       <input
    1090|                         type="checkbox"
    1091|                         checked={config.accessibility.highContrast}
       |                                                       ^
    1092|                         onChange={(e) => updateConfig({
    1093|                           accessibility: {
 ÔØ» renderWithHooks node_modules/react-dom/cjs/react-dom.development.js:16305:18
 ÔØ» updateFunctionComponent node_modules/react-dom/cjs/react-dom.development.js:19588:20
 ÔØ» beginWork node_modules/react-dom/cjs/react-dom.development.js:21601:16
 ÔØ» beginWork$1 node_modules/react-dom/cjs/react-dom.development.js:27426:14
 ÔØ» performUnitOfWork node_modules/react-dom/cjs/react-dom.development.js:26560:12
 ÔØ» workLoopSync node_modules/react-dom/cjs/react-dom.development.js:26466:5
 ÔØ» renderRootSync node_modules/react-dom/cjs/react-dom.development.js:26434:7
 ÔØ» recoverFromConcurrentError node_modules/react-dom/cjs/react-dom.development.js:25850:20
 ÔØ» performSyncWorkOnRoot node_modules/react-dom/cjs/react-dom.development.js:26096:20

ÔÄ»ÔÄ»ÔÄ»ÔÄ»ÔÄ»ÔÄ»ÔÄ»ÔÄ»ÔÄ»ÔÄ»ÔÄ»ÔÄ»ÔÄ»ÔÄ»ÔÄ»ÔÄ»ÔÄ»ÔÄ»ÔÄ»ÔÄ»[204/449]ÔÄ»

 FAIL  src/__tests__/components/AdvancedUIManager.test.tsx > AdvancedUIManager Component > Analytics > deve renderizar analytics na aba correspondente
 FAIL  src/__tests__/components/AdvancedUIManager.test.tsx > AdvancedUIManager Component > Analytics > deve exibir m├®tricas de performance
TypeError: Cannot read properties of undefined (reading 'map')
 ÔØ» AdvancedUIManager src/components/ui/AdvancedUIManager.tsx:955:47
    953|                   <h3 className="font-medium text-gray-900 mb-4">Uso dÔÇª
    954|                   <div className="space-y-3">
    955|                     {analytics.componentUsage.map((usage, index) => (
       |                                               ^
    956|                       <div key={index} className="flex items-center juÔÇª
    957|                         <div className="flex items-center space-x-2">
 ÔØ» renderWithHooks node_modules/react-dom/cjs/react-dom.development.js:16305:18
 ÔØ» updateFunctionComponent node_modules/react-dom/cjs/react-dom.development.js:19588:20
 ÔØ» beginWork node_modules/react-dom/cjs/react-dom.development.js:21601:16
 ÔØ» beginWork$1 node_modules/react-dom/cjs/react-dom.development.js:27426:14
 ÔØ» performUnitOfWork node_modules/react-dom/cjs/react-dom.development.js:26560:12
 ÔØ» workLoopSync node_modules/react-dom/cjs/react-dom.development.js:26466:5
 ÔØ» renderRootSync node_modules/react-dom/cjs/react-dom.development.js:26434:7
 ÔØ» recoverFromConcurrentError node_modules/react-dom/cjs/react-dom.development.js:25850:20
 ÔØ» performSyncWorkOnRoot node_modules/react-dom/cjs/react-dom.development.js:26096:20

ÔÄ»ÔÄ»ÔÄ»ÔÄ»ÔÄ»ÔÄ»ÔÄ»ÔÄ»ÔÄ»ÔÄ»ÔÄ»ÔÄ»ÔÄ»ÔÄ»ÔÄ»ÔÄ»ÔÄ»ÔÄ»ÔÄ»ÔÄ»[205/449]ÔÄ»

 FAIL  src/__tests__/components/AdvancedUIManager.test.tsx > AdvancedUIManager Component > Responsividade > deve adaptar layout para mobile
TestingLibraryElementError: Unable to find an element by: [data-testid="advanced-ui-manager"]

Ignored nodes: comments, script, style
<body>
  <div>
    <div
      class="bg-white rounded-lg shadow-lg "
    >
      <div
        class="p-6 border-b border-gray-200"
      >
        <div
          class="flex items-center justify-between"
        >
          <div
            class="flex items-center space-x-3"
          >
            <div
              class="p-2 bg-blue-100 rounded-lg"
            >
              <svg
                class="lucide lucide-layers h-6 w-6 text-blue-600"
                fill="none"
                height="24"
                stroke="currentColor"
                stroke-linecap="round"
                stroke-linejoin="round"
                stroke-width="2"
                viewBox="0 0 24 24"
                width="24"
                xmlns="http://www.w3.org/2000/svg"
              >
                <path
                  d="m12.83 2.18a2 2 0 0 0-1.66 0L2.6 6.08a1 1 0 0 0 0 1.83l8.58 3.91a2 2 0 0 0 1.66 0l8.58-3.9a1 1 0 0 0 0-1.83Z"
                />
                <path
                  d="m22 17.65-9.17 4.16a2 2 0 0 1-1.66 0L2 17.65"
                />
                <path
                  d="m22 12.65-9.17 4.16a2 2 0 0 1-1.66 0L2 12.65"
                />
              </svg>
            </div>
            <div>
              <h2
                class="text-xl font-semibold text-gray-900"
              >
                Advanced UI Manager
              </h2>
              <p
                class="text-sm text-gray-600"
              >
                Gerencie componentes, tours e temas da interface
              </p>
            </div>
          </div>
          <div
            class="flex items-center space-x-2"
          >
            <div
              class="flex items-center space-x-1 px-2 py-1 rounded-full text-xs bg-green-100 text-green-800"
            >
              <svg
                class="lucide lucide-check-circle h-3 w-3"
                fill="none"
                height="24"
                stroke="currentColor"
                stroke-linecap="round"
                stroke-linejoin="round"
                stroke-width="2"
                viewBox="0 0 24 24"
                width="24"
                xmlns="http://www.w3.org/2000/svg"
              >
                <path
                  d="M22 11.08V12a10 10 0 1 1-5.93-9.14"
                />
                <path
                  d="m9 11 3 3L22 4"
                />
              </svg>
              <span>
                Saud├ível
              </span>
            </div>
            <button
              class="p-2 text-gray-400 hover:text-gray-600"
            >
              <svg
                class="lucide lucide-maximize2 h-4 w-4"
                fill="none"
                height="24"
                stroke="currentColor"
                stroke-linecap="round"
                stroke-linejoin="round"
                stroke-width="2"
                viewBox="0 0 24 24"
                width="24"
                xmlns="http://www.w3.org/2000/svg"
              >
                <polyline
                  points="15 3 21 3 21 9"
                />
                <polyline
                  points="9 21 3 21 3 15"
                />
                <line
                  x1="21"
                  x2="14"
                  y1="3"
                  y2="10"
                />
                <line
                  x1="3"
                  x2="10"
                  y1="21"
                  y2="14"
                />
              </svg>
            </button>
          </div>
        </div>
      </div>
      <div
        class="p-6"
      >
        <div
          class="grid grid-cols-1 md:grid-cols-2 lg:grid-cols-4 gap-4"
        >
          <div
            class="bg-white border border-gray-200 rounded-lg p-4 hover:shadow-md transition-shadow cursor-pointer"
          >
            <div
              class="flex items-center justify-between"
            >
              <div
                class="p-2 bg-blue-50 rounded-lg"
              >
                <svg
                  class="lucide lucide-layers h-5 w-5 text-blue-600"
                  fill="none"
                  height="24"
                  stroke="currentColor"
                  stroke-linecap="round"
                  stroke-linejoin="round"
                  stroke-width="2"
                  viewBox="0 0 24 24"
                  width="24"
                  xmlns="http://www.w3.org/2000/svg"
                >
                  <path
                    d="m12.83 2.18a2 2 0 0 0-1.66 0L2.6 6.08a1 1 0 0 0 0 1.83l8.58 3.91a2 2 0 0 0 1.66 0l8.58-3.9a1 1 0 0 0 0-1.83Z"
                  />
                  <path
                    d="m22 17.65-9.17 4.16a2 2 0 0 1-1.66 0L2 17.65"
                  />
                ...
 ÔØ» Object.getElementError node_modules/@testing-library/dom/dist/config.js:37:19
 ÔØ» node_modules/@testing-library/dom/dist/query-helpers.js:76:38
 ÔØ» node_modules/@testing-library/dom/dist/query-helpers.js:52:17
 ÔØ» node_modules/@testing-library/dom/dist/query-helpers.js:95:19
 ÔØ» src/__tests__/components/AdvancedUIManager.test.tsx:554:32
    552|       
    553|       // Verificar se o layout mobile est├í sendo aplicado
    554|       const container = screen.getByTestId('advanced-ui-manager');
       |                                ^
    555|       expect(container).toHaveClass('flex-col');
    556|     });

ÔÄ»ÔÄ»ÔÄ»ÔÄ»ÔÄ»ÔÄ»ÔÄ»ÔÄ»ÔÄ»ÔÄ»ÔÄ»ÔÄ»ÔÄ»ÔÄ»ÔÄ»ÔÄ»ÔÄ»ÔÄ»ÔÄ»ÔÄ»[206/449]ÔÄ»

 FAIL  src/__tests__/components/AdvancedUIManager.test.tsx > AdvancedUIManager Component > Acessibilidade > deve ter navega├º├úo por teclado
Error: expect(element).toHaveFocus()

Expected element with focus:
  <span>
  Componentes
</span>
Received element with focus:
  <body>
  <div>
    <div
      class="bg-white rounded-lg shadow-lg "
    >
      <div
        class="p-6 border-b border-gray-200"
      >
        <div
          class="flex items-center justify-between"
        >
          <div ÔÇª />
          <div ÔÇª />
        </div>
      </div>
      <div
        class="p-6"
      >
        <div
          class="grid grid-cols-1 md:grid-cols-2 lg:grid-cols-4 gap-4"
        >
          <div ÔÇª />
          <div ÔÇª />
          <div ÔÇª />
          <div ÔÇª />
        </div>
      </div>
      <div
        class="px-6 pb-4"
      >
        <div
          class="flex flex-col sm:flex-row gap-4"
        >
          <div ÔÇª />
          <div ÔÇª />
        </div>
      </div>
      <div
        class="border-b border-gray-200"
      >
        <nav
          class="flex space-x-8 px-6"
        >
          <button ÔÇª />
          <button ÔÇª />
          <button ÔÇª />
          <button ÔÇª />
          <button ÔÇª />
          <button ÔÇª />
        </nav>
      </div>
      <div
        class="p-6"
      >
        <div
          class="space-y-6"
        >
          <div ÔÇª />
          <div ÔÇª />
        </div>
      </div>
    </div>
  </div>
</body>
 ÔØ» src/__tests__/components/AdvancedUIManager.test.tsx:570:25
    568|       
    569|       const secondTab = screen.getByText('Componentes');
    570|       expect(secondTab).toHaveFocus();
       |                         ^
    571|     });
    572| 

ÔÄ»ÔÄ»ÔÄ»ÔÄ»ÔÄ»ÔÄ»ÔÄ»ÔÄ»ÔÄ»ÔÄ»ÔÄ»ÔÄ»ÔÄ»ÔÄ»ÔÄ»ÔÄ»ÔÄ»ÔÄ»ÔÄ»ÔÄ»[207/449]ÔÄ»

 FAIL  src/__tests__/components/AdvancedUIManager.test.tsx > AdvancedUIManager Component > Acessibilidade > deve ter labels apropriados
TestingLibraryElementError: Unable to find an element with the placeholder text of: Buscar...

Ignored nodes: comments, script, style
<body>
  <div>
    <div
      class="bg-white rounded-lg shadow-lg "
    >
      <div
        class="p-6 border-b border-gray-200"
      >
        <div
          class="flex items-center justify-between"
        >
          <div
            class="flex items-center space-x-3"
          >
            <div
              class="p-2 bg-blue-100 rounded-lg"
            >
              <svg
                class="lucide lucide-layers h-6 w-6 text-blue-600"
                fill="none"
                height="24"
                stroke="currentColor"
                stroke-linecap="round"
                stroke-linejoin="round"
                stroke-width="2"
                viewBox="0 0 24 24"
                width="24"
                xmlns="http://www.w3.org/2000/svg"
              >
                <path
                  d="m12.83 2.18a2 2 0 0 0-1.66 0L2.6 6.08a1 1 0 0 0 0 1.83l8.58 3.91a2 2 0 0 0 1.66 0l8.58-3.9a1 1 0 0 0 0-1.83Z"
                />
                <path
                  d="m22 17.65-9.17 4.16a2 2 0 0 1-1.66 0L2 17.65"
                />
                <path
                  d="m22 12.65-9.17 4.16a2 2 0 0 1-1.66 0L2 12.65"
                />
              </svg>
            </div>
            <div>
              <h2
                class="text-xl font-semibold text-gray-900"
              >
                Advanced UI Manager
              </h2>
              <p
                class="text-sm text-gray-600"
              >
                Gerencie componentes, tours e temas da interface
              </p>
            </div>
          </div>
          <div
            class="flex items-center space-x-2"
          >
            <div
              class="flex items-center space-x-1 px-2 py-1 rounded-full text-xs bg-green-100 text-green-800"
            >
              <svg
                class="lucide lucide-check-circle h-3 w-3"
                fill="none"
                height="24"
                stroke="currentColor"
                stroke-linecap="round"
                stroke-linejoin="round"
                stroke-width="2"
                viewBox="0 0 24 24"
                width="24"
                xmlns="http://www.w3.org/2000/svg"
              >
                <path
                  d="M22 11.08V12a10 10 0 1 1-5.93-9.14"
                />
                <path
                  d="m9 11 3 3L22 4"
                />
              </svg>
              <span>
                Saud├ível
              </span>
            </div>
            <button
              class="p-2 text-gray-400 hover:text-gray-600"
            >
              <svg
                class="lucide lucide-maximize2 h-4 w-4"
                fill="none"
                height="24"
                stroke="currentColor"
                stroke-linecap="round"
                stroke-linejoin="round"
                stroke-width="2"
                viewBox="0 0 24 24"
                width="24"
                xmlns="http://www.w3.org/2000/svg"
              >
                <polyline
                  points="15 3 21 3 21 9"
                />
                <polyline
                  points="9 21 3 21 3 15"
                />
                <line
                  x1="21"
                  x2="14"
                  y1="3"
                  y2="10"
                />
                <line
                  x1="3"
                  x2="10"
                  y1="21"
                  y2="14"
                />
              </svg>
            </button>
          </div>
        </div>
      </div>
      <div
        class="p-6"
      >
        <div
          class="grid grid-cols-1 md:grid-cols-2 lg:grid-cols-4 gap-4"
        >
          <div
            class="bg-white border border-gray-200 rounded-lg p-4 hover:shadow-md transition-shadow cursor-pointer"
          >
            <div
              class="flex items-center justify-between"
            >
              <div
                class="p-2 bg-blue-50 rounded-lg"
              >
                <svg
                  class="lucide lucide-layers h-5 w-5 text-blue-600"
                  fill="none"
                  height="24"
                  stroke="currentColor"
                  stroke-linecap="round"
                  stroke-linejoin="round"
                  stroke-width="2"
                  viewBox="0 0 24 24"
                  width="24"
                  xmlns="http://www.w3.org/2000/svg"
                >
                  <path
                    d="m12.83 2.18a2 2 0 0 0-1.66 0L2.6 6.08a1 1 0 0 0 0 1.83l8.58 3.91a2 2 0 0 0 1.66 0l8.58-3.9a1 1 0 0 0 0-1.83Z"
                  />
                  <path
                    d="m22 17.65-9.17 4.16a2 2 0 0 1-1.66 0L2 17.65"
                  />
                ...
 ÔØ» Object.getElementError node_modules/@testing-library/dom/dist/config.js:37:19
 ÔØ» node_modules/@testing-library/dom/dist/query-helpers.js:76:38
 ÔØ» node_modules/@testing-library/dom/dist/query-helpers.js:52:17
 ÔØ» node_modules/@testing-library/dom/dist/query-helpers.js:95:19
 ÔØ» src/__tests__/components/AdvancedUIManager.test.tsx:576:34
    574|       render(<AdvancedUIManager />);
    575|       
    576|       const searchInput = screen.getByPlaceholderText('Buscar...');
       |                                  ^
    577|       expect(searchInput).toHaveAttribute('aria-label', 'Buscar componÔÇª
    578|     });

ÔÄ»ÔÄ»ÔÄ»ÔÄ»ÔÄ»ÔÄ»ÔÄ»ÔÄ»ÔÄ»ÔÄ»ÔÄ»ÔÄ»ÔÄ»ÔÄ»ÔÄ»ÔÄ»ÔÄ»ÔÄ»ÔÄ»ÔÄ»[208/449]ÔÄ»

 FAIL  src/__tests__/components/AdvancedUIManager.test.tsx > AdvancedUIManager Component > Acessibilidade > deve ter roles ARIA corretos
TestingLibraryElementError: Unable to find an accessible element with the role "tablist"

Here are the accessible roles:

  heading:

  Name "Advanced UI Manager":
  <h2
    class="text-xl font-semibold text-gray-900"
  />

  Name "Sa├║de do Sistema":
  <h3
    class="font-medium text-gray-900 mb-3"
  />

  --------------------------------------------------
  button:

  Name "":
  <button
    class="p-2 text-gray-400 hover:text-gray-600"
  />

  Name "Criar":
  <button
    class="px-4 py-2 bg-blue-600 text-white rounded-md hover:bg-blue-700 flex items-center space-x-2"
  />

  Name "Vis├úo Geral":
  <button
    class="flex items-center space-x-2 py-4 px-1 border-b-2 font-medium text-sm border-blue-500 text-blue-600"
  />

  Name "Componentes":
  <button
    class="flex items-center space-x-2 py-4 px-1 border-b-2 font-medium text-sm border-transparent text-gray-500 hover:text-gray-700 hover:border-gray-300"
  />

  Name "Tours":
  <button
    class="flex items-center space-x-2 py-4 px-1 border-b-2 font-medium text-sm border-transparent text-gray-500 hover:text-gray-700 hover:border-gray-300"
  />

  Name "Temas":
  <button
    class="flex items-center space-x-2 py-4 px-1 border-b-2 font-medium text-sm border-transparent text-gray-500 hover:text-gray-700 hover:border-gray-300"
  />

  Name "Analytics":
  <button
    class="flex items-center space-x-2 py-4 px-1 border-b-2 font-medium text-sm border-transparent text-gray-500 hover:text-gray-700 hover:border-gray-300"
  />

  Name "Configura├º├Áes":
  <button
    class="flex items-center space-x-2 py-4 px-1 border-b-2 font-medium text-sm border-transparent text-gray-500 hover:text-gray-700 hover:border-gray-300"
  />

  Name "Limpar Componentes Remove todos os componentes ativos":
  <button
    class="p-4 border border-gray-200 rounded-lg hover:bg-gray-50 text-left"
  />

  Name "Reset Tours Reinicia todos os tours":
  <button
    class="p-4 border border-gray-200 rounded-lg hover:bg-gray-50 text-left"
  />

  Name "Acessibilidade Ativa recursos de acessibilidade":
  <button
    class="p-4 border border-gray-200 rounded-lg hover:bg-gray-50 text-left"
  />

  Name "Otimizar Otimiza performance da UI":
  <button
    class="p-4 border border-gray-200 rounded-lg hover:bg-gray-50 text-left"
  />

  --------------------------------------------------
  textbox:

  Name "":
  <input
    class="w-full pl-10 pr-4 py-2 border border-gray-300 rounded-md focus:ring-2 focus:ring-blue-500 focus:border-transparent"
    placeholder="Buscar componentes, tours..."
    type="text"
    value=""
  />

  --------------------------------------------------
  combobox:

  Name "":
  <select
    class="px-3 py-2 border border-gray-300 rounded-md focus:ring-2 focus:ring-blue-500"
  />

  --------------------------------------------------
  option:

  Name "Todos os tipos":
  <option
    value=""
  />

  Name "Modal":
  <option
    value="modal"
  />

  Name "Notifica├º├úo":
  <option
    value="notification"
  />

  Name "Tooltip":
  <option
    value="tooltip"
  />

  Name "Tour":
  <option
    value="tour"
  />

  --------------------------------------------------
  navigation:

  Name "":
  <nav
    class="flex space-x-8 px-6"
  />

  --------------------------------------------------

Ignored nodes: comments, script, style
<body>
  <div>
    <div
      class="bg-white rounded-lg shadow-lg "
    >
      <div
        class="p-6 border-b border-gray-200"
      >
        <div
          class="flex items-center justify-between"
        >
          <div
            class="flex items-center space-x-3"
          >
            <div
              class="p-2 bg-blue-100 rounded-lg"
            >
              <svg
                class="lucide lucide-layers h-6 w-6 text-blue-600"
                fill="none"
                height="24"
                stroke="currentColor"
                stroke-linecap="round"
                stroke-linejoin="round"
                stroke-width="2"
                viewBox="0 0 24 24"
                width="24"
                xmlns="http://www.w3.org/2000/svg"
              >
                <path
                  d="m12.83 2.18a2 2 0 0 0-1.66 0L2.6 6.08a1 1 0 0 0 0 1.83l8.58 3.91a2 2 0 0 0 1.66 0l8.58-3.9a1 1 0 0 0 0-1.83Z"
                />
                <path
                  d="m22 17.65-9.17 4.16a2 2 0 0 1-1.66 0L2 17.65"
                />
                <path
                  d="m22 12.65-9.17 4.16a2 2 0 0 1-1.66 0L2 12.65"
                />
              </svg>
            </div>
            <div>
              <h2
                class="text-xl font-semibold text-gray-900"
              >
                Advanced UI Manager
              </h2>
              <p
                class="text-sm text-gray-600"
              >
                Gerencie componentes, tours e temas da interface
              </p>
            </div>
          </div>
          <div
            class="flex items-center space-x-2"
          >
            <div
              class="flex items-center space-x-1 px-2 py-1 rounded-full text-xs bg-green-100 text-green-800"
            >
              <svg
                class="lucide lucide-check-circle h-3 w-3"
                fill="none"
                height="24"
                stroke="currentColor"
                stroke-linecap="round"
                stroke-linejoin="round"
                stroke-width="2"
                viewBox="0 0 24 24"
                width="24"
                xmlns="http://www.w3.org/2000/svg"
              >
                <path
                  d="M22 11.08V12a10 10 0 1 1-5.93-9.14"
                />
                <path
                  d="m9 11 3 3L22 4"
                />
              </svg>
              <span>
                Saud├ível
              </span>
            </div>
            <button
              class="p-2 text-gray-400 hover:text-gray-600"
            >
              <svg
                class="lucide lucide-maximize2 h-4 w-4"
                fill="none"
                height="24"
                stroke="currentColor"
                stroke-linecap="round"
                stroke-linejoin="round"
                stroke-width="2"
                viewBox="0 0 24 24"
                width="24"
                xmlns="http://www.w3.org/2000/svg"
              >
                <polyline
                  points="15 3 21 3 21 9"
                />
                <polyline
                  points="9 21 3 21 3 15"
                />
                <line
                  x1="21"
                  x2="14"
                  y1="3"
                  y2="10"
                />
                <line
                  x1="3"
                  x2="10"
                  y1="21"
                  y2="14"
                />
              </svg>
            </button>
          </div>
        </div>
      </div>
      <div
        class="p-6"
      >
        <div
          class="grid grid-cols-1 md:grid-cols-2 lg:grid-cols-4 gap-4"
        >
          <div
            class="bg-white border border-gray-200 rounded-lg p-4 hover:shadow-md transition-shadow cursor-pointer"
          >
            <div
              class="flex items-center justify-between"
            >
              <div
                class="p-2 bg-blue-50 rounded-lg"
              >
                <svg
                  class="lucide lucide-layers h-5 w-5 text-blue-600"
                  fill="none"
                  height="24"
                  stroke="currentColor"
                  stroke-linecap="round"
                  stroke-linejoin="round"
                  stroke-width="2"
                  viewBox="0 0 24 24"
                  width="24"
                  xmlns="http://www.w3.org/2000/svg"
                >
                  <path
                    d="m12.83 2.18a2 2 0 0 0-1.66 0L2.6 6.08a1 1 0 0 0 0 1.83l8.58 3.91a2 2 0 0 0 1.66 0l8.58-3.9a1 1 0 0 0 0-1.83Z"
                  />
                  <path
                    d="m22 17.65-9.17 4.16a2 2 0 0 1-1.66 0L2 17.65"
                  />
                ...
 ÔØ» Object.getElementError node_modules/@testing-library/dom/dist/config.js:37:19
 ÔØ» node_modules/@testing-library/dom/dist/query-helpers.js:76:38
 ÔØ» node_modules/@testing-library/dom/dist/query-helpers.js:52:17
 ÔØ» node_modules/@testing-library/dom/dist/query-helpers.js:95:19
 ÔØ» src/__tests__/components/AdvancedUIManager.test.tsx:583:30
    581|       render(<AdvancedUIManager />);
    582|       
    583|       const tabList = screen.getByRole('tablist');
       |                              ^
    584|       expect(tabList).toBeInTheDocument();
    585|       

ÔÄ»ÔÄ»ÔÄ»ÔÄ»ÔÄ»ÔÄ»ÔÄ»ÔÄ»ÔÄ»ÔÄ»ÔÄ»ÔÄ»ÔÄ»ÔÄ»ÔÄ»ÔÄ»ÔÄ»ÔÄ»ÔÄ»ÔÄ»[209/449]ÔÄ»

 FAIL  src/__tests__/components/WebWorkerManager.test.tsx > WebWorkerManager Component > Renderiza├º├úo > deve renderizar o componente corretamente
TestingLibraryElementError: Unable to find an element with the text: Gerenciamento de workers e processamento em background. This could be because the text is broken up by multiple elements. In this case, you can provide a function for your text matcher to make your matcher more flexible.

Ignored nodes: comments, script, style
<body>
  <div>
    <div
      class="bg-white rounded-lg shadow-lg "
    >
      <div
        class="p-6 border-b border-gray-200"
      >
        <div
          class="flex items-center justify-between"
        >
          <div
            class="flex items-center space-x-3"
          >
            <div
              class="p-2 bg-purple-100 rounded-lg"
            >
              <svg
                class="lucide lucide-cpu h-6 w-6 text-purple-600"
                fill="none"
                height="24"
                stroke="currentColor"
                stroke-linecap="round"
                stroke-linejoin="round"
                stroke-width="2"
                viewBox="0 0 24 24"
                width="24"
                xmlns="http://www.w3.org/2000/svg"
              >
                <rect
                  height="16"
                  rx="2"
                  width="16"
                  x="4"
                  y="4"
                />
                <rect
                  height="6"
                  width="6"
                  x="9"
                  y="9"
                />
                <path
                  d="M15 2v2"
                />
                <path
                  d="M15 20v2"
                />
                <path
                  d="M2 15h2"
                />
                <path
                  d="M2 9h2"
                />
                <path
                  d="M20 15h2"
                />
                <path
                  d="M20 9h2"
                />
                <path
                  d="M9 2v2"
                />
                <path
                  d="M9 20v2"
                />
              </svg>
            </div>
            <div>
              <h2
                class="text-xl font-semibold text-gray-900"
              >
                Web Worker Manager
              </h2>
              <p
                class="text-sm text-gray-600"
              >
                Gerenciamento avan├ºado de Web Workers
              </p>
            </div>
          </div>
          <div
            class="flex items-center space-x-2"
          >
            <button
              class="px-3 py-1 rounded-md text-sm font-medium bg-green-100 text-green-700 hover:bg-green-200"
            >
              Auto-refresh ON
            </button>
            <button
              class="px-4 py-2 bg-purple-600 text-white rounded-md hover:bg-purple-700 flex items-center space-x-2"
            >
              <svg
                class="lucide lucide-plus h-4 w-4"
                fill="none"
                height="24"
                stroke="currentColor"
                stroke-linecap="round"
                stroke-linejoin="round"
                stroke-width="2"
                viewBox="0 0 24 24"
                width="24"
                xmlns="http://www.w3.org/2000/svg"
              >
                <path
                  d="M5 12h14"
                />
                <path
                  d="M12 5v14"
                />
              </svg>
              <span>
                Novo Worker
              </span>
            </button>
          </div>
        </div>
      </div>
      <div
        class="p-6 grid grid-cols-1 md:grid-cols-2 lg:grid-cols-4 gap-4"
      >
        <div
          class="bg-blue-50 rounded-lg p-4 cursor-pointer transition-all duration-200 hover:shadow-md"
        >
          <div
            class="flex items-center justify-between"
          >
            <div
              class="flex items-center space-x-3"
            >
              <svg
                class="lucide lucide-users h-8 w-8 text-blue-600"
                fill="none"
                height="24"
                stroke="currentColor"
                stroke-linecap="round"
                stroke-linejoin="round"
                stroke-width="2"
                viewBox="0 0 24 24"
                width="24"
                xmlns="http://www.w3.org/2000/svg"
              >
                <path
                  d="M16 21v-2a4 4 0 0 0-4-4H6a4 4 0 0 0-4 4v2"
                />
                <circle
                  cx="9"
                  cy="7"
                  r="4"
                />
                <path
                  d="M22 21v-2a4 4 0 0 0-3-3.87"
                />
                <path
                  d="M16 3.13a4 4 0 0 1 0 7.75"
                />
              </svg>
              <div>
                <p
                  class="text-sm font-medium text-gray-600"
                >
                  Workers Ativos
                </p>
                <p
                  class="text-2xl font...
 ÔØ» Object.getElementError node_modules/@testing-library/dom/dist/config.js:37:19
 ÔØ» node_modules/@testing-library/dom/dist/query-helpers.js:76:38
 ÔØ» node_modules/@testing-library/dom/dist/query-helpers.js:52:17
 ÔØ» node_modules/@testing-library/dom/dist/query-helpers.js:95:19
 ÔØ» src/__tests__/components/WebWorkerManager.test.tsx:164:21
    162|       
    163|       expect(screen.getByText('Web Worker Manager')).toBeInTheDocumentÔÇª
    164|       expect(screen.getByText('Gerenciamento de workers e processamentÔÇª
       |                     ^
    165|     });
    166| 

ÔÄ»ÔÄ»ÔÄ»ÔÄ»ÔÄ»ÔÄ»ÔÄ»ÔÄ»ÔÄ»ÔÄ»ÔÄ»ÔÄ»ÔÄ»ÔÄ»ÔÄ»ÔÄ»ÔÄ»ÔÄ»ÔÄ»ÔÄ»[210/449]ÔÄ»

 FAIL  src/__tests__/components/WebWorkerManager.test.tsx > WebWorkerManager Component > Renderiza├º├úo > deve renderizar todas as abas
TestingLibraryElementError: Unable to find an element with the text: Tasks. This could be because the text is broken up by multiple elements. In this case, you can provide a function for your text matcher to make your matcher more flexible.

Ignored nodes: comments, script, style
<body>
  <div>
    <div
      class="bg-white rounded-lg shadow-lg "
    >
      <div
        class="p-6 border-b border-gray-200"
      >
        <div
          class="flex items-center justify-between"
        >
          <div
            class="flex items-center space-x-3"
          >
            <div
              class="p-2 bg-purple-100 rounded-lg"
            >
              <svg
                class="lucide lucide-cpu h-6 w-6 text-purple-600"
                fill="none"
                height="24"
                stroke="currentColor"
                stroke-linecap="round"
                stroke-linejoin="round"
                stroke-width="2"
                viewBox="0 0 24 24"
                width="24"
                xmlns="http://www.w3.org/2000/svg"
              >
                <rect
                  height="16"
                  rx="2"
                  width="16"
                  x="4"
                  y="4"
                />
                <rect
                  height="6"
                  width="6"
                  x="9"
                  y="9"
                />
                <path
                  d="M15 2v2"
                />
                <path
                  d="M15 20v2"
                />
                <path
                  d="M2 15h2"
                />
                <path
                  d="M2 9h2"
                />
                <path
                  d="M20 15h2"
                />
                <path
                  d="M20 9h2"
                />
                <path
                  d="M9 2v2"
                />
                <path
                  d="M9 20v2"
                />
              </svg>
            </div>
            <div>
              <h2
                class="text-xl font-semibold text-gray-900"
              >
                Web Worker Manager
              </h2>
              <p
                class="text-sm text-gray-600"
              >
                Gerenciamento avan├ºado de Web Workers
              </p>
            </div>
          </div>
          <div
            class="flex items-center space-x-2"
          >
            <button
              class="px-3 py-1 rounded-md text-sm font-medium bg-green-100 text-green-700 hover:bg-green-200"
            >
              Auto-refresh ON
            </button>
            <button
              class="px-4 py-2 bg-purple-600 text-white rounded-md hover:bg-purple-700 flex items-center space-x-2"
            >
              <svg
                class="lucide lucide-plus h-4 w-4"
                fill="none"
                height="24"
                stroke="currentColor"
                stroke-linecap="round"
                stroke-linejoin="round"
                stroke-width="2"
                viewBox="0 0 24 24"
                width="24"
                xmlns="http://www.w3.org/2000/svg"
              >
                <path
                  d="M5 12h14"
                />
                <path
                  d="M12 5v14"
                />
              </svg>
              <span>
                Novo Worker
              </span>
            </button>
          </div>
        </div>
      </div>
      <div
        class="p-6 grid grid-cols-1 md:grid-cols-2 lg:grid-cols-4 gap-4"
      >
        <div
          class="bg-blue-50 rounded-lg p-4 cursor-pointer transition-all duration-200 hover:shadow-md"
        >
          <div
            class="flex items-center justify-between"
          >
            <div
              class="flex items-center space-x-3"
            >
              <svg
                class="lucide lucide-users h-8 w-8 text-blue-600"
                fill="none"
                height="24"
                stroke="currentColor"
                stroke-linecap="round"
                stroke-linejoin="round"
                stroke-width="2"
                viewBox="0 0 24 24"
                width="24"
                xmlns="http://www.w3.org/2000/svg"
              >
                <path
                  d="M16 21v-2a4 4 0 0 0-4-4H6a4 4 0 0 0-4 4v2"
                />
                <circle
                  cx="9"
                  cy="7"
                  r="4"
                />
                <path
                  d="M22 21v-2a4 4 0 0 0-3-3.87"
                />
                <path
                  d="M16 3.13a4 4 0 0 1 0 7.75"
                />
              </svg>
              <div>
                <p
                  class="text-sm font-medium text-gray-600"
                >
                  Workers Ativos
                </p>
                <p
                  class="text-2xl font...
 ÔØ» Object.getElementError node_modules/@testing-library/dom/dist/config.js:37:19
 ÔØ» node_modules/@testing-library/dom/dist/query-helpers.js:76:38
 ÔØ» node_modules/@testing-library/dom/dist/query-helpers.js:52:17
 ÔØ» node_modules/@testing-library/dom/dist/query-helpers.js:95:19
 ÔØ» src/__tests__/components/WebWorkerManager.test.tsx:173:21
    171|       expect(screen.getByText('Workers')).toBeInTheDocument();
    172|       expect(screen.getByText('Pools')).toBeInTheDocument();
    173|       expect(screen.getByText('Tasks')).toBeInTheDocument();
       |                     ^
    174|       expect(screen.getByText('Analytics')).toBeInTheDocument();
    175|       expect(screen.getByText('Configura├º├Áes')).toBeInTheDocument();

ÔÄ»ÔÄ»ÔÄ»ÔÄ»ÔÄ»ÔÄ»ÔÄ»ÔÄ»ÔÄ»ÔÄ»ÔÄ»ÔÄ»ÔÄ»ÔÄ»ÔÄ»ÔÄ»ÔÄ»ÔÄ»ÔÄ»ÔÄ»[211/449]ÔÄ»

 FAIL  src/__tests__/components/WebWorkerManager.test.tsx > WebWorkerManager Component > Renderiza├º├úo > deve renderizar cards de status
TestingLibraryElementError: Unable to find an element with the text: Total de Workers. This could be because the text is broken up by multiple elements. In this case, you can provide a function for your text matcher to make your matcher more flexible.

Ignored nodes: comments, script, style
<body>
  <div>
    <div
      class="bg-white rounded-lg shadow-lg "
    >
      <div
        class="p-6 border-b border-gray-200"
      >
        <div
          class="flex items-center justify-between"
        >
          <div
            class="flex items-center space-x-3"
          >
            <div
              class="p-2 bg-purple-100 rounded-lg"
            >
              <svg
                class="lucide lucide-cpu h-6 w-6 text-purple-600"
                fill="none"
                height="24"
                stroke="currentColor"
                stroke-linecap="round"
                stroke-linejoin="round"
                stroke-width="2"
                viewBox="0 0 24 24"
                width="24"
                xmlns="http://www.w3.org/2000/svg"
              >
                <rect
                  height="16"
                  rx="2"
                  width="16"
                  x="4"
                  y="4"
                />
                <rect
                  height="6"
                  width="6"
                  x="9"
                  y="9"
                />
                <path
                  d="M15 2v2"
                />
                <path
                  d="M15 20v2"
                />
                <path
                  d="M2 15h2"
                />
                <path
                  d="M2 9h2"
                />
                <path
                  d="M20 15h2"
                />
                <path
                  d="M20 9h2"
                />
                <path
                  d="M9 2v2"
                />
                <path
                  d="M9 20v2"
                />
              </svg>
            </div>
            <div>
              <h2
                class="text-xl font-semibold text-gray-900"
              >
                Web Worker Manager
              </h2>
              <p
                class="text-sm text-gray-600"
              >
                Gerenciamento avan├ºado de Web Workers
              </p>
            </div>
          </div>
          <div
            class="flex items-center space-x-2"
          >
            <button
              class="px-3 py-1 rounded-md text-sm font-medium bg-green-100 text-green-700 hover:bg-green-200"
            >
              Auto-refresh ON
            </button>
            <button
              class="px-4 py-2 bg-purple-600 text-white rounded-md hover:bg-purple-700 flex items-center space-x-2"
            >
              <svg
                class="lucide lucide-plus h-4 w-4"
                fill="none"
                height="24"
                stroke="currentColor"
                stroke-linecap="round"
                stroke-linejoin="round"
                stroke-width="2"
                viewBox="0 0 24 24"
                width="24"
                xmlns="http://www.w3.org/2000/svg"
              >
                <path
                  d="M5 12h14"
                />
                <path
                  d="M12 5v14"
                />
              </svg>
              <span>
                Novo Worker
              </span>
            </button>
          </div>
        </div>
      </div>
      <div
        class="p-6 grid grid-cols-1 md:grid-cols-2 lg:grid-cols-4 gap-4"
      >
        <div
          class="bg-blue-50 rounded-lg p-4 cursor-pointer transition-all duration-200 hover:shadow-md"
        >
          <div
            class="flex items-center justify-between"
          >
            <div
              class="flex items-center space-x-3"
            >
              <svg
                class="lucide lucide-users h-8 w-8 text-blue-600"
                fill="none"
                height="24"
                stroke="currentColor"
                stroke-linecap="round"
                stroke-linejoin="round"
                stroke-width="2"
                viewBox="0 0 24 24"
                width="24"
                xmlns="http://www.w3.org/2000/svg"
              >
                <path
                  d="M16 21v-2a4 4 0 0 0-4-4H6a4 4 0 0 0-4 4v2"
                />
                <circle
                  cx="9"
                  cy="7"
                  r="4"
                />
                <path
                  d="M22 21v-2a4 4 0 0 0-3-3.87"
                />
                <path
                  d="M16 3.13a4 4 0 0 1 0 7.75"
                />
              </svg>
              <div>
                <p
                  class="text-sm font-medium text-gray-600"
                >
                  Workers Ativos
                </p>
                <p
                  class="text-2xl font...
 ÔØ» Object.getElementError node_modules/@testing-library/dom/dist/config.js:37:19
 ÔØ» node_modules/@testing-library/dom/dist/query-helpers.js:76:38
 ÔØ» node_modules/@testing-library/dom/dist/query-helpers.js:52:17
 ÔØ» node_modules/@testing-library/dom/dist/query-helpers.js:95:19
 ÔØ» src/__tests__/components/WebWorkerManager.test.tsx:181:21
    179|       render(<WebWorkerManager />);
    180|       
    181|       expect(screen.getByText('Total de Workers')).toBeInTheDocument();
       |                     ^
    182|       expect(screen.getByText('Tasks Ativas')).toBeInTheDocument();
    183|       expect(screen.getByText('Sa├║de do Sistema')).toBeInTheDocument();

ÔÄ»ÔÄ»ÔÄ»ÔÄ»ÔÄ»ÔÄ»ÔÄ»ÔÄ»ÔÄ»ÔÄ»ÔÄ»ÔÄ»ÔÄ»ÔÄ»ÔÄ»ÔÄ»ÔÄ»ÔÄ»ÔÄ»ÔÄ»[212/449]ÔÄ»

 FAIL  src/__tests__/components/WebWorkerManager.test.tsx > WebWorkerManager Component > Renderiza├º├úo > deve renderizar barra de busca e filtros
TestingLibraryElementError: Unable to find an element with the placeholder text of: Buscar...

Ignored nodes: comments, script, style
<body>
  <div>
    <div
      class="bg-white rounded-lg shadow-lg "
    >
      <div
        class="p-6 border-b border-gray-200"
      >
        <div
          class="flex items-center justify-between"
        >
          <div
            class="flex items-center space-x-3"
          >
            <div
              class="p-2 bg-purple-100 rounded-lg"
            >
              <svg
                class="lucide lucide-cpu h-6 w-6 text-purple-600"
                fill="none"
                height="24"
                stroke="currentColor"
                stroke-linecap="round"
                stroke-linejoin="round"
                stroke-width="2"
                viewBox="0 0 24 24"
                width="24"
                xmlns="http://www.w3.org/2000/svg"
              >
                <rect
                  height="16"
                  rx="2"
                  width="16"
                  x="4"
                  y="4"
                />
                <rect
                  height="6"
                  width="6"
                  x="9"
                  y="9"
                />
                <path
                  d="M15 2v2"
                />
                <path
                  d="M15 20v2"
                />
                <path
                  d="M2 15h2"
                />
                <path
                  d="M2 9h2"
                />
                <path
                  d="M20 15h2"
                />
                <path
                  d="M20 9h2"
                />
                <path
                  d="M9 2v2"
                />
                <path
                  d="M9 20v2"
                />
              </svg>
            </div>
            <div>
              <h2
                class="text-xl font-semibold text-gray-900"
              >
                Web Worker Manager
              </h2>
              <p
                class="text-sm text-gray-600"
              >
                Gerenciamento avan├ºado de Web Workers
              </p>
            </div>
          </div>
          <div
            class="flex items-center space-x-2"
          >
            <button
              class="px-3 py-1 rounded-md text-sm font-medium bg-green-100 text-green-700 hover:bg-green-200"
            >
              Auto-refresh ON
            </button>
            <button
              class="px-4 py-2 bg-purple-600 text-white rounded-md hover:bg-purple-700 flex items-center space-x-2"
            >
              <svg
                class="lucide lucide-plus h-4 w-4"
                fill="none"
                height="24"
                stroke="currentColor"
                stroke-linecap="round"
                stroke-linejoin="round"
                stroke-width="2"
                viewBox="0 0 24 24"
                width="24"
                xmlns="http://www.w3.org/2000/svg"
              >
                <path
                  d="M5 12h14"
                />
                <path
                  d="M12 5v14"
                />
              </svg>
              <span>
                Novo Worker
              </span>
            </button>
          </div>
        </div>
      </div>
      <div
        class="p-6 grid grid-cols-1 md:grid-cols-2 lg:grid-cols-4 gap-4"
      >
        <div
          class="bg-blue-50 rounded-lg p-4 cursor-pointer transition-all duration-200 hover:shadow-md"
        >
          <div
            class="flex items-center justify-between"
          >
            <div
              class="flex items-center space-x-3"
            >
              <svg
                class="lucide lucide-users h-8 w-8 text-blue-600"
                fill="none"
                height="24"
                stroke="currentColor"
                stroke-linecap="round"
                stroke-linejoin="round"
                stroke-width="2"
                viewBox="0 0 24 24"
                width="24"
                xmlns="http://www.w3.org/2000/svg"
              >
                <path
                  d="M16 21v-2a4 4 0 0 0-4-4H6a4 4 0 0 0-4 4v2"
                />
                <circle
                  cx="9"
                  cy="7"
                  r="4"
                />
                <path
                  d="M22 21v-2a4 4 0 0 0-3-3.87"
                />
                <path
                  d="M16 3.13a4 4 0 0 1 0 7.75"
                />
              </svg>
              <div>
                <p
                  class="text-sm font-medium text-gray-600"
                >
                  Workers Ativos
                </p>
                <p
                  class="text-2xl font...
 ÔØ» Object.getElementError node_modules/@testing-library/dom/dist/config.js:37:19
 ÔØ» node_modules/@testing-library/dom/dist/query-helpers.js:76:38
 ÔØ» node_modules/@testing-library/dom/dist/query-helpers.js:52:17
 ÔØ» node_modules/@testing-library/dom/dist/query-helpers.js:95:19
 ÔØ» src/__tests__/components/WebWorkerManager.test.tsx:189:21
    187|       render(<WebWorkerManager />);
    188|       
    189|       expect(screen.getByPlaceholderText('Buscar...')).toBeInTheDocumeÔÇª
       |                     ^
    190|       expect(screen.getByText('Filtros')).toBeInTheDocument();
    191|     });

ÔÄ»ÔÄ»ÔÄ»ÔÄ»ÔÄ»ÔÄ»ÔÄ»ÔÄ»ÔÄ»ÔÄ»ÔÄ»ÔÄ»ÔÄ»ÔÄ»ÔÄ»ÔÄ»ÔÄ»ÔÄ»ÔÄ»ÔÄ»[213/449]ÔÄ»

 FAIL  src/__tests__/components/WebWorkerManager.test.tsx > WebWorkerManager Component > Navega├º├úo entre Abas > deve alternar entre abas
TestingLibraryElementError: Unable to find an element with the text: Nenhum worker encontrado. This could be because the text is broken up by multiple elements. In this case, you can provide a function for your text matcher to make your matcher more flexible.

Ignored nodes: comments, script, style
<body>
  <div>
    <div
      class="bg-white rounded-lg shadow-lg "
    >
      <div
        class="p-6 border-b border-gray-200"
      >
        <div
          class="flex items-center justify-between"
        >
          <div
            class="flex items-center space-x-3"
          >
            <div
              class="p-2 bg-purple-100 rounded-lg"
            >
              <svg
                class="lucide lucide-cpu h-6 w-6 text-purple-600"
                fill="none"
                height="24"
                stroke="currentColor"
                stroke-linecap="round"
                stroke-linejoin="round"
                stroke-width="2"
                viewBox="0 0 24 24"
                width="24"
                xmlns="http://www.w3.org/2000/svg"
              >
                <rect
                  height="16"
                  rx="2"
                  width="16"
                  x="4"
                  y="4"
                />
                <rect
                  height="6"
                  width="6"
                  x="9"
                  y="9"
                />
                <path
                  d="M15 2v2"
                />
                <path
                  d="M15 20v2"
                />
                <path
                  d="M2 15h2"
                />
                <path
                  d="M2 9h2"
                />
                <path
                  d="M20 15h2"
                />
                <path
                  d="M20 9h2"
                />
                <path
                  d="M9 2v2"
                />
                <path
                  d="M9 20v2"
                />
              </svg>
            </div>
            <div>
              <h2
                class="text-xl font-semibold text-gray-900"
              >
                Web Worker Manager
              </h2>
              <p
                class="text-sm text-gray-600"
              >
                Gerenciamento avan├ºado de Web Workers
              </p>
            </div>
          </div>
          <div
            class="flex items-center space-x-2"
          >
            <button
              class="px-3 py-1 rounded-md text-sm font-medium bg-green-100 text-green-700 hover:bg-green-200"
            >
              Auto-refresh ON
            </button>
            <button
              class="px-4 py-2 bg-purple-600 text-white rounded-md hover:bg-purple-700 flex items-center space-x-2"
            >
              <svg
                class="lucide lucide-plus h-4 w-4"
                fill="none"
                height="24"
                stroke="currentColor"
                stroke-linecap="round"
                stroke-linejoin="round"
                stroke-width="2"
                viewBox="0 0 24 24"
                width="24"
                xmlns="http://www.w3.org/2000/svg"
              >
                <path
                  d="M5 12h14"
                />
                <path
                  d="M12 5v14"
                />
              </svg>
              <span>
                Novo Worker
              </span>
            </button>
          </div>
        </div>
      </div>
      <div
        class="p-6 grid grid-cols-1 md:grid-cols-2 lg:grid-cols-4 gap-4"
      >
        <div
          class="bg-blue-50 rounded-lg p-4 cursor-pointer transition-all duration-200 hover:shadow-md"
        >
          <div
            class="flex items-center justify-between"
          >
            <div
              class="flex items-center space-x-3"
            >
              <svg
                class="lucide lucide-users h-8 w-8 text-blue-600"
                fill="none"
                height="24"
                stroke="currentColor"
                stroke-linecap="round"
                stroke-linejoin="round"
                stroke-width="2"
                viewBox="0 0 24 24"
                width="24"
                xmlns="http://www.w3.org/2000/svg"
              >
                <path
                  d="M16 21v-2a4 4 0 0 0-4-4H6a4 4 0 0 0-4 4v2"
                />
                <circle
                  cx="9"
                  cy="7"
                  r="4"
                />
                <path
                  d="M22 21v-2a4 4 0 0 0-3-3.87"
                />
                <path
                  d="M16 3.13a4 4 0 0 1 0 7.75"
                />
              </svg>
              <div>
                <p
                  class="text-sm font-medium text-gray-600"
                >
                  Workers Ativos
                </p>
                <p
                  class="text-2xl font...

Ignored nodes: comments, script, style
<html>
  <head />
  <body>
    <div>
      <div
        class="bg-white rounded-lg shadow-lg "
      >
        <div
          class="p-6 border-b border-gray-200"
        >
          <div
            class="flex items-center justify-between"
          >
            <div
              class="flex items-center space-x-3"
            >
              <div
                class="p-2 bg-purple-100 rounded-lg"
              >
                <svg
                  class="lucide lucide-cpu h-6 w-6 text-purple-600"
                  fill="none"
                  height="24"
                  stroke="currentColor"
                  stroke-linecap="round"
                  stroke-linejoin="round"
                  stroke-width="2"
                  viewBox="0 0 24 24"
                  width="24"
                  xmlns="http://www.w3.org/2000/svg"
                >
                  <rect
                    height="16"
                    rx="2"
                    width="16"
                    x="4"
                    y="4"
                  />
                  <rect
                    height="6"
                    width="6"
                    x="9"
                    y="9"
                  />
                  <path
                    d="M15 2v2"
                  />
                  <path
                    d="M15 20v2"
                  />
                  <path
                    d="M2 15h2"
                  />
                  <path
                    d="M2 9h2"
                  />
                  <path
                    d="M20 15h2"
                  />
                  <path
                    d="M20 9h2"
                  />
                  <path
                    d="M9 2v2"
                  />
                  <path
                    d="M9 20v2"
                  />
                </svg>
              </div>
              <div>
                <h2
                  class="text-xl font-semibold text-gray-900"
                >
                  Web Worker Manager
                </h2>
                <p
                  class="text-sm text-gray-600"
                >
                  Gerenciamento avan├ºado de Web Workers
                </p>
              </div>
            </div>
            <div
              class="flex items-center space-x-2"
            >
              <button
                class="px-3 py-1 rounded-md text-sm font-medium bg-green-100 text-green-700 hover:bg-green-200"
              >
                Auto-refresh ON
              </button>
              <button
                class="px-4 py-2 bg-purple-600 text-white rounded-md hover:bg-purple-700 flex items-center space-x-2"
              >
                <svg
                  class="lucide lucide-plus h-4 w-4"
                  fill="none"
                  height="24"
                  stroke="currentColor"
                  stroke-linecap="round"
                  stroke-linejoin="round"
                  stroke-width="2"
                  viewBox="0 0 24 24"
                  width="24"
                  xmlns="http://www.w3.org/2000/svg"
                >
                  <path
                    d="M5 12h14"
                  />
                  <path
                    d="M12 5v14"
                  />
                </svg>
                <span>
                  Novo Worker
                </span>
              </button>
            </div>
          </div>
        </div>
        <div
          class="p-6 grid grid-cols-1 md:grid-cols-2 lg:grid-cols-4 gap-4"
        >
          <div
            class="bg-blue-50 rounded-lg p-4 cursor-pointer transition-all duration-200 hover:shadow-md"
          >
            <div
              class="flex items-center justify-between"
            >
              <div
                class="flex items-center space-x-3"
              >
                <svg
                  class="lucide lucide-users h-8 w-8 text-blue-600"
                  fill="none"
                  height="24"
                  stroke="currentColor"
                  stroke-linecap="round"
                  stroke-linejoin="round"
                  stroke-width="2"
                  viewBox="0 0 24 24"
                  width="24"
                  xmlns="http://www.w3.org/2000/svg"
                >
                  <path
                    d="M16 21v-2a4 4 0 0 0-4-4H6a4 4 0 0 0-4 4v2"
                  />
                  <circle
                    cx="9"
                    cy="7"
                    r="4"
                  />
                  <path
                    d="M22 21v-2a4 4 0 0 0-3-3.87"
                  />
                  <path
                    d="M16 3.13a4 4 0 0 1 0 7.75"
                  />
  ...
 ÔØ» Proxy.waitForWrapper node_modules/@testing-library/dom/dist/wait-for.js:166:27
 ÔØ» src/__tests__/components/WebWorkerManager.test.tsx:200:13
    198|       // Clicar na aba Workers
    199|       fireEvent.click(screen.getByText('Workers'));
    200|       await waitFor(() => {
       |             ^
    201|         expect(screen.getByText('Nenhum worker encontrado')).toBeInTheÔÇª
    202|       });

ÔÄ»ÔÄ»ÔÄ»ÔÄ»ÔÄ»ÔÄ»ÔÄ»ÔÄ»ÔÄ»ÔÄ»ÔÄ»ÔÄ»ÔÄ»ÔÄ»ÔÄ»ÔÄ»ÔÄ»ÔÄ»ÔÄ»ÔÄ»[214/449]ÔÄ»

 FAIL  src/__tests__/components/WebWorkerManager.test.tsx > WebWorkerManager Component > Navega├º├úo entre Abas > deve manter estado da aba ativa
Error: expect(element).toHaveClass("border-blue-500")

Expected the element to have class:
  border-blue-500
Received:
  flex items-center space-x-2 py-4 px-1 border-b-2 font-medium text-sm border-purple-500 text-purple-600
 ÔØ» src/__tests__/components/WebWorkerManager.test.tsx:224:44
    222|       
    223|       // Verificar se a aba est├í ativa
    224|       expect(workersTab.closest('button')).toHaveClass('border-blue-50ÔÇª
       |                                            ^
    225|     });
    226|   });

ÔÄ»ÔÄ»ÔÄ»ÔÄ»ÔÄ»ÔÄ»ÔÄ»ÔÄ»ÔÄ»ÔÄ»ÔÄ»ÔÄ»ÔÄ»ÔÄ»ÔÄ»ÔÄ»ÔÄ»ÔÄ»ÔÄ»ÔÄ»[215/449]ÔÄ»

 FAIL  src/__tests__/components/WebWorkerManager.test.tsx > WebWorkerManager Component > Funcionalidades de Busca e Filtro > deve executar busca
TestingLibraryElementError: Unable to find an element with the placeholder text of: Buscar...

Ignored nodes: comments, script, style
<body>
  <div>
    <div
      class="bg-white rounded-lg shadow-lg "
    >
      <div
        class="p-6 border-b border-gray-200"
      >
        <div
          class="flex items-center justify-between"
        >
          <div
            class="flex items-center space-x-3"
          >
            <div
              class="p-2 bg-purple-100 rounded-lg"
            >
              <svg
                class="lucide lucide-cpu h-6 w-6 text-purple-600"
                fill="none"
                height="24"
                stroke="currentColor"
                stroke-linecap="round"
                stroke-linejoin="round"
                stroke-width="2"
                viewBox="0 0 24 24"
                width="24"
                xmlns="http://www.w3.org/2000/svg"
              >
                <rect
                  height="16"
                  rx="2"
                  width="16"
                  x="4"
                  y="4"
                />
                <rect
                  height="6"
                  width="6"
                  x="9"
                  y="9"
                />
                <path
                  d="M15 2v2"
                />
                <path
                  d="M15 20v2"
                />
                <path
                  d="M2 15h2"
                />
                <path
                  d="M2 9h2"
                />
                <path
                  d="M20 15h2"
                />
                <path
                  d="M20 9h2"
                />
                <path
                  d="M9 2v2"
                />
                <path
                  d="M9 20v2"
                />
              </svg>
            </div>
            <div>
              <h2
                class="text-xl font-semibold text-gray-900"
              >
                Web Worker Manager
              </h2>
              <p
                class="text-sm text-gray-600"
              >
                Gerenciamento avan├ºado de Web Workers
              </p>
            </div>
          </div>
          <div
            class="flex items-center space-x-2"
          >
            <button
              class="px-3 py-1 rounded-md text-sm font-medium bg-green-100 text-green-700 hover:bg-green-200"
            >
              Auto-refresh ON
            </button>
            <button
              class="px-4 py-2 bg-purple-600 text-white rounded-md hover:bg-purple-700 flex items-center space-x-2"
            >
              <svg
                class="lucide lucide-plus h-4 w-4"
                fill="none"
                height="24"
                stroke="currentColor"
                stroke-linecap="round"
                stroke-linejoin="round"
                stroke-width="2"
                viewBox="0 0 24 24"
                width="24"
                xmlns="http://www.w3.org/2000/svg"
              >
                <path
                  d="M5 12h14"
                />
                <path
                  d="M12 5v14"
                />
              </svg>
              <span>
                Novo Worker
              </span>
            </button>
          </div>
        </div>
      </div>
      <div
        class="p-6 grid grid-cols-1 md:grid-cols-2 lg:grid-cols-4 gap-4"
      >
        <div
          class="bg-blue-50 rounded-lg p-4 cursor-pointer transition-all duration-200 hover:shadow-md"
        >
          <div
            class="flex items-center justify-between"
          >
            <div
              class="flex items-center space-x-3"
            >
              <svg
                class="lucide lucide-users h-8 w-8 text-blue-600"
                fill="none"
                height="24"
                stroke="currentColor"
                stroke-linecap="round"
                stroke-linejoin="round"
                stroke-width="2"
                viewBox="0 0 24 24"
                width="24"
                xmlns="http://www.w3.org/2000/svg"
              >
                <path
                  d="M16 21v-2a4 4 0 0 0-4-4H6a4 4 0 0 0-4 4v2"
                />
                <circle
                  cx="9"
                  cy="7"
                  r="4"
                />
                <path
                  d="M22 21v-2a4 4 0 0 0-3-3.87"
                />
                <path
                  d="M16 3.13a4 4 0 0 1 0 7.75"
                />
              </svg>
              <div>
                <p
                  class="text-sm font-medium text-gray-600"
                >
                  Workers Ativos
                </p>
                <p
                  class="text-2xl font...
 ÔØ» Object.getElementError node_modules/@testing-library/dom/dist/config.js:37:19
 ÔØ» node_modules/@testing-library/dom/dist/query-helpers.js:76:38
 ÔØ» node_modules/@testing-library/dom/dist/query-helpers.js:52:17
 ÔØ» node_modules/@testing-library/dom/dist/query-helpers.js:95:19
 ÔØ» src/__tests__/components/WebWorkerManager.test.tsx:232:34
    230|       render(<WebWorkerManager />);
    231|       
    232|       const searchInput = screen.getByPlaceholderText('Buscar...');
       |                                  ^
    233|       fireEvent.change(searchInput, { target: { value: 'video' } });
    234|       

ÔÄ»ÔÄ»ÔÄ»ÔÄ»ÔÄ»ÔÄ»ÔÄ»ÔÄ»ÔÄ»ÔÄ»ÔÄ»ÔÄ»ÔÄ»ÔÄ»ÔÄ»ÔÄ»ÔÄ»ÔÄ»ÔÄ»ÔÄ»[216/449]ÔÄ»

 FAIL  src/__tests__/components/WebWorkerManager.test.tsx > WebWorkerManager Component > Funcionalidades de Busca e Filtro > deve limpar filtros
TestingLibraryElementError: Unable to find an element with the text: Limpar. This could be because the text is broken up by multiple elements. In this case, you can provide a function for your text matcher to make your matcher more flexible.

Ignored nodes: comments, script, style
<body>
  <div>
    <div
      class="bg-white rounded-lg shadow-lg "
    >
      <div
        class="p-6 border-b border-gray-200"
      >
        <div
          class="flex items-center justify-between"
        >
          <div
            class="flex items-center space-x-3"
          >
            <div
              class="p-2 bg-purple-100 rounded-lg"
            >
              <svg
                class="lucide lucide-cpu h-6 w-6 text-purple-600"
                fill="none"
                height="24"
                stroke="currentColor"
                stroke-linecap="round"
                stroke-linejoin="round"
                stroke-width="2"
                viewBox="0 0 24 24"
                width="24"
                xmlns="http://www.w3.org/2000/svg"
              >
                <rect
                  height="16"
                  rx="2"
                  width="16"
                  x="4"
                  y="4"
                />
                <rect
                  height="6"
                  width="6"
                  x="9"
                  y="9"
                />
                <path
                  d="M15 2v2"
                />
                <path
                  d="M15 20v2"
                />
                <path
                  d="M2 15h2"
                />
                <path
                  d="M2 9h2"
                />
                <path
                  d="M20 15h2"
                />
                <path
                  d="M20 9h2"
                />
                <path
                  d="M9 2v2"
                />
                <path
                  d="M9 20v2"
                />
              </svg>
            </div>
            <div>
              <h2
                class="text-xl font-semibold text-gray-900"
              >
                Web Worker Manager
              </h2>
              <p
                class="text-sm text-gray-600"
              >
                Gerenciamento avan├ºado de Web Workers
              </p>
            </div>
          </div>
          <div
            class="flex items-center space-x-2"
          >
            <button
              class="px-3 py-1 rounded-md text-sm font-medium bg-green-100 text-green-700 hover:bg-green-200"
            >
              Auto-refresh ON
            </button>
            <button
              class="px-4 py-2 bg-purple-600 text-white rounded-md hover:bg-purple-700 flex items-center space-x-2"
            >
              <svg
                class="lucide lucide-plus h-4 w-4"
                fill="none"
                height="24"
                stroke="currentColor"
                stroke-linecap="round"
                stroke-linejoin="round"
                stroke-width="2"
                viewBox="0 0 24 24"
                width="24"
                xmlns="http://www.w3.org/2000/svg"
              >
                <path
                  d="M5 12h14"
                />
                <path
                  d="M12 5v14"
                />
              </svg>
              <span>
                Novo Worker
              </span>
            </button>
          </div>
        </div>
      </div>
      <div
        class="p-6 grid grid-cols-1 md:grid-cols-2 lg:grid-cols-4 gap-4"
      >
        <div
          class="bg-blue-50 rounded-lg p-4 cursor-pointer transition-all duration-200 hover:shadow-md"
        >
          <div
            class="flex items-center justify-between"
          >
            <div
              class="flex items-center space-x-3"
            >
              <svg
                class="lucide lucide-users h-8 w-8 text-blue-600"
                fill="none"
                height="24"
                stroke="currentColor"
                stroke-linecap="round"
                stroke-linejoin="round"
                stroke-width="2"
                viewBox="0 0 24 24"
                width="24"
                xmlns="http://www.w3.org/2000/svg"
              >
                <path
                  d="M16 21v-2a4 4 0 0 0-4-4H6a4 4 0 0 0-4 4v2"
                />
                <circle
                  cx="9"
                  cy="7"
                  r="4"
                />
                <path
                  d="M22 21v-2a4 4 0 0 0-3-3.87"
                />
                <path
                  d="M16 3.13a4 4 0 0 1 0 7.75"
                />
              </svg>
              <div>
                <p
                  class="text-sm font-medium text-gray-600"
                >
                  Workers Ativos
                </p>
                <p
                  class="text-2xl font...
 ÔØ» Object.getElementError node_modules/@testing-library/dom/dist/config.js:37:19
 ÔØ» node_modules/@testing-library/dom/dist/query-helpers.js:76:38
 ÔØ» node_modules/@testing-library/dom/dist/query-helpers.js:52:17
 ÔØ» node_modules/@testing-library/dom/dist/query-helpers.js:95:19
 ÔØ» src/__tests__/components/WebWorkerManager.test.tsx:245:34
    243|       render(<WebWorkerManager />);
    244|       
    245|       const clearButton = screen.getByText('Limpar');
       |                                  ^
    246|       fireEvent.click(clearButton);
    247|       

ÔÄ»ÔÄ»ÔÄ»ÔÄ»ÔÄ»ÔÄ»ÔÄ»ÔÄ»ÔÄ»ÔÄ»ÔÄ»ÔÄ»ÔÄ»ÔÄ»ÔÄ»ÔÄ»ÔÄ»ÔÄ»ÔÄ»ÔÄ»[217/449]ÔÄ»

 FAIL  src/__tests__/components/WebWorkerManager.test.tsx > WebWorkerManager Component > Cria├º├úo de Workers > deve abrir dialog de cria├º├úo de worker
TestingLibraryElementError: Unable to find an element with the text: Criar Worker. This could be because the text is broken up by multiple elements. In this case, you can provide a function for your text matcher to make your matcher more flexible.

Ignored nodes: comments, script, style
<body>
  <div>
    <div
      class="bg-white rounded-lg shadow-lg "
    >
      <div
        class="p-6 border-b border-gray-200"
      >
        <div
          class="flex items-center justify-between"
        >
          <div
            class="flex items-center space-x-3"
          >
            <div
              class="p-2 bg-purple-100 rounded-lg"
            >
              <svg
                class="lucide lucide-cpu h-6 w-6 text-purple-600"
                fill="none"
                height="24"
                stroke="currentColor"
                stroke-linecap="round"
                stroke-linejoin="round"
                stroke-width="2"
                viewBox="0 0 24 24"
                width="24"
                xmlns="http://www.w3.org/2000/svg"
              >
                <rect
                  height="16"
                  rx="2"
                  width="16"
                  x="4"
                  y="4"
                />
                <rect
                  height="6"
                  width="6"
                  x="9"
                  y="9"
                />
                <path
                  d="M15 2v2"
                />
                <path
                  d="M15 20v2"
                />
                <path
                  d="M2 15h2"
                />
                <path
                  d="M2 9h2"
                />
                <path
                  d="M20 15h2"
                />
                <path
                  d="M20 9h2"
                />
                <path
                  d="M9 2v2"
                />
                <path
                  d="M9 20v2"
                />
              </svg>
            </div>
            <div>
              <h2
                class="text-xl font-semibold text-gray-900"
              >
                Web Worker Manager
              </h2>
              <p
                class="text-sm text-gray-600"
              >
                Gerenciamento avan├ºado de Web Workers
              </p>
            </div>
          </div>
          <div
            class="flex items-center space-x-2"
          >
            <button
              class="px-3 py-1 rounded-md text-sm font-medium bg-green-100 text-green-700 hover:bg-green-200"
            >
              Auto-refresh ON
            </button>
            <button
              class="px-4 py-2 bg-purple-600 text-white rounded-md hover:bg-purple-700 flex items-center space-x-2"
            >
              <svg
                class="lucide lucide-plus h-4 w-4"
                fill="none"
                height="24"
                stroke="currentColor"
                stroke-linecap="round"
                stroke-linejoin="round"
                stroke-width="2"
                viewBox="0 0 24 24"
                width="24"
                xmlns="http://www.w3.org/2000/svg"
              >
                <path
                  d="M5 12h14"
                />
                <path
                  d="M12 5v14"
                />
              </svg>
              <span>
                Novo Worker
              </span>
            </button>
          </div>
        </div>
      </div>
      <div
        class="p-6 grid grid-cols-1 md:grid-cols-2 lg:grid-cols-4 gap-4"
      >
        <div
          class="bg-blue-50 rounded-lg p-4 cursor-pointer transition-all duration-200 hover:shadow-md"
        >
          <div
            class="flex items-center justify-between"
          >
            <div
              class="flex items-center space-x-3"
            >
              <svg
                class="lucide lucide-users h-8 w-8 text-blue-600"
                fill="none"
                height="24"
                stroke="currentColor"
                stroke-linecap="round"
                stroke-linejoin="round"
                stroke-width="2"
                viewBox="0 0 24 24"
                width="24"
                xmlns="http://www.w3.org/2000/svg"
              >
                <path
                  d="M16 21v-2a4 4 0 0 0-4-4H6a4 4 0 0 0-4 4v2"
                />
                <circle
                  cx="9"
                  cy="7"
                  r="4"
                />
                <path
                  d="M22 21v-2a4 4 0 0 0-3-3.87"
                />
                <path
                  d="M16 3.13a4 4 0 0 1 0 7.75"
                />
              </svg>
              <div>
                <p
                  class="text-sm font-medium text-gray-600"
                >
                  Workers Ativos
                </p>
                <p
                  class="text-2xl font...
 ÔØ» Object.getElementError node_modules/@testing-library/dom/dist/config.js:37:19
 ÔØ» node_modules/@testing-library/dom/dist/query-helpers.js:76:38
 ÔØ» node_modules/@testing-library/dom/dist/query-helpers.js:52:17
 ÔØ» node_modules/@testing-library/dom/dist/query-helpers.js:95:19
 ÔØ» src/__tests__/components/WebWorkerManager.test.tsx:260:35
    258|       
    259|       // Clicar no bot├úo de criar
    260|       const createButton = screen.getByText('Criar Worker');
       |                                   ^
    261|       fireEvent.click(createButton);
    262|       

ÔÄ»ÔÄ»ÔÄ»ÔÄ»ÔÄ»ÔÄ»ÔÄ»ÔÄ»ÔÄ»ÔÄ»ÔÄ»ÔÄ»ÔÄ»ÔÄ»ÔÄ»ÔÄ»ÔÄ»ÔÄ»ÔÄ»ÔÄ»[218/449]ÔÄ»

 FAIL  src/__tests__/components/WebWorkerManager.test.tsx > WebWorkerManager Component > Cria├º├úo de Workers > deve criar worker com configura├º├Áes v├ílidas
TestingLibraryElementError: Unable to find an element with the text: Criar Worker. This could be because the text is broken up by multiple elements. In this case, you can provide a function for your text matcher to make your matcher more flexible.

Ignored nodes: comments, script, style
<body>
  <div>
    <div
      class="bg-white rounded-lg shadow-lg "
    >
      <div
        class="p-6 border-b border-gray-200"
      >
        <div
          class="flex items-center justify-between"
        >
          <div
            class="flex items-center space-x-3"
          >
            <div
              class="p-2 bg-purple-100 rounded-lg"
            >
              <svg
                class="lucide lucide-cpu h-6 w-6 text-purple-600"
                fill="none"
                height="24"
                stroke="currentColor"
                stroke-linecap="round"
                stroke-linejoin="round"
                stroke-width="2"
                viewBox="0 0 24 24"
                width="24"
                xmlns="http://www.w3.org/2000/svg"
              >
                <rect
                  height="16"
                  rx="2"
                  width="16"
                  x="4"
                  y="4"
                />
                <rect
                  height="6"
                  width="6"
                  x="9"
                  y="9"
                />
                <path
                  d="M15 2v2"
                />
                <path
                  d="M15 20v2"
                />
                <path
                  d="M2 15h2"
                />
                <path
                  d="M2 9h2"
                />
                <path
                  d="M20 15h2"
                />
                <path
                  d="M20 9h2"
                />
                <path
                  d="M9 2v2"
                />
                <path
                  d="M9 20v2"
                />
              </svg>
            </div>
            <div>
              <h2
                class="text-xl font-semibold text-gray-900"
              >
                Web Worker Manager
              </h2>
              <p
                class="text-sm text-gray-600"
              >
                Gerenciamento avan├ºado de Web Workers
              </p>
            </div>
          </div>
          <div
            class="flex items-center space-x-2"
          >
            <button
              class="px-3 py-1 rounded-md text-sm font-medium bg-green-100 text-green-700 hover:bg-green-200"
            >
              Auto-refresh ON
            </button>
            <button
              class="px-4 py-2 bg-purple-600 text-white rounded-md hover:bg-purple-700 flex items-center space-x-2"
            >
              <svg
                class="lucide lucide-plus h-4 w-4"
                fill="none"
                height="24"
                stroke="currentColor"
                stroke-linecap="round"
                stroke-linejoin="round"
                stroke-width="2"
                viewBox="0 0 24 24"
                width="24"
                xmlns="http://www.w3.org/2000/svg"
              >
                <path
                  d="M5 12h14"
                />
                <path
                  d="M12 5v14"
                />
              </svg>
              <span>
                Novo Worker
              </span>
            </button>
          </div>
        </div>
      </div>
      <div
        class="p-6 grid grid-cols-1 md:grid-cols-2 lg:grid-cols-4 gap-4"
      >
        <div
          class="bg-blue-50 rounded-lg p-4 cursor-pointer transition-all duration-200 hover:shadow-md"
        >
          <div
            class="flex items-center justify-between"
          >
            <div
              class="flex items-center space-x-3"
            >
              <svg
                class="lucide lucide-users h-8 w-8 text-blue-600"
                fill="none"
                height="24"
                stroke="currentColor"
                stroke-linecap="round"
                stroke-linejoin="round"
                stroke-width="2"
                viewBox="0 0 24 24"
                width="24"
                xmlns="http://www.w3.org/2000/svg"
              >
                <path
                  d="M16 21v-2a4 4 0 0 0-4-4H6a4 4 0 0 0-4 4v2"
                />
                <circle
                  cx="9"
                  cy="7"
                  r="4"
                />
                <path
                  d="M22 21v-2a4 4 0 0 0-3-3.87"
                />
                <path
                  d="M16 3.13a4 4 0 0 1 0 7.75"
                />
              </svg>
              <div>
                <p
                  class="text-sm font-medium text-gray-600"
                >
                  Workers Ativos
                </p>
                <p
                  class="text-2xl font...
 ÔØ» Object.getElementError node_modules/@testing-library/dom/dist/config.js:37:19
 ÔØ» node_modules/@testing-library/dom/dist/query-helpers.js:76:38
 ÔØ» node_modules/@testing-library/dom/dist/query-helpers.js:52:17
 ÔØ» node_modules/@testing-library/dom/dist/query-helpers.js:95:19
 ÔØ» src/__tests__/components/WebWorkerManager.test.tsx:273:30
    271|       // Abrir dialog
    272|       fireEvent.click(screen.getByText('Workers'));
    273|       fireEvent.click(screen.getByText('Criar Worker'));
       |                              ^
    274|       
    275|       await waitFor(() => {

ÔÄ»ÔÄ»ÔÄ»ÔÄ»ÔÄ»ÔÄ»ÔÄ»ÔÄ»ÔÄ»ÔÄ»ÔÄ»ÔÄ»ÔÄ»ÔÄ»ÔÄ»ÔÄ»ÔÄ»ÔÄ»ÔÄ»ÔÄ»[219/449]ÔÄ»

 FAIL  src/__tests__/components/WebWorkerManager.test.tsx > WebWorkerManager Component > Cria├º├úo de Workers > deve validar campos obrigat├│rios
TestingLibraryElementError: Unable to find an element with the text: Criar Worker. This could be because the text is broken up by multiple elements. In this case, you can provide a function for your text matcher to make your matcher more flexible.

Ignored nodes: comments, script, style
<body>
  <div>
    <div
      class="bg-white rounded-lg shadow-lg "
    >
      <div
        class="p-6 border-b border-gray-200"
      >
        <div
          class="flex items-center justify-between"
        >
          <div
            class="flex items-center space-x-3"
          >
            <div
              class="p-2 bg-purple-100 rounded-lg"
            >
              <svg
                class="lucide lucide-cpu h-6 w-6 text-purple-600"
                fill="none"
                height="24"
                stroke="currentColor"
                stroke-linecap="round"
                stroke-linejoin="round"
                stroke-width="2"
                viewBox="0 0 24 24"
                width="24"
                xmlns="http://www.w3.org/2000/svg"
              >
                <rect
                  height="16"
                  rx="2"
                  width="16"
                  x="4"
                  y="4"
                />
                <rect
                  height="6"
                  width="6"
                  x="9"
                  y="9"
                />
                <path
                  d="M15 2v2"
                />
                <path
                  d="M15 20v2"
                />
                <path
                  d="M2 15h2"
                />
                <path
                  d="M2 9h2"
                />
                <path
                  d="M20 15h2"
                />
                <path
                  d="M20 9h2"
                />
                <path
                  d="M9 2v2"
                />
                <path
                  d="M9 20v2"
                />
              </svg>
            </div>
            <div>
              <h2
                class="text-xl font-semibold text-gray-900"
              >
                Web Worker Manager
              </h2>
              <p
                class="text-sm text-gray-600"
              >
                Gerenciamento avan├ºado de Web Workers
              </p>
            </div>
          </div>
          <div
            class="flex items-center space-x-2"
          >
            <button
              class="px-3 py-1 rounded-md text-sm font-medium bg-green-100 text-green-700 hover:bg-green-200"
            >
              Auto-refresh ON
            </button>
            <button
              class="px-4 py-2 bg-purple-600 text-white rounded-md hover:bg-purple-700 flex items-center space-x-2"
            >
              <svg
                class="lucide lucide-plus h-4 w-4"
                fill="none"
                height="24"
                stroke="currentColor"
                stroke-linecap="round"
                stroke-linejoin="round"
                stroke-width="2"
                viewBox="0 0 24 24"
                width="24"
                xmlns="http://www.w3.org/2000/svg"
              >
                <path
                  d="M5 12h14"
                />
                <path
                  d="M12 5v14"
                />
              </svg>
              <span>
                Novo Worker
              </span>
            </button>
          </div>
        </div>
      </div>
      <div
        class="p-6 grid grid-cols-1 md:grid-cols-2 lg:grid-cols-4 gap-4"
      >
        <div
          class="bg-blue-50 rounded-lg p-4 cursor-pointer transition-all duration-200 hover:shadow-md"
        >
          <div
            class="flex items-center justify-between"
          >
            <div
              class="flex items-center space-x-3"
            >
              <svg
                class="lucide lucide-users h-8 w-8 text-blue-600"
                fill="none"
                height="24"
                stroke="currentColor"
                stroke-linecap="round"
                stroke-linejoin="round"
                stroke-width="2"
                viewBox="0 0 24 24"
                width="24"
                xmlns="http://www.w3.org/2000/svg"
              >
                <path
                  d="M16 21v-2a4 4 0 0 0-4-4H6a4 4 0 0 0-4 4v2"
                />
                <circle
                  cx="9"
                  cy="7"
                  r="4"
                />
                <path
                  d="M22 21v-2a4 4 0 0 0-3-3.87"
                />
                <path
                  d="M16 3.13a4 4 0 0 1 0 7.75"
                />
              </svg>
              <div>
                <p
                  class="text-sm font-medium text-gray-600"
                >
                  Workers Ativos
                </p>
                <p
                  class="text-2xl font...
 ÔØ» Object.getElementError node_modules/@testing-library/dom/dist/config.js:37:19
 ÔØ» node_modules/@testing-library/dom/dist/query-helpers.js:76:38
 ÔØ» node_modules/@testing-library/dom/dist/query-helpers.js:52:17
 ÔØ» node_modules/@testing-library/dom/dist/query-helpers.js:95:19
 ÔØ» src/__tests__/components/WebWorkerManager.test.tsx:306:30
    304|       // Abrir dialog
    305|       fireEvent.click(screen.getByText('Workers'));
    306|       fireEvent.click(screen.getByText('Criar Worker'));
       |                              ^
    307|       
    308|       await waitFor(() => {

ÔÄ»ÔÄ»ÔÄ»ÔÄ»ÔÄ»ÔÄ»ÔÄ»ÔÄ»ÔÄ»ÔÄ»ÔÄ»ÔÄ»ÔÄ»ÔÄ»ÔÄ»ÔÄ»ÔÄ»ÔÄ»ÔÄ»ÔÄ»[220/449]ÔÄ»

 FAIL  src/__tests__/components/WebWorkerManager.test.tsx > WebWorkerManager Component > Cria├º├úo de Pools > deve abrir dialog de cria├º├úo de pool
TestingLibraryElementError: Unable to find an element with the text: Criar Pool. This could be because the text is broken up by multiple elements. In this case, you can provide a function for your text matcher to make your matcher more flexible.

Ignored nodes: comments, script, style
<body>
  <div>
    <div
      class="bg-white rounded-lg shadow-lg "
    >
      <div
        class="p-6 border-b border-gray-200"
      >
        <div
          class="flex items-center justify-between"
        >
          <div
            class="flex items-center space-x-3"
          >
            <div
              class="p-2 bg-purple-100 rounded-lg"
            >
              <svg
                class="lucide lucide-cpu h-6 w-6 text-purple-600"
                fill="none"
                height="24"
                stroke="currentColor"
                stroke-linecap="round"
                stroke-linejoin="round"
                stroke-width="2"
                viewBox="0 0 24 24"
                width="24"
                xmlns="http://www.w3.org/2000/svg"
              >
                <rect
                  height="16"
                  rx="2"
                  width="16"
                  x="4"
                  y="4"
                />
                <rect
                  height="6"
                  width="6"
                  x="9"
                  y="9"
                />
                <path
                  d="M15 2v2"
                />
                <path
                  d="M15 20v2"
                />
                <path
                  d="M2 15h2"
                />
                <path
                  d="M2 9h2"
                />
                <path
                  d="M20 15h2"
                />
                <path
                  d="M20 9h2"
                />
                <path
                  d="M9 2v2"
                />
                <path
                  d="M9 20v2"
                />
              </svg>
            </div>
            <div>
              <h2
                class="text-xl font-semibold text-gray-900"
              >
                Web Worker Manager
              </h2>
              <p
                class="text-sm text-gray-600"
              >
                Gerenciamento avan├ºado de Web Workers
              </p>
            </div>
          </div>
          <div
            class="flex items-center space-x-2"
          >
            <button
              class="px-3 py-1 rounded-md text-sm font-medium bg-green-100 text-green-700 hover:bg-green-200"
            >
              Auto-refresh ON
            </button>
            <button
              class="px-4 py-2 bg-purple-600 text-white rounded-md hover:bg-purple-700 flex items-center space-x-2"
            >
              <svg
                class="lucide lucide-plus h-4 w-4"
                fill="none"
                height="24"
                stroke="currentColor"
                stroke-linecap="round"
                stroke-linejoin="round"
                stroke-width="2"
                viewBox="0 0 24 24"
                width="24"
                xmlns="http://www.w3.org/2000/svg"
              >
                <path
                  d="M5 12h14"
                />
                <path
                  d="M12 5v14"
                />
              </svg>
              <span>
                Novo Worker
              </span>
            </button>
          </div>
        </div>
      </div>
      <div
        class="p-6 grid grid-cols-1 md:grid-cols-2 lg:grid-cols-4 gap-4"
      >
        <div
          class="bg-blue-50 rounded-lg p-4 cursor-pointer transition-all duration-200 hover:shadow-md"
        >
          <div
            class="flex items-center justify-between"
          >
            <div
              class="flex items-center space-x-3"
            >
              <svg
                class="lucide lucide-users h-8 w-8 text-blue-600"
                fill="none"
                height="24"
                stroke="currentColor"
                stroke-linecap="round"
                stroke-linejoin="round"
                stroke-width="2"
                viewBox="0 0 24 24"
                width="24"
                xmlns="http://www.w3.org/2000/svg"
              >
                <path
                  d="M16 21v-2a4 4 0 0 0-4-4H6a4 4 0 0 0-4 4v2"
                />
                <circle
                  cx="9"
                  cy="7"
                  r="4"
                />
                <path
                  d="M22 21v-2a4 4 0 0 0-3-3.87"
                />
                <path
                  d="M16 3.13a4 4 0 0 1 0 7.75"
                />
              </svg>
              <div>
                <p
                  class="text-sm font-medium text-gray-600"
                >
                  Workers Ativos
                </p>
                <p
                  class="text-2xl font...
 ÔØ» Object.getElementError node_modules/@testing-library/dom/dist/config.js:37:19
 ÔØ» node_modules/@testing-library/dom/dist/query-helpers.js:76:38
 ÔØ» node_modules/@testing-library/dom/dist/query-helpers.js:52:17
 ÔØ» node_modules/@testing-library/dom/dist/query-helpers.js:95:19
 ÔØ» src/__tests__/components/WebWorkerManager.test.tsx:328:35
    326|       
    327|       // Clicar no bot├úo de criar
    328|       const createButton = screen.getByText('Criar Pool');
       |                                   ^
    329|       fireEvent.click(createButton);
    330|       

ÔÄ»ÔÄ»ÔÄ»ÔÄ»ÔÄ»ÔÄ»ÔÄ»ÔÄ»ÔÄ»ÔÄ»ÔÄ»ÔÄ»ÔÄ»ÔÄ»ÔÄ»ÔÄ»ÔÄ»ÔÄ»ÔÄ»ÔÄ»[221/449]ÔÄ»

 FAIL  src/__tests__/components/WebWorkerManager.test.tsx > WebWorkerManager Component > Cria├º├úo de Pools > deve criar pool com configura├º├Áes v├ílidas
TestingLibraryElementError: Unable to find an element with the text: Criar Pool. This could be because the text is broken up by multiple elements. In this case, you can provide a function for your text matcher to make your matcher more flexible.

Ignored nodes: comments, script, style
<body>
  <div>
    <div
      class="bg-white rounded-lg shadow-lg "
    >
      <div
        class="p-6 border-b border-gray-200"
      >
        <div
          class="flex items-center justify-between"
        >
          <div
            class="flex items-center space-x-3"
          >
            <div
              class="p-2 bg-purple-100 rounded-lg"
            >
              <svg
                class="lucide lucide-cpu h-6 w-6 text-purple-600"
                fill="none"
                height="24"
                stroke="currentColor"
                stroke-linecap="round"
                stroke-linejoin="round"
                stroke-width="2"
                viewBox="0 0 24 24"
                width="24"
                xmlns="http://www.w3.org/2000/svg"
              >
                <rect
                  height="16"
                  rx="2"
                  width="16"
                  x="4"
                  y="4"
                />
                <rect
                  height="6"
                  width="6"
                  x="9"
                  y="9"
                />
                <path
                  d="M15 2v2"
                />
                <path
                  d="M15 20v2"
                />
                <path
                  d="M2 15h2"
                />
                <path
                  d="M2 9h2"
                />
                <path
                  d="M20 15h2"
                />
                <path
                  d="M20 9h2"
                />
                <path
                  d="M9 2v2"
                />
                <path
                  d="M9 20v2"
                />
              </svg>
            </div>
            <div>
              <h2
                class="text-xl font-semibold text-gray-900"
              >
                Web Worker Manager
              </h2>
              <p
                class="text-sm text-gray-600"
              >
                Gerenciamento avan├ºado de Web Workers
              </p>
            </div>
          </div>
          <div
            class="flex items-center space-x-2"
          >
            <button
              class="px-3 py-1 rounded-md text-sm font-medium bg-green-100 text-green-700 hover:bg-green-200"
            >
              Auto-refresh ON
            </button>
            <button
              class="px-4 py-2 bg-purple-600 text-white rounded-md hover:bg-purple-700 flex items-center space-x-2"
            >
              <svg
                class="lucide lucide-plus h-4 w-4"
                fill="none"
                height="24"
                stroke="currentColor"
                stroke-linecap="round"
                stroke-linejoin="round"
                stroke-width="2"
                viewBox="0 0 24 24"
                width="24"
                xmlns="http://www.w3.org/2000/svg"
              >
                <path
                  d="M5 12h14"
                />
                <path
                  d="M12 5v14"
                />
              </svg>
              <span>
                Novo Worker
              </span>
            </button>
          </div>
        </div>
      </div>
      <div
        class="p-6 grid grid-cols-1 md:grid-cols-2 lg:grid-cols-4 gap-4"
      >
        <div
          class="bg-blue-50 rounded-lg p-4 cursor-pointer transition-all duration-200 hover:shadow-md"
        >
          <div
            class="flex items-center justify-between"
          >
            <div
              class="flex items-center space-x-3"
            >
              <svg
                class="lucide lucide-users h-8 w-8 text-blue-600"
                fill="none"
                height="24"
                stroke="currentColor"
                stroke-linecap="round"
                stroke-linejoin="round"
                stroke-width="2"
                viewBox="0 0 24 24"
                width="24"
                xmlns="http://www.w3.org/2000/svg"
              >
                <path
                  d="M16 21v-2a4 4 0 0 0-4-4H6a4 4 0 0 0-4 4v2"
                />
                <circle
                  cx="9"
                  cy="7"
                  r="4"
                />
                <path
                  d="M22 21v-2a4 4 0 0 0-3-3.87"
                />
                <path
                  d="M16 3.13a4 4 0 0 1 0 7.75"
                />
              </svg>
              <div>
                <p
                  class="text-sm font-medium text-gray-600"
                >
                  Workers Ativos
                </p>
                <p
                  class="text-2xl font...
 ÔØ» Object.getElementError node_modules/@testing-library/dom/dist/config.js:37:19
 ÔØ» node_modules/@testing-library/dom/dist/query-helpers.js:76:38
 ÔØ» node_modules/@testing-library/dom/dist/query-helpers.js:52:17
 ÔØ» node_modules/@testing-library/dom/dist/query-helpers.js:95:19
 ÔØ» src/__tests__/components/WebWorkerManager.test.tsx:341:30
    339|       // Abrir dialog
    340|       fireEvent.click(screen.getByText('Pools'));
    341|       fireEvent.click(screen.getByText('Criar Pool'));
       |                              ^
    342|       
    343|       await waitFor(() => {

ÔÄ»ÔÄ»ÔÄ»ÔÄ»ÔÄ»ÔÄ»ÔÄ»ÔÄ»ÔÄ»ÔÄ»ÔÄ»ÔÄ»ÔÄ»ÔÄ»ÔÄ»ÔÄ»ÔÄ»ÔÄ»ÔÄ»ÔÄ»[222/449]ÔÄ»

 FAIL  src/__tests__/components/WebWorkerManager.test.tsx > WebWorkerManager Component > Cria├º├úo de Pools > deve validar n├║mero m├íximo de workers
TestingLibraryElementError: Unable to find an element with the text: Criar Pool. This could be because the text is broken up by multiple elements. In this case, you can provide a function for your text matcher to make your matcher more flexible.

Ignored nodes: comments, script, style
<body>
  <div>
    <div
      class="bg-white rounded-lg shadow-lg "
    >
      <div
        class="p-6 border-b border-gray-200"
      >
        <div
          class="flex items-center justify-between"
        >
          <div
            class="flex items-center space-x-3"
          >
            <div
              class="p-2 bg-purple-100 rounded-lg"
            >
              <svg
                class="lucide lucide-cpu h-6 w-6 text-purple-600"
                fill="none"
                height="24"
                stroke="currentColor"
                stroke-linecap="round"
                stroke-linejoin="round"
                stroke-width="2"
                viewBox="0 0 24 24"
                width="24"
                xmlns="http://www.w3.org/2000/svg"
              >
                <rect
                  height="16"
                  rx="2"
                  width="16"
                  x="4"
                  y="4"
                />
                <rect
                  height="6"
                  width="6"
                  x="9"
                  y="9"
                />
                <path
                  d="M15 2v2"
                />
                <path
                  d="M15 20v2"
                />
                <path
                  d="M2 15h2"
                />
                <path
                  d="M2 9h2"
                />
                <path
                  d="M20 15h2"
                />
                <path
                  d="M20 9h2"
                />
                <path
                  d="M9 2v2"
                />
                <path
                  d="M9 20v2"
                />
              </svg>
            </div>
            <div>
              <h2
                class="text-xl font-semibold text-gray-900"
              >
                Web Worker Manager
              </h2>
              <p
                class="text-sm text-gray-600"
              >
                Gerenciamento avan├ºado de Web Workers
              </p>
            </div>
          </div>
          <div
            class="flex items-center space-x-2"
          >
            <button
              class="px-3 py-1 rounded-md text-sm font-medium bg-green-100 text-green-700 hover:bg-green-200"
            >
              Auto-refresh ON
            </button>
            <button
              class="px-4 py-2 bg-purple-600 text-white rounded-md hover:bg-purple-700 flex items-center space-x-2"
            >
              <svg
                class="lucide lucide-plus h-4 w-4"
                fill="none"
                height="24"
                stroke="currentColor"
                stroke-linecap="round"
                stroke-linejoin="round"
                stroke-width="2"
                viewBox="0 0 24 24"
                width="24"
                xmlns="http://www.w3.org/2000/svg"
              >
                <path
                  d="M5 12h14"
                />
                <path
                  d="M12 5v14"
                />
              </svg>
              <span>
                Novo Worker
              </span>
            </button>
          </div>
        </div>
      </div>
      <div
        class="p-6 grid grid-cols-1 md:grid-cols-2 lg:grid-cols-4 gap-4"
      >
        <div
          class="bg-blue-50 rounded-lg p-4 cursor-pointer transition-all duration-200 hover:shadow-md"
        >
          <div
            class="flex items-center justify-between"
          >
            <div
              class="flex items-center space-x-3"
            >
              <svg
                class="lucide lucide-users h-8 w-8 text-blue-600"
                fill="none"
                height="24"
                stroke="currentColor"
                stroke-linecap="round"
                stroke-linejoin="round"
                stroke-width="2"
                viewBox="0 0 24 24"
                width="24"
                xmlns="http://www.w3.org/2000/svg"
              >
                <path
                  d="M16 21v-2a4 4 0 0 0-4-4H6a4 4 0 0 0-4 4v2"
                />
                <circle
                  cx="9"
                  cy="7"
                  r="4"
                />
                <path
                  d="M22 21v-2a4 4 0 0 0-3-3.87"
                />
                <path
                  d="M16 3.13a4 4 0 0 1 0 7.75"
                />
              </svg>
              <div>
                <p
                  class="text-sm font-medium text-gray-600"
                >
                  Workers Ativos
                </p>
                <p
                  class="text-2xl font...
 ÔØ» Object.getElementError node_modules/@testing-library/dom/dist/config.js:37:19
 ÔØ» node_modules/@testing-library/dom/dist/query-helpers.js:76:38
 ÔØ» node_modules/@testing-library/dom/dist/query-helpers.js:52:17
 ÔØ» node_modules/@testing-library/dom/dist/query-helpers.js:95:19
 ÔØ» src/__tests__/components/WebWorkerManager.test.tsx:378:30
    376|       // Abrir dialog
    377|       fireEvent.click(screen.getByText('Pools'));
    378|       fireEvent.click(screen.getByText('Criar Pool'));
       |                              ^
    379|       
    380|       await waitFor(() => {

ÔÄ»ÔÄ»ÔÄ»ÔÄ»ÔÄ»ÔÄ»ÔÄ»ÔÄ»ÔÄ»ÔÄ»ÔÄ»ÔÄ»ÔÄ»ÔÄ»ÔÄ»ÔÄ»ÔÄ»ÔÄ»ÔÄ»ÔÄ»[223/449]ÔÄ»

 FAIL  src/__tests__/components/WebWorkerManager.test.tsx > WebWorkerManager Component > Gerenciamento de Tasks > deve abrir dialog de cria├º├úo de task
TestingLibraryElementError: Unable to find an element with the text: Tasks. This could be because the text is broken up by multiple elements. In this case, you can provide a function for your text matcher to make your matcher more flexible.

Ignored nodes: comments, script, style
<body>
  <div>
    <div
      class="bg-white rounded-lg shadow-lg "
    >
      <div
        class="p-6 border-b border-gray-200"
      >
        <div
          class="flex items-center justify-between"
        >
          <div
            class="flex items-center space-x-3"
          >
            <div
              class="p-2 bg-purple-100 rounded-lg"
            >
              <svg
                class="lucide lucide-cpu h-6 w-6 text-purple-600"
                fill="none"
                height="24"
                stroke="currentColor"
                stroke-linecap="round"
                stroke-linejoin="round"
                stroke-width="2"
                viewBox="0 0 24 24"
                width="24"
                xmlns="http://www.w3.org/2000/svg"
              >
                <rect
                  height="16"
                  rx="2"
                  width="16"
                  x="4"
                  y="4"
                />
                <rect
                  height="6"
                  width="6"
                  x="9"
                  y="9"
                />
                <path
                  d="M15 2v2"
                />
                <path
                  d="M15 20v2"
                />
                <path
                  d="M2 15h2"
                />
                <path
                  d="M2 9h2"
                />
                <path
                  d="M20 15h2"
                />
                <path
                  d="M20 9h2"
                />
                <path
                  d="M9 2v2"
                />
                <path
                  d="M9 20v2"
                />
              </svg>
            </div>
            <div>
              <h2
                class="text-xl font-semibold text-gray-900"
              >
                Web Worker Manager
              </h2>
              <p
                class="text-sm text-gray-600"
              >
                Gerenciamento avan├ºado de Web Workers
              </p>
            </div>
          </div>
          <div
            class="flex items-center space-x-2"
          >
            <button
              class="px-3 py-1 rounded-md text-sm font-medium bg-green-100 text-green-700 hover:bg-green-200"
            >
              Auto-refresh ON
            </button>
            <button
              class="px-4 py-2 bg-purple-600 text-white rounded-md hover:bg-purple-700 flex items-center space-x-2"
            >
              <svg
                class="lucide lucide-plus h-4 w-4"
                fill="none"
                height="24"
                stroke="currentColor"
                stroke-linecap="round"
                stroke-linejoin="round"
                stroke-width="2"
                viewBox="0 0 24 24"
                width="24"
                xmlns="http://www.w3.org/2000/svg"
              >
                <path
                  d="M5 12h14"
                />
                <path
                  d="M12 5v14"
                />
              </svg>
              <span>
                Novo Worker
              </span>
            </button>
          </div>
        </div>
      </div>
      <div
        class="p-6 grid grid-cols-1 md:grid-cols-2 lg:grid-cols-4 gap-4"
      >
        <div
          class="bg-blue-50 rounded-lg p-4 cursor-pointer transition-all duration-200 hover:shadow-md"
        >
          <div
            class="flex items-center justify-between"
          >
            <div
              class="flex items-center space-x-3"
            >
              <svg
                class="lucide lucide-users h-8 w-8 text-blue-600"
                fill="none"
                height="24"
                stroke="currentColor"
                stroke-linecap="round"
                stroke-linejoin="round"
                stroke-width="2"
                viewBox="0 0 24 24"
                width="24"
                xmlns="http://www.w3.org/2000/svg"
              >
                <path
                  d="M16 21v-2a4 4 0 0 0-4-4H6a4 4 0 0 0-4 4v2"
                />
                <circle
                  cx="9"
                  cy="7"
                  r="4"
                />
                <path
                  d="M22 21v-2a4 4 0 0 0-3-3.87"
                />
                <path
                  d="M16 3.13a4 4 0 0 1 0 7.75"
                />
              </svg>
              <div>
                <p
                  class="text-sm font-medium text-gray-600"
                >
                  Workers Ativos
                </p>
                <p
                  class="text-2xl font...
 ÔØ» Object.getElementError node_modules/@testing-library/dom/dist/config.js:37:19
 ÔØ» node_modules/@testing-library/dom/dist/query-helpers.js:76:38
 ÔØ» node_modules/@testing-library/dom/dist/query-helpers.js:52:17
 ÔØ» node_modules/@testing-library/dom/dist/query-helpers.js:95:19
 ÔØ» src/__tests__/components/WebWorkerManager.test.tsx:402:30
    400|       
    401|       // Ir para aba Tasks
    402|       fireEvent.click(screen.getByText('Tasks'));
       |                              ^
    403|       
    404|       // Clicar no bot├úo de criar

ÔÄ»ÔÄ»ÔÄ»ÔÄ»ÔÄ»ÔÄ»ÔÄ»ÔÄ»ÔÄ»ÔÄ»ÔÄ»ÔÄ»ÔÄ»ÔÄ»ÔÄ»ÔÄ»ÔÄ»ÔÄ»ÔÄ»ÔÄ»[224/449]ÔÄ»

 FAIL  src/__tests__/components/WebWorkerManager.test.tsx > WebWorkerManager Component > Gerenciamento de Tasks > deve criar task com dados v├ílidos
TestingLibraryElementError: Unable to find an element with the text: Tasks. This could be because the text is broken up by multiple elements. In this case, you can provide a function for your text matcher to make your matcher more flexible.

Ignored nodes: comments, script, style
<body>
  <div>
    <div
      class="bg-white rounded-lg shadow-lg "
    >
      <div
        class="p-6 border-b border-gray-200"
      >
        <div
          class="flex items-center justify-between"
        >
          <div
            class="flex items-center space-x-3"
          >
            <div
              class="p-2 bg-purple-100 rounded-lg"
            >
              <svg
                class="lucide lucide-cpu h-6 w-6 text-purple-600"
                fill="none"
                height="24"
                stroke="currentColor"
                stroke-linecap="round"
                stroke-linejoin="round"
                stroke-width="2"
                viewBox="0 0 24 24"
                width="24"
                xmlns="http://www.w3.org/2000/svg"
              >
                <rect
                  height="16"
                  rx="2"
                  width="16"
                  x="4"
                  y="4"
                />
                <rect
                  height="6"
                  width="6"
                  x="9"
                  y="9"
                />
                <path
                  d="M15 2v2"
                />
                <path
                  d="M15 20v2"
                />
                <path
                  d="M2 15h2"
                />
                <path
                  d="M2 9h2"
                />
                <path
                  d="M20 15h2"
                />
                <path
                  d="M20 9h2"
                />
                <path
                  d="M9 2v2"
                />
                <path
                  d="M9 20v2"
                />
              </svg>
            </div>
            <div>
              <h2
                class="text-xl font-semibold text-gray-900"
              >
                Web Worker Manager
              </h2>
              <p
                class="text-sm text-gray-600"
              >
                Gerenciamento avan├ºado de Web Workers
              </p>
            </div>
          </div>
          <div
            class="flex items-center space-x-2"
          >
            <button
              class="px-3 py-1 rounded-md text-sm font-medium bg-green-100 text-green-700 hover:bg-green-200"
            >
              Auto-refresh ON
            </button>
            <button
              class="px-4 py-2 bg-purple-600 text-white rounded-md hover:bg-purple-700 flex items-center space-x-2"
            >
              <svg
                class="lucide lucide-plus h-4 w-4"
                fill="none"
                height="24"
                stroke="currentColor"
                stroke-linecap="round"
                stroke-linejoin="round"
                stroke-width="2"
                viewBox="0 0 24 24"
                width="24"
                xmlns="http://www.w3.org/2000/svg"
              >
                <path
                  d="M5 12h14"
                />
                <path
                  d="M12 5v14"
                />
              </svg>
              <span>
                Novo Worker
              </span>
            </button>
          </div>
        </div>
      </div>
      <div
        class="p-6 grid grid-cols-1 md:grid-cols-2 lg:grid-cols-4 gap-4"
      >
        <div
          class="bg-blue-50 rounded-lg p-4 cursor-pointer transition-all duration-200 hover:shadow-md"
        >
          <div
            class="flex items-center justify-between"
          >
            <div
              class="flex items-center space-x-3"
            >
              <svg
                class="lucide lucide-users h-8 w-8 text-blue-600"
                fill="none"
                height="24"
                stroke="currentColor"
                stroke-linecap="round"
                stroke-linejoin="round"
                stroke-width="2"
                viewBox="0 0 24 24"
                width="24"
                xmlns="http://www.w3.org/2000/svg"
              >
                <path
                  d="M16 21v-2a4 4 0 0 0-4-4H6a4 4 0 0 0-4 4v2"
                />
                <circle
                  cx="9"
                  cy="7"
                  r="4"
                />
                <path
                  d="M22 21v-2a4 4 0 0 0-3-3.87"
                />
                <path
                  d="M16 3.13a4 4 0 0 1 0 7.75"
                />
              </svg>
              <div>
                <p
                  class="text-sm font-medium text-gray-600"
                >
                  Workers Ativos
                </p>
                <p
                  class="text-2xl font...
 ÔØ» Object.getElementError node_modules/@testing-library/dom/dist/config.js:37:19
 ÔØ» node_modules/@testing-library/dom/dist/query-helpers.js:76:38
 ÔØ» node_modules/@testing-library/dom/dist/query-helpers.js:52:17
 ÔØ» node_modules/@testing-library/dom/dist/query-helpers.js:95:19
 ÔØ» src/__tests__/components/WebWorkerManager.test.tsx:417:30
    415|       
    416|       // Abrir dialog
    417|       fireEvent.click(screen.getByText('Tasks'));
       |                              ^
    418|       fireEvent.click(screen.getByText('Adicionar Task'));
    419|       

ÔÄ»ÔÄ»ÔÄ»ÔÄ»ÔÄ»ÔÄ»ÔÄ»ÔÄ»ÔÄ»ÔÄ»ÔÄ»ÔÄ»ÔÄ»ÔÄ»ÔÄ»ÔÄ»ÔÄ»ÔÄ»ÔÄ»ÔÄ»[225/449]ÔÄ»

 FAIL  src/__tests__/components/WebWorkerManager.test.tsx > WebWorkerManager Component > Gerenciamento de Tasks > deve cancelar task
TestingLibraryElementError: Unable to find an element with the text: Tasks. This could be because the text is broken up by multiple elements. In this case, you can provide a function for your text matcher to make your matcher more flexible.

Ignored nodes: comments, script, style
<body>
  <div>
    <div
      class="bg-white rounded-lg shadow-lg "
    >
      <div
        class="p-6 border-b border-gray-200"
      >
        <div
          class="flex items-center justify-between"
        >
          <div
            class="flex items-center space-x-3"
          >
            <div
              class="p-2 bg-purple-100 rounded-lg"
            >
              <svg
                class="lucide lucide-cpu h-6 w-6 text-purple-600"
                fill="none"
                height="24"
                stroke="currentColor"
                stroke-linecap="round"
                stroke-linejoin="round"
                stroke-width="2"
                viewBox="0 0 24 24"
                width="24"
                xmlns="http://www.w3.org/2000/svg"
              >
                <rect
                  height="16"
                  rx="2"
                  width="16"
                  x="4"
                  y="4"
                />
                <rect
                  height="6"
                  width="6"
                  x="9"
                  y="9"
                />
                <path
                  d="M15 2v2"
                />
                <path
                  d="M15 20v2"
                />
                <path
                  d="M2 15h2"
                />
                <path
                  d="M2 9h2"
                />
                <path
                  d="M20 15h2"
                />
                <path
                  d="M20 9h2"
                />
                <path
                  d="M9 2v2"
                />
                <path
                  d="M9 20v2"
                />
              </svg>
            </div>
            <div>
              <h2
                class="text-xl font-semibold text-gray-900"
              >
                Web Worker Manager
              </h2>
              <p
                class="text-sm text-gray-600"
              >
                Gerenciamento avan├ºado de Web Workers
              </p>
            </div>
          </div>
          <div
            class="flex items-center space-x-2"
          >
            <button
              class="px-3 py-1 rounded-md text-sm font-medium bg-green-100 text-green-700 hover:bg-green-200"
            >
              Auto-refresh ON
            </button>
            <button
              class="px-4 py-2 bg-purple-600 text-white rounded-md hover:bg-purple-700 flex items-center space-x-2"
            >
              <svg
                class="lucide lucide-plus h-4 w-4"
                fill="none"
                height="24"
                stroke="currentColor"
                stroke-linecap="round"
                stroke-linejoin="round"
                stroke-width="2"
                viewBox="0 0 24 24"
                width="24"
                xmlns="http://www.w3.org/2000/svg"
              >
                <path
                  d="M5 12h14"
                />
                <path
                  d="M12 5v14"
                />
              </svg>
              <span>
                Novo Worker
              </span>
            </button>
          </div>
        </div>
      </div>
      <div
        class="p-6 grid grid-cols-1 md:grid-cols-2 lg:grid-cols-4 gap-4"
      >
        <div
          class="bg-blue-50 rounded-lg p-4 cursor-pointer transition-all duration-200 hover:shadow-md"
        >
          <div
            class="flex items-center justify-between"
          >
            <div
              class="flex items-center space-x-3"
            >
              <svg
                class="lucide lucide-users h-8 w-8 text-blue-600"
                fill="none"
                height="24"
                stroke="currentColor"
                stroke-linecap="round"
                stroke-linejoin="round"
                stroke-width="2"
                viewBox="0 0 24 24"
                width="24"
                xmlns="http://www.w3.org/2000/svg"
              >
                <path
                  d="M16 21v-2a4 4 0 0 0-4-4H6a4 4 0 0 0-4 4v2"
                />
                <circle
                  cx="9"
                  cy="7"
                  r="4"
                />
                <path
                  d="M22 21v-2a4 4 0 0 0-3-3.87"
                />
                <path
                  d="M16 3.13a4 4 0 0 1 0 7.75"
                />
              </svg>
              <div>
                <p
                  class="text-sm font-medium text-gray-600"
                >
                  Workers Ativos
                </p>
                <p
                  class="text-2xl font...
 ÔØ» Object.getElementError node_modules/@testing-library/dom/dist/config.js:37:19
 ÔØ» node_modules/@testing-library/dom/dist/query-helpers.js:76:38
 ÔØ» node_modules/@testing-library/dom/dist/query-helpers.js:52:17
 ÔØ» node_modules/@testing-library/dom/dist/query-helpers.js:95:19
 ÔØ» src/__tests__/components/WebWorkerManager.test.tsx:477:30
    475|       
    476|       // Ir para aba Tasks
    477|       fireEvent.click(screen.getByText('Tasks'));
       |                              ^
    478|       
    479|       await waitFor(() => {

ÔÄ»ÔÄ»ÔÄ»ÔÄ»ÔÄ»ÔÄ»ÔÄ»ÔÄ»ÔÄ»ÔÄ»ÔÄ»ÔÄ»ÔÄ»ÔÄ»ÔÄ»ÔÄ»ÔÄ»ÔÄ»ÔÄ»ÔÄ»[226/449]ÔÄ»

 FAIL  src/__tests__/components/WebWorkerManager.test.tsx > WebWorkerManager Component > Configura├º├Áes > deve renderizar configura├º├Áes na aba correspondente
TestingLibraryElementError: Unable to find an element with the text: Timeout (ms). This could be because the text is broken up by multiple elements. In this case, you can provide a function for your text matcher to make your matcher more flexible.

Ignored nodes: comments, script, style
<body>
  <div>
    <div
      class="bg-white rounded-lg shadow-lg "
    >
      <div
        class="p-6 border-b border-gray-200"
      >
        <div
          class="flex items-center justify-between"
        >
          <div
            class="flex items-center space-x-3"
          >
            <div
              class="p-2 bg-purple-100 rounded-lg"
            >
              <svg
                class="lucide lucide-cpu h-6 w-6 text-purple-600"
                fill="none"
                height="24"
                stroke="currentColor"
                stroke-linecap="round"
                stroke-linejoin="round"
                stroke-width="2"
                viewBox="0 0 24 24"
                width="24"
                xmlns="http://www.w3.org/2000/svg"
              >
                <rect
                  height="16"
                  rx="2"
                  width="16"
                  x="4"
                  y="4"
                />
                <rect
                  height="6"
                  width="6"
                  x="9"
                  y="9"
                />
                <path
                  d="M15 2v2"
                />
                <path
                  d="M15 20v2"
                />
                <path
                  d="M2 15h2"
                />
                <path
                  d="M2 9h2"
                />
                <path
                  d="M20 15h2"
                />
                <path
                  d="M20 9h2"
                />
                <path
                  d="M9 2v2"
                />
                <path
                  d="M9 20v2"
                />
              </svg>
            </div>
            <div>
              <h2
                class="text-xl font-semibold text-gray-900"
              >
                Web Worker Manager
              </h2>
              <p
                class="text-sm text-gray-600"
              >
                Gerenciamento avan├ºado de Web Workers
              </p>
            </div>
          </div>
          <div
            class="flex items-center space-x-2"
          >
            <button
              class="px-3 py-1 rounded-md text-sm font-medium bg-green-100 text-green-700 hover:bg-green-200"
            >
              Auto-refresh ON
            </button>
            <button
              class="px-4 py-2 bg-purple-600 text-white rounded-md hover:bg-purple-700 flex items-center space-x-2"
            >
              <svg
                class="lucide lucide-plus h-4 w-4"
                fill="none"
                height="24"
                stroke="currentColor"
                stroke-linecap="round"
                stroke-linejoin="round"
                stroke-width="2"
                viewBox="0 0 24 24"
                width="24"
                xmlns="http://www.w3.org/2000/svg"
              >
                <path
                  d="M5 12h14"
                />
                <path
                  d="M12 5v14"
                />
              </svg>
              <span>
                Novo Worker
              </span>
            </button>
          </div>
        </div>
      </div>
      <div
        class="p-6 grid grid-cols-1 md:grid-cols-2 lg:grid-cols-4 gap-4"
      >
        <div
          class="bg-blue-50 rounded-lg p-4 cursor-pointer transition-all duration-200 hover:shadow-md"
        >
          <div
            class="flex items-center justify-between"
          >
            <div
              class="flex items-center space-x-3"
            >
              <svg
                class="lucide lucide-users h-8 w-8 text-blue-600"
                fill="none"
                height="24"
                stroke="currentColor"
                stroke-linecap="round"
                stroke-linejoin="round"
                stroke-width="2"
                viewBox="0 0 24 24"
                width="24"
                xmlns="http://www.w3.org/2000/svg"
              >
                <path
                  d="M16 21v-2a4 4 0 0 0-4-4H6a4 4 0 0 0-4 4v2"
                />
                <circle
                  cx="9"
                  cy="7"
                  r="4"
                />
                <path
                  d="M22 21v-2a4 4 0 0 0-3-3.87"
                />
                <path
                  d="M16 3.13a4 4 0 0 1 0 7.75"
                />
              </svg>
              <div>
                <p
                  class="text-sm font-medium text-gray-600"
                >
                  Workers Ativos
                </p>
                <p
                  class="text-2xl font...

Ignored nodes: comments, script, style
<html>
  <head />
  <body>
    <div>
      <div
        class="bg-white rounded-lg shadow-lg "
      >
        <div
          class="p-6 border-b border-gray-200"
        >
          <div
            class="flex items-center justify-between"
          >
            <div
              class="flex items-center space-x-3"
            >
              <div
                class="p-2 bg-purple-100 rounded-lg"
              >
                <svg
                  class="lucide lucide-cpu h-6 w-6 text-purple-600"
                  fill="none"
                  height="24"
                  stroke="currentColor"
                  stroke-linecap="round"
                  stroke-linejoin="round"
                  stroke-width="2"
                  viewBox="0 0 24 24"
                  width="24"
                  xmlns="http://www.w3.org/2000/svg"
                >
                  <rect
                    height="16"
                    rx="2"
                    width="16"
                    x="4"
                    y="4"
                  />
                  <rect
                    height="6"
                    width="6"
                    x="9"
                    y="9"
                  />
                  <path
                    d="M15 2v2"
                  />
                  <path
                    d="M15 20v2"
                  />
                  <path
                    d="M2 15h2"
                  />
                  <path
                    d="M2 9h2"
                  />
                  <path
                    d="M20 15h2"
                  />
                  <path
                    d="M20 9h2"
                  />
                  <path
                    d="M9 2v2"
                  />
                  <path
                    d="M9 20v2"
                  />
                </svg>
              </div>
              <div>
                <h2
                  class="text-xl font-semibold text-gray-900"
                >
                  Web Worker Manager
                </h2>
                <p
                  class="text-sm text-gray-600"
                >
                  Gerenciamento avan├ºado de Web Workers
                </p>
              </div>
            </div>
            <div
              class="flex items-center space-x-2"
            >
              <button
                class="px-3 py-1 rounded-md text-sm font-medium bg-green-100 text-green-700 hover:bg-green-200"
              >
                Auto-refresh ON
              </button>
              <button
                class="px-4 py-2 bg-purple-600 text-white rounded-md hover:bg-purple-700 flex items-center space-x-2"
              >
                <svg
                  class="lucide lucide-plus h-4 w-4"
                  fill="none"
                  height="24"
                  stroke="currentColor"
                  stroke-linecap="round"
                  stroke-linejoin="round"
                  stroke-width="2"
                  viewBox="0 0 24 24"
                  width="24"
                  xmlns="http://www.w3.org/2000/svg"
                >
                  <path
                    d="M5 12h14"
                  />
                  <path
                    d="M12 5v14"
                  />
                </svg>
                <span>
                  Novo Worker
                </span>
              </button>
            </div>
          </div>
        </div>
        <div
          class="p-6 grid grid-cols-1 md:grid-cols-2 lg:grid-cols-4 gap-4"
        >
          <div
            class="bg-blue-50 rounded-lg p-4 cursor-pointer transition-all duration-200 hover:shadow-md"
          >
            <div
              class="flex items-center justify-between"
            >
              <div
                class="flex items-center space-x-3"
              >
                <svg
                  class="lucide lucide-users h-8 w-8 text-blue-600"
                  fill="none"
                  height="24"
                  stroke="currentColor"
                  stroke-linecap="round"
                  stroke-linejoin="round"
                  stroke-width="2"
                  viewBox="0 0 24 24"
                  width="24"
                  xmlns="http://www.w3.org/2000/svg"
                >
                  <path
                    d="M16 21v-2a4 4 0 0 0-4-4H6a4 4 0 0 0-4 4v2"
                  />
                  <circle
                    cx="9"
                    cy="7"
                    r="4"
                  />
                  <path
                    d="M22 21v-2a4 4 0 0 0-3-3.87"
                  />
                  <path
                    d="M16 3.13a4 4 0 0 1 0 7.75"
                  />
  ...
 ÔØ» Proxy.waitForWrapper node_modules/@testing-library/dom/dist/wait-for.js:166:27
 ÔØ» src/__tests__/components/WebWorkerManager.test.tsx:495:13
    493|       fireEvent.click(screen.getByText('Configura├º├Áes'));
    494|       
    495|       await waitFor(() => {
       |             ^
    496|         expect(screen.getByText('M├íximo de Workers')).toBeInTheDocumenÔÇª
    497|         expect(screen.getByText('Timeout (ms)')).toBeInTheDocument();

ÔÄ»ÔÄ»ÔÄ»ÔÄ»ÔÄ»ÔÄ»ÔÄ»ÔÄ»ÔÄ»ÔÄ»ÔÄ»ÔÄ»ÔÄ»ÔÄ»ÔÄ»ÔÄ»ÔÄ»ÔÄ»ÔÄ»ÔÄ»[227/449]ÔÄ»

 FAIL  src/__tests__/components/WebWorkerManager.test.tsx > WebWorkerManager Component > Configura├º├Áes > deve atualizar configura├º├Áes
AssertionError: expected "spy" to be called with arguments: [ { maxWorkers: 8 } ]

Number of calls: 0

 ÔØ» src/__tests__/components/WebWorkerManager.test.tsx:515:63
    513|       });
    514|       
    515|       expect(mockUseWebWorkers.throttledActions.updateConfig).toHaveBeÔÇª
       |                                                               ^
    516|         maxWorkers: 8
    517|       });

ÔÄ»ÔÄ»ÔÄ»ÔÄ»ÔÄ»ÔÄ»ÔÄ»ÔÄ»ÔÄ»ÔÄ»ÔÄ»ÔÄ»ÔÄ»ÔÄ»ÔÄ»ÔÄ»ÔÄ»ÔÄ»ÔÄ»ÔÄ»[228/449]ÔÄ»

 FAIL  src/__tests__/components/WebWorkerManager.test.tsx > WebWorkerManager Component > Configura├º├Áes > deve resetar configura├º├Áes
TestingLibraryElementError: Unable to find an element with the text: Resetar Configura├º├Áes. This could be because the text is broken up by multiple elements. In this case, you can provide a function for your text matcher to make your matcher more flexible.

Ignored nodes: comments, script, style
<body>
  <div>
    <div
      class="bg-white rounded-lg shadow-lg "
    >
      <div
        class="p-6 border-b border-gray-200"
      >
        <div
          class="flex items-center justify-between"
        >
          <div
            class="flex items-center space-x-3"
          >
            <div
              class="p-2 bg-purple-100 rounded-lg"
            >
              <svg
                class="lucide lucide-cpu h-6 w-6 text-purple-600"
                fill="none"
                height="24"
                stroke="currentColor"
                stroke-linecap="round"
                stroke-linejoin="round"
                stroke-width="2"
                viewBox="0 0 24 24"
                width="24"
                xmlns="http://www.w3.org/2000/svg"
              >
                <rect
                  height="16"
                  rx="2"
                  width="16"
                  x="4"
                  y="4"
                />
                <rect
                  height="6"
                  width="6"
                  x="9"
                  y="9"
                />
                <path
                  d="M15 2v2"
                />
                <path
                  d="M15 20v2"
                />
                <path
                  d="M2 15h2"
                />
                <path
                  d="M2 9h2"
                />
                <path
                  d="M20 15h2"
                />
                <path
                  d="M20 9h2"
                />
                <path
                  d="M9 2v2"
                />
                <path
                  d="M9 20v2"
                />
              </svg>
            </div>
            <div>
              <h2
                class="text-xl font-semibold text-gray-900"
              >
                Web Worker Manager
              </h2>
              <p
                class="text-sm text-gray-600"
              >
                Gerenciamento avan├ºado de Web Workers
              </p>
            </div>
          </div>
          <div
            class="flex items-center space-x-2"
          >
            <button
              class="px-3 py-1 rounded-md text-sm font-medium bg-green-100 text-green-700 hover:bg-green-200"
            >
              Auto-refresh ON
            </button>
            <button
              class="px-4 py-2 bg-purple-600 text-white rounded-md hover:bg-purple-700 flex items-center space-x-2"
            >
              <svg
                class="lucide lucide-plus h-4 w-4"
                fill="none"
                height="24"
                stroke="currentColor"
                stroke-linecap="round"
                stroke-linejoin="round"
                stroke-width="2"
                viewBox="0 0 24 24"
                width="24"
                xmlns="http://www.w3.org/2000/svg"
              >
                <path
                  d="M5 12h14"
                />
                <path
                  d="M12 5v14"
                />
              </svg>
              <span>
                Novo Worker
              </span>
            </button>
          </div>
        </div>
      </div>
      <div
        class="p-6 grid grid-cols-1 md:grid-cols-2 lg:grid-cols-4 gap-4"
      >
        <div
          class="bg-blue-50 rounded-lg p-4 cursor-pointer transition-all duration-200 hover:shadow-md"
        >
          <div
            class="flex items-center justify-between"
          >
            <div
              class="flex items-center space-x-3"
            >
              <svg
                class="lucide lucide-users h-8 w-8 text-blue-600"
                fill="none"
                height="24"
                stroke="currentColor"
                stroke-linecap="round"
                stroke-linejoin="round"
                stroke-width="2"
                viewBox="0 0 24 24"
                width="24"
                xmlns="http://www.w3.org/2000/svg"
              >
                <path
                  d="M16 21v-2a4 4 0 0 0-4-4H6a4 4 0 0 0-4 4v2"
                />
                <circle
                  cx="9"
                  cy="7"
                  r="4"
                />
                <path
                  d="M22 21v-2a4 4 0 0 0-3-3.87"
                />
                <path
                  d="M16 3.13a4 4 0 0 1 0 7.75"
                />
              </svg>
              <div>
                <p
                  class="text-sm font-medium text-gray-600"
                >
                  Workers Ativos
                </p>
                <p
                  class="text-2xl font...

Ignored nodes: comments, script, style
<html>
  <head />
  <body>
    <div>
      <div
        class="bg-white rounded-lg shadow-lg "
      >
        <div
          class="p-6 border-b border-gray-200"
        >
          <div
            class="flex items-center justify-between"
          >
            <div
              class="flex items-center space-x-3"
            >
              <div
                class="p-2 bg-purple-100 rounded-lg"
              >
                <svg
                  class="lucide lucide-cpu h-6 w-6 text-purple-600"
                  fill="none"
                  height="24"
                  stroke="currentColor"
                  stroke-linecap="round"
                  stroke-linejoin="round"
                  stroke-width="2"
                  viewBox="0 0 24 24"
                  width="24"
                  xmlns="http://www.w3.org/2000/svg"
                >
                  <rect
                    height="16"
                    rx="2"
                    width="16"
                    x="4"
                    y="4"
                  />
                  <rect
                    height="6"
                    width="6"
                    x="9"
                    y="9"
                  />
                  <path
                    d="M15 2v2"
                  />
                  <path
                    d="M15 20v2"
                  />
                  <path
                    d="M2 15h2"
                  />
                  <path
                    d="M2 9h2"
                  />
                  <path
                    d="M20 15h2"
                  />
                  <path
                    d="M20 9h2"
                  />
                  <path
                    d="M9 2v2"
                  />
                  <path
                    d="M9 20v2"
                  />
                </svg>
              </div>
              <div>
                <h2
                  class="text-xl font-semibold text-gray-900"
                >
                  Web Worker Manager
                </h2>
                <p
                  class="text-sm text-gray-600"
                >
                  Gerenciamento avan├ºado de Web Workers
                </p>
              </div>
            </div>
            <div
              class="flex items-center space-x-2"
            >
              <button
                class="px-3 py-1 rounded-md text-sm font-medium bg-green-100 text-green-700 hover:bg-green-200"
              >
                Auto-refresh ON
              </button>
              <button
                class="px-4 py-2 bg-purple-600 text-white rounded-md hover:bg-purple-700 flex items-center space-x-2"
              >
                <svg
                  class="lucide lucide-plus h-4 w-4"
                  fill="none"
                  height="24"
                  stroke="currentColor"
                  stroke-linecap="round"
                  stroke-linejoin="round"
                  stroke-width="2"
                  viewBox="0 0 24 24"
                  width="24"
                  xmlns="http://www.w3.org/2000/svg"
                >
                  <path
                    d="M5 12h14"
                  />
                  <path
                    d="M12 5v14"
                  />
                </svg>
                <span>
                  Novo Worker
                </span>
              </button>
            </div>
          </div>
        </div>
        <div
          class="p-6 grid grid-cols-1 md:grid-cols-2 lg:grid-cols-4 gap-4"
        >
          <div
            class="bg-blue-50 rounded-lg p-4 cursor-pointer transition-all duration-200 hover:shadow-md"
          >
            <div
              class="flex items-center justify-between"
            >
              <div
                class="flex items-center space-x-3"
              >
                <svg
                  class="lucide lucide-users h-8 w-8 text-blue-600"
                  fill="none"
                  height="24"
                  stroke="currentColor"
                  stroke-linecap="round"
                  stroke-linejoin="round"
                  stroke-width="2"
                  viewBox="0 0 24 24"
                  width="24"
                  xmlns="http://www.w3.org/2000/svg"
                >
                  <path
                    d="M16 21v-2a4 4 0 0 0-4-4H6a4 4 0 0 0-4 4v2"
                  />
                  <circle
                    cx="9"
                    cy="7"
                    r="4"
                  />
                  <path
                    d="M22 21v-2a4 4 0 0 0-3-3.87"
                  />
                  <path
                    d="M16 3.13a4 4 0 0 1 0 7.75"
                  />
  ...
 ÔØ» Proxy.waitForWrapper node_modules/@testing-library/dom/dist/wait-for.js:166:27
 ÔØ» src/__tests__/components/WebWorkerManager.test.tsx:526:13
    524|       fireEvent.click(screen.getByText('Configura├º├Áes'));
    525|       
    526|       await waitFor(() => {
       |             ^
    527|         const resetButton = screen.getByText('Resetar Configura├º├Áes');
    528|         fireEvent.click(resetButton);

ÔÄ»ÔÄ»ÔÄ»ÔÄ»ÔÄ»ÔÄ»ÔÄ»ÔÄ»ÔÄ»ÔÄ»ÔÄ»ÔÄ»ÔÄ»ÔÄ»ÔÄ»ÔÄ»ÔÄ»ÔÄ»ÔÄ»ÔÄ»[229/449]ÔÄ»

 FAIL  src/__tests__/components/WebWorkerManager.test.tsx > WebWorkerManager Component > Analytics > deve renderizar analytics na aba correspondente
 FAIL  src/__tests__/components/WebWorkerManager.test.tsx > WebWorkerManager Component > Analytics > deve exibir m├®tricas de performance
TypeError: Cannot read properties of undefined (reading 'map')
 ÔØ» WebWorkerManager src/components/webWorker/WebWorkerManager.tsx:800:42
    798|                   <h4 className="font-medium text-gray-900 mb-4">An├íliÔÇª
    799|                   <div className="space-y-3">
    800|                     {analytics.taskTypes.map((taskType) => (
       |                                          ^
    801|                       <div key={taskType.type} className="flex items-cÔÇª
    802|                         <div>
 ÔØ» renderWithHooks node_modules/react-dom/cjs/react-dom.development.js:16305:18
 ÔØ» updateFunctionComponent node_modules/react-dom/cjs/react-dom.development.js:19588:20
 ÔØ» beginWork node_modules/react-dom/cjs/react-dom.development.js:21601:16
 ÔØ» beginWork$1 node_modules/react-dom/cjs/react-dom.development.js:27426:14
 ÔØ» performUnitOfWork node_modules/react-dom/cjs/react-dom.development.js:26560:12
 ÔØ» workLoopSync node_modules/react-dom/cjs/react-dom.development.js:26466:5
 ÔØ» renderRootSync node_modules/react-dom/cjs/react-dom.development.js:26434:7
 ÔØ» recoverFromConcurrentError node_modules/react-dom/cjs/react-dom.development.js:25850:20
 ÔØ» performSyncWorkOnRoot node_modules/react-dom/cjs/react-dom.development.js:26096:20

ÔÄ»ÔÄ»ÔÄ»ÔÄ»ÔÄ»ÔÄ»ÔÄ»ÔÄ»ÔÄ»ÔÄ»ÔÄ»ÔÄ»ÔÄ»ÔÄ»ÔÄ»ÔÄ»ÔÄ»ÔÄ»ÔÄ»ÔÄ»[230/449]ÔÄ»

 FAIL  src/__tests__/components/WebWorkerManager.test.tsx > WebWorkerManager Component > Termina├º├úo de Workers > deve terminar worker
TestingLibraryElementError: Unable to find an element with the text: Terminar. This could be because the text is broken up by multiple elements. In this case, you can provide a function for your text matcher to make your matcher more flexible.

Ignored nodes: comments, script, style
<body>
  <div>
    <div
      class="bg-white rounded-lg shadow-lg "
    >
      <div
        class="p-6 border-b border-gray-200"
      >
        <div
          class="flex items-center justify-between"
        >
          <div
            class="flex items-center space-x-3"
          >
            <div
              class="p-2 bg-purple-100 rounded-lg"
            >
              <svg
                class="lucide lucide-cpu h-6 w-6 text-purple-600"
                fill="none"
                height="24"
                stroke="currentColor"
                stroke-linecap="round"
                stroke-linejoin="round"
                stroke-width="2"
                viewBox="0 0 24 24"
                width="24"
                xmlns="http://www.w3.org/2000/svg"
              >
                <rect
                  height="16"
                  rx="2"
                  width="16"
                  x="4"
                  y="4"
                />
                <rect
                  height="6"
                  width="6"
                  x="9"
                  y="9"
                />
                <path
                  d="M15 2v2"
                />
                <path
                  d="M15 20v2"
                />
                <path
                  d="M2 15h2"
                />
                <path
                  d="M2 9h2"
                />
                <path
                  d="M20 15h2"
                />
                <path
                  d="M20 9h2"
                />
                <path
                  d="M9 2v2"
                />
                <path
                  d="M9 20v2"
                />
              </svg>
            </div>
            <div>
              <h2
                class="text-xl font-semibold text-gray-900"
              >
                Web Worker Manager
              </h2>
              <p
                class="text-sm text-gray-600"
              >
                Gerenciamento avan├ºado de Web Workers
              </p>
            </div>
          </div>
          <div
            class="flex items-center space-x-2"
          >
            <button
              class="px-3 py-1 rounded-md text-sm font-medium bg-green-100 text-green-700 hover:bg-green-200"
            >
              Auto-refresh ON
            </button>
            <button
              class="px-4 py-2 bg-purple-600 text-white rounded-md hover:bg-purple-700 flex items-center space-x-2"
            >
              <svg
                class="lucide lucide-plus h-4 w-4"
                fill="none"
                height="24"
                stroke="currentColor"
                stroke-linecap="round"
                stroke-linejoin="round"
                stroke-width="2"
                viewBox="0 0 24 24"
                width="24"
                xmlns="http://www.w3.org/2000/svg"
              >
                <path
                  d="M5 12h14"
                />
                <path
                  d="M12 5v14"
                />
              </svg>
              <span>
                Novo Worker
              </span>
            </button>
          </div>
        </div>
      </div>
      <div
        class="p-6 grid grid-cols-1 md:grid-cols-2 lg:grid-cols-4 gap-4"
      >
        <div
          class="bg-blue-50 rounded-lg p-4 cursor-pointer transition-all duration-200 hover:shadow-md"
        >
          <div
            class="flex items-center justify-between"
          >
            <div
              class="flex items-center space-x-3"
            >
              <svg
                class="lucide lucide-users h-8 w-8 text-blue-600"
                fill="none"
                height="24"
                stroke="currentColor"
                stroke-linecap="round"
                stroke-linejoin="round"
                stroke-width="2"
                viewBox="0 0 24 24"
                width="24"
                xmlns="http://www.w3.org/2000/svg"
              >
                <path
                  d="M16 21v-2a4 4 0 0 0-4-4H6a4 4 0 0 0-4 4v2"
                />
                <circle
                  cx="9"
                  cy="7"
                  r="4"
                />
                <path
                  d="M22 21v-2a4 4 0 0 0-3-3.87"
                />
                <path
                  d="M16 3.13a4 4 0 0 1 0 7.75"
                />
              </svg>
              <div>
                <p
                  class="text-sm font-medium text-gray-600"
                >
                  Workers Ativos
                </p>
                <p
                  class="text-2xl font...

Ignored nodes: comments, script, style
<html>
  <head />
  <body>
    <div>
      <div
        class="bg-white rounded-lg shadow-lg "
      >
        <div
          class="p-6 border-b border-gray-200"
        >
          <div
            class="flex items-center justify-between"
          >
            <div
              class="flex items-center space-x-3"
            >
              <div
                class="p-2 bg-purple-100 rounded-lg"
              >
                <svg
                  class="lucide lucide-cpu h-6 w-6 text-purple-600"
                  fill="none"
                  height="24"
                  stroke="currentColor"
                  stroke-linecap="round"
                  stroke-linejoin="round"
                  stroke-width="2"
                  viewBox="0 0 24 24"
                  width="24"
                  xmlns="http://www.w3.org/2000/svg"
                >
                  <rect
                    height="16"
                    rx="2"
                    width="16"
                    x="4"
                    y="4"
                  />
                  <rect
                    height="6"
                    width="6"
                    x="9"
                    y="9"
                  />
                  <path
                    d="M15 2v2"
                  />
                  <path
                    d="M15 20v2"
                  />
                  <path
                    d="M2 15h2"
                  />
                  <path
                    d="M2 9h2"
                  />
                  <path
                    d="M20 15h2"
                  />
                  <path
                    d="M20 9h2"
                  />
                  <path
                    d="M9 2v2"
                  />
                  <path
                    d="M9 20v2"
                  />
                </svg>
              </div>
              <div>
                <h2
                  class="text-xl font-semibold text-gray-900"
                >
                  Web Worker Manager
                </h2>
                <p
                  class="text-sm text-gray-600"
                >
                  Gerenciamento avan├ºado de Web Workers
                </p>
              </div>
            </div>
            <div
              class="flex items-center space-x-2"
            >
              <button
                class="px-3 py-1 rounded-md text-sm font-medium bg-green-100 text-green-700 hover:bg-green-200"
              >
                Auto-refresh ON
              </button>
              <button
                class="px-4 py-2 bg-purple-600 text-white rounded-md hover:bg-purple-700 flex items-center space-x-2"
              >
                <svg
                  class="lucide lucide-plus h-4 w-4"
                  fill="none"
                  height="24"
                  stroke="currentColor"
                  stroke-linecap="round"
                  stroke-linejoin="round"
                  stroke-width="2"
                  viewBox="0 0 24 24"
                  width="24"
                  xmlns="http://www.w3.org/2000/svg"
                >
                  <path
                    d="M5 12h14"
                  />
                  <path
                    d="M12 5v14"
                  />
                </svg>
                <span>
                  Novo Worker
                </span>
              </button>
            </div>
          </div>
        </div>
        <div
          class="p-6 grid grid-cols-1 md:grid-cols-2 lg:grid-cols-4 gap-4"
        >
          <div
            class="bg-blue-50 rounded-lg p-4 cursor-pointer transition-all duration-200 hover:shadow-md"
          >
            <div
              class="flex items-center justify-between"
            >
              <div
                class="flex items-center space-x-3"
              >
                <svg
                  class="lucide lucide-users h-8 w-8 text-blue-600"
                  fill="none"
                  height="24"
                  stroke="currentColor"
                  stroke-linecap="round"
                  stroke-linejoin="round"
                  stroke-width="2"
                  viewBox="0 0 24 24"
                  width="24"
                  xmlns="http://www.w3.org/2000/svg"
                >
                  <path
                    d="M16 21v-2a4 4 0 0 0-4-4H6a4 4 0 0 0-4 4v2"
                  />
                  <circle
                    cx="9"
                    cy="7"
                    r="4"
                  />
                  <path
                    d="M22 21v-2a4 4 0 0 0-3-3.87"
                  />
                  <path
                    d="M16 3.13a4 4 0 0 1 0 7.75"
                  />
  ...
 ÔØ» Proxy.waitForWrapper node_modules/@testing-library/dom/dist/wait-for.js:166:27
 ÔØ» src/__tests__/components/WebWorkerManager.test.tsx:628:13
    626|       fireEvent.click(screen.getByText('Workers'));
    627|       
    628|       await waitFor(() => {
       |             ^
    629|         const terminateButton = screen.getByText('Terminar');
    630|         fireEvent.click(terminateButton);

ÔÄ»ÔÄ»ÔÄ»ÔÄ»ÔÄ»ÔÄ»ÔÄ»ÔÄ»ÔÄ»ÔÄ»ÔÄ»ÔÄ»ÔÄ»ÔÄ»ÔÄ»ÔÄ»ÔÄ»ÔÄ»ÔÄ»ÔÄ»[231/449]ÔÄ»

 FAIL  src/__tests__/components/WebWorkerManager.test.tsx > WebWorkerManager Component > Responsividade > deve adaptar layout para mobile
TestingLibraryElementError: Unable to find an element by: [data-testid="web-worker-manager"]

Ignored nodes: comments, script, style
<body>
  <div>
    <div
      class="bg-white rounded-lg shadow-lg "
    >
      <div
        class="p-6 border-b border-gray-200"
      >
        <div
          class="flex items-center justify-between"
        >
          <div
            class="flex items-center space-x-3"
          >
            <div
              class="p-2 bg-purple-100 rounded-lg"
            >
              <svg
                class="lucide lucide-cpu h-6 w-6 text-purple-600"
                fill="none"
                height="24"
                stroke="currentColor"
                stroke-linecap="round"
                stroke-linejoin="round"
                stroke-width="2"
                viewBox="0 0 24 24"
                width="24"
                xmlns="http://www.w3.org/2000/svg"
              >
                <rect
                  height="16"
                  rx="2"
                  width="16"
                  x="4"
                  y="4"
                />
                <rect
                  height="6"
                  width="6"
                  x="9"
                  y="9"
                />
                <path
                  d="M15 2v2"
                />
                <path
                  d="M15 20v2"
                />
                <path
                  d="M2 15h2"
                />
                <path
                  d="M2 9h2"
                />
                <path
                  d="M20 15h2"
                />
                <path
                  d="M20 9h2"
                />
                <path
                  d="M9 2v2"
                />
                <path
                  d="M9 20v2"
                />
              </svg>
            </div>
            <div>
              <h2
                class="text-xl font-semibold text-gray-900"
              >
                Web Worker Manager
              </h2>
              <p
                class="text-sm text-gray-600"
              >
                Gerenciamento avan├ºado de Web Workers
              </p>
            </div>
          </div>
          <div
            class="flex items-center space-x-2"
          >
            <button
              class="px-3 py-1 rounded-md text-sm font-medium bg-green-100 text-green-700 hover:bg-green-200"
            >
              Auto-refresh ON
            </button>
            <button
              class="px-4 py-2 bg-purple-600 text-white rounded-md hover:bg-purple-700 flex items-center space-x-2"
            >
              <svg
                class="lucide lucide-plus h-4 w-4"
                fill="none"
                height="24"
                stroke="currentColor"
                stroke-linecap="round"
                stroke-linejoin="round"
                stroke-width="2"
                viewBox="0 0 24 24"
                width="24"
                xmlns="http://www.w3.org/2000/svg"
              >
                <path
                  d="M5 12h14"
                />
                <path
                  d="M12 5v14"
                />
              </svg>
              <span>
                Novo Worker
              </span>
            </button>
          </div>
        </div>
      </div>
      <div
        class="p-6 grid grid-cols-1 md:grid-cols-2 lg:grid-cols-4 gap-4"
      >
        <div
          class="bg-blue-50 rounded-lg p-4 cursor-pointer transition-all duration-200 hover:shadow-md"
        >
          <div
            class="flex items-center justify-between"
          >
            <div
              class="flex items-center space-x-3"
            >
              <svg
                class="lucide lucide-users h-8 w-8 text-blue-600"
                fill="none"
                height="24"
                stroke="currentColor"
                stroke-linecap="round"
                stroke-linejoin="round"
                stroke-width="2"
                viewBox="0 0 24 24"
                width="24"
                xmlns="http://www.w3.org/2000/svg"
              >
                <path
                  d="M16 21v-2a4 4 0 0 0-4-4H6a4 4 0 0 0-4 4v2"
                />
                <circle
                  cx="9"
                  cy="7"
                  r="4"
                />
                <path
                  d="M22 21v-2a4 4 0 0 0-3-3.87"
                />
                <path
                  d="M16 3.13a4 4 0 0 1 0 7.75"
                />
              </svg>
              <div>
                <p
                  class="text-sm font-medium text-gray-600"
                >
                  Workers Ativos
                </p>
                <p
                  class="text-2xl font...
 ÔØ» Object.getElementError node_modules/@testing-library/dom/dist/config.js:37:19
 ÔØ» node_modules/@testing-library/dom/dist/query-helpers.js:76:38
 ÔØ» node_modules/@testing-library/dom/dist/query-helpers.js:52:17
 ÔØ» node_modules/@testing-library/dom/dist/query-helpers.js:95:19
 ÔØ» src/__tests__/components/WebWorkerManager.test.tsx:649:32
    647|       
    648|       // Verificar se o layout mobile est├í sendo aplicado
    649|       const container = screen.getByTestId('web-worker-manager');
       |                                ^
    650|       expect(container).toHaveClass('flex-col');
    651|     });

ÔÄ»ÔÄ»ÔÄ»ÔÄ»ÔÄ»ÔÄ»ÔÄ»ÔÄ»ÔÄ»ÔÄ»ÔÄ»ÔÄ»ÔÄ»ÔÄ»ÔÄ»ÔÄ»ÔÄ»ÔÄ»ÔÄ»ÔÄ»[232/449]ÔÄ»

 FAIL  src/__tests__/components/WebWorkerManager.test.tsx > WebWorkerManager Component > Acessibilidade > deve ter navega├º├úo por teclado
Error: expect(element).toHaveFocus()

Expected element with focus:
  <span>
  Workers
</span>
Received element with focus:
  <body>
  <div>
    <div
      class="bg-white rounded-lg shadow-lg "
    >
      <div
        class="p-6 border-b border-gray-200"
      >
        <div
          class="flex items-center justify-between"
        >
          <div ÔÇª />
          <div ÔÇª />
        </div>
      </div>
      <div
        class="p-6 grid grid-cols-1 md:grid-cols-2 lg:grid-cols-4 gap-4"
      >
        <div
          class="bg-blue-50 rounded-lg p-4 cursor-pointer transition-all duration-200 hover:shadow-md"
        >
          <div ÔÇª />
        </div>
        <div
          class="bg-green-50 rounded-lg p-4 cursor-pointer transition-all duration-200 hover:shadow-md"
        >
          <div ÔÇª />
        </div>
        <div
          class="bg-green-50 rounded-lg p-4 cursor-pointer transition-all duration-200 hover:shadow-md"
        >
          <div ÔÇª />
        </div>
        <div
          class="bg-green-50 rounded-lg p-4 cursor-pointer transition-all duration-200 hover:shadow-md"
        >
          <div ÔÇª />
        </div>
      </div>
      <div
        class="px-6 pb-4"
      >
        <div
          class="flex flex-col sm:flex-row gap-4"
        >
          <div ÔÇª />
          <div ÔÇª />
        </div>
      </div>
      <div
        class="border-b border-gray-200"
      >
        <nav
          class="flex space-x-8 px-6"
        >
          <button ÔÇª />
          <button ÔÇª />
          <button ÔÇª />
          <button ÔÇª />
          <button ÔÇª />
          <button ÔÇª />
        </nav>
      </div>
      <div
        class="p-6"
      >
        <div
          class="space-y-6"
        >
          <div ÔÇª />
          <div ÔÇª />
          <div ÔÇª />
        </div>
      </div>
    </div>
  </div>
</body>
 ÔØ» src/__tests__/components/WebWorkerManager.test.tsx:665:25
    663|       
    664|       const secondTab = screen.getByText('Workers');
    665|       expect(secondTab).toHaveFocus();
       |                         ^
    666|     });
    667| 

ÔÄ»ÔÄ»ÔÄ»ÔÄ»ÔÄ»ÔÄ»ÔÄ»ÔÄ»ÔÄ»ÔÄ»ÔÄ»ÔÄ»ÔÄ»ÔÄ»ÔÄ»ÔÄ»ÔÄ»ÔÄ»ÔÄ»ÔÄ»[233/449]ÔÄ»

 FAIL  src/__tests__/components/WebWorkerManager.test.tsx > WebWorkerManager Component > Acessibilidade > deve ter labels apropriados
TestingLibraryElementError: Unable to find an element with the placeholder text of: Buscar...

Ignored nodes: comments, script, style
<body>
  <div>
    <div
      class="bg-white rounded-lg shadow-lg "
    >
      <div
        class="p-6 border-b border-gray-200"
      >
        <div
          class="flex items-center justify-between"
        >
          <div
            class="flex items-center space-x-3"
          >
            <div
              class="p-2 bg-purple-100 rounded-lg"
            >
              <svg
                class="lucide lucide-cpu h-6 w-6 text-purple-600"
                fill="none"
                height="24"
                stroke="currentColor"
                stroke-linecap="round"
                stroke-linejoin="round"
                stroke-width="2"
                viewBox="0 0 24 24"
                width="24"
                xmlns="http://www.w3.org/2000/svg"
              >
                <rect
                  height="16"
                  rx="2"
                  width="16"
                  x="4"
                  y="4"
                />
                <rect
                  height="6"
                  width="6"
                  x="9"
                  y="9"
                />
                <path
                  d="M15 2v2"
                />
                <path
                  d="M15 20v2"
                />
                <path
                  d="M2 15h2"
                />
                <path
                  d="M2 9h2"
                />
                <path
                  d="M20 15h2"
                />
                <path
                  d="M20 9h2"
                />
                <path
                  d="M9 2v2"
                />
                <path
                  d="M9 20v2"
                />
              </svg>
            </div>
            <div>
              <h2
                class="text-xl font-semibold text-gray-900"
              >
                Web Worker Manager
              </h2>
              <p
                class="text-sm text-gray-600"
              >
                Gerenciamento avan├ºado de Web Workers
              </p>
            </div>
          </div>
          <div
            class="flex items-center space-x-2"
          >
            <button
              class="px-3 py-1 rounded-md text-sm font-medium bg-green-100 text-green-700 hover:bg-green-200"
            >
              Auto-refresh ON
            </button>
            <button
              class="px-4 py-2 bg-purple-600 text-white rounded-md hover:bg-purple-700 flex items-center space-x-2"
            >
              <svg
                class="lucide lucide-plus h-4 w-4"
                fill="none"
                height="24"
                stroke="currentColor"
                stroke-linecap="round"
                stroke-linejoin="round"
                stroke-width="2"
                viewBox="0 0 24 24"
                width="24"
                xmlns="http://www.w3.org/2000/svg"
              >
                <path
                  d="M5 12h14"
                />
                <path
                  d="M12 5v14"
                />
              </svg>
              <span>
                Novo Worker
              </span>
            </button>
          </div>
        </div>
      </div>
      <div
        class="p-6 grid grid-cols-1 md:grid-cols-2 lg:grid-cols-4 gap-4"
      >
        <div
          class="bg-blue-50 rounded-lg p-4 cursor-pointer transition-all duration-200 hover:shadow-md"
        >
          <div
            class="flex items-center justify-between"
          >
            <div
              class="flex items-center space-x-3"
            >
              <svg
                class="lucide lucide-users h-8 w-8 text-blue-600"
                fill="none"
                height="24"
                stroke="currentColor"
                stroke-linecap="round"
                stroke-linejoin="round"
                stroke-width="2"
                viewBox="0 0 24 24"
                width="24"
                xmlns="http://www.w3.org/2000/svg"
              >
                <path
                  d="M16 21v-2a4 4 0 0 0-4-4H6a4 4 0 0 0-4 4v2"
                />
                <circle
                  cx="9"
                  cy="7"
                  r="4"
                />
                <path
                  d="M22 21v-2a4 4 0 0 0-3-3.87"
                />
                <path
                  d="M16 3.13a4 4 0 0 1 0 7.75"
                />
              </svg>
              <div>
                <p
                  class="text-sm font-medium text-gray-600"
                >
                  Workers Ativos
                </p>
                <p
                  class="text-2xl font...
 ÔØ» Object.getElementError node_modules/@testing-library/dom/dist/config.js:37:19
 ÔØ» node_modules/@testing-library/dom/dist/query-helpers.js:76:38
 ÔØ» node_modules/@testing-library/dom/dist/query-helpers.js:52:17
 ÔØ» node_modules/@testing-library/dom/dist/query-helpers.js:95:19
 ÔØ» src/__tests__/components/WebWorkerManager.test.tsx:671:34
    669|       render(<WebWorkerManager />);
    670|       
    671|       const searchInput = screen.getByPlaceholderText('Buscar...');
       |                                  ^
    672|       expect(searchInput).toHaveAttribute('aria-label', 'Buscar workerÔÇª
    673|     });

ÔÄ»ÔÄ»ÔÄ»ÔÄ»ÔÄ»ÔÄ»ÔÄ»ÔÄ»ÔÄ»ÔÄ»ÔÄ»ÔÄ»ÔÄ»ÔÄ»ÔÄ»ÔÄ»ÔÄ»ÔÄ»ÔÄ»ÔÄ»[234/449]ÔÄ»

 FAIL  src/__tests__/components/WebWorkerManager.test.tsx > WebWorkerManager Component > Acessibilidade > deve ter roles ARIA corretos
TestingLibraryElementError: Unable to find an accessible element with the role "tablist"

Here are the accessible roles:

  heading:

  Name "Web Worker Manager":
  <h2
    class="text-xl font-semibold text-gray-900"
  />

  Name "A├º├Áes R├ípidas":
  <h3
    class="text-lg font-medium text-gray-900 mb-4"
  />

  Name "Sa├║de do Sistema":
  <h3
    class="text-lg font-medium text-gray-900 mb-4"
  />

  Name "Atividade Recente":
  <h3
    class="text-lg font-medium text-gray-900 mb-4"
  />

  --------------------------------------------------
  button:

  Name "Auto-refresh ON":
  <button
    class="px-3 py-1 rounded-md text-sm font-medium bg-green-100 text-green-700 hover:bg-green-200"
  />

  Name "Novo Worker":
  <button
    class="px-4 py-2 bg-purple-600 text-white rounded-md hover:bg-purple-700 flex items-center space-x-2"
  />

  Name "Vis├úo Geral":
  <button
    class="flex items-center space-x-2 py-4 px-1 border-b-2 font-medium text-sm border-purple-500 text-purple-600"
  />

  Name "Workers":
  <button
    class="flex items-center space-x-2 py-4 px-1 border-b-2 font-medium text-sm border-transparent text-gray-500 hover:text-gray-700 hover:border-gray-300"
  />

  Name "Tarefas":
  <button
    class="flex items-center space-x-2 py-4 px-1 border-b-2 font-medium text-sm border-transparent text-gray-500 hover:text-gray-700 hover:border-gray-300"
  />

  Name "Pools":
  <button
    class="flex items-center space-x-2 py-4 px-1 border-b-2 font-medium text-sm border-transparent text-gray-500 hover:text-gray-700 hover:border-gray-300"
  />

  Name "Analytics":
  <button
    class="flex items-center space-x-2 py-4 px-1 border-b-2 font-medium text-sm border-transparent text-gray-500 hover:text-gray-700 hover:border-gray-300"
  />

  Name "Configura├º├Áes":
  <button
    class="flex items-center space-x-2 py-4 px-1 border-b-2 font-medium text-sm border-transparent text-gray-500 hover:text-gray-700 hover:border-gray-300"
  />

  Name "Processar V├¡deo":
  <button
    class="flex items-center justify-center space-x-2 p-3 bg-blue-100 text-blue-700 rounded-md hover:bg-blue-200"
  />

  Name "Processar Imagem":
  <button
    class="flex items-center justify-center space-x-2 p-3 bg-green-100 text-green-700 rounded-md hover:bg-green-200"
  />

  Name "Analisar Dados":
  <button
    class="flex items-center justify-center space-x-2 p-3 bg-purple-100 text-purple-700 rounded-md hover:bg-purple-200"
  />

  Name "Escalar Workers":
  <button
    class="flex items-center justify-center space-x-2 p-3 bg-orange-100 text-orange-700 rounded-md hover:bg-orange-200"
  />

  --------------------------------------------------
  textbox:

  Name "":
  <input
    class="w-full pl-10 pr-4 py-2 border border-gray-300 rounded-md focus:ring-2 focus:ring-purple-500 focus:border-transparent"
    placeholder="Buscar workers, tarefas..."
    type="text"
    value=""
  />

  --------------------------------------------------
  combobox:

  Name "":
  <select
    class="px-3 py-2 border border-gray-300 rounded-md focus:ring-2 focus:ring-purple-500 focus:border-transparent"
  />

  Name "":
  <select
    class="px-3 py-2 border border-gray-300 rounded-md focus:ring-2 focus:ring-purple-500 focus:border-transparent"
  />

  --------------------------------------------------
  option:

  Name "Todos os Status":
  <option
    value="all"
  />

  Name "Inativo":
  <option
    value="idle"
  />

  Name "Ocupado":
  <option
    value="busy"
  />

  Name "Erro":
  <option
    value="error"
  />

  Name "Pendente":
  <option
    value="pending"
  />

  Name "Executando":
  <option
    value="running"
  />

  Name "Conclu├¡do":
  <option
    value="completed"
  />

  Name "Falhou":
  <option
    value="failed"
  />

  Name "Todos os Tipos":
  <option
    value="all"
  />

  Name "V├¡deo":
  <option
    value="video"
  />

  Name "Imagem":
  <option
    value="image"
  />

  Name "Dados":
  <option
    value="data"
  />

  Name "Geral":
  <option
    value="general"
  />

  --------------------------------------------------
  navigation:

  Name "":
  <nav
    class="flex space-x-8 px-6"
  />

  --------------------------------------------------

Ignored nodes: comments, script, style
<body>
  <div>
    <div
      class="bg-white rounded-lg shadow-lg "
    >
      <div
        class="p-6 border-b border-gray-200"
      >
        <div
          class="flex items-center justify-between"
        >
          <div
            class="flex items-center space-x-3"
          >
            <div
              class="p-2 bg-purple-100 rounded-lg"
            >
              <svg
                class="lucide lucide-cpu h-6 w-6 text-purple-600"
                fill="none"
                height="24"
                stroke="currentColor"
                stroke-linecap="round"
                stroke-linejoin="round"
                stroke-width="2"
                viewBox="0 0 24 24"
                width="24"
                xmlns="http://www.w3.org/2000/svg"
              >
                <rect
                  height="16"
                  rx="2"
                  width="16"
                  x="4"
                  y="4"
                />
                <rect
                  height="6"
                  width="6"
                  x="9"
                  y="9"
                />
                <path
                  d="M15 2v2"
                />
                <path
                  d="M15 20v2"
                />
                <path
                  d="M2 15h2"
                />
                <path
                  d="M2 9h2"
                />
                <path
                  d="M20 15h2"
                />
                <path
                  d="M20 9h2"
                />
                <path
                  d="M9 2v2"
                />
                <path
                  d="M9 20v2"
                />
              </svg>
            </div>
            <div>
              <h2
                class="text-xl font-semibold text-gray-900"
              >
                Web Worker Manager
              </h2>
              <p
                class="text-sm text-gray-600"
              >
                Gerenciamento avan├ºado de Web Workers
              </p>
            </div>
          </div>
          <div
            class="flex items-center space-x-2"
          >
            <button
              class="px-3 py-1 rounded-md text-sm font-medium bg-green-100 text-green-700 hover:bg-green-200"
            >
              Auto-refresh ON
            </button>
            <button
              class="px-4 py-2 bg-purple-600 text-white rounded-md hover:bg-purple-700 flex items-center space-x-2"
            >
              <svg
                class="lucide lucide-plus h-4 w-4"
                fill="none"
                height="24"
                stroke="currentColor"
                stroke-linecap="round"
                stroke-linejoin="round"
                stroke-width="2"
                viewBox="0 0 24 24"
                width="24"
                xmlns="http://www.w3.org/2000/svg"
              >
                <path
                  d="M5 12h14"
                />
                <path
                  d="M12 5v14"
                />
              </svg>
              <span>
                Novo Worker
              </span>
            </button>
          </div>
        </div>
      </div>
      <div
        class="p-6 grid grid-cols-1 md:grid-cols-2 lg:grid-cols-4 gap-4"
      >
        <div
          class="bg-blue-50 rounded-lg p-4 cursor-pointer transition-all duration-200 hover:shadow-md"
        >
          <div
            class="flex items-center justify-between"
          >
            <div
              class="flex items-center space-x-3"
            >
              <svg
                class="lucide lucide-users h-8 w-8 text-blue-600"
                fill="none"
                height="24"
                stroke="currentColor"
                stroke-linecap="round"
                stroke-linejoin="round"
                stroke-width="2"
                viewBox="0 0 24 24"
                width="24"
                xmlns="http://www.w3.org/2000/svg"
              >
                <path
                  d="M16 21v-2a4 4 0 0 0-4-4H6a4 4 0 0 0-4 4v2"
                />
                <circle
                  cx="9"
                  cy="7"
                  r="4"
                />
                <path
                  d="M22 21v-2a4 4 0 0 0-3-3.87"
                />
                <path
                  d="M16 3.13a4 4 0 0 1 0 7.75"
                />
              </svg>
              <div>
                <p
                  class="text-sm font-medium text-gray-600"
                >
                  Workers Ativos
                </p>
                <p
                  class="text-2xl font...
 ÔØ» Object.getElementError node_modules/@testing-library/dom/dist/config.js:37:19
 ÔØ» node_modules/@testing-library/dom/dist/query-helpers.js:76:38
 ÔØ» node_modules/@testing-library/dom/dist/query-helpers.js:52:17
 ÔØ» node_modules/@testing-library/dom/dist/query-helpers.js:95:19
 ÔØ» src/__tests__/components/WebWorkerManager.test.tsx:678:30
    676|       render(<WebWorkerManager />);
    677|       
    678|       const tabList = screen.getByRole('tablist');
       |                              ^
    679|       expect(tabList).toBeInTheDocument();
    680|       

ÔÄ»ÔÄ»ÔÄ»ÔÄ»ÔÄ»ÔÄ»ÔÄ»ÔÄ»ÔÄ»ÔÄ»ÔÄ»ÔÄ»ÔÄ»ÔÄ»ÔÄ»ÔÄ»ÔÄ»ÔÄ»ÔÄ»ÔÄ»[235/449]ÔÄ»

 FAIL  src/__tests__/integration/pptx-system.integration.test.ts > PPTX System Integration Tests > Complete PPTX Processing Pipeline > should process a complete slide with validation, correction, and caching
TypeError: progressService.startProgress is not a function
 ÔØ» src/__tests__/integration/pptx-system.integration.test.ts:70:42
     68| 
     69|       // Step 1: Start progress tracking
     70|       const progressId = progressService.startProgress([
       |                                          ^
     71|         { id: 'validation', name: 'Validating slide data', estimatedDuÔÇª
     72|         { id: 'correction', name: 'Applying corrections', estimatedDurÔÇª

ÔÄ»ÔÄ»ÔÄ»ÔÄ»ÔÄ»ÔÄ»ÔÄ»ÔÄ»ÔÄ»ÔÄ»ÔÄ»ÔÄ»ÔÄ»ÔÄ»ÔÄ»ÔÄ»ÔÄ»ÔÄ»ÔÄ»ÔÄ»[236/449]ÔÄ»

 FAIL  src/__tests__/integration/pptx-system.integration.test.ts > PPTX System Integration Tests > Complete PPTX Processing Pipeline > should process a complete slide with validation, correction, and caching
 FAIL  src/__tests__/integration/pptx-system.integration.test.ts > PPTX System Integration Tests > Complete PPTX Processing Pipeline > should process multiple slides in parallel with progress tracking
 FAIL  src/__tests__/integration/pptx-system.integration.test.ts > PPTX System Integration Tests > Complete PPTX Processing Pipeline > should extract and preserve complex elements formatting
 FAIL  src/__tests__/integration/pptx-system.integration.test.ts > PPTX System Integration Tests > Complete PPTX Processing Pipeline > should handle errors gracefully throughout the pipeline
 FAIL  src/__tests__/integration/pptx-system.integration.test.ts > PPTX System Integration Tests > Complete PPTX Processing Pipeline > should maintain performance under load
 FAIL  src/__tests__/integration/pptx-system.integration.test.ts > PPTX System Integration Tests > System Recovery and Resilience > should recover from worker failures
 FAIL  src/__tests__/integration/pptx-system.integration.test.ts > PPTX System Integration Tests > System Recovery and Resilience > should handle cache failures gracefully
TypeError: parallelProcessor.shutdown is not a function
 ÔØ» src/__tests__/integration/pptx-system.integration.test.ts:29:29
     27| 
     28|   afterEach(async () => {
     29|     await parallelProcessor.shutdown();
       |                             ^
     30|     await cache.clear();
     31|   });

ÔÄ»ÔÄ»ÔÄ»ÔÄ»ÔÄ»ÔÄ»ÔÄ»ÔÄ»ÔÄ»ÔÄ»ÔÄ»ÔÄ»ÔÄ»ÔÄ»ÔÄ»ÔÄ»ÔÄ»ÔÄ»ÔÄ»ÔÄ»[237/449]ÔÄ»

 FAIL  src/__tests__/integration/pptx-system.integration.test.ts > PPTX System Integration Tests > Complete PPTX Processing Pipeline > should process multiple slides in parallel with progress tracking
TypeError: parallelProcessor.processBatch is not a function
 ÔØ» src/__tests__/integration/pptx-system.integration.test.ts:147:47
    145|       // Process slides in parallel
    146|       const startTime = Date.now();
    147|       const results = await parallelProcessor.processBatch(tasks);
       |                                               ^
    148|       const endTime = Date.now();
    149| 

ÔÄ»ÔÄ»ÔÄ»ÔÄ»ÔÄ»ÔÄ»ÔÄ»ÔÄ»ÔÄ»ÔÄ»ÔÄ»ÔÄ»ÔÄ»ÔÄ»ÔÄ»ÔÄ»ÔÄ»ÔÄ»ÔÄ»ÔÄ»[238/449]ÔÄ»

 FAIL  src/__tests__/integration/pptx-system.integration.test.ts > PPTX System Integration Tests > Complete PPTX Processing Pipeline > should extract and preserve complex elements formatting
TypeError: elementsExtractor.extractAll is not a function
 ÔØ» src/__tests__/integration/pptx-system.integration.test.ts:234:49
    232| 
    233|       // Extract complex elements
    234|       const complexElements = elementsExtractor.extractAll(mockSlideElÔÇª
       |                                                 ^
    235|       
    236|       expect(complexElements.tables).toHaveLength(1);

ÔÄ»ÔÄ»ÔÄ»ÔÄ»ÔÄ»ÔÄ»ÔÄ»ÔÄ»ÔÄ»ÔÄ»ÔÄ»ÔÄ»ÔÄ»ÔÄ»ÔÄ»ÔÄ»ÔÄ»ÔÄ»ÔÄ»ÔÄ»[239/449]ÔÄ»

 FAIL  src/__tests__/integration/pptx-system.integration.test.ts > PPTX System Integration Tests > Complete PPTX Processing Pipeline > should handle errors gracefully throughout the pipeline
TypeError: progressService.startProgress is not a function
 ÔØ» src/__tests__/integration/pptx-system.integration.test.ts:284:42
    282| 
    283|       // Start progress tracking
    284|       const progressId = progressService.startProgress([
       |                                          ^
    285|         { id: 'validation', name: 'Validating problematic slide', estiÔÇª
    286|         { id: 'error-handling', name: 'Handling errors', estimatedDuraÔÇª

ÔÄ»ÔÄ»ÔÄ»ÔÄ»ÔÄ»ÔÄ»ÔÄ»ÔÄ»ÔÄ»ÔÄ»ÔÄ»ÔÄ»ÔÄ»ÔÄ»ÔÄ»ÔÄ»ÔÄ»ÔÄ»ÔÄ»ÔÄ»[240/449]ÔÄ»

 FAIL  src/__tests__/integration/pptx-system.integration.test.ts > PPTX System Integration Tests > Complete PPTX Processing Pipeline > should maintain performance under load
TypeError: parallelProcessor.processBatch is not a function
 ÔØ» src/__tests__/integration/pptx-system.integration.test.ts:373:40
    371|         }));
    372|         
    373|         batches.push(parallelProcessor.processBatch(tasks));
       |                                        ^
    374|       }
    375|       

ÔÄ»ÔÄ»ÔÄ»ÔÄ»ÔÄ»ÔÄ»ÔÄ»ÔÄ»ÔÄ»ÔÄ»ÔÄ»ÔÄ»ÔÄ»ÔÄ»ÔÄ»ÔÄ»ÔÄ»ÔÄ»ÔÄ»ÔÄ»[241/449]ÔÄ»

 FAIL  src/__tests__/integration/pptx-system.integration.test.ts > PPTX System Integration Tests > System Recovery and Resilience > should recover from worker failures
TypeError: parallelProcessor.processBatch is not a function
 ÔØ» src/__tests__/integration/pptx-system.integration.test.ts:419:47
    417|       }));
    418| 
    419|       const results = await parallelProcessor.processBatch(tasks);
       |                                               ^
    420|       
    421|       expect(results).toHaveLength(10);

ÔÄ»ÔÄ»ÔÄ»ÔÄ»ÔÄ»ÔÄ»ÔÄ»ÔÄ»ÔÄ»ÔÄ»ÔÄ»ÔÄ»ÔÄ»ÔÄ»ÔÄ»ÔÄ»ÔÄ»ÔÄ»ÔÄ»ÔÄ»[242/449]ÔÄ»

 FAIL  src/lib/pptx/__tests__/auto-correction.test.ts > AutoCorrectionService > Corre├º├úo de T├¡tulos > deve corrigir t├¡tulo vazio
AssertionError: expected 'Este  o contedo principal do slide soÔÇª' to contain 'Slide'

Expected: "Slide"
Received: "Este  o contedo principal do slide sobre"

 ÔØ» src/lib/pptx/__tests__/auto-correction.test.ts:27:43
     25| 
     26|       expect(result.correctedSlide.title).toBeTruthy();
     27|       expect(result.correctedSlide.title).toContain('Slide');
       |                                           ^
     28|       expect(result.corrections.some(c => c.type === 'title_generated'ÔÇª
     29|     });

ÔÄ»ÔÄ»ÔÄ»ÔÄ»ÔÄ»ÔÄ»ÔÄ»ÔÄ»ÔÄ»ÔÄ»ÔÄ»ÔÄ»ÔÄ»ÔÄ»ÔÄ»ÔÄ»ÔÄ»ÔÄ»ÔÄ»ÔÄ»[243/449]ÔÄ»

 FAIL  src/lib/pptx/__tests__/auto-correction.test.ts > AutoCorrectionService > Corre├º├úo de T├¡tulos > deve gerar t├¡tulo baseado no conte├║do
AssertionError: expected false to be true // Object.is equality

- Expected
+ Received

- true
+ false

 ÔØ» src/lib/pptx/__tests__/auto-correction.test.ts:41:74
     39| 
     40|       expect(result.correctedSlide.title.toLowerCase()).toMatch(/vendaÔÇª
     41|       expect(result.corrections.some(c => c.type === 'title_generated'ÔÇª
       |                                                                          ^
     42|     });
     43| 

ÔÄ»ÔÄ»ÔÄ»ÔÄ»ÔÄ»ÔÄ»ÔÄ»ÔÄ»ÔÄ»ÔÄ»ÔÄ»ÔÄ»ÔÄ»ÔÄ»ÔÄ»ÔÄ»ÔÄ»ÔÄ»ÔÄ»ÔÄ»[244/449]ÔÄ»

 FAIL  src/lib/pptx/__tests__/auto-correction.test.ts > AutoCorrectionService > Corre├º├úo de T├¡tulos > deve limpar e formatar t├¡tulo existente
AssertionError: expected 'ttulo com espaos extras e formatao ruÔÇª' to be 'T├¡tulo com espa├ºos extras e formata├º├úÔÇª' // Object.is equality

Expected: "T├¡tulo com espa├ºos extras e formata├º├úo ruim"
Received: "ttulo com espaos extras e formatao ruim"

 ÔØ» src/lib/pptx/__tests__/auto-correction.test.ts:53:43
     51|       const result = await correctionService.correctSlide(slide, 0);
     52| 
     53|       expect(result.correctedSlide.title).toBe('T├¡tulo com espa├ºos extÔÇª
       |                                           ^
     54|       expect(result.corrections.some(c => c.type === 'title_cleaned'))ÔÇª
     55|     });

ÔÄ»ÔÄ»ÔÄ»ÔÄ»ÔÄ»ÔÄ»ÔÄ»ÔÄ»ÔÄ»ÔÄ»ÔÄ»ÔÄ»ÔÄ»ÔÄ»ÔÄ»ÔÄ»ÔÄ»ÔÄ»ÔÄ»ÔÄ»[245/449]ÔÄ»

 FAIL  src/lib/pptx/__tests__/auto-correction.test.ts > AutoCorrectionService > Corre├º├úo de T├¡tulos > deve capitalizar primeira letra do t├¡tulo
AssertionError: expected 'ttulo sem capitalizao' to be 'T├¡tulo sem capitaliza├º├úo' // Object.is equality

Expected: "T├¡tulo sem capitaliza├º├úo"
Received: "ttulo sem capitalizao"

 ÔØ» src/lib/pptx/__tests__/auto-correction.test.ts:66:43
     64|       const result = await correctionService.correctSlide(slide, 0);
     65| 
     66|       expect(result.correctedSlide.title).toBe('T├¡tulo sem capitaliza├ºÔÇª
       |                                           ^
     67|       expect(result.corrections.some(c => c.type === 'title_capitalizeÔÇª
     68|     });

ÔÄ»ÔÄ»ÔÄ»ÔÄ»ÔÄ»ÔÄ»ÔÄ»ÔÄ»ÔÄ»ÔÄ»ÔÄ»ÔÄ»ÔÄ»ÔÄ»ÔÄ»ÔÄ»ÔÄ»ÔÄ»ÔÄ»ÔÄ»[246/449]ÔÄ»

 FAIL  src/lib/pptx/__tests__/auto-correction.test.ts > AutoCorrectionService > Corre├º├úo de T├¡tulos > deve truncar t├¡tulo muito longo
AssertionError: expected 150 to be less than or equal to 100
 ÔØ» src/lib/pptx/__tests__/auto-correction.test.ts:80:50
     78|       const result = await correctionService.correctSlide(slide, 0);
     79| 
     80|       expect(result.correctedSlide.title.length).toBeLessThanOrEqual(1ÔÇª
       |                                                  ^
     81|       expect(result.correctedSlide.title).toContain('...');
     82|       expect(result.corrections.some(c => c.type === 'title_truncated'ÔÇª

ÔÄ»ÔÄ»ÔÄ»ÔÄ»ÔÄ»ÔÄ»ÔÄ»ÔÄ»ÔÄ»ÔÄ»ÔÄ»ÔÄ»ÔÄ»ÔÄ»ÔÄ»ÔÄ»ÔÄ»ÔÄ»ÔÄ»ÔÄ»[247/449]ÔÄ»

 FAIL  src/lib/pptx/__tests__/auto-correction.test.ts > AutoCorrectionService > Corre├º├úo de Conte├║do > deve expandir conte├║do muito curto
AssertionError: expected false to be true // Object.is equality

- Expected
+ Received

- true
+ false

 ÔØ» src/lib/pptx/__tests__/auto-correction.test.ts:97:75
     95| 
     96|       expect(result.correctedSlide.content.length).toBeGreaterThan(sliÔÇª
     97|       expect(result.corrections.some(c => c.type === 'content_expandedÔÇª
       |                                                                           ^
     98|     });
     99| 

ÔÄ»ÔÄ»ÔÄ»ÔÄ»ÔÄ»ÔÄ»ÔÄ»ÔÄ»ÔÄ»ÔÄ»ÔÄ»ÔÄ»ÔÄ»ÔÄ»ÔÄ»ÔÄ»ÔÄ»ÔÄ»ÔÄ»ÔÄ»[248/449]ÔÄ»

 FAIL  src/lib/pptx/__tests__/auto-correction.test.ts > AutoCorrectionService > Corre├º├úo de Conte├║do > deve limpar formata├º├úo desnecess├íria do conte├║do
AssertionError: expected 'Contedo com espaos extras e muitas quÔÇª' to be 'Conte├║do com espa├ºos extras e\n\nmuitÔÇª' // Object.is equality

- Expected
+ Received

- Conte├║do com espa├ºos extras e
-
- muitas
-
- quebras
+ Contedo com espaos extras e muitas quebras

 ÔØ» src/lib/pptx/__tests__/auto-correction.test.ts:109:45
    107|       const result = await correctionService.correctSlide(slide, 0);
    108| 
    109|       expect(result.correctedSlide.content).toBe('Conte├║do com espa├ºosÔÇª
       |                                             ^
    110|       expect(result.corrections.some(c => c.type === 'content_cleaned'ÔÇª
    111|     });

ÔÄ»ÔÄ»ÔÄ»ÔÄ»ÔÄ»ÔÄ»ÔÄ»ÔÄ»ÔÄ»ÔÄ»ÔÄ»ÔÄ»ÔÄ»ÔÄ»ÔÄ»ÔÄ»ÔÄ»ÔÄ»ÔÄ»ÔÄ»[249/449]ÔÄ»

 FAIL  src/lib/pptx/__tests__/auto-correction.test.ts > AutoCorrectionService > Corre├º├úo de Conte├║do > deve corrigir pontua├º├úo b├ísica
AssertionError: expected 'primeiro ponto segundo ponto terceiroÔÇª' to match /[.!?]/

- Expected: 
/[.!?]/

+ Received: 
"primeiro ponto segundo ponto terceiro ponto sem pontuao adequada"

 ÔØ» src/lib/pptx/__tests__/auto-correction.test.ts:122:45
    120|       const result = await correctionService.correctSlide(slide, 0);
    121| 
    122|       expect(result.correctedSlide.content).toMatch(/[.!?]/);
       |                                             ^
    123|       expect(result.corrections.some(c => c.type === 'punctuation_fixeÔÇª
    124|     });

ÔÄ»ÔÄ»ÔÄ»ÔÄ»ÔÄ»ÔÄ»ÔÄ»ÔÄ»ÔÄ»ÔÄ»ÔÄ»ÔÄ»ÔÄ»ÔÄ»ÔÄ»ÔÄ»ÔÄ»ÔÄ»ÔÄ»ÔÄ»[250/449]ÔÄ»

 FAIL  src/lib/pptx/__tests__/auto-correction.test.ts > AutoCorrectionService > Corre├º├úo de Conte├║do > deve estruturar listas n├úo formatadas
AssertionError: expected 'Item um Item dois Item trs Item quatro' to match /ÔÇó|\*|-|\d\./

- Expected: 
/ÔÇó|\*|-|\d\./

+ Received: 
"Item um Item dois Item trs Item quatro"

 ÔØ» src/lib/pptx/__tests__/auto-correction.test.ts:135:45
    133|       const result = await correctionService.correctSlide(slide, 0);
    134| 
    135|       expect(result.correctedSlide.content).toMatch(/ÔÇó|\*|-|\d\./); //ÔÇª
       |                                             ^
    136|       expect(result.corrections.some(c => c.type === 'content_structurÔÇª
    137|     });

ÔÄ»ÔÄ»ÔÄ»ÔÄ»ÔÄ»ÔÄ»ÔÄ»ÔÄ»ÔÄ»ÔÄ»ÔÄ»ÔÄ»ÔÄ»ÔÄ»ÔÄ»ÔÄ»ÔÄ»ÔÄ»ÔÄ»ÔÄ»[251/449]ÔÄ»

 FAIL  src/lib/pptx/__tests__/auto-correction.test.ts > AutoCorrectionService > Corre├º├úo de Conte├║do > deve truncar conte├║do excessivamente longo
AssertionError: expected 5000 to be less than 5000
 ÔØ» src/lib/pptx/__tests__/auto-correction.test.ts:149:52
    147|       const result = await correctionService.correctSlide(slide, 0);
    148| 
    149|       expect(result.correctedSlide.content.length).toBeLessThan(conteuÔÇª
       |                                                    ^
    150|       expect(result.corrections.some(c => c.type === 'content_truncateÔÇª
    151|     });

ÔÄ»ÔÄ»ÔÄ»ÔÄ»ÔÄ»ÔÄ»ÔÄ»ÔÄ»ÔÄ»ÔÄ»ÔÄ»ÔÄ»ÔÄ»ÔÄ»ÔÄ»ÔÄ»ÔÄ»ÔÄ»ÔÄ»ÔÄ»[252/449]ÔÄ»

 FAIL  src/lib/pptx/__tests__/auto-correction.test.ts > AutoCorrectionService > Corre├º├úo de Imagens > deve corrigir URLs de imagens inv├ílidas
AssertionError: expected false to be true // Object.is equality

- Expected
+ Received

- true
+ false

 ÔØ» src/lib/pptx/__tests__/auto-correction.test.ts:175:85
    173|       const result = await correctionService.correctSlide(slide, 0);
    174| 
    175|       expect(result.correctedSlide.images.every(img => img.src.startsWÔÇª
       |                                                                                     ^
    176|       expect(result.corrections.some(c => c.type === 'image_url_fixed'ÔÇª
    177|     });

ÔÄ»ÔÄ»ÔÄ»ÔÄ»ÔÄ»ÔÄ»ÔÄ»ÔÄ»ÔÄ»ÔÄ»ÔÄ»ÔÄ»ÔÄ»ÔÄ»ÔÄ»ÔÄ»ÔÄ»ÔÄ»ÔÄ»ÔÄ»[253/449]ÔÄ»

 FAIL  src/lib/pptx/__tests__/auto-correction.test.ts > AutoCorrectionService > Corre├º├úo de Imagens > deve gerar texto alternativo ausente
AssertionError: expected false to be true // Object.is equality

- Expected
+ Received

- true
+ false

 ÔØ» src/lib/pptx/__tests__/auto-correction.test.ts:200:77
    198| 
    199|       expect(result.correctedSlide.images.every(img => img.alt.trim().ÔÇª
    200|       expect(result.corrections.some(c => c.type === 'alt_text_generatÔÇª
       |                                                                             ^
    201|     });
    202| 

ÔÄ»ÔÄ»ÔÄ»ÔÄ»ÔÄ»ÔÄ»ÔÄ»ÔÄ»ÔÄ»ÔÄ»ÔÄ»ÔÄ»ÔÄ»ÔÄ»ÔÄ»ÔÄ»ÔÄ»ÔÄ»ÔÄ»ÔÄ»[254/449]ÔÄ»

 FAIL  src/lib/pptx/__tests__/auto-correction.test.ts > AutoCorrectionService > Corre├º├úo de Imagens > deve corrigir posicionamento inv├ílido de imagens
AssertionError: expected -50 to be greater than or equal to 0
 ÔØ» src/lib/pptx/__tests__/auto-correction.test.ts:219:21
    217| 
    218|       const pos = result.correctedSlide.images[0].position;
    219|       expect(pos.x).toBeGreaterThanOrEqual(0);
       |                     ^
    220|       expect(pos.y).toBeGreaterThanOrEqual(0);
    221|       expect(pos.width).toBeGreaterThan(0);

ÔÄ»ÔÄ»ÔÄ»ÔÄ»ÔÄ»ÔÄ»ÔÄ»ÔÄ»ÔÄ»ÔÄ»ÔÄ»ÔÄ»ÔÄ»ÔÄ»ÔÄ»ÔÄ»ÔÄ»ÔÄ»ÔÄ»ÔÄ»[255/449]ÔÄ»

 FAIL  src/lib/pptx/__tests__/auto-correction.test.ts > AutoCorrectionService > Corre├º├úo de Imagens > deve remover imagens duplicadas
AssertionError: expected [ { ÔÇª(6) }, { ÔÇª(6) } ] to have a length of 1 but got 2

- Expected
+ Received

- 1
+ 2

 ÔØ» src/lib/pptx/__tests__/auto-correction.test.ts:246:44
    244|       const result = await correctionService.correctSlide(slide, 0);
    245| 
    246|       expect(result.correctedSlide.images).toHaveLength(1);
       |                                            ^
    247|       expect(result.corrections.some(c => c.type === 'duplicate_imagesÔÇª
    248|     });

ÔÄ»ÔÄ»ÔÄ»ÔÄ»ÔÄ»ÔÄ»ÔÄ»ÔÄ»ÔÄ»ÔÄ»ÔÄ»ÔÄ»ÔÄ»ÔÄ»ÔÄ»ÔÄ»ÔÄ»ÔÄ»ÔÄ»ÔÄ»[256/449]ÔÄ»

 FAIL  src/lib/pptx/__tests__/auto-correction.test.ts > AutoCorrectionService > Corre├º├úo de Imagens > deve otimizar muitas imagens em um slide
AssertionError: expected 15 to be less than or equal to 10
 ÔØ» src/lib/pptx/__tests__/auto-correction.test.ts:265:51
    263|       const result = await correctionService.correctSlide(slide, 0);
    264| 
    265|       expect(result.correctedSlide.images.length).toBeLessThanOrEqual(ÔÇª
       |                                                   ^
    266|       expect(result.corrections.some(c => c.type === 'images_optimizedÔÇª
    267|     });

ÔÄ»ÔÄ»ÔÄ»ÔÄ»ÔÄ»ÔÄ»ÔÄ»ÔÄ»ÔÄ»ÔÄ»ÔÄ»ÔÄ»ÔÄ»ÔÄ»ÔÄ»ÔÄ»ÔÄ»ÔÄ»ÔÄ»ÔÄ»[257/449]ÔÄ»

 FAIL  src/lib/pptx/__tests__/auto-correction.test.ts > AutoCorrectionService > Corre├º├úo de Dimens├Áes > deve corrigir dimens├Áes inv├ílidas do slide
AssertionError: expected 0 to be greater than 0
 ÔØ» src/lib/pptx/__tests__/auto-correction.test.ts:282:43
    280|       const result = await correctionService.correctSlide(slide, 0);
    281| 
    282|       expect(result.correctedSlide.width).toBeGreaterThan(0);
       |                                           ^
    283|       expect(result.correctedSlide.height).toBeGreaterThan(0);
    284|       expect(result.corrections.some(c => c.type === 'dimensions_fixedÔÇª

ÔÄ»ÔÄ»ÔÄ»ÔÄ»ÔÄ»ÔÄ»ÔÄ»ÔÄ»ÔÄ»ÔÄ»ÔÄ»ÔÄ»ÔÄ»ÔÄ»ÔÄ»ÔÄ»ÔÄ»ÔÄ»ÔÄ»ÔÄ»[258/449]ÔÄ»

 FAIL  src/lib/pptx/__tests__/auto-correction.test.ts > AutoCorrectionService > Corre├º├úo de Dimens├Áes > deve aplicar propor├º├Áes padr├úo quando necess├írio
AssertionError: expected 0.05 to be close to 1.7777777777777777, received difference is 1.7277777777777776, but expected 0.05
 ÔØ» src/lib/pptx/__tests__/auto-correction.test.ts:299:27
    297| 
    298|       const aspectRatio = result.correctedSlide.width / result.correctÔÇª
    299|       expect(aspectRatio).toBeCloseTo(16/9, 1); // Pr├│ximo ao padr├úo 1ÔÇª
       |                           ^
    300|       expect(result.corrections.some(c => c.type === 'aspect_ratio_fixÔÇª
    301|     });

ÔÄ»ÔÄ»ÔÄ»ÔÄ»ÔÄ»ÔÄ»ÔÄ»ÔÄ»ÔÄ»ÔÄ»ÔÄ»ÔÄ»ÔÄ»ÔÄ»ÔÄ»ÔÄ»ÔÄ»ÔÄ»ÔÄ»ÔÄ»[259/449]ÔÄ»

 FAIL  src/lib/pptx/__tests__/auto-correction.test.ts > AutoCorrectionService > Corre├º├úo de M├║ltiplos Slides > deve corrigir array de slides
TypeError: Cannot read properties of undefined (reading 'totalSlides')
 ÔØ» src/lib/pptx/__tests__/auto-correction.test.ts:326:29
    324| 
    325|       expect(result.correctedSlides).toHaveLength(2);
    326|       expect(result.summary.totalSlides).toBe(2);
       |                             ^
    327|       expect(result.summary.correctedSlides).toBeGreaterThan(0);
    328|       expect(result.slideResults.every(r => r.corrections.length > 0))ÔÇª

ÔÄ»ÔÄ»ÔÄ»ÔÄ»ÔÄ»ÔÄ»ÔÄ»ÔÄ»ÔÄ»ÔÄ»ÔÄ»ÔÄ»ÔÄ»ÔÄ»ÔÄ»ÔÄ»ÔÄ»ÔÄ»ÔÄ»ÔÄ»[260/449]ÔÄ»

 FAIL  src/lib/pptx/__tests__/auto-correction.test.ts > AutoCorrectionService > Corre├º├úo de M├║ltiplos Slides > deve detectar e corrigir inconsist├¬ncias entre slides
AssertionError: expected 2 to be 1 // Object.is equality

- Expected
+ Received

- 1
+ 2

 ÔØ» src/lib/pptx/__tests__/auto-correction.test.ts:354:36
    352|       const widths = result.correctedSlides.map(s => s.width);
    353|       const heights = result.correctedSlides.map(s => s.height);
    354|       expect(new Set(widths).size).toBe(1); // Todas as larguras iguais
       |                                    ^
    355|       expect(new Set(heights).size).toBe(1); // Todas as alturas iguais
    356|     });

ÔÄ»ÔÄ»ÔÄ»ÔÄ»ÔÄ»ÔÄ»ÔÄ»ÔÄ»ÔÄ»ÔÄ»ÔÄ»ÔÄ»ÔÄ»ÔÄ»ÔÄ»ÔÄ»ÔÄ»ÔÄ»ÔÄ»ÔÄ»[261/449]ÔÄ»

 FAIL  src/lib/pptx/__tests__/auto-correction.test.ts > AutoCorrectionService > Corre├º├úo de M├║ltiplos Slides > deve normalizar estilos entre slides
AssertionError: expected 'c' to be 'C' // Object.is equality

Expected: "C"
Received: "c"

 ÔØ» src/lib/pptx/__tests__/auto-correction.test.ts:377:41
    375|       result.correctedSlides.forEach(slide => {
    376|         expect(slide.title.charAt(0)).toBe(slide.title.charAt(0).toUppÔÇª
    377|         expect(slide.content.charAt(0)).toBe(slide.content.charAt(0).tÔÇª
       |                                         ^
    378|       });
    379|     });
 ÔØ» src/lib/pptx/__tests__/auto-correction.test.ts:375:30

ÔÄ»ÔÄ»ÔÄ»ÔÄ»ÔÄ»ÔÄ»ÔÄ»ÔÄ»ÔÄ»ÔÄ»ÔÄ»ÔÄ»ÔÄ»ÔÄ»ÔÄ»ÔÄ»ÔÄ»ÔÄ»ÔÄ»ÔÄ»[262/449]ÔÄ»

 FAIL  src/lib/pptx/__tests__/auto-correction.test.ts > AutoCorrectionService > Gera├º├úo de Relat├│rios > deve gerar relat├│rio detalhado de corre├º├Áes
TypeError: correctionService.generateCorrectionReport is not a function
 ÔØ» src/lib/pptx/__tests__/auto-correction.test.ts:440:40
    438|       };
    439| 
    440|       const report = correctionService.generateCorrectionReport(correcÔÇª
       |                                        ^
    441| 
    442|       expect(report).toContain('Correction Report');

ÔÄ»ÔÄ»ÔÄ»ÔÄ»ÔÄ»ÔÄ»ÔÄ»ÔÄ»ÔÄ»ÔÄ»ÔÄ»ÔÄ»ÔÄ»ÔÄ»ÔÄ»ÔÄ»ÔÄ»ÔÄ»ÔÄ»ÔÄ»[263/449]ÔÄ»

 FAIL  src/lib/pptx/__tests__/auto-correction.test.ts > AutoCorrectionService > Gera├º├úo de Relat├│rios > deve incluir estat├¡sticas por tipo de corre├º├úo
TypeError: correctionService.generateCorrectionReport is not a function
 ÔØ» src/lib/pptx/__tests__/auto-correction.test.ts:475:40
    473|       };
    474| 
    475|       const report = correctionService.generateCorrectionReport(correcÔÇª
       |                                        ^
    476| 
    477|       expect(report).toContain('title_generated: 2');

ÔÄ»ÔÄ»ÔÄ»ÔÄ»ÔÄ»ÔÄ»ÔÄ»ÔÄ»ÔÄ»ÔÄ»ÔÄ»ÔÄ»ÔÄ»ÔÄ»ÔÄ»ÔÄ»ÔÄ»ÔÄ»ÔÄ»ÔÄ»[264/449]ÔÄ»

 FAIL  src/lib/pptx/__tests__/auto-correction.test.ts > AutoCorrectionService > Fun├º├Áes Utilit├írias > correctSlideData deve funcionar corretamente
TypeError: correctSlideData is not a function
 ÔØ» src/lib/pptx/__tests__/auto-correction.test.ts:492:28
    490|       ];
    491| 
    492|       const result = await correctSlideData(slides);
       |                            ^
    493| 
    494|       expect(result).toBeDefined();

ÔÄ»ÔÄ»ÔÄ»ÔÄ»ÔÄ»ÔÄ»ÔÄ»ÔÄ»ÔÄ»ÔÄ»ÔÄ»ÔÄ»ÔÄ»ÔÄ»ÔÄ»ÔÄ»ÔÄ»ÔÄ»ÔÄ»ÔÄ»[265/449]ÔÄ»

 FAIL  src/lib/pptx/__tests__/auto-correction.test.ts > AutoCorrectionService > Fun├º├Áes Utilit├írias > generateCorrectionReport deve funcionar como fun├º├úo standalone
TypeError: generateCorrectionReport is not a function
 ÔØ» src/lib/pptx/__tests__/auto-correction.test.ts:506:22
    504|       };
    505| 
    506|       const report = generateCorrectionReport(correctionResult);
       |                      ^
    507| 
    508|       expect(typeof report).toBe('string');

ÔÄ»ÔÄ»ÔÄ»ÔÄ»ÔÄ»ÔÄ»ÔÄ»ÔÄ»ÔÄ»ÔÄ»ÔÄ»ÔÄ»ÔÄ»ÔÄ»ÔÄ»ÔÄ»ÔÄ»ÔÄ»ÔÄ»ÔÄ»[266/449]ÔÄ»

 FAIL  src/lib/pptx/__tests__/auto-correction.test.ts > AutoCorrectionService > Casos Extremos > deve lidar com array vazio de slides
TypeError: Cannot read properties of undefined (reading 'totalSlides')
 ÔØ» src/lib/pptx/__tests__/auto-correction.test.ts:542:29
    540|       const result = await correctionService.correctSlides([]);
    541| 
    542|       expect(result.summary.totalSlides).toBe(0);
       |                             ^
    543|       expect(result.summary.correctedSlides).toBe(0);
    544|       expect(result.correctedSlides).toHaveLength(0);

ÔÄ»ÔÄ»ÔÄ»ÔÄ»ÔÄ»ÔÄ»ÔÄ»ÔÄ»ÔÄ»ÔÄ»ÔÄ»ÔÄ»ÔÄ»ÔÄ»ÔÄ»ÔÄ»ÔÄ»ÔÄ»ÔÄ»ÔÄ»[267/449]ÔÄ»

 FAIL  src/lib/pptx/__tests__/auto-correction.test.ts > AutoCorrectionService > Casos Extremos > deve lidar com dados corrompidos
TypeError: slide.title.trim is not a function
 ÔØ» AutoCorrectionService.correctTitle src/lib/pptx/auto-correction-service.ts:142:37
    140|     let confidence = 1.0;
    141| 
    142|     if (!slide.title || slide.title.trim().length === 0) {
       |                                     ^
    143|       // Tentar gerar t├¡tulo a partir do conte├║do
    144|       let generatedTitle = '';
 ÔØ» AutoCorrectionService.correctSlide src/lib/pptx/auto-correction-service.ts:78:32
 ÔØ» src/lib/pptx/__tests__/auto-correction.test.ts:554:46

ÔÄ»ÔÄ»ÔÄ»ÔÄ»ÔÄ»ÔÄ»ÔÄ»ÔÄ»ÔÄ»ÔÄ»ÔÄ»ÔÄ»ÔÄ»ÔÄ»ÔÄ»ÔÄ»ÔÄ»ÔÄ»ÔÄ»ÔÄ»[268/449]ÔÄ»

 FAIL  src/lib/pptx/__tests__/auto-correction.test.ts > AutoCorrectionService > Performance > deve corrigir muitos slides em tempo razo├ível
TypeError: Cannot read properties of undefined (reading 'totalSlides')
 ÔØ» src/lib/pptx/__tests__/auto-correction.test.ts:578:29
    576|       const processingTime = Date.now() - startTime;
    577| 
    578|       expect(result.summary.totalSlides).toBe(50);
       |                             ^
    579|       expect(processingTime).toBeLessThan(10000); // Menos de 10 segunÔÇª
    580|     });

ÔÄ»ÔÄ»ÔÄ»ÔÄ»ÔÄ»ÔÄ»ÔÄ»ÔÄ»ÔÄ»ÔÄ»ÔÄ»ÔÄ»ÔÄ»ÔÄ»ÔÄ»ÔÄ»ÔÄ»ÔÄ»ÔÄ»ÔÄ»[269/449]ÔÄ»

 FAIL  src/lib/pptx/__tests__/parallel-processing.test.ts > ParallelProcessor > Configura├º├úo do Processador > deve inicializar com configura├º├úo padr├úo
TypeError: processor.getConfiguration is not a function
 ÔØ» src/lib/pptx/__tests__/parallel-processing.test.ts:45:32
     43|   describe('Configura├º├úo do Processador', () => {
     44|     it('deve inicializar com configura├º├úo padr├úo', () => {
     45|       const config = processor.getConfiguration();
       |                                ^
     46|       
     47|       expect(config.maxWorkers).toBeGreaterThan(0);

ÔÄ»ÔÄ»ÔÄ»ÔÄ»ÔÄ»ÔÄ»ÔÄ»ÔÄ»ÔÄ»ÔÄ»ÔÄ»ÔÄ»ÔÄ»ÔÄ»ÔÄ»ÔÄ»ÔÄ»ÔÄ»ÔÄ»ÔÄ»[270/449]ÔÄ»

 FAIL  src/lib/pptx/__tests__/parallel-processing.test.ts > ParallelProcessor > Configura├º├úo do Processador > deve aplicar configura├º├úo personalizada
TypeError: processor.getConfiguration is not a function
 ÔØ» src/lib/pptx/__tests__/parallel-processing.test.ts:66:32
     64| 
     65|       processor.configure(customConfig);
     66|       const config = processor.getConfiguration();
       |                                ^
     67| 
     68|       expect(config.maxWorkers).toBe(8);

ÔÄ»ÔÄ»ÔÄ»ÔÄ»ÔÄ»ÔÄ»ÔÄ»ÔÄ»ÔÄ»ÔÄ»ÔÄ»ÔÄ»ÔÄ»ÔÄ»ÔÄ»ÔÄ»ÔÄ»ÔÄ»ÔÄ»ÔÄ»[271/449]ÔÄ»

 FAIL  src/lib/pptx/__tests__/parallel-processing.test.ts > ParallelProcessor > Configura├º├úo do Processador > deve validar configura├º├úo inv├ílida
AssertionError: expected [Function] to throw an error
 ÔØ» src/lib/pptx/__tests__/parallel-processing.test.ts:78:10
     76|       expect(() => {
     77|         processor.configure({ maxWorkers: 0 });
     78|       }).toThrow();
       |          ^
     79| 
     80|       expect(() => {

ÔÄ»ÔÄ»ÔÄ»ÔÄ»ÔÄ»ÔÄ»ÔÄ»ÔÄ»ÔÄ»ÔÄ»ÔÄ»ÔÄ»ÔÄ»ÔÄ»ÔÄ»ÔÄ»ÔÄ»ÔÄ»ÔÄ»ÔÄ»[272/449]ÔÄ»

 FAIL  src/lib/pptx/__tests__/parallel-processing.test.ts > ParallelProcessor > Processamento de Tarefas Simples > deve processar uma ├║nica tarefa
Error: Test timed out in 10000ms.
If this is a long-running test, pass a timeout value as the last argument or configure it globally with "testTimeout".
 ÔØ» src/lib/pptx/__tests__/parallel-processing.test.ts:91:5
     89| 
     90|   describe('Processamento de Tarefas Simples', () => {
     91|     it('deve processar uma ├║nica tarefa', async () => {
       |     ^
     92|       const task = {
     93|         id: 'task-1',

ÔÄ»ÔÄ»ÔÄ»ÔÄ»ÔÄ»ÔÄ»ÔÄ»ÔÄ»ÔÄ»ÔÄ»ÔÄ»ÔÄ»ÔÄ»ÔÄ»ÔÄ»ÔÄ»ÔÄ»ÔÄ»ÔÄ»ÔÄ»[273/449]ÔÄ»

 FAIL  src/lib/pptx/__tests__/parallel-processing.test.ts > ParallelProcessor > Processamento de Tarefas Simples > deve processar m├║ltiplas tarefas em paralelo
TypeError: processor.processTasks is not a function
 ÔØ» src/lib/pptx/__tests__/parallel-processing.test.ts:116:39
    114| 
    115|       const startTime = Date.now();
    116|       const results = await processor.processTasks(tasks, mockProcessiÔÇª
       |                                       ^
    117|       const processingTime = Date.now() - startTime;
    118| 

ÔÄ»ÔÄ»ÔÄ»ÔÄ»ÔÄ»ÔÄ»ÔÄ»ÔÄ»ÔÄ»ÔÄ»ÔÄ»ÔÄ»ÔÄ»ÔÄ»ÔÄ»ÔÄ»ÔÄ»ÔÄ»ÔÄ»ÔÄ»[274/449]ÔÄ»

 FAIL  src/lib/pptx/__tests__/parallel-processing.test.ts > ParallelProcessor > Processamento de Tarefas Simples > deve respeitar limite de workers
TypeError: processor.processTasks is not a function
 ÔØ» src/lib/pptx/__tests__/parallel-processing.test.ts:139:23
    137| 
    138|       const startTime = Date.now();
    139|       await processor.processTasks(tasks, mockProcessingTask);
       |                       ^
    140|       const processingTime = Date.now() - startTime;
    141| 

ÔÄ»ÔÄ»ÔÄ»ÔÄ»ÔÄ»ÔÄ»ÔÄ»ÔÄ»ÔÄ»ÔÄ»ÔÄ»ÔÄ»ÔÄ»ÔÄ»ÔÄ»ÔÄ»ÔÄ»ÔÄ»ÔÄ»ÔÄ»[275/449]ÔÄ»

 FAIL  src/lib/pptx/__tests__/parallel-processing.test.ts > ParallelProcessor > Tratamento de Erros > deve lidar com tarefas que falham
TypeError: processor.processTasks is not a function
 ÔØ» src/lib/pptx/__tests__/parallel-processing.test.ts:171:39
    169|       ];
    170| 
    171|       const results = await processor.processTasks(tasks, mockFailingTÔÇª
       |                                       ^
    172| 
    173|       expect(results.summary.totalTasks).toBe(3);

ÔÄ»ÔÄ»ÔÄ»ÔÄ»ÔÄ»ÔÄ»ÔÄ»ÔÄ»ÔÄ»ÔÄ»ÔÄ»ÔÄ»ÔÄ»ÔÄ»ÔÄ»ÔÄ»ÔÄ»ÔÄ»ÔÄ»ÔÄ»[276/449]ÔÄ»

 FAIL  src/lib/pptx/__tests__/parallel-processing.test.ts > ParallelProcessor > Tratamento de Erros > deve implementar retry autom├ítico quando habilitado
Error: Worker worker-1758312300867-av374xfoz is not available
 ÔØ» PPTXWorker.executeTask src/lib/pptx/parallel-processor.ts:269:13
    267|   public async executeTask(task: ProcessingTask, timeout: number): ProÔÇª
    268|     if (!this.worker || !this.isIdle) {
    269|       throw new Error(`Worker ${this.id} is not available`);
       |             ^
    270|     }
    271|     
 ÔØ» ParallelProcessor.processTask src/lib/pptx/parallel-processor.ts:482:35
 ÔØ» src/lib/pptx/__tests__/parallel-processing.test.ts:205:38

ÔÄ»ÔÄ»ÔÄ»ÔÄ»ÔÄ»ÔÄ»ÔÄ»ÔÄ»ÔÄ»ÔÄ»ÔÄ»ÔÄ»ÔÄ»ÔÄ»ÔÄ»ÔÄ»ÔÄ»ÔÄ»ÔÄ»ÔÄ»[277/449]ÔÄ»

 FAIL  src/lib/pptx/__tests__/parallel-processing.test.ts > ParallelProcessor > Tratamento de Erros > deve falhar ap├│s esgotar tentativas de retry
Error: Worker worker-1758312300873-9dyjtswou is not available
 ÔØ» PPTXWorker.executeTask src/lib/pptx/parallel-processor.ts:269:13
    267|   public async executeTask(task: ProcessingTask, timeout: number): ProÔÇª
    268|     if (!this.worker || !this.isIdle) {
    269|       throw new Error(`Worker ${this.id} is not available`);
       |             ^
    270|     }
    271|     
 ÔØ» ParallelProcessor.processTask src/lib/pptx/parallel-processor.ts:482:35
 ÔØ» src/lib/pptx/__tests__/parallel-processing.test.ts:230:38

ÔÄ»ÔÄ»ÔÄ»ÔÄ»ÔÄ»ÔÄ»ÔÄ»ÔÄ»ÔÄ»ÔÄ»ÔÄ»ÔÄ»ÔÄ»ÔÄ»ÔÄ»ÔÄ»ÔÄ»ÔÄ»ÔÄ»ÔÄ»[278/449]ÔÄ»

 FAIL  src/lib/pptx/__tests__/parallel-processing.test.ts > ParallelProcessor > Tratamento de Erros > deve lidar com timeout de tarefas
Error: Worker worker-1758312300877-t6cagq5b8 is not available
 ÔØ» PPTXWorker.executeTask src/lib/pptx/parallel-processor.ts:269:13
    267|   public async executeTask(task: ProcessingTask, timeout: number): ProÔÇª
    268|     if (!this.worker || !this.isIdle) {
    269|       throw new Error(`Worker ${this.id} is not available`);
       |             ^
    270|     }
    271|     
 ÔØ» ParallelProcessor.processTask src/lib/pptx/parallel-processor.ts:482:35
 ÔØ» src/lib/pptx/__tests__/parallel-processing.test.ts:252:38

ÔÄ»ÔÄ»ÔÄ»ÔÄ»ÔÄ»ÔÄ»ÔÄ»ÔÄ»ÔÄ»ÔÄ»ÔÄ»ÔÄ»ÔÄ»ÔÄ»ÔÄ»ÔÄ»ÔÄ»ÔÄ»ÔÄ»ÔÄ»[279/449]ÔÄ»

 FAIL  src/lib/pptx/__tests__/parallel-processing.test.ts > ParallelProcessor > Sistema de Prioridades > deve processar tarefas de alta prioridade primeiro
TypeError: processor.processTasks is not a function
 ÔØ» src/lib/pptx/__tests__/parallel-processing.test.ts:278:23
    276|       ];
    277| 
    278|       await processor.processTasks(tasks, priorityTask);
       |                       ^
    279| 
    280|       // Tarefas de alta prioridade devem ser executadas primeiro

ÔÄ»ÔÄ»ÔÄ»ÔÄ»ÔÄ»ÔÄ»ÔÄ»ÔÄ»ÔÄ»ÔÄ»ÔÄ»ÔÄ»ÔÄ»ÔÄ»ÔÄ»ÔÄ»ÔÄ»ÔÄ»ÔÄ»ÔÄ»[280/449]ÔÄ»

 FAIL  src/lib/pptx/__tests__/parallel-processing.test.ts > ParallelProcessor > M├®tricas e Monitoramento > deve coletar m├®tricas de performance
TypeError: processor.processTasks is not a function
 ÔØ» src/lib/pptx/__tests__/parallel-processing.test.ts:298:23
    296|       }));
    297| 
    298|       await processor.processTasks(tasks, mockProcessingTask);
       |                       ^
    299|       const metrics = processor.getMetrics();
    300| 

ÔÄ»ÔÄ»ÔÄ»ÔÄ»ÔÄ»ÔÄ»ÔÄ»ÔÄ»ÔÄ»ÔÄ»ÔÄ»ÔÄ»ÔÄ»ÔÄ»ÔÄ»ÔÄ»ÔÄ»ÔÄ»ÔÄ»ÔÄ»[281/449]ÔÄ»

 FAIL  src/lib/pptx/__tests__/parallel-processing.test.ts > ParallelProcessor > M├®tricas e Monitoramento > deve rastrear estat├¡sticas de workers
TypeError: processor.processTasks is not a function
 ÔØ» src/lib/pptx/__tests__/parallel-processing.test.ts:318:23
    316|       }));
    317| 
    318|       await processor.processTasks(tasks, mockProcessingTask);
       |                       ^
    319|       const stats = processor.getWorkerStats();
    320| 

ÔÄ»ÔÄ»ÔÄ»ÔÄ»ÔÄ»ÔÄ»ÔÄ»ÔÄ»ÔÄ»ÔÄ»ÔÄ»ÔÄ»ÔÄ»ÔÄ»ÔÄ»ÔÄ»ÔÄ»ÔÄ»ÔÄ»ÔÄ»[282/449]ÔÄ»

 FAIL  src/lib/pptx/__tests__/parallel-processing.test.ts > ParallelProcessor > M├®tricas e Monitoramento > deve fornecer estat├¡sticas em tempo real
TypeError: processor.processTasks is not a function
 ÔØ» src/lib/pptx/__tests__/parallel-processing.test.ts:343:43
    341| 
    342|       // Inicia processamento sem aguardar
    343|       const processingPromise = processor.processTasks(tasks, longRunnÔÇª
       |                                           ^
    344| 
    345|       // Verifica estat├¡sticas durante o processamento

ÔÄ»ÔÄ»ÔÄ»ÔÄ»ÔÄ»ÔÄ»ÔÄ»ÔÄ»ÔÄ»ÔÄ»ÔÄ»ÔÄ»ÔÄ»ÔÄ»ÔÄ»ÔÄ»ÔÄ»ÔÄ»ÔÄ»ÔÄ»[283/449]ÔÄ»

 FAIL  src/lib/pptx/__tests__/parallel-processing.test.ts > ParallelProcessor > Gerenciamento de Recursos > deve ajustar pool de workers dinamicamente
TypeError: processor.processTasks is not a function
 ÔØ» src/lib/pptx/__tests__/parallel-processing.test.ts:368:23
    366|       }));
    367| 
    368|       await processor.processTasks(firstBatch, mockProcessingTask);
       |                       ^
    369|       
    370|       // Aumenta n├║mero de workers

ÔÄ»ÔÄ»ÔÄ»ÔÄ»ÔÄ»ÔÄ»ÔÄ»ÔÄ»ÔÄ»ÔÄ»ÔÄ»ÔÄ»ÔÄ»ÔÄ»ÔÄ»ÔÄ»ÔÄ»ÔÄ»ÔÄ»ÔÄ»[284/449]ÔÄ»

 FAIL  src/lib/pptx/__tests__/parallel-processing.test.ts > ParallelProcessor > Gerenciamento de Recursos > deve limpar recursos adequadamente no shutdown
TypeError: processor.processTasks is not a function
 ÔØ» src/lib/pptx/__tests__/parallel-processing.test.ts:397:23
    395|       }));
    396| 
    397|       await processor.processTasks(tasks, mockProcessingTask);
       |                       ^
    398|       
    399|       const statsBefore = processor.getWorkerStats();

ÔÄ»ÔÄ»ÔÄ»ÔÄ»ÔÄ»ÔÄ»ÔÄ»ÔÄ»ÔÄ»ÔÄ»ÔÄ»ÔÄ»ÔÄ»ÔÄ»ÔÄ»ÔÄ»ÔÄ»ÔÄ»ÔÄ»ÔÄ»[285/449]ÔÄ»

 FAIL  src/lib/pptx/__tests__/parallel-processing.test.ts > ParallelProcessor > Gerenciamento de Recursos > deve lidar com sobrecarga de queue
TypeError: processor.processTasks is not a function
 ÔØ» src/lib/pptx/__tests__/parallel-processing.test.ts:420:39
    418| 
    419|       // Deve processar apenas at├® o limite da queue
    420|       const results = await processor.processTasks(tasks, mockProcessiÔÇª
       |                                       ^
    421|       
    422|       expect(results.summary.totalTasks).toBeLessThanOrEqual(10);

ÔÄ»ÔÄ»ÔÄ»ÔÄ»ÔÄ»ÔÄ»ÔÄ»ÔÄ»ÔÄ»ÔÄ»ÔÄ»ÔÄ»ÔÄ»ÔÄ»ÔÄ»ÔÄ»ÔÄ»ÔÄ»ÔÄ»ÔÄ»[286/449]ÔÄ»

 FAIL  src/lib/pptx/__tests__/parallel-processing.test.ts > ParallelProcessor > Fun├º├Áes Utilit├írias > createParallelProcessor deve funcionar corretamente
TypeError: createParallelProcessor is not a function
 ÔØ» src/lib/pptx/__tests__/parallel-processing.test.ts:429:31
    427|   describe('Fun├º├Áes Utilit├írias', () => {
    428|     it('createParallelProcessor deve funcionar corretamente', () => {
    429|       const customProcessor = createParallelProcessor({
       |                               ^
    430|         maxWorkers: 6,
    431|         enableMetrics: true

ÔÄ»ÔÄ»ÔÄ»ÔÄ»ÔÄ»ÔÄ»ÔÄ»ÔÄ»ÔÄ»ÔÄ»ÔÄ»ÔÄ»ÔÄ»ÔÄ»ÔÄ»ÔÄ»ÔÄ»ÔÄ»ÔÄ»ÔÄ»[287/449]ÔÄ»

 FAIL  src/lib/pptx/__tests__/parallel-processing.test.ts > ParallelProcessor > Fun├º├Áes Utilit├írias > processInParallel deve funcionar como fun├º├úo standalone
AssertionError: expected undefined to be 'ITEM 1' // Object.is equality

- Expected: 
"ITEM 1"

+ Received: 
undefined

 ÔØ» src/lib/pptx/__tests__/parallel-processing.test.ts:453:36
    451| 
    452|       expect(results).toHaveLength(3);
    453|       expect(results[0].processed).toBe('ITEM 1');
       |                                    ^
    454|       expect(results[1].processed).toBe('ITEM 2');
    455|       expect(results[2].processed).toBe('ITEM 3');

ÔÄ»ÔÄ»ÔÄ»ÔÄ»ÔÄ»ÔÄ»ÔÄ»ÔÄ»ÔÄ»ÔÄ»ÔÄ»ÔÄ»ÔÄ»ÔÄ»ÔÄ»ÔÄ»ÔÄ»ÔÄ»ÔÄ»ÔÄ»[288/449]ÔÄ»

 FAIL  src/lib/pptx/__tests__/parallel-processing.test.ts > ParallelProcessor > Casos Extremos > deve lidar com array vazio de tarefas
TypeError: processor.processTasks is not a function
 ÔØ» src/lib/pptx/__tests__/parallel-processing.test.ts:461:39
    459|   describe('Casos Extremos', () => {
    460|     it('deve lidar com array vazio de tarefas', async () => {
    461|       const results = await processor.processTasks([], mockProcessingTÔÇª
       |                                       ^
    462| 
    463|       expect(results.summary.totalTasks).toBe(0);

ÔÄ»ÔÄ»ÔÄ»ÔÄ»ÔÄ»ÔÄ»ÔÄ»ÔÄ»ÔÄ»ÔÄ»ÔÄ»ÔÄ»ÔÄ»ÔÄ»ÔÄ»ÔÄ»ÔÄ»ÔÄ»ÔÄ»ÔÄ»[289/449]ÔÄ»

 FAIL  src/lib/pptx/__tests__/parallel-processing.test.ts > ParallelProcessor > Casos Extremos > deve lidar com tarefas malformadas
TypeError: processor.processTasks is not a function
 ÔØ» src/lib/pptx/__tests__/parallel-processing.test.ts:477:39
    475|       ];
    476| 
    477|       const results = await processor.processTasks(malformedTasks as aÔÇª
       |                                       ^
    478| 
    479|       // Deve processar apenas as tarefas v├ílidas

ÔÄ»ÔÄ»ÔÄ»ÔÄ»ÔÄ»ÔÄ»ÔÄ»ÔÄ»ÔÄ»ÔÄ»ÔÄ»ÔÄ»ÔÄ»ÔÄ»ÔÄ»ÔÄ»ÔÄ»ÔÄ»ÔÄ»ÔÄ»[290/449]ÔÄ»

 FAIL  src/lib/pptx/__tests__/parallel-processing.test.ts > ParallelProcessor > Casos Extremos > deve lidar com fun├º├úo de processamento inv├ílida
Error: Worker worker-1758312301324-gyyjra0m3 is not available
 ÔØ» PPTXWorker.executeTask src/lib/pptx/parallel-processor.ts:269:13
    267|   public async executeTask(task: ProcessingTask, timeout: number): ProÔÇª
    268|     if (!this.worker || !this.isIdle) {
    269|       throw new Error(`Worker ${this.id} is not available`);
       |             ^
    270|     }
    271|     
 ÔØ» ParallelProcessor.processTask src/lib/pptx/parallel-processor.ts:482:35
 ÔØ» src/lib/pptx/__tests__/parallel-processing.test.ts:492:38

ÔÄ»ÔÄ»ÔÄ»ÔÄ»ÔÄ»ÔÄ»ÔÄ»ÔÄ»ÔÄ»ÔÄ»ÔÄ»ÔÄ»ÔÄ»ÔÄ»ÔÄ»ÔÄ»ÔÄ»ÔÄ»ÔÄ»ÔÄ»[291/449]ÔÄ»

 FAIL  src/lib/pptx/__tests__/parallel-processing.test.ts > ParallelProcessor > Performance > deve processar muitas tarefas eficientemente
TypeError: processor.processTasks is not a function
 ÔØ» src/lib/pptx/__tests__/parallel-processing.test.ts:511:39
    509| 
    510|       const startTime = Date.now();
    511|       const results = await processor.processTasks(manyTasks, mockProcÔÇª
       |                                       ^
    512|       const processingTime = Date.now() - startTime;
    513| 

ÔÄ»ÔÄ»ÔÄ»ÔÄ»ÔÄ»ÔÄ»ÔÄ»ÔÄ»ÔÄ»ÔÄ»ÔÄ»ÔÄ»ÔÄ»ÔÄ»ÔÄ»ÔÄ»ÔÄ»ÔÄ»ÔÄ»ÔÄ»[292/449]ÔÄ»

 FAIL  src/lib/pptx/__tests__/parallel-processing.test.ts > ParallelProcessor > Performance > deve manter performance com tarefas pesadas
TypeError: processor.processTasks is not a function
 ÔØ» src/lib/pptx/__tests__/parallel-processing.test.ts:533:39
    531| 
    532|       const startTime = Date.now();
    533|       const results = await processor.processTasks(heavyTasks, mockHeaÔÇª
       |                                       ^
    534|       const processingTime = Date.now() - startTime;
    535| 

ÔÄ»ÔÄ»ÔÄ»ÔÄ»ÔÄ»ÔÄ»ÔÄ»ÔÄ»ÔÄ»ÔÄ»ÔÄ»ÔÄ»ÔÄ»ÔÄ»ÔÄ»ÔÄ»ÔÄ»ÔÄ»ÔÄ»ÔÄ»[293/449]ÔÄ»

 FAIL  src/lib/pptx/__tests__/pptx-system.test.ts > Sistema PPTX - Testes Integrados > PPTXContentExtractor > deve extrair conte├║do de arquivo PPTX com sucesso
AssertionError: expected 'Erro na Convers├úo' to be 'Test Slide' // Object.is equality

Expected: "Test Slide"
Received: "Erro na Convers├úo"

 ÔØ» src/lib/pptx/__tests__/pptx-system.test.ts:114:38
    112|       expect(result).toBeDefined();
    113|       expect(result.slides).toHaveLength(1);
    114|       expect(result.slides[0].title).toBe('Test Slide');
       |                                      ^
    115|       expect(result.metadata.validation).toBeDefined();
    116|       expect(result.metadata.autoCorrection).toBeDefined();

ÔÄ»ÔÄ»ÔÄ»ÔÄ»ÔÄ»ÔÄ»ÔÄ»ÔÄ»ÔÄ»ÔÄ»ÔÄ»ÔÄ»ÔÄ»ÔÄ»ÔÄ»ÔÄ»ÔÄ»ÔÄ»ÔÄ»ÔÄ»[294/449]ÔÄ»

 FAIL  src/lib/pptx/__tests__/pptx-system.test.ts > Sistema PPTX - Testes Integrados > PPTXContentExtractor > deve gerar conte├║do mock quando solicitado
TypeError: fileName.toLowerCase is not a function
 ÔØ» PPTXContentExtractor.generateMockContent src/lib/pptx/content-extractor.ts:247:36
    245|    */
    246|   private generateMockContent(fileName: string): ExtractedContent {
    247|     const fileNameLower = fileName.toLowerCase()
       |                                    ^
    248|     
    249|     // Detect content type from filename
 ÔØ» src/lib/pptx/__tests__/pptx-system.test.ts:121:43

ÔÄ»ÔÄ»ÔÄ»ÔÄ»ÔÄ»ÔÄ»ÔÄ»ÔÄ»ÔÄ»ÔÄ»ÔÄ»ÔÄ»ÔÄ»ÔÄ»ÔÄ»ÔÄ»ÔÄ»ÔÄ»ÔÄ»ÔÄ»[295/449]ÔÄ»

 FAIL  src/lib/pptx/__tests__/pptx-system.test.ts > Sistema PPTX - Testes Integrados > PPTXContentExtractor > deve usar cache quando habilitado
Error: Falha na extra├º├úo: Erro desconhecido
 ÔØ» PPTXContentExtractor.extractContent src/lib/pptx/content-extractor.ts:194:13
    192|     } catch (error) {
    193|       console.error('Erro na extra├º├úo PPTX:', error)
    194|       throw new Error(`Falha na extra├º├úo: ${error instanceof Error ? eÔÇª
       |             ^
    195|     }
    196|   }
 ÔØ» src/lib/pptx/__tests__/pptx-system.test.ts:137:22

ÔÄ»ÔÄ»ÔÄ»ÔÄ»ÔÄ»ÔÄ»ÔÄ»ÔÄ»ÔÄ»ÔÄ»ÔÄ»ÔÄ»ÔÄ»ÔÄ»ÔÄ»ÔÄ»ÔÄ»ÔÄ»ÔÄ»ÔÄ»[296/449]ÔÄ»

 FAIL  src/lib/pptx/__tests__/pptx-system.test.ts > Sistema PPTX - Testes Integrados > SlideDataValidator > deve validar slides corretamente
TypeError: Cannot read properties of undefined (reading 'totalSlides')
 ÔØ» src/lib/pptx/__tests__/pptx-system.test.ts:161:29
    159| 
    160|       expect(result).toBeDefined();
    161|       expect(result.summary.totalSlides).toBe(1);
       |                             ^
    162|       expect(result.summary.validSlides).toBeGreaterThanOrEqual(0);
    163|       expect(result.slideResults).toHaveLength(1);

ÔÄ»ÔÄ»ÔÄ»ÔÄ»ÔÄ»ÔÄ»ÔÄ»ÔÄ»ÔÄ»ÔÄ»ÔÄ»ÔÄ»ÔÄ»ÔÄ»ÔÄ»ÔÄ»ÔÄ»ÔÄ»ÔÄ»ÔÄ»[297/449]ÔÄ»

 FAIL  src/lib/pptx/__tests__/pptx-system.test.ts > Sistema PPTX - Testes Integrados > SlideDataValidator > deve detectar slides inv├ílidos
TypeError: Cannot read properties of undefined (reading 'validSlides')
 ÔØ» src/lib/pptx/__tests__/pptx-system.test.ts:180:29
    178|       const result = await validator.validateSlides([invalidSlide]);
    179| 
    180|       expect(result.summary.validSlides).toBe(0);
       |                             ^
    181|       expect(result.slideResults[0].errors.length).toBeGreaterThan(0);
    182|     });

ÔÄ»ÔÄ»ÔÄ»ÔÄ»ÔÄ»ÔÄ»ÔÄ»ÔÄ»ÔÄ»ÔÄ»ÔÄ»ÔÄ»ÔÄ»ÔÄ»ÔÄ»ÔÄ»ÔÄ»ÔÄ»ÔÄ»ÔÄ»[298/449]ÔÄ»

 FAIL  src/lib/pptx/__tests__/pptx-system.test.ts > Sistema PPTX - Testes Integrados > SlideDataValidator > deve validar mapeamento de divs
TypeError: slides.forEach is not a function
 ÔØ» SlideDataValidator.validateDivMapping src/lib/pptx/slide-data-validator.ts:202:12
    200|     const missingData: string[] = [];
    201| 
    202|     slides.forEach((slide, index) => {
       |            ^
    203|       // Verificar se os dados essenciais est├úo presentes para renderiÔÇª
    204|       if (!slide.title && !slide.content && !slide.textContent?.lengthÔÇª
 ÔØ» src/lib/pptx/__tests__/pptx-system.test.ts:197:38

ÔÄ»ÔÄ»ÔÄ»ÔÄ»ÔÄ»ÔÄ»ÔÄ»ÔÄ»ÔÄ»ÔÄ»ÔÄ»ÔÄ»ÔÄ»ÔÄ»ÔÄ»ÔÄ»ÔÄ»ÔÄ»ÔÄ»ÔÄ»[299/449]ÔÄ»

 FAIL  src/lib/pptx/__tests__/pptx-system.test.ts > Sistema PPTX - Testes Integrados > SlideDataValidator > deve gerar relat├│rio de valida├º├úo detalhado
TypeError: slides.forEach is not a function
 ÔØ» SlideDataValidator.validateSlides src/lib/pptx/slide-data-validator.ts:155:12
    153| 
    154|     // Validar cada slide individualmente
    155|     slides.forEach((slide, index) => {
       |            ^
    156|       const result = this.validateSlide(slide, index);
    157|       
 ÔØ» SlideDataValidator.generateValidationReport src/lib/pptx/slide-data-validator.ts:253:32
 ÔØ» src/lib/pptx/__tests__/pptx-system.test.ts:213:32

ÔÄ»ÔÄ»ÔÄ»ÔÄ»ÔÄ»ÔÄ»ÔÄ»ÔÄ»ÔÄ»ÔÄ»ÔÄ»ÔÄ»ÔÄ»ÔÄ»ÔÄ»ÔÄ»ÔÄ»ÔÄ»ÔÄ»ÔÄ»[300/449]ÔÄ»

 FAIL  src/lib/pptx/__tests__/pptx-system.test.ts > Sistema PPTX - Testes Integrados > AutoCorrectionService > deve corrigir slides automaticamente
TypeError: Cannot read properties of undefined (reading 'totalCorrections')
 ÔØ» src/lib/pptx/__tests__/pptx-system.test.ts:235:29
    233|       expect(result.correctedSlides).toHaveLength(1);
    234|       expect(result.correctedSlides[0].title).toBeTruthy(); // T├¡tulo ÔÇª
    235|       expect(result.summary.totalCorrections).toBeGreaterThan(0);
       |                             ^
    236|     });
    237| 

ÔÄ»ÔÄ»ÔÄ»ÔÄ»ÔÄ»ÔÄ»ÔÄ»ÔÄ»ÔÄ»ÔÄ»ÔÄ»ÔÄ»ÔÄ»ÔÄ»ÔÄ»ÔÄ»ÔÄ»ÔÄ»ÔÄ»ÔÄ»[301/449]ÔÄ»

 FAIL  src/lib/pptx/__tests__/pptx-system.test.ts > Sistema PPTX - Testes Integrados > AutoCorrectionService > deve validar e corrigir slides em uma opera├º├úo
TypeError: autoCorrection.validateAndCorrectSlides is not a function
 ÔØ» src/lib/pptx/__tests__/pptx-system.test.ts:240:43
    238|     it('deve validar e corrigir slides em uma opera├º├úo', async () => {
    239|       const slides = [mockSlideData];
    240|       const result = await autoCorrection.validateAndCorrectSlides(sliÔÇª
       |                                           ^
    241| 
    242|       expect(result.validation).toBeDefined();

ÔÄ»ÔÄ»ÔÄ»ÔÄ»ÔÄ»ÔÄ»ÔÄ»ÔÄ»ÔÄ»ÔÄ»ÔÄ»ÔÄ»ÔÄ»ÔÄ»ÔÄ»ÔÄ»ÔÄ»ÔÄ»ÔÄ»ÔÄ»[302/449]ÔÄ»

 FAIL  src/lib/pptx/__tests__/pptx-system.test.ts > Sistema PPTX - Testes Integrados > ParallelProcessor > deve processar tarefas em paralelo
TypeError: parallelProcessor.process is not a function
 ÔØ» src/lib/pptx/__tests__/pptx-system.test.ts:286:46
    284|       };
    285| 
    286|       const result = await parallelProcessor.process(tasks, processor,ÔÇª
       |                                              ^
    287|         maxWorkers: 2,
    288|         timeout: 5000

ÔÄ»ÔÄ»ÔÄ»ÔÄ»ÔÄ»ÔÄ»ÔÄ»ÔÄ»ÔÄ»ÔÄ»ÔÄ»ÔÄ»ÔÄ»ÔÄ»ÔÄ»ÔÄ»ÔÄ»ÔÄ»ÔÄ»ÔÄ»[303/449]ÔÄ»

 FAIL  src/lib/pptx/__tests__/pptx-system.test.ts > Sistema PPTX - Testes Integrados > ParallelProcessor > deve lidar com falhas de tarefas
TypeError: parallelProcessor.process is not a function
 ÔØ» src/lib/pptx/__tests__/pptx-system.test.ts:311:46
    309|       };
    310| 
    311|       const result = await parallelProcessor.process(tasks, processor);
       |                                              ^
    312| 
    313|       expect(result.stats.successfulTasks).toBe(2);

ÔÄ»ÔÄ»ÔÄ»ÔÄ»ÔÄ»ÔÄ»ÔÄ»ÔÄ»ÔÄ»ÔÄ»ÔÄ»ÔÄ»ÔÄ»ÔÄ»ÔÄ»ÔÄ»ÔÄ»ÔÄ»ÔÄ»ÔÄ»[304/449]ÔÄ»

 FAIL  src/lib/pptx/__tests__/pptx-system.test.ts > Sistema PPTX - Testes Integrados > ParallelProcessor > deve respeitar timeout de tarefas
TypeError: parallelProcessor.process is not a function
 ÔØ» src/lib/pptx/__tests__/pptx-system.test.ts:326:46
    324|       };
    325| 
    326|       const result = await parallelProcessor.process(tasks, slowProcesÔÇª
       |                                              ^
    327|         timeout: 500
    328|       });

ÔÄ»ÔÄ»ÔÄ»ÔÄ»ÔÄ»ÔÄ»ÔÄ»ÔÄ»ÔÄ»ÔÄ»ÔÄ»ÔÄ»ÔÄ»ÔÄ»ÔÄ»ÔÄ»ÔÄ»ÔÄ»ÔÄ»ÔÄ»[305/449]ÔÄ»

 FAIL  src/lib/pptx/__tests__/pptx-system.test.ts > Sistema PPTX - Testes Integrados > ProgressTracker > deve rastrear progresso de m├║ltiplas etapas
TypeError: progressTracker.initialize is not a function
 ÔØ» src/lib/pptx/__tests__/pptx-system.test.ts:343:23
    341|       ];
    342| 
    343|       progressTracker.initialize(steps);
       |                       ^
    344|       
    345|       expect(progressTracker.getProgress().totalSteps).toBe(3);

ÔÄ»ÔÄ»ÔÄ»ÔÄ»ÔÄ»ÔÄ»ÔÄ»ÔÄ»ÔÄ»ÔÄ»ÔÄ»ÔÄ»ÔÄ»ÔÄ»ÔÄ»ÔÄ»ÔÄ»ÔÄ»ÔÄ»ÔÄ»[306/449]ÔÄ»

 FAIL  src/lib/pptx/__tests__/pptx-system.test.ts > Sistema PPTX - Testes Integrados > ProgressTracker > deve atualizar progresso corretamente
TypeError: progressTracker.initialize is not a function
 ÔØ» src/lib/pptx/__tests__/pptx-system.test.ts:356:23
    354|       ];
    355| 
    356|       progressTracker.initialize(steps);
       |                       ^
    357|       progressTracker.updateStep('step-1', 'completed');
    358|       

ÔÄ»ÔÄ»ÔÄ»ÔÄ»ÔÄ»ÔÄ»ÔÄ»ÔÄ»ÔÄ»ÔÄ»ÔÄ»ÔÄ»ÔÄ»ÔÄ»ÔÄ»ÔÄ»ÔÄ»ÔÄ»ÔÄ»ÔÄ»[307/449]ÔÄ»

 FAIL  src/lib/pptx/__tests__/pptx-system.test.ts > Sistema PPTX - Testes Integrados > ProgressTracker > deve chamar callback de progresso
TypeError: progressTracker.initialize is not a function
 ÔØ» src/lib/pptx/__tests__/pptx-system.test.ts:368:23
    366|       const steps = [{ id: 'step-1', name: 'Step 1', status: 'pending'ÔÇª
    367| 
    368|       progressTracker.initialize(steps, callback);
       |                       ^
    369|       progressTracker.updateStep('step-1', 'in_progress');
    370|       

ÔÄ»ÔÄ»ÔÄ»ÔÄ»ÔÄ»ÔÄ»ÔÄ»ÔÄ»ÔÄ»ÔÄ»ÔÄ»ÔÄ»ÔÄ»ÔÄ»ÔÄ»ÔÄ»ÔÄ»ÔÄ»ÔÄ»ÔÄ»[308/449]ÔÄ»

 FAIL  src/lib/pptx/__tests__/pptx-system.test.ts > Sistema PPTX - Testes Integrados > MultiLayerCache > deve fornecer estat├¡sticas do cache
TypeError: actual value must be number or bigint, received "undefined"
 ÔØ» src/lib/pptx/__tests__/pptx-system.test.ts:422:34
    420|       const stats = await cache.getStats();
    421|       
    422|       expect(stats.totalEntries).toBeGreaterThanOrEqual(1);
       |                                  ^
    423|       expect(stats.hits).toBeGreaterThanOrEqual(1);
    424|       expect(stats.misses).toBeGreaterThanOrEqual(1);

ÔÄ»ÔÄ»ÔÄ»ÔÄ»ÔÄ»ÔÄ»ÔÄ»ÔÄ»ÔÄ»ÔÄ»ÔÄ»ÔÄ»ÔÄ»ÔÄ»ÔÄ»ÔÄ»ÔÄ»ÔÄ»ÔÄ»ÔÄ»[309/449]ÔÄ»

 FAIL  src/lib/pptx/__tests__/pptx-system.test.ts > Sistema PPTX - Testes Integrados > Integra├º├úo Completa do Sistema > deve executar fluxo completo de extra├º├úo com todas as funcionalidades
AssertionError: expected undefined to be defined
 ÔØ» src/lib/pptx/__tests__/pptx-system.test.ts:485:42
    483|       // Verifica se todos os componentes foram executados
    484|       expect(result.slides).toBeDefined();
    485|       expect(result.metadata.validation).toBeDefined();
       |                                          ^
    486|       expect(result.metadata.autoCorrection).toBeDefined();
    487|       expect(result.metadata.parallelProcessing).toBeDefined();

ÔÄ»ÔÄ»ÔÄ»ÔÄ»ÔÄ»ÔÄ»ÔÄ»ÔÄ»ÔÄ»ÔÄ»ÔÄ»ÔÄ»ÔÄ»ÔÄ»ÔÄ»ÔÄ»ÔÄ»ÔÄ»ÔÄ»ÔÄ»[310/449]ÔÄ»

 FAIL  src/lib/pptx/__tests__/pptx-system.test.ts > Sistema PPTX - Testes Integrados > Integra├º├úo Completa do Sistema > deve manter performance adequada com m├║ltiplos slides
AssertionError: expected [ { id: 'slide-error', ÔÇª(5) } ] to have a length of 10 but got 1

- Expected
+ Received

- 10
+ 1

 ÔØ» src/lib/pptx/__tests__/pptx-system.test.ts:508:29
    506|       const processingTime = Date.now() - startTime;
    507| 
    508|       expect(result.slides).toHaveLength(10);
       |                             ^
    509|       expect(processingTime).toBeLessThan(5000); // Menos de 5 segundos
    510|     });

ÔÄ»ÔÄ»ÔÄ»ÔÄ»ÔÄ»ÔÄ»ÔÄ»ÔÄ»ÔÄ»ÔÄ»ÔÄ»ÔÄ»ÔÄ»ÔÄ»ÔÄ»ÔÄ»ÔÄ»ÔÄ»ÔÄ»ÔÄ»[311/449]ÔÄ»

 FAIL  src/lib/pptx/__tests__/pptx-system.test.ts > Sistema PPTX - Testes Integrados > Integra├º├úo Completa do Sistema > deve recuperar graciosamente de falhas parciais
TypeError: Cannot read properties of undefined (reading 'summary')
 ÔØ» src/lib/pptx/__tests__/pptx-system.test.ts:528:41
    526|       // Sistema deve processar slides v├ílidos mesmo com falhas parciaÔÇª
    527|       expect(result.slides.length).toBeGreaterThan(0);
    528|       expect(result.metadata.validation.summary.totalSlides).toBe(3);
       |                                         ^
    529|     });
    530|   });

ÔÄ»ÔÄ»ÔÄ»ÔÄ»ÔÄ»ÔÄ»ÔÄ»ÔÄ»ÔÄ»ÔÄ»ÔÄ»ÔÄ»ÔÄ»ÔÄ»ÔÄ»ÔÄ»ÔÄ»ÔÄ»ÔÄ»ÔÄ»[312/449]ÔÄ»

 FAIL  src/lib/pptx/__tests__/pptx-system.test.ts > Sistema PPTX - Testes Integrados > Testes de Performance > deve manter memory usage controlado
TypeError: actual value must be number or bigint, received "undefined"
 ÔØ» src/lib/pptx/__tests__/pptx-system.test.ts:563:33
    561|       // Verifica se n├úo h├í vazamentos de mem├│ria ├│bvios
    562|       const stats = await cache.getStats();
    563|       expect(stats.memoryUsage).toBeLessThan(100 * 1024 * 1024); // MeÔÇª
       |                                 ^
    564|     });
    565|   });

ÔÄ»ÔÄ»ÔÄ»ÔÄ»ÔÄ»ÔÄ»ÔÄ»ÔÄ»ÔÄ»ÔÄ»ÔÄ»ÔÄ»ÔÄ»ÔÄ»ÔÄ»ÔÄ»ÔÄ»ÔÄ»ÔÄ»ÔÄ»[313/449]ÔÄ»

 FAIL  src/lib/pptx/__tests__/pptx-system.test.ts > Sistema PPTX - Testes Integrados > Testes de Compatibilidade > deve funcionar com slides de diferentes dimens├Áes
AssertionError: expected undefined to be 1920 // Object.is equality

- Expected: 
1920

+ Received: 
undefined

 ÔØ» src/lib/pptx/__tests__/pptx-system.test.ts:599:38
    597|       const result = await extractor.extractContent(mockPPTXFile);
    598| 
    599|       expect(result.slides[0].width).toBe(1920);
       |                                      ^
    600|       expect(result.slides[1].width).toBe(1080);
    601|     });

ÔÄ»ÔÄ»ÔÄ»ÔÄ»ÔÄ»ÔÄ»ÔÄ»ÔÄ»ÔÄ»ÔÄ»ÔÄ»ÔÄ»ÔÄ»ÔÄ»ÔÄ»ÔÄ»ÔÄ»ÔÄ»ÔÄ»ÔÄ»[314/449]ÔÄ»

 FAIL  src/lib/pptx/__tests__/pptx-system.test.ts > Fun├º├Áes Utilit├írias > deve validar elementos complexos corretamente
Error: Cannot find module '../complex-elements-extractor'
Require stack:
- C:\xampp\htdocs\Studiotreiax_1\src\lib\pptx\__tests__\pptx-system.test.ts
 ÔØ» src/lib/pptx/__tests__/pptx-system.test.ts:608:40
    606| describe('Fun├º├Áes Utilit├írias', () => {
    607|   it('deve validar elementos complexos corretamente', () => {
    608|     const { validateComplexElement } = require('../complex-elements-exÔÇª
       |                                        ^
    609|     
    610|     const validElement = {

ÔÄ»ÔÄ»ÔÄ»ÔÄ»ÔÄ»ÔÄ»ÔÄ»ÔÄ»ÔÄ»ÔÄ»ÔÄ»ÔÄ»ÔÄ»ÔÄ»ÔÄ»ÔÄ»ÔÄ»ÔÄ»ÔÄ»ÔÄ»ÔÄ»ÔÄ»ÔÄ»ÔÄ»ÔÄ»ÔÄ»ÔÄ»ÔÄ»ÔÄ»ÔÄ»
Serialized Error: { code: 'MODULE_NOT_FOUND', requireStack: [ 'C:\xampp\htdocs\Studiotreiax_1\src\lib\pptx\__tests__\pptx-system.test.ts' ] }
ÔÄ»ÔÄ»ÔÄ»ÔÄ»ÔÄ»ÔÄ»ÔÄ»ÔÄ»ÔÄ»ÔÄ»ÔÄ»ÔÄ»ÔÄ»ÔÄ»ÔÄ»ÔÄ»ÔÄ»ÔÄ»ÔÄ»ÔÄ»[315/449]ÔÄ»

 FAIL  src/lib/pptx/__tests__/pptx-system.test.ts > Fun├º├Áes Utilit├írias > deve otimizar elementos para web
Error: Cannot find module '../complex-elements-extractor'
Require stack:
- C:\xampp\htdocs\Studiotreiax_1\src\lib\pptx\__tests__\pptx-system.test.ts
 ÔØ» src/lib/pptx/__tests__/pptx-system.test.ts:627:39
    625| 
    626|   it('deve otimizar elementos para web', () => {
    627|     const { optimizeElementForWeb } = require('../complex-elements-extÔÇª
       |                                       ^
    628|     
    629|     const element = {

ÔÄ»ÔÄ»ÔÄ»ÔÄ»ÔÄ»ÔÄ»ÔÄ»ÔÄ»ÔÄ»ÔÄ»ÔÄ»ÔÄ»ÔÄ»ÔÄ»ÔÄ»ÔÄ»ÔÄ»ÔÄ»ÔÄ»ÔÄ»ÔÄ»ÔÄ»ÔÄ»ÔÄ»ÔÄ»ÔÄ»ÔÄ»ÔÄ»ÔÄ»ÔÄ»
Serialized Error: { code: 'MODULE_NOT_FOUND', requireStack: [ 'C:\xampp\htdocs\Studiotreiax_1\src\lib\pptx\__tests__\pptx-system.test.ts' ] }
ÔÄ»ÔÄ»ÔÄ»ÔÄ»ÔÄ»ÔÄ»ÔÄ»ÔÄ»ÔÄ»ÔÄ»ÔÄ»ÔÄ»ÔÄ»ÔÄ»ÔÄ»ÔÄ»ÔÄ»ÔÄ»ÔÄ»ÔÄ»[316/449]ÔÄ»

 FAIL  src/lib/pptx/__tests__/validation.test.ts > SlideDataValidator > Valida├º├úo de Slides Individuais > deve detectar t├¡tulo ausente ou inv├ílido
AssertionError: expected false to be true // Object.is equality

- Expected
+ Received

- true
+ false

 ÔØ» src/lib/pptx/__tests__/validation.test.ts:49:63
     47|         const result = await validator.validateSlide(slide, 0);
     48|         expect(result.isValid).toBe(false);
     49|         expect(result.errors.some(e => e.includes('t├¡tulo'))).toBe(truÔÇª
       |                                                               ^
     50|       }
     51|     });

ÔÄ»ÔÄ»ÔÄ»ÔÄ»ÔÄ»ÔÄ»ÔÄ»ÔÄ»ÔÄ»ÔÄ»ÔÄ»ÔÄ»ÔÄ»ÔÄ»ÔÄ»ÔÄ»ÔÄ»ÔÄ»ÔÄ»ÔÄ»[317/449]ÔÄ»

 FAIL  src/lib/pptx/__tests__/validation.test.ts > SlideDataValidator > Valida├º├úo de Slides Individuais > deve detectar conte├║do insuficiente
AssertionError: expected false to be true // Object.is equality

- Expected
+ Received

- true
+ false

 ÔØ» src/lib/pptx/__tests__/validation.test.ts:62:65
     60|       for (const slide of slidesConteudoInsuficiente) {
     61|         const result = await validator.validateSlide(slide, 0);
     62|         expect(result.errors.some(e => e.includes('conte├║do'))).toBe(tÔÇª
       |                                                                 ^
     63|       }
     64|     });

ÔÄ»ÔÄ»ÔÄ»ÔÄ»ÔÄ»ÔÄ»ÔÄ»ÔÄ»ÔÄ»ÔÄ»ÔÄ»ÔÄ»ÔÄ»ÔÄ»ÔÄ»ÔÄ»ÔÄ»ÔÄ»ÔÄ»ÔÄ»[318/449]ÔÄ»

 FAIL  src/lib/pptx/__tests__/validation.test.ts > SlideDataValidator > Valida├º├úo de Slides Individuais > deve validar URLs de imagens
AssertionError: expected false to be true // Object.is equality

- Expected
+ Received

- true
+ false

 ÔØ» src/lib/pptx/__tests__/validation.test.ts:78:58
     76| 
     77|       const result = await validator.validateSlide(slideImagensInvalidÔÇª
     78|       expect(result.errors.some(e => e.includes('URL'))).toBe(true);
       |                                                          ^
     79|     });
     80| 

ÔÄ»ÔÄ»ÔÄ»ÔÄ»ÔÄ»ÔÄ»ÔÄ»ÔÄ»ÔÄ»ÔÄ»ÔÄ»ÔÄ»ÔÄ»ÔÄ»ÔÄ»ÔÄ»ÔÄ»ÔÄ»ÔÄ»ÔÄ»[319/449]ÔÄ»

 FAIL  src/lib/pptx/__tests__/validation.test.ts > SlideDataValidator > Valida├º├úo de Slides Individuais > deve validar texto alternativo de imagens
AssertionError: expected false to be true // Object.is equality

- Expected
+ Received

- true
+ false

 ÔØ» src/lib/pptx/__tests__/validation.test.ts:92:60
     90| 
     91|       const result = await validator.validateSlide(slide, 0);
     92|       expect(result.warnings.some(w => w.includes('alt'))).toBe(true);
       |                                                            ^
     93|     });
     94| 

ÔÄ»ÔÄ»ÔÄ»ÔÄ»ÔÄ»ÔÄ»ÔÄ»ÔÄ»ÔÄ»ÔÄ»ÔÄ»ÔÄ»ÔÄ»ÔÄ»ÔÄ»ÔÄ»ÔÄ»ÔÄ»ÔÄ»ÔÄ»[320/449]ÔÄ»

 FAIL  src/lib/pptx/__tests__/validation.test.ts > SlideDataValidator > Valida├º├úo de Slides Individuais > deve validar posicionamento de imagens
AssertionError: expected false to be true // Object.is equality

- Expected
+ Received

- true
+ false

 ÔØ» src/lib/pptx/__tests__/validation.test.ts:105:62
    103| 
    104|       const result = await validator.validateSlide(slide, 0);
    105|       expect(result.errors.some(e => e.includes('posi├º├úo'))).toBe(trueÔÇª
       |                                                              ^
    106|     });
    107| 

ÔÄ»ÔÄ»ÔÄ»ÔÄ»ÔÄ»ÔÄ»ÔÄ»ÔÄ»ÔÄ»ÔÄ»ÔÄ»ÔÄ»ÔÄ»ÔÄ»ÔÄ»ÔÄ»ÔÄ»ÔÄ»ÔÄ»ÔÄ»[321/449]ÔÄ»

 FAIL  src/lib/pptx/__tests__/validation.test.ts > SlideDataValidator > Valida├º├úo de Slides Individuais > deve validar dimens├Áes do slide
AssertionError: expected false to be true // Object.is equality

- Expected
+ Received

- true
+ false

 ÔØ» src/lib/pptx/__tests__/validation.test.ts:118:64
    116| 
    117|       const result = await validator.validateSlide(slideDimensoesInvalÔÇª
    118|       expect(result.errors.some(e => e.includes('dimens├Áes'))).toBe(trÔÇª
       |                                                                ^
    119|     });
    120|   });

ÔÄ»ÔÄ»ÔÄ»ÔÄ»ÔÄ»ÔÄ»ÔÄ»ÔÄ»ÔÄ»ÔÄ»ÔÄ»ÔÄ»ÔÄ»ÔÄ»ÔÄ»ÔÄ»ÔÄ»ÔÄ»ÔÄ»ÔÄ»[322/449]ÔÄ»

 FAIL  src/lib/pptx/__tests__/validation.test.ts > SlideDataValidator > Valida├º├úo de M├║ltiplos Slides > deve validar array de slides
TypeError: Cannot read properties of undefined (reading 'totalSlides')
 ÔØ» src/lib/pptx/__tests__/validation.test.ts:143:29
    141|       const result = await validator.validateSlides(slides);
    142| 
    143|       expect(result.summary.totalSlides).toBe(2);
       |                             ^
    144|       expect(result.slideResults).toHaveLength(2);
    145|       expect(result.summary.validSlides).toBeGreaterThanOrEqual(0);

ÔÄ»ÔÄ»ÔÄ»ÔÄ»ÔÄ»ÔÄ»ÔÄ»ÔÄ»ÔÄ»ÔÄ»ÔÄ»ÔÄ»ÔÄ»ÔÄ»ÔÄ»ÔÄ»ÔÄ»ÔÄ»ÔÄ»ÔÄ»[323/449]ÔÄ»

 FAIL  src/lib/pptx/__tests__/validation.test.ts > SlideDataValidator > Valida├º├úo de M├║ltiplos Slides > deve detectar slides duplicados
TypeError: Cannot read properties of undefined (reading 'some')
 ÔØ» src/lib/pptx/__tests__/validation.test.ts:163:34
    161| 
    162|       const result = await validator.validateSlides(slidesDuplicados);
    163|       expect(result.globalIssues.some(issue => issue.includes('duplicaÔÇª
       |                                  ^
    164|     });
    165| 

ÔÄ»ÔÄ»ÔÄ»ÔÄ»ÔÄ»ÔÄ»ÔÄ»ÔÄ»ÔÄ»ÔÄ»ÔÄ»ÔÄ»ÔÄ»ÔÄ»ÔÄ»ÔÄ»ÔÄ»ÔÄ»ÔÄ»ÔÄ»[324/449]ÔÄ»

 FAIL  src/lib/pptx/__tests__/validation.test.ts > SlideDataValidator > Valida├º├úo de M├║ltiplos Slides > deve validar sequ├¬ncia l├│gica de slides
TypeError: Cannot read properties of undefined (reading 'some')
 ÔØ» src/lib/pptx/__tests__/validation.test.ts:174:34
    172| 
    173|       const result = await validator.validateSlides(slidesSequenciaInvÔÇª
    174|       expect(result.globalIssues.some(issue => issue.includes('sequ├¬ncÔÇª
       |                                  ^
    175|     });
    176|   });

ÔÄ»ÔÄ»ÔÄ»ÔÄ»ÔÄ»ÔÄ»ÔÄ»ÔÄ»ÔÄ»ÔÄ»ÔÄ»ÔÄ»ÔÄ»ÔÄ»ÔÄ»ÔÄ»ÔÄ»ÔÄ»ÔÄ»ÔÄ»[325/449]ÔÄ»

 FAIL  src/lib/pptx/__tests__/validation.test.ts > SlideDataValidator > Valida├º├úo de Mapeamento de Divs > deve validar mapeamento v├ílido
TypeError: slides.forEach is not a function
 ÔØ» SlideDataValidator.validateDivMapping src/lib/pptx/slide-data-validator.ts:202:12
    200|     const missingData: string[] = [];
    201| 
    202|     slides.forEach((slide, index) => {
       |            ^
    203|       // Verificar se os dados essenciais est├úo presentes para renderiÔÇª
    204|       if (!slide.title && !slide.content && !slide.textContent?.lengthÔÇª
 ÔØ» src/lib/pptx/__tests__/validation.test.ts:197:38

ÔÄ»ÔÄ»ÔÄ»ÔÄ»ÔÄ»ÔÄ»ÔÄ»ÔÄ»ÔÄ»ÔÄ»ÔÄ»ÔÄ»ÔÄ»ÔÄ»ÔÄ»ÔÄ»ÔÄ»ÔÄ»ÔÄ»ÔÄ»[326/449]ÔÄ»

 FAIL  src/lib/pptx/__tests__/validation.test.ts > SlideDataValidator > Valida├º├úo de Mapeamento de Divs > deve detectar divs sem dados
TypeError: slides.forEach is not a function
 ÔØ» SlideDataValidator.validateDivMapping src/lib/pptx/slide-data-validator.ts:202:12
    200|     const missingData: string[] = [];
    201| 
    202|     slides.forEach((slide, index) => {
       |            ^
    203|       // Verificar se os dados essenciais est├úo presentes para renderiÔÇª
    204|       if (!slide.title && !slide.content && !slide.textContent?.lengthÔÇª
 ÔØ» src/lib/pptx/__tests__/validation.test.ts:216:38

ÔÄ»ÔÄ»ÔÄ»ÔÄ»ÔÄ»ÔÄ»ÔÄ»ÔÄ»ÔÄ»ÔÄ»ÔÄ»ÔÄ»ÔÄ»ÔÄ»ÔÄ»ÔÄ»ÔÄ»ÔÄ»ÔÄ»ÔÄ»[327/449]ÔÄ»

 FAIL  src/lib/pptx/__tests__/validation.test.ts > SlideDataValidator > Valida├º├úo de Mapeamento de Divs > deve validar estrutura de dados das divs
TypeError: slides.forEach is not a function
 ÔØ» SlideDataValidator.validateDivMapping src/lib/pptx/slide-data-validator.ts:202:12
    200|     const missingData: string[] = [];
    201| 
    202|     slides.forEach((slide, index) => {
       |            ^
    203|       // Verificar se os dados essenciais est├úo presentes para renderiÔÇª
    204|       if (!slide.title && !slide.content && !slide.textContent?.lengthÔÇª
 ÔØ» src/lib/pptx/__tests__/validation.test.ts:236:38

ÔÄ»ÔÄ»ÔÄ»ÔÄ»ÔÄ»ÔÄ»ÔÄ»ÔÄ»ÔÄ»ÔÄ»ÔÄ»ÔÄ»ÔÄ»ÔÄ»ÔÄ»ÔÄ»ÔÄ»ÔÄ»ÔÄ»ÔÄ»[328/449]ÔÄ»

 FAIL  src/lib/pptx/__tests__/validation.test.ts > SlideDataValidator > Gera├º├úo de Relat├│rios > deve gerar relat├│rio detalhado de valida├º├úo
TypeError: slides.forEach is not a function
 ÔØ» SlideDataValidator.validateSlides src/lib/pptx/slide-data-validator.ts:155:12
    153| 
    154|     // Validar cada slide individualmente
    155|     slides.forEach((slide, index) => {
       |            ^
    156|       const result = this.validateSlide(slide, index);
    157|       
 ÔØ» SlideDataValidator.generateValidationReport src/lib/pptx/slide-data-validator.ts:253:32
 ÔØ» src/lib/pptx/__tests__/validation.test.ts:309:32

ÔÄ»ÔÄ»ÔÄ»ÔÄ»ÔÄ»ÔÄ»ÔÄ»ÔÄ»ÔÄ»ÔÄ»ÔÄ»ÔÄ»ÔÄ»ÔÄ»ÔÄ»ÔÄ»ÔÄ»ÔÄ»ÔÄ»ÔÄ»[329/449]ÔÄ»

 FAIL  src/lib/pptx/__tests__/validation.test.ts > SlideDataValidator > Gera├º├úo de Relat├│rios > deve incluir estat├¡sticas detalhadas no relat├│rio
TypeError: slides.forEach is not a function
 ÔØ» SlideDataValidator.validateSlides src/lib/pptx/slide-data-validator.ts:155:12
    153| 
    154|     // Validar cada slide individualmente
    155|     slides.forEach((slide, index) => {
       |            ^
    156|       const result = this.validateSlide(slide, index);
    157|       
 ÔØ» SlideDataValidator.generateValidationReport src/lib/pptx/slide-data-validator.ts:253:32
 ÔØ» src/lib/pptx/__tests__/validation.test.ts:325:32

ÔÄ»ÔÄ»ÔÄ»ÔÄ»ÔÄ»ÔÄ»ÔÄ»ÔÄ»ÔÄ»ÔÄ»ÔÄ»ÔÄ»ÔÄ»ÔÄ»ÔÄ»ÔÄ»ÔÄ»ÔÄ»ÔÄ»ÔÄ»[330/449]ÔÄ»

 FAIL  src/lib/pptx/__tests__/validation.test.ts > SlideDataValidator > Fun├º├Áes Utilit├írias > validateSlideExtraction deve funcionar corretamente
TypeError: Cannot read properties of undefined (reading 'totalSlides')
 ÔØ» src/lib/pptx/__tests__/validation.test.ts:345:29
    343| 
    344|       expect(result).toBeDefined();
    345|       expect(result.summary.totalSlides).toBe(1);
       |                             ^
    346|     });
    347| 

ÔÄ»ÔÄ»ÔÄ»ÔÄ»ÔÄ»ÔÄ»ÔÄ»ÔÄ»ÔÄ»ÔÄ»ÔÄ»ÔÄ»ÔÄ»ÔÄ»ÔÄ»ÔÄ»ÔÄ»ÔÄ»ÔÄ»ÔÄ»[331/449]ÔÄ»

 FAIL  src/lib/pptx/__tests__/validation.test.ts > SlideDataValidator > Fun├º├Áes Utilit├írias > generateValidationReport deve funcionar como fun├º├úo standalone
TypeError: generateValidationReport is not a function
 ÔØ» src/lib/pptx/__tests__/validation.test.ts:355:22
    353|       };
    354| 
    355|       const report = generateValidationReport(validationResult, {});
       |                      ^
    356| 
    357|       expect(typeof report).toBe('string');

ÔÄ»ÔÄ»ÔÄ»ÔÄ»ÔÄ»ÔÄ»ÔÄ»ÔÄ»ÔÄ»ÔÄ»ÔÄ»ÔÄ»ÔÄ»ÔÄ»ÔÄ»ÔÄ»ÔÄ»ÔÄ»ÔÄ»ÔÄ»[332/449]ÔÄ»

 FAIL  src/lib/pptx/__tests__/validation.test.ts > SlideDataValidator > Casos Extremos > deve lidar com array vazio de slides
TypeError: Cannot read properties of undefined (reading 'totalSlides')
 ÔØ» src/lib/pptx/__tests__/validation.test.ts:366:29
    364|       const result = await validator.validateSlides([]);
    365| 
    366|       expect(result.summary.totalSlides).toBe(0);
       |                             ^
    367|       expect(result.summary.validSlides).toBe(0);
    368|       expect(result.slideResults).toHaveLength(0);

ÔÄ»ÔÄ»ÔÄ»ÔÄ»ÔÄ»ÔÄ»ÔÄ»ÔÄ»ÔÄ»ÔÄ»ÔÄ»ÔÄ»ÔÄ»ÔÄ»ÔÄ»ÔÄ»ÔÄ»ÔÄ»ÔÄ»ÔÄ»[333/449]ÔÄ»

 FAIL  src/lib/pptx/__tests__/validation.test.ts > SlideDataValidator > Casos Extremos > deve lidar com imagens com propriedades malformadas
AssertionError: expected false to be true // Object.is equality

- Expected
+ Received

- true
+ false

 ÔØ» src/lib/pptx/__tests__/validation.test.ts:408:62
    406| 
    407|       const result = await validator.validateSlide(slide, 0);
    408|       expect(result.errors.some(e => e.includes('posi├º├úo'))).toBe(trueÔÇª
       |                                                              ^
    409|     });
    410| 

ÔÄ»ÔÄ»ÔÄ»ÔÄ»ÔÄ»ÔÄ»ÔÄ»ÔÄ»ÔÄ»ÔÄ»ÔÄ»ÔÄ»ÔÄ»ÔÄ»ÔÄ»ÔÄ»ÔÄ»ÔÄ»ÔÄ»ÔÄ»[334/449]ÔÄ»

 FAIL  src/lib/pptx/__tests__/validation.test.ts > SlideDataValidator > Casos Extremos > deve lidar com muitas imagens em um slide
AssertionError: expected false to be true // Object.is equality

- Expected
+ Received

- true
+ false

 ÔØ» src/lib/pptx/__tests__/validation.test.ts:438:71
    436| 
    437|       const result = await validator.validateSlide(slide, 0);
    438|       expect(result.warnings.some(w => w.includes('muitas imagens'))).ÔÇª
       |                                                                       ^
    439|     });
    440|   });

ÔÄ»ÔÄ»ÔÄ»ÔÄ»ÔÄ»ÔÄ»ÔÄ»ÔÄ»ÔÄ»ÔÄ»ÔÄ»ÔÄ»ÔÄ»ÔÄ»ÔÄ»ÔÄ»ÔÄ»ÔÄ»ÔÄ»ÔÄ»[335/449]ÔÄ»

 FAIL  src/lib/pptx/__tests__/validation.test.ts > SlideDataValidator > Performance > deve validar muitos slides em tempo razo├ível
TypeError: Cannot read properties of undefined (reading 'totalSlides')
 ÔØ» src/lib/pptx/__tests__/validation.test.ts:454:29
    452|       const processingTime = Date.now() - startTime;
    453| 
    454|       expect(result.summary.totalSlides).toBe(100);
       |                             ^
    455|       expect(processingTime).toBeLessThan(5000); // Menos de 5 segundos
    456|     });

ÔÄ»ÔÄ»ÔÄ»ÔÄ»ÔÄ»ÔÄ»ÔÄ»ÔÄ»ÔÄ»ÔÄ»ÔÄ»ÔÄ»ÔÄ»ÔÄ»ÔÄ»ÔÄ»ÔÄ»ÔÄ»ÔÄ»ÔÄ»[336/449]ÔÄ»

 FAIL  src/__tests__/lib/rendering/WebGLRenderingEngine.test.ts > WebGLRenderingEngine > Initialization > should initialize WebGL engine successfully
 FAIL  src/__tests__/lib/rendering/WebGLRenderingEngine.test.ts > WebGLRenderingEngine > Initialization > should initialize with WebGL1 fallback when WebGL2 is not available
 FAIL  src/__tests__/lib/rendering/WebGLRenderingEngine.test.ts > WebGLRenderingEngine > Initialization > should throw error when WebGL is not supported
 FAIL  src/__tests__/lib/rendering/WebGLRenderingEngine.test.ts > WebGLRenderingEngine > Initialization > should initialize default shaders and effects
 FAIL  src/__tests__/lib/rendering/WebGLRenderingEngine.test.ts > WebGLRenderingEngine > Frame Rendering > should render frame with ImageData successfully
 FAIL  src/__tests__/lib/rendering/WebGLRenderingEngine.test.ts > WebGLRenderingEngine > Frame Rendering > should render frame with canvas element successfully
 FAIL  src/__tests__/lib/rendering/WebGLRenderingEngine.test.ts > WebGLRenderingEngine > Frame Rendering > should apply blur effect to frame
 FAIL  src/__tests__/lib/rendering/WebGLRenderingEngine.test.ts > WebGLRenderingEngine > Frame Rendering > should apply color correction effect to frame
 FAIL  src/__tests__/lib/rendering/WebGLRenderingEngine.test.ts > WebGLRenderingEngine > Frame Rendering > should apply multiple effects in correct order
 FAIL  src/__tests__/lib/rendering/WebGLRenderingEngine.test.ts > WebGLRenderingEngine > Effect Management > should get available effects
 FAIL  src/__tests__/lib/rendering/WebGLRenderingEngine.test.ts > WebGLRenderingEngine > Effect Management > should enable and disable effects
 FAIL  src/__tests__/lib/rendering/WebGLRenderingEngine.test.ts > WebGLRenderingEngine > Effect Management > should set effect parameters
 FAIL  src/__tests__/lib/rendering/WebGLRenderingEngine.test.ts > WebGLRenderingEngine > Effect Management > should handle invalid effect IDs gracefully
 FAIL  src/__tests__/lib/rendering/WebGLRenderingEngine.test.ts > WebGLRenderingEngine > Statistics and Performance > should provide render statistics
 FAIL  src/__tests__/lib/rendering/WebGLRenderingEngine.test.ts > WebGLRenderingEngine > Statistics and Performance > should update statistics after rendering
 FAIL  src/__tests__/lib/rendering/WebGLRenderingEngine.test.ts > WebGLRenderingEngine > Statistics and Performance > should track memory usage
 FAIL  src/__tests__/lib/rendering/WebGLRenderingEngine.test.ts > WebGLRenderingEngine > WebAssembly Integration > should initialize with WebAssembly enabled
 FAIL  src/__tests__/lib/rendering/WebGLRenderingEngine.test.ts > WebGLRenderingEngine > WebAssembly Integration > should fallback to JavaScript when WebAssembly fails
 FAIL  src/__tests__/lib/rendering/WebGLRenderingEngine.test.ts > WebGLRenderingEngine > Resource Management > should dispose resources properly
 FAIL  src/__tests__/lib/rendering/WebGLRenderingEngine.test.ts > WebGLRenderingEngine > Resource Management > should handle multiple dispose calls
 FAIL  src/__tests__/lib/rendering/WebGLRenderingEngine.test.ts > WebGLRenderingEngine > Resource Management > should clean up after frame rendering
 FAIL  src/__tests__/lib/rendering/WebGLRenderingEngine.test.ts > WebGLRenderingEngine > Error Handling > should handle invalid frame data gracefully
 FAIL  src/__tests__/lib/rendering/WebGLRenderingEngine.test.ts > WebGLRenderingEngine > Error Handling > should handle missing effects gracefully
 FAIL  src/__tests__/lib/rendering/WebGLRenderingEngine.test.ts > WebGLRenderingEngine > Error Handling > should handle zero-size textures
 FAIL  src/__tests__/lib/rendering/WebGLRenderingEngine.test.ts > WebGLRenderingEngine > Configuration Validation > should validate canvas parameter
 FAIL  src/__tests__/lib/rendering/WebGLRenderingEngine.test.ts > WebGLRenderingEngine > Configuration Validation > should handle different quality settings
 FAIL  src/__tests__/lib/rendering/WebGLRenderingEngine.test.ts > WebGLRenderingEngine > Configuration Validation > should handle different resolution settings
ReferenceError: jest is not defined
 ÔØ» src/__tests__/lib/rendering/WebGLRenderingEngine.test.ts:228:12
    226|     // Mock performance.now
    227|     global.performance = {
    228|       now: jest.fn(() => Date.now())
       |            ^
    229|     } as any;
    230| 

ÔÄ»ÔÄ»ÔÄ»ÔÄ»ÔÄ»ÔÄ»ÔÄ»ÔÄ»ÔÄ»ÔÄ»ÔÄ»ÔÄ»ÔÄ»ÔÄ»ÔÄ»ÔÄ»ÔÄ»ÔÄ»ÔÄ»ÔÄ»[337/449]ÔÄ»

 FAIL  src/__tests__/lib/templates/TemplateManager.test.ts > TemplateManager > Initialization > should have properly structured default templates
AssertionError: expected {} to have property "id"
 ÔØ» src/__tests__/lib/templates/TemplateManager.test.ts:31:26
     29|       
     30|       templates.forEach(template => {
     31|         expect(template).toHaveProperty('id');
       |                          ^
     32|         expect(template).toHaveProperty('name');
     33|         expect(template).toHaveProperty('category');
 ÔØ» src/__tests__/lib/templates/TemplateManager.test.ts:30:17

ÔÄ»ÔÄ»ÔÄ»ÔÄ»ÔÄ»ÔÄ»ÔÄ»ÔÄ»ÔÄ»ÔÄ»ÔÄ»ÔÄ»ÔÄ»ÔÄ»ÔÄ»ÔÄ»ÔÄ»ÔÄ»ÔÄ»ÔÄ»[338/449]ÔÄ»

 FAIL  src/__tests__/lib/templates/TemplateManager.test.ts > TemplateManager > Template Search > should search templates by name
TypeError: Cannot read properties of undefined (reading 'toLowerCase')
 ÔØ» src/lib/templates/TemplateManager.ts:676:21
    674|     
    675|     return Array.from(this.templates.values()).filter(template =>
    676|       template.name.toLowerCase().includes(searchTerm) ||
       |                     ^
    677|       template.description.toLowerCase().includes(searchTerm) ||
    678|       template.category.toLowerCase().includes(searchTerm)
 ÔØ» TemplateManager.searchTemplates src/lib/templates/TemplateManager.ts:675:48
 ÔØ» src/__tests__/lib/templates/TemplateManager.test.ts:100:39

ÔÄ»ÔÄ»ÔÄ»ÔÄ»ÔÄ»ÔÄ»ÔÄ»ÔÄ»ÔÄ»ÔÄ»ÔÄ»ÔÄ»ÔÄ»ÔÄ»ÔÄ»ÔÄ»ÔÄ»ÔÄ»ÔÄ»ÔÄ»[339/449]ÔÄ»

 FAIL  src/__tests__/lib/templates/TemplateManager.test.ts > TemplateManager > Template Search > should search templates by description
TypeError: Cannot read properties of undefined (reading 'toLowerCase')
 ÔØ» src/lib/templates/TemplateManager.ts:676:21
    674|     
    675|     return Array.from(this.templates.values()).filter(template =>
    676|       template.name.toLowerCase().includes(searchTerm) ||
       |                     ^
    677|       template.description.toLowerCase().includes(searchTerm) ||
    678|       template.category.toLowerCase().includes(searchTerm)
 ÔØ» TemplateManager.searchTemplates src/lib/templates/TemplateManager.ts:675:48
 ÔØ» src/__tests__/lib/templates/TemplateManager.test.ts:113:39

ÔÄ»ÔÄ»ÔÄ»ÔÄ»ÔÄ»ÔÄ»ÔÄ»ÔÄ»ÔÄ»ÔÄ»ÔÄ»ÔÄ»ÔÄ»ÔÄ»ÔÄ»ÔÄ»ÔÄ»ÔÄ»ÔÄ»ÔÄ»[340/449]ÔÄ»

 FAIL  src/__tests__/lib/templates/TemplateManager.test.ts > TemplateManager > Template Search > should search templates by category
TypeError: Cannot read properties of undefined (reading 'toLowerCase')
 ÔØ» src/lib/templates/TemplateManager.ts:676:21
    674|     
    675|     return Array.from(this.templates.values()).filter(template =>
    676|       template.name.toLowerCase().includes(searchTerm) ||
       |                     ^
    677|       template.description.toLowerCase().includes(searchTerm) ||
    678|       template.category.toLowerCase().includes(searchTerm)
 ÔØ» TemplateManager.searchTemplates src/lib/templates/TemplateManager.ts:675:48
 ÔØ» src/__tests__/lib/templates/TemplateManager.test.ts:118:39

ÔÄ»ÔÄ»ÔÄ»ÔÄ»ÔÄ»ÔÄ»ÔÄ»ÔÄ»ÔÄ»ÔÄ»ÔÄ»ÔÄ»ÔÄ»ÔÄ»ÔÄ»ÔÄ»ÔÄ»ÔÄ»ÔÄ»ÔÄ»[341/449]ÔÄ»

 FAIL  src/__tests__/lib/templates/TemplateManager.test.ts > TemplateManager > Template Search > should return empty array for non-matching search
TypeError: Cannot read properties of undefined (reading 'toLowerCase')
 ÔØ» src/lib/templates/TemplateManager.ts:676:21
    674|     
    675|     return Array.from(this.templates.values()).filter(template =>
    676|       template.name.toLowerCase().includes(searchTerm) ||
       |                     ^
    677|       template.description.toLowerCase().includes(searchTerm) ||
    678|       template.category.toLowerCase().includes(searchTerm)
 ÔØ» TemplateManager.searchTemplates src/lib/templates/TemplateManager.ts:675:48
 ÔØ» src/__tests__/lib/templates/TemplateManager.test.ts:131:39

ÔÄ»ÔÄ»ÔÄ»ÔÄ»ÔÄ»ÔÄ»ÔÄ»ÔÄ»ÔÄ»ÔÄ»ÔÄ»ÔÄ»ÔÄ»ÔÄ»ÔÄ»ÔÄ»ÔÄ»ÔÄ»ÔÄ»ÔÄ»[342/449]ÔÄ»

 FAIL  src/__tests__/lib/templates/TemplateManager.test.ts > TemplateManager > Template Search > should be case insensitive
TypeError: Cannot read properties of undefined (reading 'toLowerCase')
 ÔØ» src/lib/templates/TemplateManager.ts:676:21
    674|     
    675|     return Array.from(this.templates.values()).filter(template =>
    676|       template.name.toLowerCase().includes(searchTerm) ||
       |                     ^
    677|       template.description.toLowerCase().includes(searchTerm) ||
    678|       template.category.toLowerCase().includes(searchTerm)
 ÔØ» TemplateManager.searchTemplates src/lib/templates/TemplateManager.ts:675:48
 ÔØ» src/__tests__/lib/templates/TemplateManager.test.ts:136:44

ÔÄ»ÔÄ»ÔÄ»ÔÄ»ÔÄ»ÔÄ»ÔÄ»ÔÄ»ÔÄ»ÔÄ»ÔÄ»ÔÄ»ÔÄ»ÔÄ»ÔÄ»ÔÄ»ÔÄ»ÔÄ»ÔÄ»ÔÄ»[343/449]ÔÄ»

 FAIL  src/__tests__/lib/templates/TemplateManager.test.ts > TemplateManager > Custom Template Creation > should generate unique ID for custom template
AssertionError: expected 'custom-1758312320496' not to be 'custom-1758312320496' // Object.is equality
 ÔØ» src/__tests__/lib/templates/TemplateManager.test.ts:181:31
    179|       });
    180| 
    181|       expect(custom1!.id).not.toBe(custom2!.id);
       |                               ^
    182|       expect(custom1!.id).toMatch(/^custom-\d+$/);
    183|       expect(custom2!.id).toMatch(/^custom-\d+$/);

ÔÄ»ÔÄ»ÔÄ»ÔÄ»ÔÄ»ÔÄ»ÔÄ»ÔÄ»ÔÄ»ÔÄ»ÔÄ»ÔÄ»ÔÄ»ÔÄ»ÔÄ»ÔÄ»ÔÄ»ÔÄ»ÔÄ»ÔÄ»[344/449]ÔÄ»

 FAIL  src/__tests__/lib/templates/TemplateManager.test.ts > TemplateManager > Template Validation > should validate color values
TypeError: Cannot read properties of undefined (reading 'primaryColor')
 ÔØ» src/__tests__/lib/templates/TemplateManager.test.ts:393:31
    391|       templates.forEach(template => {
    392|         // Check if colors are valid hex codes
    393|         expect(template.style.primaryColor).toMatch(/^#[0-9a-fA-F]{6}$ÔÇª
       |                               ^
    394|         expect(template.style.secondaryColor).toMatch(/^#[0-9a-fA-F]{6ÔÇª
    395|         expect(template.style.accentColor).toMatch(/^#[0-9a-fA-F]{6}$/ÔÇª
 ÔØ» src/__tests__/lib/templates/TemplateManager.test.ts:391:17

ÔÄ»ÔÄ»ÔÄ»ÔÄ»ÔÄ»ÔÄ»ÔÄ»ÔÄ»ÔÄ»ÔÄ»ÔÄ»ÔÄ»ÔÄ»ÔÄ»ÔÄ»ÔÄ»ÔÄ»ÔÄ»ÔÄ»ÔÄ»[345/449]ÔÄ»

 FAIL  src/__tests__/lib/templates/TemplateManager.test.ts > TemplateManager > Template Validation > should validate timing values
TypeError: Cannot read properties of undefined (reading 'slideMinDuration')
 ÔØ» src/__tests__/lib/templates/TemplateManager.test.ts:405:32
    403|       
    404|       templates.forEach(template => {
    405|         expect(template.timing.slideMinDuration).toBeGreaterThan(0);
       |                                ^
    406|         expect(template.timing.slideMaxDuration).toBeGreaterThan(templÔÇª
    407|         expect(template.timing.readingSpeed).toBeGreaterThan(0);
 ÔØ» src/__tests__/lib/templates/TemplateManager.test.ts:404:17

ÔÄ»ÔÄ»ÔÄ»ÔÄ»ÔÄ»ÔÄ»ÔÄ»ÔÄ»ÔÄ»ÔÄ»ÔÄ»ÔÄ»ÔÄ»ÔÄ»ÔÄ»ÔÄ»ÔÄ»ÔÄ»ÔÄ»ÔÄ»[346/449]ÔÄ»

 FAIL  src/__tests__/lib/templates/TemplateManager.test.ts > TemplateManager > Template Validation > should validate transition values
TypeError: Cannot read properties of undefined (reading 'default')
 ÔØ» src/__tests__/lib/templates/TemplateManager.test.ts:418:69
    416|       
    417|       templates.forEach(template => {
    418|         expect(validTransitionTypes).toContain(template.transitions.deÔÇª
       |                                                                     ^
    419|         expect(validEasings).toContain(template.transitions.default.eaÔÇª
    420|         expect(template.transitions.default.duration).toBeGreaterThan(ÔÇª
 ÔØ» src/__tests__/lib/templates/TemplateManager.test.ts:417:17

ÔÄ»ÔÄ»ÔÄ»ÔÄ»ÔÄ»ÔÄ»ÔÄ»ÔÄ»ÔÄ»ÔÄ»ÔÄ»ÔÄ»ÔÄ»ÔÄ»ÔÄ»ÔÄ»ÔÄ»ÔÄ»ÔÄ»ÔÄ»[347/449]ÔÄ»

 FAIL  src/__tests__/lib/templates/TemplateManager.test.ts > TemplateManager > Template Validation > should validate font families
TypeError: Cannot read properties of undefined (reading 'fontFamily')
 ÔØ» src/__tests__/lib/templates/TemplateManager.test.ts:434:38
    432|       
    433|       templates.forEach(template => {
    434|         expect(typeof template.style.fontFamily).toBe('string');
       |                                      ^
    435|         expect(template.style.fontFamily.length).toBeGreaterThan(0);
    436|         expect(typeof template.style.headerFont).toBe('string');
 ÔØ» src/__tests__/lib/templates/TemplateManager.test.ts:433:17

ÔÄ»ÔÄ»ÔÄ»ÔÄ»ÔÄ»ÔÄ»ÔÄ»ÔÄ»ÔÄ»ÔÄ»ÔÄ»ÔÄ»ÔÄ»ÔÄ»ÔÄ»ÔÄ»ÔÄ»ÔÄ»ÔÄ»ÔÄ»[348/449]ÔÄ»

 FAIL  src/__tests__/lib/templates/TemplateManager.test.ts > TemplateManager > Performance > should search efficiently across many templates
TypeError: Cannot read properties of undefined (reading 'toLowerCase')
 ÔØ» src/lib/templates/TemplateManager.ts:676:21
    674|     
    675|     return Array.from(this.templates.values()).filter(template =>
    676|       template.name.toLowerCase().includes(searchTerm) ||
       |                     ^
    677|       template.description.toLowerCase().includes(searchTerm) ||
    678|       template.category.toLowerCase().includes(searchTerm)
 ÔØ» TemplateManager.searchTemplates src/lib/templates/TemplateManager.ts:675:48
 ÔØ» src/__tests__/lib/templates/TemplateManager.test.ts:474:39

ÔÄ»ÔÄ»ÔÄ»ÔÄ»ÔÄ»ÔÄ»ÔÄ»ÔÄ»ÔÄ»ÔÄ»ÔÄ»ÔÄ»ÔÄ»ÔÄ»ÔÄ»ÔÄ»ÔÄ»ÔÄ»ÔÄ»ÔÄ»[349/449]ÔÄ»

ÔÄ»ÔÄ»ÔÄ»ÔÄ»ÔÄ»ÔÄ» Unhandled Errors ÔÄ»ÔÄ»ÔÄ»ÔÄ»ÔÄ»ÔÄ»

Vitest caught 26 unhandled errors during the test run.
This might cause false positive tests. Resolve unhandled errors to make sure your tests are not affected.

ÔÄ»ÔÄ»ÔÄ»ÔÄ» Unhandled Rejection ÔÄ»ÔÄ»ÔÄ»ÔÄ»ÔÄ»
ReferenceError: indexedDB is not defined
 ÔØ» src/services/multi-layer-cache.ts:452:23
    450|   private async initDB(): Promise<void> {
    451|     return new Promise((resolve, reject) => {
    452|       const request = indexedDB.open(this.dbName, this.version);
       |                       ^
    453|       
    454|       request.onerror = () => reject(request.error);
 ÔØ» IndexedDBCache.initDB src/services/multi-layer-cache.ts:451:12
 ÔØ» new IndexedDBCache src/services/multi-layer-cache.ts:446:10
 ÔØ» new MultiLayerCache src/services/multi-layer-cache.ts:630:27
 ÔØ» src/services/__tests__/multi-layer-cache.test.ts:7:13
 ÔØ» node_modules/@vitest/runner/dist/chunk-hooks.js:155:11
 ÔØ» node_modules/@vitest/runner/dist/chunk-hooks.js:1897:20
 ÔØ» runWithTimeout node_modules/@vitest/runner/dist/chunk-hooks.js:1863:10

This error originated in "src/services/__tests__/multi-layer-cache.test.ts" test file. It doesn't mean the error was thrown inside the file itself, but while it was running.

ÔÄ»ÔÄ»ÔÄ»ÔÄ» Unhandled Rejection ÔÄ»ÔÄ»ÔÄ»ÔÄ»ÔÄ»
ReferenceError: indexedDB is not defined
 ÔØ» src/services/multi-layer-cache.ts:452:23
    450|   private async initDB(): Promise<void> {
    451|     return new Promise((resolve, reject) => {
    452|       const request = indexedDB.open(this.dbName, this.version);
       |                       ^
    453|       
    454|       request.onerror = () => reject(request.error);
 ÔØ» IndexedDBCache.initDB src/services/multi-layer-cache.ts:451:12
 ÔØ» new IndexedDBCache src/services/multi-layer-cache.ts:446:10
 ÔØ» new MultiLayerCache src/services/multi-layer-cache.ts:630:27
 ÔØ» src/services/__tests__/multi-layer-cache.test.ts:7:13
 ÔØ» node_modules/@vitest/runner/dist/chunk-hooks.js:155:11
 ÔØ» node_modules/@vitest/runner/dist/chunk-hooks.js:1897:20
 ÔØ» runWithTimeout node_modules/@vitest/runner/dist/chunk-hooks.js:1863:10

This error originated in "src/services/__tests__/multi-layer-cache.test.ts" test file. It doesn't mean the error was thrown inside the file itself, but while it was running.

ÔÄ»ÔÄ»ÔÄ»ÔÄ» Unhandled Rejection ÔÄ»ÔÄ»ÔÄ»ÔÄ»ÔÄ»
ReferenceError: indexedDB is not defined
 ÔØ» src/services/multi-layer-cache.ts:452:23
    450|   private async initDB(): Promise<void> {
    451|     return new Promise((resolve, reject) => {
    452|       const request = indexedDB.open(this.dbName, this.version);
       |                       ^
    453|       
    454|       request.onerror = () => reject(request.error);
 ÔØ» IndexedDBCache.initDB src/services/multi-layer-cache.ts:451:12
 ÔØ» new IndexedDBCache src/services/multi-layer-cache.ts:446:10
 ÔØ» new MultiLayerCache src/services/multi-layer-cache.ts:630:27
 ÔØ» src/services/__tests__/multi-layer-cache.test.ts:7:13
 ÔØ» node_modules/@vitest/runner/dist/chunk-hooks.js:155:11
 ÔØ» node_modules/@vitest/runner/dist/chunk-hooks.js:1897:20
 ÔØ» runWithTimeout node_modules/@vitest/runner/dist/chunk-hooks.js:1863:10

This error originated in "src/services/__tests__/multi-layer-cache.test.ts" test file. It doesn't mean the error was thrown inside the file itself, but while it was running.

ÔÄ»ÔÄ»ÔÄ»ÔÄ» Unhandled Rejection ÔÄ»ÔÄ»ÔÄ»ÔÄ»ÔÄ»
ReferenceError: indexedDB is not defined
 ÔØ» src/services/multi-layer-cache.ts:452:23
    450|   private async initDB(): Promise<void> {
    451|     return new Promise((resolve, reject) => {
    452|       const request = indexedDB.open(this.dbName, this.version);
       |                       ^
    453|       
    454|       request.onerror = () => reject(request.error);
 ÔØ» IndexedDBCache.initDB src/services/multi-layer-cache.ts:451:12
 ÔØ» new IndexedDBCache src/services/multi-layer-cache.ts:446:10
 ÔØ» new MultiLayerCache src/services/multi-layer-cache.ts:630:27
 ÔØ» src/services/__tests__/multi-layer-cache.test.ts:7:13
 ÔØ» node_modules/@vitest/runner/dist/chunk-hooks.js:155:11
 ÔØ» node_modules/@vitest/runner/dist/chunk-hooks.js:1897:20
 ÔØ» runWithTimeout node_modules/@vitest/runner/dist/chunk-hooks.js:1863:10

This error originated in "src/services/__tests__/multi-layer-cache.test.ts" test file. It doesn't mean the error was thrown inside the file itself, but while it was running.

ÔÄ»ÔÄ»ÔÄ»ÔÄ» Unhandled Rejection ÔÄ»ÔÄ»ÔÄ»ÔÄ»ÔÄ»
ReferenceError: indexedDB is not defined
 ÔØ» src/services/multi-layer-cache.ts:452:23
    450|   private async initDB(): Promise<void> {
    451|     return new Promise((resolve, reject) => {
    452|       const request = indexedDB.open(this.dbName, this.version);
       |                       ^
    453|       
    454|       request.onerror = () => reject(request.error);
 ÔØ» IndexedDBCache.initDB src/services/multi-layer-cache.ts:451:12
 ÔØ» new IndexedDBCache src/services/multi-layer-cache.ts:446:10
 ÔØ» new MultiLayerCache src/services/multi-layer-cache.ts:630:27
 ÔØ» src/services/__tests__/multi-layer-cache.test.ts:58:29
 ÔØ» node_modules/@vitest/runner/dist/chunk-hooks.js:155:11
 ÔØ» node_modules/@vitest/runner/dist/chunk-hooks.js:752:26
 ÔØ» node_modules/@vitest/runner/dist/chunk-hooks.js:1897:20

This error originated in "src/services/__tests__/multi-layer-cache.test.ts" test file. It doesn't mean the error was thrown inside the file itself, but while it was running.

ÔÄ»ÔÄ»ÔÄ»ÔÄ» Unhandled Rejection ÔÄ»ÔÄ»ÔÄ»ÔÄ»ÔÄ»
ReferenceError: indexedDB is not defined
 ÔØ» src/services/multi-layer-cache.ts:452:23
    450|   private async initDB(): Promise<void> {
    451|     return new Promise((resolve, reject) => {
    452|       const request = indexedDB.open(this.dbName, this.version);
       |                       ^
    453|       
    454|       request.onerror = () => reject(request.error);
 ÔØ» IndexedDBCache.initDB src/services/multi-layer-cache.ts:451:12
 ÔØ» new IndexedDBCache src/services/multi-layer-cache.ts:446:10
 ÔØ» new MultiLayerCache src/services/multi-layer-cache.ts:630:27
 ÔØ» src/services/__tests__/multi-layer-cache.test.ts:7:13
 ÔØ» node_modules/@vitest/runner/dist/chunk-hooks.js:155:11
 ÔØ» node_modules/@vitest/runner/dist/chunk-hooks.js:1897:20
 ÔØ» runWithTimeout node_modules/@vitest/runner/dist/chunk-hooks.js:1863:10

This error originated in "src/services/__tests__/multi-layer-cache.test.ts" test file. It doesn't mean the error was thrown inside the file itself, but while it was running.

ÔÄ»ÔÄ»ÔÄ»ÔÄ» Unhandled Rejection ÔÄ»ÔÄ»ÔÄ»ÔÄ»ÔÄ»
ReferenceError: indexedDB is not defined
 ÔØ» src/services/multi-layer-cache.ts:452:23
    450|   private async initDB(): Promise<void> {
    451|     return new Promise((resolve, reject) => {
    452|       const request = indexedDB.open(this.dbName, this.version);
       |                       ^
    453|       
    454|       request.onerror = () => reject(request.error);
 ÔØ» IndexedDBCache.initDB src/services/multi-layer-cache.ts:451:12
 ÔØ» new IndexedDBCache src/services/multi-layer-cache.ts:446:10
 ÔØ» new MultiLayerCache src/services/multi-layer-cache.ts:630:27
 ÔØ» src/services/__tests__/multi-layer-cache.test.ts:7:13
 ÔØ» node_modules/@vitest/runner/dist/chunk-hooks.js:155:11
 ÔØ» node_modules/@vitest/runner/dist/chunk-hooks.js:1897:20
 ÔØ» runWithTimeout node_modules/@vitest/runner/dist/chunk-hooks.js:1863:10

This error originated in "src/services/__tests__/multi-layer-cache.test.ts" test file. It doesn't mean the error was thrown inside the file itself, but while it was running.

ÔÄ»ÔÄ»ÔÄ»ÔÄ» Unhandled Rejection ÔÄ»ÔÄ»ÔÄ»ÔÄ»ÔÄ»
ReferenceError: indexedDB is not defined
 ÔØ» src/services/multi-layer-cache.ts:452:23
    450|   private async initDB(): Promise<void> {
    451|     return new Promise((resolve, reject) => {
    452|       const request = indexedDB.open(this.dbName, this.version);
       |                       ^
    453|       
    454|       request.onerror = () => reject(request.error);
 ÔØ» IndexedDBCache.initDB src/services/multi-layer-cache.ts:451:12
 ÔØ» new IndexedDBCache src/services/multi-layer-cache.ts:446:10
 ÔØ» new MultiLayerCache src/services/multi-layer-cache.ts:630:27
 ÔØ» src/services/__tests__/multi-layer-cache.test.ts:7:13
 ÔØ» node_modules/@vitest/runner/dist/chunk-hooks.js:155:11
 ÔØ» node_modules/@vitest/runner/dist/chunk-hooks.js:1897:20
 ÔØ» runWithTimeout node_modules/@vitest/runner/dist/chunk-hooks.js:1863:10

This error originated in "src/services/__tests__/multi-layer-cache.test.ts" test file. It doesn't mean the error was thrown inside the file itself, but while it was running.

ÔÄ»ÔÄ»ÔÄ»ÔÄ» Unhandled Rejection ÔÄ»ÔÄ»ÔÄ»ÔÄ»ÔÄ»
ReferenceError: indexedDB is not defined
 ÔØ» src/services/multi-layer-cache.ts:452:23
    450|   private async initDB(): Promise<void> {
    451|     return new Promise((resolve, reject) => {
    452|       const request = indexedDB.open(this.dbName, this.version);
       |                       ^
    453|       
    454|       request.onerror = () => reject(request.error);
 ÔØ» IndexedDBCache.initDB src/services/multi-layer-cache.ts:451:12
 ÔØ» new IndexedDBCache src/services/multi-layer-cache.ts:446:10
 ÔØ» new MultiLayerCache src/services/multi-layer-cache.ts:630:27
 ÔØ» src/services/__tests__/multi-layer-cache.test.ts:110:26
 ÔØ» node_modules/@vitest/runner/dist/chunk-hooks.js:155:11
 ÔØ» node_modules/@vitest/runner/dist/chunk-hooks.js:752:26
 ÔØ» node_modules/@vitest/runner/dist/chunk-hooks.js:1897:20

This error originated in "src/services/__tests__/multi-layer-cache.test.ts" test file. It doesn't mean the error was thrown inside the file itself, but while it was running.

ÔÄ»ÔÄ»ÔÄ»ÔÄ» Unhandled Rejection ÔÄ»ÔÄ»ÔÄ»ÔÄ»ÔÄ»
ReferenceError: indexedDB is not defined
 ÔØ» src/services/multi-layer-cache.ts:452:23
    450|   private async initDB(): Promise<void> {
    451|     return new Promise((resolve, reject) => {
    452|       const request = indexedDB.open(this.dbName, this.version);
       |                       ^
    453|       
    454|       request.onerror = () => reject(request.error);
 ÔØ» IndexedDBCache.initDB src/services/multi-layer-cache.ts:451:12
 ÔØ» new IndexedDBCache src/services/multi-layer-cache.ts:446:10
 ÔØ» new MultiLayerCache src/services/multi-layer-cache.ts:630:27
 ÔØ» src/services/__tests__/multi-layer-cache.test.ts:7:13
 ÔØ» node_modules/@vitest/runner/dist/chunk-hooks.js:155:11
 ÔØ» node_modules/@vitest/runner/dist/chunk-hooks.js:1897:20
 ÔØ» runWithTimeout node_modules/@vitest/runner/dist/chunk-hooks.js:1863:10

This error originated in "src/services/__tests__/multi-layer-cache.test.ts" test file. It doesn't mean the error was thrown inside the file itself, but while it was running.

ÔÄ»ÔÄ»ÔÄ»ÔÄ» Unhandled Rejection ÔÄ»ÔÄ»ÔÄ»ÔÄ»ÔÄ»
ReferenceError: indexedDB is not defined
 ÔØ» src/services/multi-layer-cache.ts:452:23
    450|   private async initDB(): Promise<void> {
    451|     return new Promise((resolve, reject) => {
    452|       const request = indexedDB.open(this.dbName, this.version);
       |                       ^
    453|       
    454|       request.onerror = () => reject(request.error);
 ÔØ» IndexedDBCache.initDB src/services/multi-layer-cache.ts:451:12
 ÔØ» new IndexedDBCache src/services/multi-layer-cache.ts:446:10
 ÔØ» new MultiLayerCache src/services/multi-layer-cache.ts:630:27
 ÔØ» src/services/__tests__/multi-layer-cache.test.ts:7:13
 ÔØ» node_modules/@vitest/runner/dist/chunk-hooks.js:155:11
 ÔØ» node_modules/@vitest/runner/dist/chunk-hooks.js:1897:20
 ÔØ» runWithTimeout node_modules/@vitest/runner/dist/chunk-hooks.js:1863:10

This error originated in "src/services/__tests__/multi-layer-cache.test.ts" test file. It doesn't mean the error was thrown inside the file itself, but while it was running.

ÔÄ»ÔÄ»ÔÄ»ÔÄ» Unhandled Rejection ÔÄ»ÔÄ»ÔÄ»ÔÄ»ÔÄ»
ReferenceError: indexedDB is not defined
 ÔØ» src/services/multi-layer-cache.ts:452:23
    450|   private async initDB(): Promise<void> {
    451|     return new Promise((resolve, reject) => {
    452|       const request = indexedDB.open(this.dbName, this.version);
       |                       ^
    453|       
    454|       request.onerror = () => reject(request.error);
 ÔØ» IndexedDBCache.initDB src/services/multi-layer-cache.ts:451:12
 ÔØ» new IndexedDBCache src/services/multi-layer-cache.ts:446:10
 ÔØ» new MultiLayerCache src/services/multi-layer-cache.ts:630:27
 ÔØ» src/services/__tests__/multi-layer-cache.test.ts:7:13
 ÔØ» node_modules/@vitest/runner/dist/chunk-hooks.js:155:11
 ÔØ» node_modules/@vitest/runner/dist/chunk-hooks.js:1897:20
 ÔØ» runWithTimeout node_modules/@vitest/runner/dist/chunk-hooks.js:1863:10

This error originated in "src/services/__tests__/multi-layer-cache.test.ts" test file. It doesn't mean the error was thrown inside the file itself, but while it was running.

ÔÄ»ÔÄ»ÔÄ»ÔÄ» Unhandled Rejection ÔÄ»ÔÄ»ÔÄ»ÔÄ»ÔÄ»
ReferenceError: indexedDB is not defined
 ÔØ» src/services/multi-layer-cache.ts:452:23
    450|   private async initDB(): Promise<void> {
    451|     return new Promise((resolve, reject) => {
    452|       const request = indexedDB.open(this.dbName, this.version);
       |                       ^
    453|       
    454|       request.onerror = () => reject(request.error);
 ÔØ» IndexedDBCache.initDB src/services/multi-layer-cache.ts:451:12
 ÔØ» new IndexedDBCache src/services/multi-layer-cache.ts:446:10
 ÔØ» new MultiLayerCache src/services/multi-layer-cache.ts:630:27
 ÔØ» src/services/__tests__/multi-layer-cache.test.ts:7:13
 ÔØ» node_modules/@vitest/runner/dist/chunk-hooks.js:155:11
 ÔØ» node_modules/@vitest/runner/dist/chunk-hooks.js:1897:20
 ÔØ» runWithTimeout node_modules/@vitest/runner/dist/chunk-hooks.js:1863:10

This error originated in "src/services/__tests__/multi-layer-cache.test.ts" test file. It doesn't mean the error was thrown inside the file itself, but while it was running.

ÔÄ»ÔÄ»ÔÄ»ÔÄ» Unhandled Rejection ÔÄ»ÔÄ»ÔÄ»ÔÄ»ÔÄ»
ReferenceError: indexedDB is not defined
 ÔØ» src/services/multi-layer-cache.ts:452:23
    450|   private async initDB(): Promise<void> {
    451|     return new Promise((resolve, reject) => {
    452|       const request = indexedDB.open(this.dbName, this.version);
       |                       ^
    453|       
    454|       request.onerror = () => reject(request.error);
 ÔØ» IndexedDBCache.initDB src/services/multi-layer-cache.ts:451:12
 ÔØ» new IndexedDBCache src/services/multi-layer-cache.ts:446:10
 ÔØ» new MultiLayerCache src/services/multi-layer-cache.ts:630:27
 ÔØ» src/services/__tests__/multi-layer-cache.test.ts:7:13
 ÔØ» node_modules/@vitest/runner/dist/chunk-hooks.js:155:11
 ÔØ» node_modules/@vitest/runner/dist/chunk-hooks.js:1897:20
 ÔØ» runWithTimeout node_modules/@vitest/runner/dist/chunk-hooks.js:1863:10

This error originated in "src/services/__tests__/multi-layer-cache.test.ts" test file. It doesn't mean the error was thrown inside the file itself, but while it was running.

ÔÄ»ÔÄ»ÔÄ»ÔÄ» Unhandled Rejection ÔÄ»ÔÄ»ÔÄ»ÔÄ»ÔÄ»
ReferenceError: indexedDB is not defined
 ÔØ» src/services/multi-layer-cache.ts:452:23
    450|   private async initDB(): Promise<void> {
    451|     return new Promise((resolve, reject) => {
    452|       const request = indexedDB.open(this.dbName, this.version);
       |                       ^
    453|       
    454|       request.onerror = () => reject(request.error);
 ÔØ» IndexedDBCache.initDB src/services/multi-layer-cache.ts:451:12
 ÔØ» new IndexedDBCache src/services/multi-layer-cache.ts:446:10
 ÔØ» new MultiLayerCache src/services/multi-layer-cache.ts:630:27
 ÔØ» src/services/__tests__/multi-layer-cache.test.ts:7:13
 ÔØ» node_modules/@vitest/runner/dist/chunk-hooks.js:155:11
 ÔØ» node_modules/@vitest/runner/dist/chunk-hooks.js:1897:20
 ÔØ» runWithTimeout node_modules/@vitest/runner/dist/chunk-hooks.js:1863:10

This error originated in "src/services/__tests__/multi-layer-cache.test.ts" test file. It doesn't mean the error was thrown inside the file itself, but while it was running.

ÔÄ»ÔÄ»ÔÄ»ÔÄ» Unhandled Rejection ÔÄ»ÔÄ»ÔÄ»ÔÄ»ÔÄ»
ReferenceError: indexedDB is not defined
 ÔØ» src/services/multi-layer-cache.ts:452:23
    450|   private async initDB(): Promise<void> {
    451|     return new Promise((resolve, reject) => {
    452|       const request = indexedDB.open(this.dbName, this.version);
       |                       ^
    453|       
    454|       request.onerror = () => reject(request.error);
 ÔØ» IndexedDBCache.initDB src/services/multi-layer-cache.ts:451:12
 ÔØ» new IndexedDBCache src/services/multi-layer-cache.ts:446:10
 ÔØ» new MultiLayerCache src/services/multi-layer-cache.ts:630:27
 ÔØ» src/services/__tests__/multi-layer-cache.test.ts:7:13
 ÔØ» node_modules/@vitest/runner/dist/chunk-hooks.js:155:11
 ÔØ» node_modules/@vitest/runner/dist/chunk-hooks.js:1897:20
 ÔØ» runWithTimeout node_modules/@vitest/runner/dist/chunk-hooks.js:1863:10

This error originated in "src/services/__tests__/multi-layer-cache.test.ts" test file. It doesn't mean the error was thrown inside the file itself, but while it was running.

ÔÄ»ÔÄ»ÔÄ»ÔÄ» Unhandled Rejection ÔÄ»ÔÄ»ÔÄ»ÔÄ»ÔÄ»
ReferenceError: indexedDB is not defined
 ÔØ» src/services/multi-layer-cache.ts:452:23
    450|   private async initDB(): Promise<void> {
    451|     return new Promise((resolve, reject) => {
    452|       const request = indexedDB.open(this.dbName, this.version);
       |                       ^
    453|       
    454|       request.onerror = () => reject(request.error);
 ÔØ» IndexedDBCache.initDB src/services/multi-layer-cache.ts:451:12
 ÔØ» new IndexedDBCache src/services/multi-layer-cache.ts:446:10
 ÔØ» new MultiLayerCache src/services/multi-layer-cache.ts:630:27
 ÔØ» src/services/__tests__/multi-layer-cache.test.ts:7:13
 ÔØ» node_modules/@vitest/runner/dist/chunk-hooks.js:155:11
 ÔØ» node_modules/@vitest/runner/dist/chunk-hooks.js:1897:20
 ÔØ» runWithTimeout node_modules/@vitest/runner/dist/chunk-hooks.js:1863:10

This error originated in "src/services/__tests__/multi-layer-cache.test.ts" test file. It doesn't mean the error was thrown inside the file itself, but while it was running.

ÔÄ»ÔÄ»ÔÄ»ÔÄ» Unhandled Rejection ÔÄ»ÔÄ»ÔÄ»ÔÄ»ÔÄ»
ReferenceError: indexedDB is not defined
 ÔØ» src/services/multi-layer-cache.ts:452:23
    450|   private async initDB(): Promise<void> {
    451|     return new Promise((resolve, reject) => {
    452|       const request = indexedDB.open(this.dbName, this.version);
       |                       ^
    453|       
    454|       request.onerror = () => reject(request.error);
 ÔØ» IndexedDBCache.initDB src/services/multi-layer-cache.ts:451:12
 ÔØ» new IndexedDBCache src/services/multi-layer-cache.ts:446:10
 ÔØ» new MultiLayerCache src/services/multi-layer-cache.ts:630:27
 ÔØ» src/services/__tests__/multi-layer-cache.test.ts:241:34
 ÔØ» node_modules/@vitest/runner/dist/chunk-hooks.js:155:11
 ÔØ» node_modules/@vitest/runner/dist/chunk-hooks.js:752:26
 ÔØ» node_modules/@vitest/runner/dist/chunk-hooks.js:1897:20

This error originated in "src/services/__tests__/multi-layer-cache.test.ts" test file. It doesn't mean the error was thrown inside the file itself, but while it was running.

ÔÄ»ÔÄ»ÔÄ»ÔÄ» Unhandled Rejection ÔÄ»ÔÄ»ÔÄ»ÔÄ»ÔÄ»
ReferenceError: indexedDB is not defined
 ÔØ» src/services/multi-layer-cache.ts:452:23
    450|   private async initDB(): Promise<void> {
    451|     return new Promise((resolve, reject) => {
    452|       const request = indexedDB.open(this.dbName, this.version);
       |                       ^
    453|       
    454|       request.onerror = () => reject(request.error);
 ÔØ» IndexedDBCache.initDB src/services/multi-layer-cache.ts:451:12
 ÔØ» new IndexedDBCache src/services/multi-layer-cache.ts:446:10
 ÔØ» new MultiLayerCache src/services/multi-layer-cache.ts:630:27
 ÔØ» src/services/__tests__/multi-layer-cache.test.ts:7:13
 ÔØ» node_modules/@vitest/runner/dist/chunk-hooks.js:155:11
 ÔØ» node_modules/@vitest/runner/dist/chunk-hooks.js:1897:20
 ÔØ» runWithTimeout node_modules/@vitest/runner/dist/chunk-hooks.js:1863:10

This error originated in "src/services/__tests__/multi-layer-cache.test.ts" test file. It doesn't mean the error was thrown inside the file itself, but while it was running.

ÔÄ»ÔÄ»ÔÄ»ÔÄ» Unhandled Rejection ÔÄ»ÔÄ»ÔÄ»ÔÄ»ÔÄ»
ReferenceError: indexedDB is not defined
 ÔØ» src/services/multi-layer-cache.ts:452:23
    450|   private async initDB(): Promise<void> {
    451|     return new Promise((resolve, reject) => {
    452|       const request = indexedDB.open(this.dbName, this.version);
       |                       ^
    453|       
    454|       request.onerror = () => reject(request.error);
 ÔØ» IndexedDBCache.initDB src/services/multi-layer-cache.ts:451:12
 ÔØ» new IndexedDBCache src/services/multi-layer-cache.ts:446:10
 ÔØ» new MultiLayerCache src/services/multi-layer-cache.ts:630:27
 ÔØ» src/__tests__/integration/pptx-system.integration.test.ts:22:13
 ÔØ» node_modules/@vitest/runner/dist/chunk-hooks.js:155:11
 ÔØ» node_modules/@vitest/runner/dist/chunk-hooks.js:1897:20
 ÔØ» runWithTimeout node_modules/@vitest/runner/dist/chunk-hooks.js:1863:10

This error originated in "src/__tests__/integration/pptx-system.integration.test.ts" test file. It doesn't mean the error was thrown inside the file itself, but while it was running.

ÔÄ»ÔÄ»ÔÄ»ÔÄ» Unhandled Rejection ÔÄ»ÔÄ»ÔÄ»ÔÄ»ÔÄ»
ReferenceError: indexedDB is not defined
 ÔØ» src/services/multi-layer-cache.ts:452:23
    450|   private async initDB(): Promise<void> {
    451|     return new Promise((resolve, reject) => {
    452|       const request = indexedDB.open(this.dbName, this.version);
       |                       ^
    453|       
    454|       request.onerror = () => reject(request.error);
 ÔØ» IndexedDBCache.initDB src/services/multi-layer-cache.ts:451:12
 ÔØ» new IndexedDBCache src/services/multi-layer-cache.ts:446:10
 ÔØ» new MultiLayerCache src/services/multi-layer-cache.ts:630:27
 ÔØ» src/__tests__/integration/pptx-system.integration.test.ts:22:13
 ÔØ» node_modules/@vitest/runner/dist/chunk-hooks.js:155:11
 ÔØ» node_modules/@vitest/runner/dist/chunk-hooks.js:1897:20
 ÔØ» runWithTimeout node_modules/@vitest/runner/dist/chunk-hooks.js:1863:10

This error originated in "src/__tests__/integration/pptx-system.integration.test.ts" test file. It doesn't mean the error was thrown inside the file itself, but while it was running.

ÔÄ»ÔÄ»ÔÄ»ÔÄ» Unhandled Rejection ÔÄ»ÔÄ»ÔÄ»ÔÄ»ÔÄ»
ReferenceError: indexedDB is not defined
 ÔØ» src/services/multi-layer-cache.ts:452:23
    450|   private async initDB(): Promise<void> {
    451|     return new Promise((resolve, reject) => {
    452|       const request = indexedDB.open(this.dbName, this.version);
       |                       ^
    453|       
    454|       request.onerror = () => reject(request.error);
 ÔØ» IndexedDBCache.initDB src/services/multi-layer-cache.ts:451:12
 ÔØ» new IndexedDBCache src/services/multi-layer-cache.ts:446:10
 ÔØ» new MultiLayerCache src/services/multi-layer-cache.ts:630:27
 ÔØ» src/__tests__/integration/pptx-system.integration.test.ts:22:13
 ÔØ» node_modules/@vitest/runner/dist/chunk-hooks.js:155:11
 ÔØ» node_modules/@vitest/runner/dist/chunk-hooks.js:1897:20
 ÔØ» runWithTimeout node_modules/@vitest/runner/dist/chunk-hooks.js:1863:10

This error originated in "src/__tests__/integration/pptx-system.integration.test.ts" test file. It doesn't mean the error was thrown inside the file itself, but while it was running.

ÔÄ»ÔÄ»ÔÄ»ÔÄ» Unhandled Rejection ÔÄ»ÔÄ»ÔÄ»ÔÄ»ÔÄ»
ReferenceError: indexedDB is not defined
 ÔØ» src/services/multi-layer-cache.ts:452:23
    450|   private async initDB(): Promise<void> {
    451|     return new Promise((resolve, reject) => {
    452|       const request = indexedDB.open(this.dbName, this.version);
       |                       ^
    453|       
    454|       request.onerror = () => reject(request.error);
 ÔØ» IndexedDBCache.initDB src/services/multi-layer-cache.ts:451:12
 ÔØ» new IndexedDBCache src/services/multi-layer-cache.ts:446:10
 ÔØ» new MultiLayerCache src/services/multi-layer-cache.ts:630:27
 ÔØ» src/__tests__/integration/pptx-system.integration.test.ts:22:13
 ÔØ» node_modules/@vitest/runner/dist/chunk-hooks.js:155:11
 ÔØ» node_modules/@vitest/runner/dist/chunk-hooks.js:1897:20
 ÔØ» runWithTimeout node_modules/@vitest/runner/dist/chunk-hooks.js:1863:10

This error originated in "src/__tests__/integration/pptx-system.integration.test.ts" test file. It doesn't mean the error was thrown inside the file itself, but while it was running.

ÔÄ»ÔÄ»ÔÄ»ÔÄ» Unhandled Rejection ÔÄ»ÔÄ»ÔÄ»ÔÄ»ÔÄ»
ReferenceError: indexedDB is not defined
 ÔØ» src/services/multi-layer-cache.ts:452:23
    450|   private async initDB(): Promise<void> {
    451|     return new Promise((resolve, reject) => {
    452|       const request = indexedDB.open(this.dbName, this.version);
       |                       ^
    453|       
    454|       request.onerror = () => reject(request.error);
 ÔØ» IndexedDBCache.initDB src/services/multi-layer-cache.ts:451:12
 ÔØ» new IndexedDBCache src/services/multi-layer-cache.ts:446:10
 ÔØ» new MultiLayerCache src/services/multi-layer-cache.ts:630:27
 ÔØ» src/__tests__/integration/pptx-system.integration.test.ts:22:13
 ÔØ» node_modules/@vitest/runner/dist/chunk-hooks.js:155:11
 ÔØ» node_modules/@vitest/runner/dist/chunk-hooks.js:1897:20
 ÔØ» runWithTimeout node_modules/@vitest/runner/dist/chunk-hooks.js:1863:10

This error originated in "src/__tests__/integration/pptx-system.integration.test.ts" test file. It doesn't mean the error was thrown inside the file itself, but while it was running.

ÔÄ»ÔÄ»ÔÄ»ÔÄ» Unhandled Rejection ÔÄ»ÔÄ»ÔÄ»ÔÄ»ÔÄ»
ReferenceError: indexedDB is not defined
 ÔØ» src/services/multi-layer-cache.ts:452:23
    450|   private async initDB(): Promise<void> {
    451|     return new Promise((resolve, reject) => {
    452|       const request = indexedDB.open(this.dbName, this.version);
       |                       ^
    453|       
    454|       request.onerror = () => reject(request.error);
 ÔØ» IndexedDBCache.initDB src/services/multi-layer-cache.ts:451:12
 ÔØ» new IndexedDBCache src/services/multi-layer-cache.ts:446:10
 ÔØ» new MultiLayerCache src/services/multi-layer-cache.ts:630:27
 ÔØ» src/__tests__/integration/pptx-system.integration.test.ts:22:13
 ÔØ» node_modules/@vitest/runner/dist/chunk-hooks.js:155:11
 ÔØ» node_modules/@vitest/runner/dist/chunk-hooks.js:1897:20
 ÔØ» runWithTimeout node_modules/@vitest/runner/dist/chunk-hooks.js:1863:10

This error originated in "src/__tests__/integration/pptx-system.integration.test.ts" test file. It doesn't mean the error was thrown inside the file itself, but while it was running.

ÔÄ»ÔÄ»ÔÄ»ÔÄ» Unhandled Rejection ÔÄ»ÔÄ»ÔÄ»ÔÄ»ÔÄ»
ReferenceError: indexedDB is not defined
 ÔØ» src/services/multi-layer-cache.ts:452:23
    450|   private async initDB(): Promise<void> {
    451|     return new Promise((resolve, reject) => {
    452|       const request = indexedDB.open(this.dbName, this.version);
       |                       ^
    453|       
    454|       request.onerror = () => reject(request.error);
 ÔØ» IndexedDBCache.initDB src/services/multi-layer-cache.ts:451:12
 ÔØ» new IndexedDBCache src/services/multi-layer-cache.ts:446:10
 ÔØ» new MultiLayerCache src/services/multi-layer-cache.ts:630:27
 ÔØ» src/__tests__/integration/pptx-system.integration.test.ts:22:13
 ÔØ» node_modules/@vitest/runner/dist/chunk-hooks.js:155:11
 ÔØ» node_modules/@vitest/runner/dist/chunk-hooks.js:1897:20
 ÔØ» runWithTimeout node_modules/@vitest/runner/dist/chunk-hooks.js:1863:10

This error originated in "src/__tests__/integration/pptx-system.integration.test.ts" test file. It doesn't mean the error was thrown inside the file itself, but while it was running.
ÔÄ»ÔÄ»ÔÄ»ÔÄ»ÔÄ»ÔÄ»ÔÄ»ÔÄ»ÔÄ»ÔÄ»ÔÄ»ÔÄ»ÔÄ»ÔÄ»ÔÄ»ÔÄ»ÔÄ»ÔÄ»ÔÄ»ÔÄ»ÔÄ»ÔÄ»ÔÄ»ÔÄ»ÔÄ»ÔÄ»ÔÄ»ÔÄ»ÔÄ»ÔÄ»


[2m Test Files [22m [1m[31m52 failed[39m[22m[2m | [22m[1m[32m13 passed[39m[22m[90m (65)[39m
[2m      Tests [22m [1m[31m377 failed[39m[22m[2m | [22m[1m[32m306 passed[39m[22m[2m | [22m[33m17 skipped[39m[90m (700)[39m
[2m     Errors [22m [1m[31m26 errors[39m[22m
[2m   Start at [22m 17:04:41
[2m   Duration [22m 139.85s[2m (transform 7.41s, setup 120.00s, collect 14.69s, tests 79.44s, environment 229.05s, prepare 28.61s)[22m

JSON report written to C:/xampp/htdocs/Studiotreiax_1/coverage/test-results.json
[1m[7m[35m HTML [39m[27m[22m [35mReport is generated[39m
[2m       You can run [22m[1mnpx vite preview --outDir coverage[22m[2m to see the test results.[22m
